 Rainbow

 Timestamp is 68b8d913 (Wed Sep 03 20:10:59 2025)

 Preferred load address is 10000000

 Start         Length     Name                   Class
 0001:00000000 000590eaH .text                   CODE
 0001:000590f0 000049cdH .text$x                 CODE
 0002:00000000 00000230H .idata$5                DATA
 0002:00000230 00001f48H .rdata                  DATA
 0002:00002178 00001684H .rdata$r                DATA
 0002:00003800 00005c48H .xdata$x                DATA
 0002:00009448 00000064H .idata$2                DATA
 0002:000094ac 00000014H .idata$3                DATA
 0002:000094c0 00000230H .idata$4                DATA
 0002:000096f0 000008a6H .idata$6                DATA
 0002:00009fa0 0000004eH .edata                  DATA
 0003:00000000 00000004H .CRT$XCA                DATA
 0003:00000004 0000004cH .CRT$XCU                DATA
 0003:00000050 00000004H .CRT$XCZ                DATA
 0003:00000054 00000004H .CRT$XIA                DATA
 0003:00000058 0000000cH .CRT$XIC                DATA
 0003:00000064 00000004H .CRT$XIY                DATA
 0003:00000068 00000004H .CRT$XIZ                DATA
 0003:0000006c 00000004H .CRT$XPA                DATA
 0003:00000070 00000004H .CRT$XPX                DATA
 0003:00000074 00000004H .CRT$XPZ                DATA
 0003:00000078 00000004H .CRT$XTA                DATA
 0003:0000007c 00000004H .CRT$XTB                DATA
 0003:00000080 00000004H .CRT$XTZ                DATA
 0003:00000090 00006054H .data                   DATA
 0003:000060e8 00002decH .bss                    DATA
 0004:00000000 00000020H STLPORT_NO_INIT         DATA

  Address         Publics by Value              Rva+Base     Lib:Object

 0001:00000000       _DllMain@12                10001000 f   Rainbow.obj
 0001:00000010       _CreateInterface@8         10001010 f   ClientStage.obj
 0001:00000090       ??0CGameClient@@QAE@IIII@Z 10001090 f   ClientStage.obj
 0001:00000160       ??_ECGameClient@@UAEPAXI@Z 10001160 f i ClientStage.obj
 0001:00000160       ??_GCGameClient@@UAEPAXI@Z 10001160 f i ClientStage.obj
 0001:00000190       ??1CGameClient@@UAE@XZ     10001190 f   ClientStage.obj
 0001:00000230       ?Startup@CGameClient@@UAGJXZ 10001230 f   ClientStage.obj
 0001:000003a0       ?Cleanup@CGameClient@@UAGJXZ 100013a0 f   ClientStage.obj
 0001:00000510       ?ConnectTo@CGameClient@@UAGJABQBDG@Z 10001510 f   ClientStage.obj
 0001:000006b0       ?RegisterMsgFilter@CGameClient@@UAGJPAXP6GX0ABK@Z@Z 100016b0 f   ClientStage.obj
 0001:000006d0       ?SendPackToServer@CGameClient@@UAGJQBXABI@Z 100016d0 f   ClientStage.obj
 0001:00000760       ?GetPackFromServer@CGameClient@@UAGPBXAAI@Z 10001760 f   ClientStage.obj
 0001:000007f0       ?Shutdown@CGameClient@@UAGJXZ 100017f0 f   ClientStage.obj
 0001:00000810       ?QueryInterface@CGameClient@@UAGJABU_GUID@@PAPAX@Z 10001810 f   ClientStage.obj
 0001:00000870       ?AddRef@CGameClient@@UAGKXZ 10001870 f   ClientStage.obj
 0001:00000890       ?Release@CGameClient@@UAGKXZ 10001890 f   ClientStage.obj
 0001:000008d0       ?ProcessCommand@CGameClient@@IAEXPBVCIOBuffer@Win32@OnlineGameLib@@@Z 100018d0 f   ClientStage.obj
 0001:00000920       ?GetMinimumMessageSize@CGameClient@@IBEIXZ 10001920 f   ClientStage.obj
 0001:00000930       ?GetMessageSize@CGameClient@@IBEIPBVCIOBuffer@Win32@OnlineGameLib@@@Z 10001930 f   ClientStage.obj
 0001:00000940       ?ProcessDataStream@CGameClient@@IAEPAVCIOBuffer@Win32@OnlineGameLib@@PAV234@@Z 10001940 f   ClientStage.obj
 0001:00000bc0       ?OnStartConnections@CGameClient@@EAEXXZ 10001bc0 f   ClientStage.obj
 0001:00000bf0       ?OnStopConnections@CGameClient@@EAEXXZ 10001bf0 f   ClientStage.obj
 0001:00000c20       ?ReadCompleted@CGameClient@@EAEXPAVCIOBuffer@Win32@OnlineGameLib@@@Z 10001c20 f   ClientStage.obj
 0001:00000dc0       ??0CClientFactory@@QAE@XZ  10001dc0 f   ClientStage.obj
 0001:00000de0       ??_GCClientFactory@@UAEPAXI@Z 10001de0 f i ClientStage.obj
 0001:00000de0       ??_ECClientFactory@@UAEPAXI@Z 10001de0 f i ClientStage.obj
 0001:00000e00       ??1CClientFactory@@UAE@XZ  10001e00 f   ClientStage.obj
 0001:00000e10       ?SetEnvironment@CClientFactory@@UAGJABI@Z 10001e10 f   ClientStage.obj
 0001:00000e30       ?CreateClientInterface@CClientFactory@@UAGJABU_GUID@@PAPAX@Z 10001e30 f   ClientStage.obj
 0001:00000ef0       ?QueryInterface@CClientFactory@@UAGJABU_GUID@@PAPAX@Z 10001ef0 f   ClientStage.obj
 0001:00000f50       ?AddRef@CClientFactory@@UAGKXZ 10001f50 f   ClientStage.obj
 0001:00000f70       ?Release@CClientFactory@@UAGKXZ 10001f70 f   ClientStage.obj
 0001:00000fa0       ??1?$basic_string@DV?$char_traits@D@_STL@@V?$allocator@D@2@@_STL@@QAE@XZ 10001fa0 f i ClientStage.obj
 0001:00001010       ??1?$allocator@D@_STL@@QAE@XZ 10002010 f i ClientStage.obj
 0001:00001020       ??1?$_String_base@DV?$allocator@D@_STL@@@_STL@@QAE@XZ 10002020 f i ClientStage.obj
 0001:00001090       ??1?$_STLP_alloc_proxy@PADDV?$allocator@D@_STL@@@_STL@@QAE@XZ 10002090 f i ClientStage.obj
 0001:000010a0       ?_M_deallocate_block@?$_String_base@DV?$allocator@D@_STL@@@_STL@@QAEXXZ 100020a0 f i ClientStage.obj
 0001:000010d0       ??0?$basic_string@DV?$char_traits@D@_STL@@V?$allocator@D@2@@_STL@@QAE@PBDABV?$allocator@D@1@@Z 100020d0 f i ClientStage.obj
 0001:000011a0       ??H_STL@@YA?AV?$basic_string@DV?$char_traits@D@_STL@@V?$allocator@D@2@@0@PBDABV10@@Z 100021a0 f i ClientStage.obj
 0001:000012e0       ?deallocate@?$__node_alloc@$00$0A@@_STL@@SAXPAXI@Z 100022e0 f i ClientStage.obj
 0001:00001310       ??H_STL@@YA?AV?$basic_string@DV?$char_traits@D@_STL@@V?$allocator@D@2@@0@ABV10@PBD@Z 10002310 f i ClientStage.obj
 0001:00001450       ??H_STL@@YA?AV?$basic_string@DV?$char_traits@D@_STL@@V?$allocator@D@2@@0@ABV10@0@Z 10002450 f i ClientStage.obj
 0001:00001590       ?get_allocator@?$basic_string@DV?$char_traits@D@_STL@@V?$allocator@D@2@@_STL@@QBE?AV?$allocator@D@2@XZ 10002590 f i ClientStage.obj
 0001:000015b0       ??0?$_String_base@DV?$allocator@D@_STL@@@_STL@@QAE@ABV?$allocator@D@1@@Z 100025b0 f i ClientStage.obj
 0001:000015c0       ??0?$_STLP_alloc_proxy@PADDV?$allocator@D@_STL@@@_STL@@QAE@ABV?$allocator@D@1@PAD@Z 100025c0 f i ClientStage.obj
 0001:000015d0       ?_M_allocate_block@?$_String_base@DV?$allocator@D@_STL@@@_STL@@QAEXI@Z 100025d0 f i ClientStage.obj
 0001:00001630       ?_M_range_initialize@?$basic_string@DV?$char_traits@D@_STL@@V?$allocator@D@2@@_STL@@AAEXPBD0@Z 10002630 f i ClientStage.obj
 0001:000016b0       ?_M_range_initialize@?$basic_string@DV?$char_traits@D@_STL@@V?$allocator@D@2@@_STL@@AAEXPBD0ABUforward_iterator_tag@2@@Z 100026b0 f i ClientStage.obj
 0001:00001730       ?_M_range_initialize@?$basic_string@DV?$char_traits@D@_STL@@V?$allocator@D@2@@_STL@@AAEXPAD0ABUforward_iterator_tag@2@@Z 10002730 f i ClientStage.obj
 0001:000017b0       ?append@?$basic_string@DV?$char_traits@D@_STL@@V?$allocator@D@2@@_STL@@AAEAAV12@PBD0ABUforward_iterator_tag@2@@Z 100027b0 f i ClientStage.obj
 0001:00001940       ?append@?$basic_string@DV?$char_traits@D@_STL@@V?$allocator@D@2@@_STL@@AAEAAV12@PAD0ABUforward_iterator_tag@2@@Z 10002940 f i ClientStage.obj
 0001:00001ae0       ?uninitialized_copy@_STL@@YAPADPAD00@Z 10002ae0 f i ClientStage.obj
 0001:00001b10       ?__copy_ptrs@_STL@@YAPADPAD00ABU__false_type@1@@Z 10002b10 f i ClientStage.obj
 0001:00001b40       ??_ECGameClient@@W7AEPAXI@Z 10002b40 f i ClientStage.obj
 0001:00001b50       ??1CCriticalSection@Win32@OnlineGameLib@@QAE@XZ 10002b50 f i ClientStage.obj
 0001:00001b60       ??1Owner@CCriticalSection@Win32@OnlineGameLib@@QAE@XZ 10002b60 f i ClientStage.obj
 0001:00001b70       ?OnBufferCreated@Allocator@CIOBuffer@Win32@OnlineGameLib@@EAEXXZ 10002b70 f i ClientStage.obj
 0001:00001b80       ?OnBufferAllocated@Allocator@CIOBuffer@Win32@OnlineGameLib@@EAEXXZ 10002b80 f i ClientStage.obj
 0001:00001b90       ?OnBufferReleased@Allocator@CIOBuffer@Win32@OnlineGameLib@@EAEXXZ 10002b90 f i ClientStage.obj
 0001:00001ba0       ?OnShutdownInitiated@CSocketClient@Win32@OnlineGameLib@@EAEXXZ 10002ba0 f i ClientStage.obj
 0001:00001bb0       ?OnShutdownComplete@CSocketClient@Win32@OnlineGameLib@@EAEXXZ 10002bb0 f i ClientStage.obj
 0001:00001bc0       ?OnConnect@CSocketClient@Win32@OnlineGameLib@@EAEXXZ 10002bc0 f i ClientStage.obj
 0001:00001bd0       ?OnClose@CSocketClient@Win32@OnlineGameLib@@EAEXXZ 10002bd0 f i ClientStage.obj
 0001:00001be0       ?OnWrite@CSocketClient@Win32@OnlineGameLib@@EAEXXZ 10002be0 f i ClientStage.obj
 0001:00001bf0       _InitializeCriticalSection@4 10002bf0 f   kernel32:KERNEL32.dll
 0001:00001bf6       _DeleteCriticalSection@4   10002bf6 f   kernel32:KERNEL32.dll
 0001:00001bfc       _LeaveCriticalSection@4    10002bfc f   kernel32:KERNEL32.dll
 0001:00001c02       _EnterCriticalSection@4    10002c02 f   kernel32:KERNEL32.dll
 0001:00001c08       _InterlockedIncrement@4    10002c08 f   kernel32:KERNEL32.dll
 0001:00001c0e       _InterlockedDecrement@4    10002c0e f   kernel32:KERNEL32.dll
 0001:00001c20       ??0CSocketClient@Win32@OnlineGameLib@@IAE@ABV?$basic_string@DV?$char_traits@D@_STL@@V?$allocator@D@2@@_STL@@GII@Z 10002c20 f   common:SocketClient.obj
 0001:00001d90       ?OnStartConnections@CSocketClient@Win32@OnlineGameLib@@EAEXXZ 10002d90 f i common:SocketClient.obj
 0001:00001da0       ?OnStopConnections@CSocketClient@Win32@OnlineGameLib@@EAEXXZ 10002da0 f i common:SocketClient.obj
 0001:00001db0       ??_ECSocketClient@Win32@OnlineGameLib@@UAEPAXI@Z 10002db0 f i common:SocketClient.obj
 0001:00001db0       ??_GCSocketClient@Win32@OnlineGameLib@@UAEPAXI@Z 10002db0 f i common:SocketClient.obj
 0001:00001dd0       ??1CManualResetEvent@Win32@OnlineGameLib@@UAE@XZ 10002dd0 f i common:SocketClient.obj
 0001:00001de0       ??0CSocketClient@Win32@OnlineGameLib@@IAE@II@Z 10002de0 f   common:SocketClient.obj
 0001:00001ed0       ?Connect@CSocketClient@Win32@OnlineGameLib@@QAEXABV?$basic_string@DV?$char_traits@D@_STL@@V?$allocator@D@2@@_STL@@G@Z 10002ed0 f   common:SocketClient.obj
 0001:00001f90       ??1CSocketClient@Win32@OnlineGameLib@@UAE@XZ 10002f90 f   common:SocketClient.obj
 0001:00002090       ?StartConnections@CSocketClient@Win32@OnlineGameLib@@QAE_NXZ 10003090 f   common:SocketClient.obj
 0001:00002150       ?StopConnections@CSocketClient@Win32@OnlineGameLib@@QAEXXZ 10003150 f   common:SocketClient.obj
 0001:000022f0       ?CreateConnectionSocket@CSocketClient@Win32@OnlineGameLib@@EAEIABV?$basic_string@DV?$char_traits@D@_STL@@V?$allocator@D@2@@_STL@@G@Z 100032f0 f   common:SocketClient.obj
 0001:00002410       ?__copy_trivial@_STL@@YAPAXPBX0PAX@Z 10003410 f i common:SocketClient.obj
 0001:00002440       ??1CWin32Exception@Win32@OnlineGameLib@@UAE@XZ 10003440 f i common:SocketClient.obj
 0001:00002500       ??_GCException@Win32@OnlineGameLib@@UAEPAXI@Z 10003500 f i common:SocketClient.obj
 0001:00002500       ??_ECException@Win32@OnlineGameLib@@UAEPAXI@Z 10003500 f i common:SocketClient.obj
 0001:00002520       ??1CException@Win32@OnlineGameLib@@UAE@XZ 10003520 f i common:SocketClient.obj
 0001:000025e0       ??0CWin32Exception@Win32@OnlineGameLib@@QAE@ABV012@@Z 100035e0 f i common:SocketClient.obj
 0001:00002720       ?__stl_new@_STL@@YAPAXI@Z  10003720 f i common:SocketClient.obj
 0001:00002730       ??0CException@Win32@OnlineGameLib@@QAE@ABV012@@Z 10003730 f i common:SocketClient.obj
 0001:00002870       ??_GCWin32Exception@Win32@OnlineGameLib@@UAEPAXI@Z 10003870 f i common:SocketClient.obj
 0001:00002870       ??_ECWin32Exception@Win32@OnlineGameLib@@UAEPAXI@Z 10003870 f i common:SocketClient.obj
 0001:00002890       ?InitiateShutdown@CSocketClient@Win32@OnlineGameLib@@QAEXXZ 10003890 f   common:SocketClient.obj
 0001:000028b0       ?WaitForShutdownToComplete@CSocketClient@Win32@OnlineGameLib@@QAEXXZ 100038b0 f   common:SocketClient.obj
 0001:000028d0       ?Run@CSocketClient@Win32@OnlineGameLib@@MAEHXZ 100038d0 f   common:SocketClient.obj
 0001:00002be0       ?ReleaseBuffers@CSocketClient@Win32@OnlineGameLib@@IAEXXZ 10003be0 f   common:SocketClient.obj
 0001:00002bf0       ?OnError@CSocketClient@Win32@OnlineGameLib@@EAEXABV?$basic_string@DV?$char_traits@D@_STL@@V?$allocator@D@2@@_STL@@@Z 10003bf0 f   common:SocketClient.obj
 0001:00002c00       ?OnRead@CSocketClient@Win32@OnlineGameLib@@AAEXPAVCIOBuffer@23@@Z 10003c00 f   common:SocketClient.obj
 0001:00002d60       ?Write@CSocketClient@Win32@OnlineGameLib@@QAEXPBDI@Z 10003d60 f   common:SocketClient.obj
 0001:00002db0       ?Write@CSocketClient@Win32@OnlineGameLib@@QAEXPAVCIOBuffer@23@@Z 10003db0 f   common:SocketClient.obj
 0001:00003060       ?WaitAndVerifyCipher@CSocketClient@Win32@OnlineGameLib@@IAE_NXZ 10004060 f   common:SocketClient.obj
 0001:00003270       ?deallocate@?$_STLP_alloc_proxy@PADDV?$allocator@D@_STL@@@_STL@@QAEXPADI@Z 10004270 f i common:SocketClient.obj
 0001:000032a0       ?deallocate@?$allocator@D@_STL@@QBEXPADI@Z 100042a0 f i common:SocketClient.obj
 0001:000032d0       ?__copy_aux@_STL@@YAPADPAD00ABU__true_type@1@@Z 100042d0 f i common:SocketClient.obj
 0001:00003300       ??_ECSocketClient@Win32@OnlineGameLib@@W7AEPAXI@Z 10004300 f i common:SocketClient.obj
 0001:00003310       ??0CIOBuffer@Win32@OnlineGameLib@@AAE@AAVAllocator@012@I@Z 10004310 f   common:IOBuffer.obj
 0001:000033a0       ??1COpaqueUserData@OnlineGameLib@@IAE@XZ 100043a0 f i common:IOBuffer.obj
 0001:000033b0       ??1CIOBuffer@Win32@OnlineGameLib@@AAE@XZ 100043b0 f   common:IOBuffer.obj
 0001:00003420       ?Empty@CIOBuffer@Win32@OnlineGameLib@@QAEXXZ 10004420 f   common:IOBuffer.obj
 0001:00003440       ??2CIOBuffer@Win32@OnlineGameLib@@CAPAXII@Z 10004440 f   common:IOBuffer.obj
 0001:00003450       ??3CIOBuffer@Win32@OnlineGameLib@@CAXPAXI@Z 10004450 f   common:IOBuffer.obj
 0001:00003460       ?SplitBuffer@CIOBuffer@Win32@OnlineGameLib@@QAEPAV123@I@Z 10004460 f   common:IOBuffer.obj
 0001:000034b0       ?RemoveBuffer@CIOBuffer@Win32@OnlineGameLib@@QAEXI@Z 100044b0 f   common:IOBuffer.obj
 0001:000034e0       ?AllocateNewBuffer@CIOBuffer@Win32@OnlineGameLib@@QBEPAV123@XZ 100044e0 f   common:IOBuffer.obj
 0001:000034f0       ?AddData@CIOBuffer@Win32@OnlineGameLib@@QAEXQBDI@Z 100044f0 f   common:IOBuffer.obj
 0001:00003630       ?AddData@CIOBuffer@Win32@OnlineGameLib@@QAEXQBEI@Z 10004630 f   common:IOBuffer.obj
 0001:00003650       ?AddData@CIOBuffer@Win32@OnlineGameLib@@QAEXE@Z 10004650 f   common:IOBuffer.obj
 0001:00003660       ?Release@CIOBuffer@Win32@OnlineGameLib@@QAEXXZ 10004660 f   common:IOBuffer.obj
 0001:00003790       ??0Allocator@CIOBuffer@Win32@OnlineGameLib@@QAE@II@Z 10004790 f   common:IOBuffer.obj
 0001:000037d0       ??_EAllocator@CIOBuffer@Win32@OnlineGameLib@@UAEPAXI@Z 100047d0 f i common:IOBuffer.obj
 0001:000037d0       ??_GAllocator@CIOBuffer@Win32@OnlineGameLib@@UAEPAXI@Z 100047d0 f i common:IOBuffer.obj
 0001:000037f0       ??1Allocator@CIOBuffer@Win32@OnlineGameLib@@UAE@XZ 100047f0 f   common:IOBuffer.obj
 0001:00003860       ?Allocate@Allocator@CIOBuffer@Win32@OnlineGameLib@@QAEPAV234@XZ 10004860 f   common:IOBuffer.obj
 0001:00003a10       ?Release@Allocator@CIOBuffer@Win32@OnlineGameLib@@AAEXPAV234@@Z 10004a10 f   common:IOBuffer.obj
 0001:00003b60       ?DestroyBuffer@Allocator@CIOBuffer@Win32@OnlineGameLib@@AAEXPAV234@@Z 10004b60 f   common:IOBuffer.obj
 0001:00003bc0       ?Flush@Allocator@CIOBuffer@Win32@OnlineGameLib@@IAEXXZ 10004bc0 f   common:IOBuffer.obj
 0001:00003c70       ??0InOrderBufferList@CIOBuffer@Win32@OnlineGameLib@@QAE@AAVCCriticalSection@23@@Z 10004c70 f   common:IOBuffer.obj
 0001:00003d00       ?AddBuffer@InOrderBufferList@CIOBuffer@Win32@OnlineGameLib@@QAEXPAV234@@Z 10004d00 f   common:IOBuffer.obj
 0001:00003d70       ?ProcessAndGetNext@InOrderBufferList@CIOBuffer@Win32@OnlineGameLib@@QAEPAV234@XZ 10004d70 f   common:IOBuffer.obj
 0001:00003df0       ?GetNext@InOrderBufferList@CIOBuffer@Win32@OnlineGameLib@@QAEPAV234@XZ 10004df0 f   common:IOBuffer.obj
 0001:00003e70       ?GetNext@InOrderBufferList@CIOBuffer@Win32@OnlineGameLib@@QAEPAV234@PAV234@@Z 10004e70 f   common:IOBuffer.obj
 0001:00003f20       ?ProcessBuffer@InOrderBufferList@CIOBuffer@Win32@OnlineGameLib@@QAEXXZ 10004f20 f   common:IOBuffer.obj
 0001:00003f40       ?Reset@InOrderBufferList@CIOBuffer@Win32@OnlineGameLib@@QAEXXZ 10004f40 f   common:IOBuffer.obj
 0001:00003f50       ?erase@?$map@IPAVCIOBuffer@Win32@OnlineGameLib@@U?$less@I@_STL@@V?$allocator@U?$pair@$$CBIPAVCIOBuffer@Win32@OnlineGameLib@@@_STL@@@5@@_STL@@QAEXU?$_Rb_tree_iterator@U?$pair@$$CBIPAVCIOBuffer@Win32@OnlineGameLib@@@_STL@@U?$_Nonconst_traits@U?$pair@$$CBIPAVCIOBuffer@Win32@OnlineGameLib@@@_STL@@@2@@2@@Z 10004f50 f i common:IOBuffer.obj
 0001:00003f70       ?erase@?$_Rb_tree@IU?$pair@$$CBIPAVCIOBuffer@Win32@OnlineGameLib@@@_STL@@U?$_Select1st@U?$pair@$$CBIPAVCIOBuffer@Win32@OnlineGameLib@@@_STL@@@2@U?$less@I@2@V?$allocator@U?$pair@$$CBIPAVCIOBuffer@Win32@OnlineGameLib@@@_STL@@@2@@_STL@@QAEXU?$_Rb_tree_iterator@U?$pair@$$CBIPAVCIOBuffer@Win32@OnlineGameLib@@@_STL@@U?$_Nonconst_traits@U?$pair@$$CBIPAVCIOBuffer@Win32@OnlineGameLib@@@_STL@@@2@@2@@Z 10004f70 f i common:IOBuffer.obj
 0001:00003fb0       ??1?$allocator@U?$pair@$$CBIPAVCIOBuffer@Win32@OnlineGameLib@@@_STL@@@_STL@@QAE@XZ 10004fb0 f i common:IOBuffer.obj
 0001:00003fc0       ??1?$_STLP_alloc_proxy@PAU?$_Rb_tree_node@U?$pair@$$CBIPAVCIOBuffer@Win32@OnlineGameLib@@@_STL@@@_STL@@U12@V?$allocator@U?$pair@$$CBIPAVCIOBuffer@Win32@OnlineGameLib@@@_STL@@@2@@_STL@@QAE@XZ 10004fc0 f i common:IOBuffer.obj
 0001:00003fd0       ?insert_unique@?$_Rb_tree@IU?$pair@$$CBIPAVCIOBuffer@Win32@OnlineGameLib@@@_STL@@U?$_Select1st@U?$pair@$$CBIPAVCIOBuffer@Win32@OnlineGameLib@@@_STL@@@2@U?$less@I@2@V?$allocator@U?$pair@$$CBIPAVCIOBuffer@Win32@OnlineGameLib@@@_STL@@@2@@_STL@@QAE?AU?$pair@U?$_Rb_tree_iterator@U?$pair@$$CBIPAVCIOBuffer@Win32@OnlineGameLib@@@_STL@@U?$_Nonconst_traits@U?$pair@$$CBIPAVCIOBuffer@Win32@OnlineGameLib@@@_STL@@@2@@_STL@@_N@2@ABU?$pair@$$CBIPAVCIOBuffer@Win32@OnlineGameLib@@@2@@Z 10004fd0 f i common:IOBuffer.obj
 0001:00004160       ??0?$pair@U?$_Rb_tree_iterator@U?$pair@$$CBIPAVCIOBuffer@Win32@OnlineGameLib@@@_STL@@U?$_Nonconst_traits@U?$pair@$$CBIPAVCIOBuffer@Win32@OnlineGameLib@@@_STL@@@2@@_STL@@_N@_STL@@QAE@ABU01@@Z 10005160 f i common:IOBuffer.obj
 0001:00004180       ?_M_create_node@?$_Rb_tree@IU?$pair@$$CBIPAVCIOBuffer@Win32@OnlineGameLib@@@_STL@@U?$_Select1st@U?$pair@$$CBIPAVCIOBuffer@Win32@OnlineGameLib@@@_STL@@@2@U?$less@I@2@V?$allocator@U?$pair@$$CBIPAVCIOBuffer@Win32@OnlineGameLib@@@_STL@@@2@@_STL@@IAEPAU?$_Rb_tree_node@U?$pair@$$CBIPAVCIOBuffer@Win32@OnlineGameLib@@@_STL@@@2@ABU?$pair@$$CBIPAVCIOBuffer@Win32@OnlineGameLib@@@2@@Z 10005180 f i common:IOBuffer.obj
 0001:000043d0       ?SetLogFileName@Win32@OnlineGameLib@@YAXABV?$basic_string@DV?$char_traits@D@_STL@@V?$allocator@D@2@@_STL@@@Z 100053d0 f   common:Utils.obj
 0001:000044e0       ?Message@Win32@OnlineGameLib@@YAXQBD@Z 100054e0 f   common:Utils.obj
 0001:00004510       ?Output@Win32@OnlineGameLib@@YAXABV?$basic_string@DV?$char_traits@D@_STL@@V?$allocator@D@2@@_STL@@@Z 10005510 f   common:Utils.obj
 0001:00004520       ?Trace@Win32@OnlineGameLib@@YAXABV?$basic_string@DV?$char_traits@D@_STL@@V?$allocator@D@2@@_STL@@0@Z 10005520 f   common:Utils.obj
 0001:00004530       ?GetLastErrorMessage@Win32@OnlineGameLib@@YA?AV?$basic_string@DV?$char_traits@D@_STL@@V?$allocator@D@2@@_STL@@K@Z 10005530 f   common:Utils.obj
 0001:00004670       ?HexToString@Win32@OnlineGameLib@@YA?AV?$basic_string@DV?$char_traits@D@_STL@@V?$allocator@D@2@@_STL@@PBEI@Z 10005670 f   common:Utils.obj
 0001:00004850       ?StringToHex@Win32@OnlineGameLib@@YAXABV?$basic_string@DV?$char_traits@D@_STL@@V?$allocator@D@2@@_STL@@PAEI@Z 10005850 f   common:Utils.obj
 0001:00004990       ?HexStringToDWORD@Win32@OnlineGameLib@@YAKPBD@Z 10005990 f   common:Utils.obj
 0001:000049f0       ?HashStr2ID@Win32@OnlineGameLib@@YAKQBD@Z 100059f0 f   common:Utils.obj
 0001:00004a40       ?net_aton@Win32@OnlineGameLib@@YAKPBD@Z 10005a40 f   common:Utils.obj
 0001:00004ad0       ?net_ntoa@Win32@OnlineGameLib@@YAPBDK@Z 10005ad0 f   common:Utils.obj
 0001:00004b10       ?GetCurrentDirectoryA@Win32@OnlineGameLib@@YA?AV?$basic_string@DV?$char_traits@D@_STL@@V?$allocator@D@2@@_STL@@XZ 10005b10 f   common:Utils.obj
 0001:00004c80       ?GetAppFullPath@Win32@OnlineGameLib@@YA?AV?$basic_string@DV?$char_traits@D@_STL@@V?$allocator@D@2@@_STL@@PAUHINSTANCE__@@@Z 10005c80 f   common:Utils.obj
 0001:00004ed0       ?GetDateStamp@Win32@OnlineGameLib@@YA?AV?$basic_string@DV?$char_traits@D@_STL@@V?$allocator@D@2@@_STL@@XZ 10005ed0 f   common:Utils.obj
 0001:00004ff0       ?GetTimeStamp@Win32@OnlineGameLib@@YA?AV?$basic_string@DV?$char_traits@D@_STL@@V?$allocator@D@2@@_STL@@XZ 10005ff0 f   common:Utils.obj
 0001:00005110       ?ToHex@Win32@OnlineGameLib@@YA?AV?$basic_string@DV?$char_traits@D@_STL@@V?$allocator@D@2@@_STL@@E@Z 10006110 f   common:Utils.obj
 0001:00005200       ?DumpData@Win32@OnlineGameLib@@YA?AV?$basic_string@DV?$char_traits@D@_STL@@V?$allocator@D@2@@_STL@@QBEII@Z 10006200 f   common:Utils.obj
 0001:00005520       ?GetComputerNameA@Win32@OnlineGameLib@@YA?AV?$basic_string@DV?$char_traits@D@_STL@@V?$allocator@D@2@@_STL@@XZ 10006520 f   common:Utils.obj
 0001:00005740       ?GetModuleFileNameA@Win32@OnlineGameLib@@YA?AV?$basic_string@DV?$char_traits@D@_STL@@V?$allocator@D@2@@_STL@@PAUHINSTANCE__@@@Z 10006740 f   common:Utils.obj
 0001:00005970       ?GetUserNameA@Win32@OnlineGameLib@@YA?AV?$basic_string@DV?$char_traits@D@_STL@@V?$allocator@D@2@@_STL@@XZ 10006970 f   common:Utils.obj
 0001:00005ba0       ?StripLeading@Win32@OnlineGameLib@@YA?AV?$basic_string@DV?$char_traits@D@_STL@@V?$allocator@D@2@@_STL@@ABV34@D@Z 10006ba0 f   common:Utils.obj
 0001:00005c80       ?StripTrailing@Win32@OnlineGameLib@@YA?AV?$basic_string@DV?$char_traits@D@_STL@@V?$allocator@D@2@@_STL@@ABV34@D@Z 10006c80 f   common:Utils.obj
 0001:00005cc0       ?GetFileVersion@Win32@OnlineGameLib@@YA?AV?$basic_string@DV?$char_traits@D@_STL@@V?$allocator@D@2@@_STL@@XZ 10006cc0 f   common:Utils.obj
 0001:00005fb0       ?GetLocalName@Win32@OnlineGameLib@@YA_NPADI@Z 10006fb0 f   common:Utils.obj
 0001:000060b0       ?GetLocalAddress@Win32@OnlineGameLib@@YA_NPADIH@Z 100070b0 f   common:Utils.obj
 0001:000061e0       ??4?$basic_string@DV?$char_traits@D@_STL@@V?$allocator@D@2@@_STL@@QAEAAV01@PBD@Z 100071e0 f i common:Utils.obj
 0001:00006290       ?substr@?$basic_string@DV?$char_traits@D@_STL@@V?$allocator@D@2@@_STL@@QBE?AV12@II@Z 10007290 f i common:Utils.obj
 0001:000063a0       ??1?$basic_ios@DV?$char_traits@D@_STL@@@_STL@@UAE@XZ 100073a0 f i common:Utils.obj
 0001:000063b0       ??0?$basic_fstream@DV?$char_traits@D@_STL@@@_STL@@QAE@XZ 100073b0 f i common:Utils.obj
 0001:00006590       ??1_STLP_mutex@_STL@@QAE@XZ 10007590 f i common:Utils.obj
 0001:000065a0       ?_FILE_I_set@_STL@@YAXPAU_iobuf@@PAD11@Z 100075a0 f i common:Utils.obj
 0001:000065c0       ??_G?$basic_streambuf@DV?$char_traits@D@_STL@@@_STL@@UAEPAXI@Z 100075c0 f i common:Utils.obj
 0001:000065c0       ??_E?$basic_streambuf@DV?$char_traits@D@_STL@@@_STL@@UAEPAXI@Z 100075c0 f i common:Utils.obj
 0001:000065e0       ??1?$basic_istream@DV?$char_traits@D@_STL@@@_STL@@UAE@XZ 100075e0 f i common:Utils.obj
 0001:000065f0       ??1?$basic_fstream@DV?$char_traits@D@_STL@@@_STL@@UAE@XZ 100075f0 f i common:Utils.obj
 0001:00006770       ??1?$auto_ptr@D@_STL@@QAE@XZ 10007770 f i common:Utils.obj
 0001:00006780       ??1?$auto_ptr@E@_STL@@QAE@XZ 10007780 f i common:Utils.obj
 0001:00006790       ??_E?$basic_ios@DV?$char_traits@D@_STL@@@_STL@@UAEPAXI@Z 10007790 f i common:Utils.obj
 0001:00006790       ??_G?$basic_ios@DV?$char_traits@D@_STL@@@_STL@@UAEPAXI@Z 10007790 f i common:Utils.obj
 0001:000067b0       ??_E?$basic_istream@DV?$char_traits@D@_STL@@@_STL@@UAEPAXI@Z 100077b0 f i common:Utils.obj
 0001:000067b0       ??_G?$basic_istream@DV?$char_traits@D@_STL@@@_STL@@UAEPAXI@Z 100077b0 f i common:Utils.obj
 0001:000067e0       ??_G?$basic_fstream@DV?$char_traits@D@_STL@@@_STL@@UAEPAXI@Z 100077e0 f i common:Utils.obj
 0001:000067e0       ??_E?$basic_fstream@DV?$char_traits@D@_STL@@@_STL@@UAEPAXI@Z 100077e0 f i common:Utils.obj
 0001:00006820       ?append@?$basic_string@DV?$char_traits@D@_STL@@V?$allocator@D@2@@_STL@@QAEAAV12@PBD@Z 10007820 f i common:Utils.obj
 0001:00006860       ?push_back@?$basic_string@DV?$char_traits@D@_STL@@V?$allocator@D@2@@_STL@@QAEXD@Z 10007860 f i common:Utils.obj
 0001:000068c0       ?assign@?$basic_string@DV?$char_traits@D@_STL@@V?$allocator@D@2@@_STL@@QAEAAV12@PBD0@Z 100078c0 f i common:Utils.obj
 0001:00006960       ?move@?$__char_traits_base@DH@_STL@@SAPADPADPBDI@Z 10007960 f i common:Utils.obj
 0001:00006990       ??0?$basic_string@DV?$char_traits@D@_STL@@V?$allocator@D@2@@_STL@@QAE@ABV01@@Z 10007990 f i common:Utils.obj
 0001:00006a50       ?reserve@?$basic_string@DV?$char_traits@D@_STL@@V?$allocator@D@2@@_STL@@QAEXI@Z 10007a50 f i common:Utils.obj
 0001:00006b70       ?init@?$basic_ios@DV?$char_traits@D@_STL@@@_STL@@IAEXPAV?$basic_streambuf@DV?$char_traits@D@_STL@@@2@@Z 10007b70 f i common:Utils.obj
 0001:00006c10       ?_M_check_exception_mask@ios_base@_STL@@IAEXXZ 10007c10 f i common:Utils.obj
 0001:00006c20       ??1?$basic_ostream@DV?$char_traits@D@_STL@@@_STL@@UAE@XZ 10007c20 f i common:Utils.obj
 0001:00006c30       ??1?$basic_iostream@DV?$char_traits@D@_STL@@@_STL@@UAE@XZ 10007c30 f i common:Utils.obj
 0001:00006c70       ??1?$basic_filebuf@DV?$char_traits@D@_STL@@@_STL@@UAE@XZ 10007c70 f i common:Utils.obj
 0001:00006e30       ?close@?$basic_filebuf@DV?$char_traits@D@_STL@@@_STL@@QAEPAV12@XZ 10007e30 f i common:Utils.obj
 0001:00006fb0       ?showmanyc@?$basic_filebuf@DV?$char_traits@D@_STL@@@_STL@@MAEHXZ 10007fb0 f i common:Utils.obj
 0001:00007020       ?underflow@?$basic_filebuf@DV?$char_traits@D@_STL@@@_STL@@MAEHXZ 10008020 f i common:Utils.obj
 0001:00007030       ?pbackfail@?$basic_filebuf@DV?$char_traits@D@_STL@@@_STL@@MAEHH@Z 10008030 f i common:Utils.obj
 0001:00007120       ?overflow@?$basic_filebuf@DV?$char_traits@D@_STL@@@_STL@@MAEHH@Z 10008120 f i common:Utils.obj
 0001:000072e0       ?setbuf@?$basic_filebuf@DV?$char_traits@D@_STL@@@_STL@@MAEPAV?$basic_streambuf@DV?$char_traits@D@_STL@@@2@PADH@Z 100082e0 f i common:Utils.obj
 0001:00007480       ?seekoff@?$basic_filebuf@DV?$char_traits@D@_STL@@@_STL@@MAE?AV?$fpos@H@2@JHH@Z 10008480 f i common:Utils.obj
 0001:00007910       ?count@_STL@@YAHPAD0ABD@Z  10008910 f i common:Utils.obj
 0001:00007940       ?seekpos@?$basic_filebuf@DV?$char_traits@D@_STL@@@_STL@@MAE?AV?$fpos@H@2@V32@H@Z 10008940 f i common:Utils.obj
 0001:00007a50       ?sync@?$basic_filebuf@DV?$char_traits@D@_STL@@@_STL@@MAEHXZ 10008a50 f i common:Utils.obj
 0001:00007a70       ?imbue@?$basic_filebuf@DV?$char_traits@D@_STL@@@_STL@@MAEXABVlocale@2@@Z 10008a70 f i common:Utils.obj
 0001:00007b00       ??_E?$basic_ostream@DV?$char_traits@D@_STL@@@_STL@@UAEPAXI@Z 10008b00 f i common:Utils.obj
 0001:00007b00       ??_G?$basic_ostream@DV?$char_traits@D@_STL@@@_STL@@UAEPAXI@Z 10008b00 f i common:Utils.obj
 0001:00007b30       ??_G?$basic_iostream@DV?$char_traits@D@_STL@@@_STL@@UAEPAXI@Z 10008b30 f i common:Utils.obj
 0001:00007b30       ??_E?$basic_iostream@DV?$char_traits@D@_STL@@@_STL@@UAEPAXI@Z 10008b30 f i common:Utils.obj
 0001:00007b60       ??_G?$basic_filebuf@DV?$char_traits@D@_STL@@@_STL@@UAEPAXI@Z 10008b60 f i common:Utils.obj
 0001:00007b60       ??_E?$basic_filebuf@DV?$char_traits@D@_STL@@@_STL@@UAEPAXI@Z 10008b60 f i common:Utils.obj
 0001:00007b80       ??1?$_Filebuf_Tmp_Buf@D@_STL@@QAE@XZ 10008b80 f i common:Utils.obj
 0001:00007b90       ?_M_range_initialize@?$basic_string@DV?$char_traits@D@_STL@@V?$allocator@D@2@@_STL@@AAEXPAD0@Z 10008b90 f i common:Utils.obj
 0001:00007c10       ?imbue@?$basic_ios@DV?$char_traits@D@_STL@@@_STL@@QAE?AVlocale@2@ABV32@@Z 10008c10 f i common:Utils.obj
 0001:00007d70       ?grouping@?$numpunct@D@_STL@@QBE?AV?$basic_string@DV?$char_traits@D@_STL@@V?$allocator@D@2@@2@XZ 10008d70 f i common:Utils.obj
 0001:00007d90       ??0?$basic_ostream@DV?$char_traits@D@_STL@@@_STL@@QAE@PAV?$basic_streambuf@DV?$char_traits@D@_STL@@@1@@Z 10008d90 f i common:Utils.obj
 0001:00007e90       ?_M_exit_input_mode@?$basic_filebuf@DV?$char_traits@D@_STL@@@_STL@@AAEXXZ 10008e90 f i common:Utils.obj
 0001:00007ec0       ?_M_unshift@?$basic_filebuf@DV?$char_traits@D@_STL@@@_STL@@AAE_NXZ 10008ec0 f i common:Utils.obj
 0001:00007f40       ?_M_allocate_buffers@?$basic_filebuf@DV?$char_traits@D@_STL@@@_STL@@AAE_NPADH@Z 10008f40 f i common:Utils.obj
 0001:00008030       ?_M_setup_codecvt@?$basic_filebuf@DV?$char_traits@D@_STL@@@_STL@@AAEXABVlocale@2@@Z 10009030 f i common:Utils.obj
 0001:000080a0       ?_M_append_dispatch@?$basic_string@DV?$char_traits@D@_STL@@V?$allocator@D@2@@_STL@@AAEAAV12@PAD0ABU__false_type@2@@Z 100090a0 f i common:Utils.obj
 0001:000080d0       ?_M_append_dispatch@?$basic_string@DV?$char_traits@D@_STL@@V?$allocator@D@2@@_STL@@AAEAAV12@PBD0ABU__false_type@2@@Z 100090d0 f i common:Utils.obj
 0001:00008100       ?iterator_category@_STL@@YA?AUrandom_access_iterator_tag@1@PBD@Z 10009100 f i common:Utils.obj
 0001:00008110       ?distance_type@_STL@@YAPAHPBD@Z 10009110 f i common:Utils.obj
 0001:00008120       ?__copy@_STL@@YAPADPAD00ABUrandom_access_iterator_tag@1@PAH@Z 10009120 f i common:Utils.obj
 0001:00008150       ??0CThread@Win32@OnlineGameLib@@QAE@XZ 10009150 f   common:Thread.obj
 0001:00008160       ??_GCThread@Win32@OnlineGameLib@@UAEPAXI@Z 10009160 f i common:Thread.obj
 0001:00008160       ??_ECThread@Win32@OnlineGameLib@@UAEPAXI@Z 10009160 f i common:Thread.obj
 0001:00008180       ??1CThread@Win32@OnlineGameLib@@UAE@XZ 10009180 f   common:Thread.obj
 0001:000081a0       ?GetHandle@CThread@Win32@OnlineGameLib@@QBEPAXXZ 100091a0 f   common:Thread.obj
 0001:000081b0       ?Start@CThread@Win32@OnlineGameLib@@QAEXXZ 100091b0 f   common:Thread.obj
 0001:00008330       ?Wait@CThread@Win32@OnlineGameLib@@QBEXXZ 10009330 f   common:Thread.obj
 0001:00008440       ?Wait@CThread@Win32@OnlineGameLib@@QBE_NK@Z 10009440 f   common:Thread.obj
 0001:00008530       ?ThreadFunction@CThread@Win32@OnlineGameLib@@CGIPAX@Z 10009530 f   common:Thread.obj
 0001:000085a0       ?Terminate@CThread@Win32@OnlineGameLib@@QAEXK@Z 100095a0 f   common:Thread.obj
 0001:000085d0       ?KSG_DecodeEncode@@YAHIPAEPAI@Z 100095d0 f   common:KSG_EncodeDecode.obj
 0001:00008630       ?KSG_DecodeEncode_ASM@@YAHIPAEPAI@Z 10009630 f   common:KSG_EncodeDecode.obj
 0001:00008690       ??0CEventSelect@Win32@OnlineGameLib@@QAE@XZ 10009690 f   common:EventSelect.obj
 0001:000086b0       ??1CEventSelect@Win32@OnlineGameLib@@QAE@XZ 100096b0 f   common:EventSelect.obj
 0001:000086d0       ?AssociateEvent@CEventSelect@Win32@OnlineGameLib@@QAEXIJ@Z 100096d0 f   common:EventSelect.obj
 0001:00008840       ?DissociateEvent@CEventSelect@Win32@OnlineGameLib@@QAEXXZ 10009840 f   common:EventSelect.obj
 0001:00008860       ??0CUsesWinsock@Win32@OnlineGameLib@@QAE@XZ 10009860 f   common:UsesWinsock.obj
 0001:00008930       ??1CUsesWinsock@Win32@OnlineGameLib@@QAE@XZ 10009930 f   common:UsesWinsock.obj
 0001:00008940       ??0CManualResetEvent@Win32@OnlineGameLib@@QAE@_N@Z 10009940 f   common:ManualResetEvent.obj
 0001:00008960       ??_ECManualResetEvent@Win32@OnlineGameLib@@UAEPAXI@Z 10009960 f i common:ManualResetEvent.obj
 0001:00008960       ??_GCManualResetEvent@Win32@OnlineGameLib@@UAEPAXI@Z 10009960 f i common:ManualResetEvent.obj
 0001:00008980       ??0CManualResetEvent@Win32@OnlineGameLib@@QAE@PBD_N@Z 10009980 f   common:ManualResetEvent.obj
 0001:000089b0       ??0CEvent@Win32@OnlineGameLib@@QAE@PAU_SECURITY_ATTRIBUTES@@_N1@Z 100099b0 f   common:Event.obj
 0001:00008ac0       ??_GCEvent@Win32@OnlineGameLib@@UAEPAXI@Z 10009ac0 f i common:Event.obj
 0001:00008ac0       ??_ECEvent@Win32@OnlineGameLib@@UAEPAXI@Z 10009ac0 f i common:Event.obj
 0001:00008ae0       ??0CEvent@Win32@OnlineGameLib@@QAE@PAU_SECURITY_ATTRIBUTES@@_N1PBD@Z 10009ae0 f   common:Event.obj
 0001:00008b10       ??1CEvent@Win32@OnlineGameLib@@UAE@XZ 10009b10 f   common:Event.obj
 0001:00008b30       ?Wait@CEvent@Win32@OnlineGameLib@@QBEXXZ 10009b30 f   common:Event.obj
 0001:00008c40       ?Wait@CEvent@Win32@OnlineGameLib@@QBE_NK@Z 10009c40 f   common:Event.obj
 0001:00008d30       ?Reset@CEvent@Win32@OnlineGameLib@@QAEXXZ 10009d30 f   common:Event.obj
 0001:00008df0       ?Set@CEvent@Win32@OnlineGameLib@@QAEXXZ 10009df0 f   common:Event.obj
 0001:00008eb0       ?Pulse@CEvent@Win32@OnlineGameLib@@QAEXXZ 10009eb0 f   common:Event.obj
 0001:00008f70       ??0CSocket@Win32@OnlineGameLib@@QAE@XZ 10009f70 f   common:Socket.obj
 0001:00008f80       ??0CSocket@Win32@OnlineGameLib@@QAE@I@Z 10009f80 f   common:Socket.obj
 0001:00009040       ??1Exception@CSocket@Win32@OnlineGameLib@@UAE@XZ 1000a040 f i common:Socket.obj
 0001:00009100       ?__stl_delete@_STL@@YAXPAX@Z 1000a100 f i common:Socket.obj
 0001:00009110       ??0Exception@CSocket@Win32@OnlineGameLib@@QAE@ABV0123@@Z 1000a110 f i common:Socket.obj
 0001:00009230       ??_EException@CSocket@Win32@OnlineGameLib@@UAEPAXI@Z 1000a230 f i common:Socket.obj
 0001:00009230       ??_GException@CSocket@Win32@OnlineGameLib@@UAEPAXI@Z 1000a230 f i common:Socket.obj
 0001:00009250       ??1CSocket@Win32@OnlineGameLib@@QAE@XZ 1000a250 f   common:Socket.obj
 0001:000092a0       ?Attach@CSocket@Win32@OnlineGameLib@@QAEXI@Z 1000a2a0 f   common:Socket.obj
 0001:000092c0       ?Detatch@CSocket@Win32@OnlineGameLib@@QAEIXZ 1000a2c0 f   common:Socket.obj
 0001:000092d0       ?Close@CSocket@Win32@OnlineGameLib@@QAEXXZ 1000a2d0 f   common:Socket.obj
 0001:00009390       ?AbortiveClose@CSocket@Win32@OnlineGameLib@@QAEXXZ 1000a390 f   common:Socket.obj
 0001:00009480       ?Shutdown@CSocket@Win32@OnlineGameLib@@QAEXH@Z 1000a480 f   common:Socket.obj
 0001:00009550       ?Listen@CSocket@Win32@OnlineGameLib@@QAEXH@Z 1000a550 f   common:Socket.obj
 0001:00009620       ?Bind@CSocket@Win32@OnlineGameLib@@QAEXABUsockaddr_in@@@Z 1000a620 f   common:Socket.obj
 0001:000096f0       ?Bind@CSocket@Win32@OnlineGameLib@@QAEXABUsockaddr@@I@Z 1000a6f0 f   common:Socket.obj
 0001:000097c0       ?Connect@CSocket@Win32@OnlineGameLib@@QAEXABUsockaddr_in@@@Z 1000a7c0 f   common:Socket.obj
 0001:00009890       ?Connect@CSocket@Win32@OnlineGameLib@@QAEXABUsockaddr@@I@Z 1000a890 f   common:Socket.obj
 0001:00009960       ??0InternetAddress@CSocket@Win32@OnlineGameLib@@QAE@KG@Z 1000a960 f   common:Socket.obj
 0001:00009990       ??0InternetAddress@CSocket@Win32@OnlineGameLib@@QAE@ABV?$basic_string@DV?$char_traits@D@_STL@@V?$allocator@D@2@@_STL@@G@Z 1000a990 f   common:Socket.obj
 0001:000099c0       ??0Exception@CSocket@Win32@OnlineGameLib@@AAE@ABV?$basic_string@DV?$char_traits@D@_STL@@V?$allocator@D@2@@_STL@@K@Z 1000a9c0 f   common:Socket.obj
 0001:000099e0       ??0CWin32Exception@Win32@OnlineGameLib@@QAE@ABV?$basic_string@DV?$char_traits@D@_STL@@V?$allocator@D@2@@_STL@@K@Z 1000a9e0 f   common:Win32Exception.obj
 0001:00009a80       ??0CException@Win32@OnlineGameLib@@QAE@ABV?$basic_string@DV?$char_traits@D@_STL@@V?$allocator@D@2@@_STL@@0@Z 1000aa80 f   common:Exception.obj
 0001:00009bc0       ?GetWhere@CException@Win32@OnlineGameLib@@UBE?AV?$basic_string@DV?$char_traits@D@_STL@@V?$allocator@D@2@@_STL@@XZ 1000abc0 f   common:Exception.obj
 0001:00009c80       ?GetMessageA@CException@Win32@OnlineGameLib@@UBE?AV?$basic_string@DV?$char_traits@D@_STL@@V?$allocator@D@2@@_STL@@XZ 1000ac80 f   common:Exception.obj
 0001:00009d40       ?MessageBoxA@CException@Win32@OnlineGameLib@@QBEXPAUHWND__@@@Z 1000ad40 f   common:Exception.obj
 0001:00009e20       ??0CNodeList@OnlineGameLib@@QAE@XZ 1000ae20 f   common:NodeList.obj
 0001:00009e30       ?PushNode@CNodeList@OnlineGameLib@@QAEXPAVNode@12@@Z 1000ae30 f   common:NodeList.obj
 0001:00009e60       ?PopNode@CNodeList@OnlineGameLib@@QAEPAVNode@12@XZ 1000ae60 f   common:NodeList.obj
 0001:00009e80       ?RemoveNode@CNodeList@OnlineGameLib@@AAEXPAVNode@12@@Z 1000ae80 f   common:NodeList.obj
 0001:00009ea0       ??0Node@CNodeList@OnlineGameLib@@IAE@XZ 1000aea0 f   common:NodeList.obj
 0001:00009eb0       ??1Node@CNodeList@OnlineGameLib@@IAE@XZ 1000aeb0 f   common:NodeList.obj
 0001:00009f10       ?AddToList@Node@CNodeList@OnlineGameLib@@QAEXPAV23@@Z 1000af10 f   common:NodeList.obj
 0001:00009f20       ?RemoveFromList@Node@CNodeList@OnlineGameLib@@QAEXXZ 1000af20 f   common:NodeList.obj
 0001:00009f30       ?Unlink@Node@CNodeList@OnlineGameLib@@AAEXXZ 1000af30 f   common:NodeList.obj
 0001:00009f60       ?get_allocator@?$basic_string@GV?$char_traits@G@_STL@@V?$allocator@G@2@@_STL@@QBE?AV?$allocator@G@2@XZ 1000af60 f i stlport_vc6_static:string_w.obj
 0001:00009f80       ??0?$basic_string@GV?$char_traits@G@_STL@@V?$allocator@G@2@@_STL@@QAE@ABV?$allocator@G@1@@Z 1000af80 f i stlport_vc6_static:string_w.obj
 0001:0000a010       ??0?$basic_string@GV?$char_traits@G@_STL@@V?$allocator@G@2@@_STL@@QAE@U_String_reserve_t@1@IABV?$allocator@G@1@@Z 1000b010 f i stlport_vc6_static:string_w.obj
 0001:0000a0e0       ??0?$basic_string@GV?$char_traits@G@_STL@@V?$allocator@G@2@@_STL@@QAE@ABV01@IIABV?$allocator@G@1@@Z 1000b0e0 f i stlport_vc6_static:string_w.obj
 0001:0000a250       ??0?$basic_string@GV?$char_traits@G@_STL@@V?$allocator@G@2@@_STL@@QAE@PBGIABV?$allocator@G@1@@Z 1000b250 f i stlport_vc6_static:string_w.obj
 0001:0000a380       ??0?$basic_string@GV?$char_traits@G@_STL@@V?$allocator@G@2@@_STL@@QAE@IGABV?$allocator@G@1@@Z 1000b380 f i stlport_vc6_static:string_w.obj
 0001:0000a450       ??1?$basic_string@GV?$char_traits@G@_STL@@V?$allocator@G@2@@_STL@@QAE@XZ 1000b450 f i stlport_vc6_static:string_w.obj
 0001:0000a4e0       ??4?$basic_string@GV?$char_traits@G@_STL@@V?$allocator@G@2@@_STL@@QAEAAV01@ABV01@@Z 1000b4e0 f i stlport_vc6_static:string_w.obj
 0001:0000a570       ??4?$basic_string@GV?$char_traits@G@_STL@@V?$allocator@G@2@@_STL@@QAEAAV01@PBG@Z 1000b570 f i stlport_vc6_static:string_w.obj
 0001:0000a640       ??4?$basic_string@GV?$char_traits@G@_STL@@V?$allocator@G@2@@_STL@@QAEAAV01@G@Z 1000b640 f i stlport_vc6_static:string_w.obj
 0001:0000a6e0       ?_M_null@?$basic_string@GV?$char_traits@G@_STL@@V?$allocator@G@2@@_STL@@SAGXZ 1000b6e0 f i stlport_vc6_static:string_w.obj
 0001:0000a6f0       ?_M_construct_null_aux@?$basic_string@GV?$char_traits@G@_STL@@V?$allocator@G@2@@_STL@@AAEXPAGABU__false_type@2@@Z 1000b6f0 f i stlport_vc6_static:string_w.obj
 0001:0000a700       ?_M_construct_null_aux@?$basic_string@GV?$char_traits@G@_STL@@V?$allocator@G@2@@_STL@@AAEXPAGABU__true_type@2@@Z 1000b700 f i stlport_vc6_static:string_w.obj
 0001:0000a710       ?_M_construct_null@?$basic_string@GV?$char_traits@G@_STL@@V?$allocator@G@2@@_STL@@AAEXPAG@Z 1000b710 f i stlport_vc6_static:string_w.obj
 0001:0000a720       ?_M_terminate_string_aux@?$basic_string@GV?$char_traits@G@_STL@@V?$allocator@G@2@@_STL@@AAEXABU__false_type@2@@Z 1000b720 f i stlport_vc6_static:string_w.obj
 0001:0000a730       ?_M_terminate_string_aux@?$basic_string@GV?$char_traits@G@_STL@@V?$allocator@G@2@@_STL@@AAEXABU__true_type@2@@Z 1000b730 f i stlport_vc6_static:string_w.obj
 0001:0000a740       ?_M_terminate_string@?$basic_string@GV?$char_traits@G@_STL@@V?$allocator@G@2@@_STL@@AAEXXZ 1000b740 f i stlport_vc6_static:string_w.obj
 0001:0000a750       ?begin@?$basic_string@GV?$char_traits@G@_STL@@V?$allocator@G@2@@_STL@@QAEPAGXZ 1000b750 f i stlport_vc6_static:string_w.obj
 0001:0000a760       ?end@?$basic_string@GV?$char_traits@G@_STL@@V?$allocator@G@2@@_STL@@QAEPAGXZ 1000b760 f i stlport_vc6_static:string_w.obj
 0001:0000a770       ?begin@?$basic_string@GV?$char_traits@G@_STL@@V?$allocator@G@2@@_STL@@QBEPBGXZ 1000b770 f i stlport_vc6_static:string_w.obj
 0001:0000a780       ?end@?$basic_string@GV?$char_traits@G@_STL@@V?$allocator@G@2@@_STL@@QBEPBGXZ 1000b780 f i stlport_vc6_static:string_w.obj
 0001:0000a790       ?rbegin@?$basic_string@GV?$char_traits@G@_STL@@V?$allocator@G@2@@_STL@@QAE?AV?$reverse_iterator@PAGGAAGPAGH@2@XZ 1000b790 f i stlport_vc6_static:string_w.obj
 0001:0000a7a0       ?rend@?$basic_string@GV?$char_traits@G@_STL@@V?$allocator@G@2@@_STL@@QAE?AV?$reverse_iterator@PAGGAAGPAGH@2@XZ 1000b7a0 f i stlport_vc6_static:string_w.obj
 0001:0000a7b0       ?rbegin@?$basic_string@GV?$char_traits@G@_STL@@V?$allocator@G@2@@_STL@@QBE?AV?$reverse_iterator@PBGGABGPBGH@2@XZ 1000b7b0 f i stlport_vc6_static:string_w.obj
 0001:0000a7c0       ?rend@?$basic_string@GV?$char_traits@G@_STL@@V?$allocator@G@2@@_STL@@QBE?AV?$reverse_iterator@PBGGABGPBGH@2@XZ 1000b7c0 f i stlport_vc6_static:string_w.obj
 0001:0000a7d0       ?size@?$basic_string@GV?$char_traits@G@_STL@@V?$allocator@G@2@@_STL@@QBEIXZ 1000b7d0 f i stlport_vc6_static:string_w.obj
 0001:0000a7e0       ?length@?$basic_string@GV?$char_traits@G@_STL@@V?$allocator@G@2@@_STL@@QBEIXZ 1000b7e0 f i stlport_vc6_static:string_w.obj
 0001:0000a7f0       ?max_size@?$basic_string@GV?$char_traits@G@_STL@@V?$allocator@G@2@@_STL@@QBEIXZ 1000b7f0 f i stlport_vc6_static:string_w.obj
 0001:0000a800       ?resize@?$basic_string@GV?$char_traits@G@_STL@@V?$allocator@G@2@@_STL@@QAEXIG@Z 1000b800 f i stlport_vc6_static:string_w.obj
 0001:0000a860       ?resize@?$basic_string@GV?$char_traits@G@_STL@@V?$allocator@G@2@@_STL@@QAEXI@Z 1000b860 f i stlport_vc6_static:string_w.obj
 0001:0000a8c0       ?capacity@?$basic_string@GV?$char_traits@G@_STL@@V?$allocator@G@2@@_STL@@QBEIXZ 1000b8c0 f i stlport_vc6_static:string_w.obj
 0001:0000a8d0       ?clear@?$basic_string@GV?$char_traits@G@_STL@@V?$allocator@G@2@@_STL@@QAEXXZ 1000b8d0 f i stlport_vc6_static:string_w.obj
 0001:0000a8f0       ?empty@?$basic_string@GV?$char_traits@G@_STL@@V?$allocator@G@2@@_STL@@QBE_NXZ 1000b8f0 f i stlport_vc6_static:string_w.obj
 0001:0000a910       ??A?$basic_string@GV?$char_traits@G@_STL@@V?$allocator@G@2@@_STL@@QBEABGI@Z 1000b910 f i stlport_vc6_static:string_w.obj
 0001:0000a920       ??A?$basic_string@GV?$char_traits@G@_STL@@V?$allocator@G@2@@_STL@@QAEAAGI@Z 1000b920 f i stlport_vc6_static:string_w.obj
 0001:0000a930       ?at@?$basic_string@GV?$char_traits@G@_STL@@V?$allocator@G@2@@_STL@@QBEABGI@Z 1000b930 f i stlport_vc6_static:string_w.obj
 0001:0000a960       ?at@?$basic_string@GV?$char_traits@G@_STL@@V?$allocator@G@2@@_STL@@QAEAAGI@Z 1000b960 f i stlport_vc6_static:string_w.obj
 0001:0000a990       ??Y?$basic_string@GV?$char_traits@G@_STL@@V?$allocator@G@2@@_STL@@QAEAAV01@ABV01@@Z 1000b990 f i stlport_vc6_static:string_w.obj
 0001:0000a9c0       ??Y?$basic_string@GV?$char_traits@G@_STL@@V?$allocator@G@2@@_STL@@QAEAAV01@PBG@Z 1000b9c0 f i stlport_vc6_static:string_w.obj
 0001:0000aa00       ??Y?$basic_string@GV?$char_traits@G@_STL@@V?$allocator@G@2@@_STL@@QAEAAV01@G@Z 1000ba00 f i stlport_vc6_static:string_w.obj
 0001:0000aa70       ?append@?$basic_string@GV?$char_traits@G@_STL@@V?$allocator@G@2@@_STL@@QAEAAV12@ABV12@@Z 1000ba70 f i stlport_vc6_static:string_w.obj
 0001:0000aaa0       ?append@?$basic_string@GV?$char_traits@G@_STL@@V?$allocator@G@2@@_STL@@QAEAAV12@ABV12@II@Z 1000baa0 f i stlport_vc6_static:string_w.obj
 0001:0000ab10       ?append@?$basic_string@GV?$char_traits@G@_STL@@V?$allocator@G@2@@_STL@@QAEAAV12@PBGI@Z 1000bb10 f i stlport_vc6_static:string_w.obj
 0001:0000ab40       ?append@?$basic_string@GV?$char_traits@G@_STL@@V?$allocator@G@2@@_STL@@QAEAAV12@PBG@Z 1000bb40 f i stlport_vc6_static:string_w.obj
 0001:0000ab80       ?push_back@?$basic_string@GV?$char_traits@G@_STL@@V?$allocator@G@2@@_STL@@QAEXG@Z 1000bb80 f i stlport_vc6_static:string_w.obj
 0001:0000abf0       ?pop_back@?$basic_string@GV?$char_traits@G@_STL@@V?$allocator@G@2@@_STL@@QAEXXZ 1000bbf0 f i stlport_vc6_static:string_w.obj
 0001:0000ac10       ?assign@?$basic_string@GV?$char_traits@G@_STL@@V?$allocator@G@2@@_STL@@QAEAAV12@ABV12@@Z 1000bc10 f i stlport_vc6_static:string_w.obj
 0001:0000aca0       ?assign@?$basic_string@GV?$char_traits@G@_STL@@V?$allocator@G@2@@_STL@@QAEAAV12@ABV12@II@Z 1000bca0 f i stlport_vc6_static:string_w.obj
 0001:0000ad70       ?assign@?$basic_string@GV?$char_traits@G@_STL@@V?$allocator@G@2@@_STL@@QAEAAV12@PBGI@Z 1000bd70 f i stlport_vc6_static:string_w.obj
 0001:0000ae30       ?assign@?$basic_string@GV?$char_traits@G@_STL@@V?$allocator@G@2@@_STL@@QAEAAV12@PBG@Z 1000be30 f i stlport_vc6_static:string_w.obj
 0001:0000af00       ?assign@?$basic_string@GV?$char_traits@G@_STL@@V?$allocator@G@2@@_STL@@QAEAAV12@PBG0@Z 1000bf00 f i stlport_vc6_static:string_w.obj
 0001:0000afc0       ?_M_acquire_lock@_STLP_mutex_base@_STL@@QAEXXZ 1000bfc0 f i stlport_vc6_static:string_w.obj
 0001:0000b0b0       ?_M_release_lock@_STLP_mutex_base@_STL@@QAEXXZ 1000c0b0 f i stlport_vc6_static:string_w.obj
 0001:0000b0c0       ?insert@?$basic_string@GV?$char_traits@G@_STL@@V?$allocator@G@2@@_STL@@QAEAAV12@IABV12@@Z 1000c0c0 f i stlport_vc6_static:string_w.obj
 0001:0000b140       ?insert@?$basic_string@GV?$char_traits@G@_STL@@V?$allocator@G@2@@_STL@@QAEAAV12@IABV12@II@Z 1000c140 f i stlport_vc6_static:string_w.obj
 0001:0000b1f0       ?insert@?$basic_string@GV?$char_traits@G@_STL@@V?$allocator@G@2@@_STL@@QAEAAV12@IPBGI@Z 1000c1f0 f i stlport_vc6_static:string_w.obj
 0001:0000b270       ?insert@?$basic_string@GV?$char_traits@G@_STL@@V?$allocator@G@2@@_STL@@QAEAAV12@IPBG@Z 1000c270 f i stlport_vc6_static:string_w.obj
 0001:0000b300       ?insert@?$basic_string@GV?$char_traits@G@_STL@@V?$allocator@G@2@@_STL@@QAEAAV12@IIG@Z 1000c300 f i stlport_vc6_static:string_w.obj
 0001:0000b370       ?insert@?$basic_string@GV?$char_traits@G@_STL@@V?$allocator@G@2@@_STL@@QAEPAGPAGG@Z 1000c370 f i stlport_vc6_static:string_w.obj
 0001:0000b3f0       ?_M_copy@?$basic_string@GV?$char_traits@G@_STL@@V?$allocator@G@2@@_STL@@AAEXPBG0PAG@Z 1000c3f0 f i stlport_vc6_static:string_w.obj
 0001:0000b420       ?erase@?$basic_string@GV?$char_traits@G@_STL@@V?$allocator@G@2@@_STL@@QAEAAV12@II@Z 1000c420 f i stlport_vc6_static:string_w.obj
 0001:0000b4b0       ?erase@?$basic_string@GV?$char_traits@G@_STL@@V?$allocator@G@2@@_STL@@QAEPAGPAG@Z 1000c4b0 f i stlport_vc6_static:string_w.obj
 0001:0000b4f0       ?erase@?$basic_string@GV?$char_traits@G@_STL@@V?$allocator@G@2@@_STL@@QAEPAGPAG0@Z 1000c4f0 f i stlport_vc6_static:string_w.obj
 0001:0000b530       ?replace@?$basic_string@GV?$char_traits@G@_STL@@V?$allocator@G@2@@_STL@@QAEAAV12@IIABV12@@Z 1000c530 f i stlport_vc6_static:string_w.obj
 0001:0000b660       ?replace@?$basic_string@GV?$char_traits@G@_STL@@V?$allocator@G@2@@_STL@@QAEAAV12@IIABV12@II@Z 1000c660 f i stlport_vc6_static:string_w.obj
 0001:0000b7c0       ?replace@?$basic_string@GV?$char_traits@G@_STL@@V?$allocator@G@2@@_STL@@QAEAAV12@IIPBGI@Z 1000c7c0 f i stlport_vc6_static:string_w.obj
 0001:0000b8f0       ?replace@?$basic_string@GV?$char_traits@G@_STL@@V?$allocator@G@2@@_STL@@QAEAAV12@IIPBG@Z 1000c8f0 f i stlport_vc6_static:string_w.obj
 0001:0000ba40       ?replace@?$basic_string@GV?$char_traits@G@_STL@@V?$allocator@G@2@@_STL@@QAEAAV12@IIIG@Z 1000ca40 f i stlport_vc6_static:string_w.obj
 0001:0000bb70       ?replace@?$basic_string@GV?$char_traits@G@_STL@@V?$allocator@G@2@@_STL@@QAEAAV12@PAG0ABV12@@Z 1000cb70 f i stlport_vc6_static:string_w.obj
 0001:0000bc30       ?replace@?$basic_string@GV?$char_traits@G@_STL@@V?$allocator@G@2@@_STL@@QAEAAV12@PAG0PBGI@Z 1000cc30 f i stlport_vc6_static:string_w.obj
 0001:0000bcf0       ?replace@?$basic_string@GV?$char_traits@G@_STL@@V?$allocator@G@2@@_STL@@QAEAAV12@PAG0PBG@Z 1000ccf0 f i stlport_vc6_static:string_w.obj
 0001:0000bdd0       ?copy@?$basic_string@GV?$char_traits@G@_STL@@V?$allocator@G@2@@_STL@@QBEIPAGII@Z 1000cdd0 f i stlport_vc6_static:string_w.obj
 0001:0000be40       ?swap@?$basic_string@GV?$char_traits@G@_STL@@V?$allocator@G@2@@_STL@@QAEXAAV12@@Z 1000ce40 f i stlport_vc6_static:string_w.obj
 0001:0000be70       ?c_str@?$basic_string@GV?$char_traits@G@_STL@@V?$allocator@G@2@@_STL@@QBEPBGXZ 1000ce70 f i stlport_vc6_static:string_w.obj
 0001:0000be80       ?data@?$basic_string@GV?$char_traits@G@_STL@@V?$allocator@G@2@@_STL@@QBEPBGXZ 1000ce80 f i stlport_vc6_static:string_w.obj
 0001:0000be90       ?find@?$basic_string@GV?$char_traits@G@_STL@@V?$allocator@G@2@@_STL@@QBEIABV12@I@Z 1000ce90 f i stlport_vc6_static:string_w.obj
 0001:0000bf90       ?find@?$basic_string@GV?$char_traits@G@_STL@@V?$allocator@G@2@@_STL@@QBEIPBGI@Z 1000cf90 f i stlport_vc6_static:string_w.obj
 0001:0000c090       ?rfind@?$basic_string@GV?$char_traits@G@_STL@@V?$allocator@G@2@@_STL@@QBEIABV12@I@Z 1000d090 f i stlport_vc6_static:string_w.obj
 0001:0000c1e0       ?rfind@?$basic_string@GV?$char_traits@G@_STL@@V?$allocator@G@2@@_STL@@QBEIPBGI@Z 1000d1e0 f i stlport_vc6_static:string_w.obj
 0001:0000c340       ?find_first_of@?$basic_string@GV?$char_traits@G@_STL@@V?$allocator@G@2@@_STL@@QBEIABV12@I@Z 1000d340 f i stlport_vc6_static:string_w.obj
 0001:0000c3b0       ?find_first_of@?$basic_string@GV?$char_traits@G@_STL@@V?$allocator@G@2@@_STL@@QBEIPBGI@Z 1000d3b0 f i stlport_vc6_static:string_w.obj
 0001:0000c430       ?find_first_of@?$basic_string@GV?$char_traits@G@_STL@@V?$allocator@G@2@@_STL@@QBEIGI@Z 1000d430 f i stlport_vc6_static:string_w.obj
 0001:0000c4c0       ?find_last_of@?$basic_string@GV?$char_traits@G@_STL@@V?$allocator@G@2@@_STL@@QBEIABV12@I@Z 1000d4c0 f i stlport_vc6_static:string_w.obj
 0001:0000c550       ?find_last_of@?$basic_string@GV?$char_traits@G@_STL@@V?$allocator@G@2@@_STL@@QBEIPBGI@Z 1000d550 f i stlport_vc6_static:string_w.obj
 0001:0000c5f0       ?find_last_of@?$basic_string@GV?$char_traits@G@_STL@@V?$allocator@G@2@@_STL@@QBEIGI@Z 1000d5f0 f i stlport_vc6_static:string_w.obj
 0001:0000c670       ?find_first_not_of@?$basic_string@GV?$char_traits@G@_STL@@V?$allocator@G@2@@_STL@@QBEIABV12@I@Z 1000d670 f i stlport_vc6_static:string_w.obj
 0001:0000c880       ?find_first_not_of@?$basic_string@GV?$char_traits@G@_STL@@V?$allocator@G@2@@_STL@@QBEIPBGI@Z 1000d880 f i stlport_vc6_static:string_w.obj
 0001:0000ca60       ?find_last_not_of@?$basic_string@GV?$char_traits@G@_STL@@V?$allocator@G@2@@_STL@@QBEIABV12@I@Z 1000da60 f i stlport_vc6_static:string_w.obj
 0001:0000caf0       ?find_last_not_of@?$basic_string@GV?$char_traits@G@_STL@@V?$allocator@G@2@@_STL@@QBEIPBGI@Z 1000daf0 f i stlport_vc6_static:string_w.obj
 0001:0000cb90       ?substr@?$basic_string@GV?$char_traits@G@_STL@@V?$allocator@G@2@@_STL@@QBE?AV12@II@Z 1000db90 f i stlport_vc6_static:string_w.obj
 0001:0000ccb0       ?compare@?$basic_string@GV?$char_traits@G@_STL@@V?$allocator@G@2@@_STL@@QBEHABV12@@Z 1000dcb0 f i stlport_vc6_static:string_w.obj
 0001:0000cd50       ?compare@?$basic_string@GV?$char_traits@G@_STL@@V?$allocator@G@2@@_STL@@QBEHIIABV12@@Z 1000dd50 f i stlport_vc6_static:string_w.obj
 0001:0000ce30       ?compare@?$basic_string@GV?$char_traits@G@_STL@@V?$allocator@G@2@@_STL@@QBEHIIABV12@II@Z 1000de30 f i stlport_vc6_static:string_w.obj
 0001:0000cf50       ?compare@?$basic_string@GV?$char_traits@G@_STL@@V?$allocator@G@2@@_STL@@QBEHPBG@Z 1000df50 f i stlport_vc6_static:string_w.obj
 0001:0000d000       ?compare@?$basic_string@GV?$char_traits@G@_STL@@V?$allocator@G@2@@_STL@@QBEHIIPBG@Z 1000e000 f i stlport_vc6_static:string_w.obj
 0001:0000d0e0       ?compare@?$basic_string@GV?$char_traits@G@_STL@@V?$allocator@G@2@@_STL@@QBEHIIPBGI@Z 1000e0e0 f i stlport_vc6_static:string_w.obj
 0001:0000d1b0       ?_M_compare@?$basic_string@GV?$char_traits@G@_STL@@V?$allocator@G@2@@_STL@@SAHPBG000@Z 1000e1b0 f i stlport_vc6_static:string_w.obj
 0001:0000d240       ?_M_deallocate_block@?$_String_base@GV?$allocator@G@_STL@@@_STL@@QAEXXZ 1000e240 f i stlport_vc6_static:string_w.obj
 0001:0000d270       ?max_size@?$_String_base@GV?$allocator@G@_STL@@@_STL@@QBEIXZ 1000e270 f i stlport_vc6_static:string_w.obj
 0001:0000d280       ??0?$_String_base@GV?$allocator@G@_STL@@@_STL@@QAE@ABV?$allocator@G@1@@Z 1000e280 f i stlport_vc6_static:string_w.obj
 0001:0000d290       ??0?$_String_base@GV?$allocator@G@_STL@@@_STL@@QAE@ABV?$allocator@G@1@I@Z 1000e290 f i stlport_vc6_static:string_w.obj
 0001:0000d3e0       ??1?$_String_base@GV?$allocator@G@_STL@@@_STL@@QAE@XZ 1000e3e0 f i stlport_vc6_static:string_w.obj
 0001:0000d470       ??0?$allocator@G@_STL@@QAE@XZ 1000e470 f i stlport_vc6_static:string_w.obj
 0001:0000d480       ??0?$allocator@G@_STL@@QAE@ABV01@@Z 1000e480 f i stlport_vc6_static:string_w.obj
 0001:0000d490       ??1?$allocator@G@_STL@@QAE@XZ 1000e490 f i stlport_vc6_static:string_w.obj
 0001:0000d4a0       ?address@?$allocator@G@_STL@@QAEPAGAAG@Z 1000e4a0 f i stlport_vc6_static:string_w.obj
 0001:0000d4b0       ?address@?$allocator@G@_STL@@QBEPBGABG@Z 1000e4b0 f i stlport_vc6_static:string_w.obj
 0001:0000d4c0       ?allocate@?$allocator@G@_STL@@QBEPAGIPBX@Z 1000e4c0 f i stlport_vc6_static:string_w.obj
 0001:0000d4f0       ?deallocate@?$allocator@G@_STL@@QBEXPAGI@Z 1000e4f0 f i stlport_vc6_static:string_w.obj
 0001:0000d520       ?deallocate@?$allocator@G@_STL@@QBEXPAG@Z 1000e520 f i stlport_vc6_static:string_w.obj
 0001:0000d540       ?max_size@?$allocator@G@_STL@@QBEIXZ 1000e540 f i stlport_vc6_static:string_w.obj
 0001:0000d550       ?construct@?$allocator@G@_STL@@QBEXPAGABG@Z 1000e550 f i stlport_vc6_static:string_w.obj
 0001:0000d570       ?destroy@?$allocator@G@_STL@@QBEXPAG@Z 1000e570 f i stlport_vc6_static:string_w.obj
 0001:0000d580       ??1?$_STLP_alloc_proxy@PAGGV?$allocator@G@_STL@@@_STL@@QAE@XZ 1000e580 f i stlport_vc6_static:string_w.obj
 0001:0000d590       ??0?$reverse_iterator@PBGGABGPBGH@_STL@@QAE@PBG@Z 1000e590 f i stlport_vc6_static:string_w.obj
 0001:0000d5a0       ?_M_do_lock@?$_STLP_mutex_spin@$0A@@_STL@@SAXPCJ@Z 1000e5a0 f i stlport_vc6_static:string_w.obj
 0001:0000d690       ?_M_allocate_block@?$_String_base@GV?$allocator@G@_STL@@@_STL@@QAEXI@Z 1000e690 f i stlport_vc6_static:string_w.obj
 0001:0000d6f0       ?_M_throw_length_error@?$_String_base@GV?$allocator@G@_STL@@@_STL@@QBEXXZ 1000e6f0 f i stlport_vc6_static:string_w.obj
 0001:0000d700       ?_M_throw_out_of_range@?$_String_base@GV?$allocator@G@_STL@@@_STL@@QBEXXZ 1000e700 f i stlport_vc6_static:string_w.obj
 0001:0000d710       ??0?$basic_string@GV?$char_traits@G@_STL@@V?$allocator@G@2@@_STL@@QAE@PBGABV?$allocator@G@1@@Z 1000e710 f i stlport_vc6_static:string_w.obj
 0001:0000d7e0       ??0?$basic_string@GV?$char_traits@G@_STL@@V?$allocator@G@2@@_STL@@QAE@ABV01@@Z 1000e7e0 f i stlport_vc6_static:string_w.obj
 0001:0000d8b0       ??0?$basic_string@GV?$char_traits@G@_STL@@V?$allocator@G@2@@_STL@@QAE@XZ 1000e8b0 f i stlport_vc6_static:string_w.obj
 0001:0000d980       ?reserve@?$basic_string@GV?$char_traits@G@_STL@@V?$allocator@G@2@@_STL@@QAEXI@Z 1000e980 f i stlport_vc6_static:string_w.obj
 0001:0000db40       ?append@?$basic_string@GV?$char_traits@G@_STL@@V?$allocator@G@2@@_STL@@QAEAAV12@IG@Z 1000eb40 f i stlport_vc6_static:string_w.obj
 0001:0000dc00       ?assign@?$basic_string@GV?$char_traits@G@_STL@@V?$allocator@G@2@@_STL@@QAEAAV12@IG@Z 1000ec00 f i stlport_vc6_static:string_w.obj
 0001:0000dcb0       ?insert@?$basic_string@GV?$char_traits@G@_STL@@V?$allocator@G@2@@_STL@@QAEXPAGIG@Z 1000ecb0 f i stlport_vc6_static:string_w.obj
 0001:0000df70       ?_M_insert_aux@?$basic_string@GV?$char_traits@G@_STL@@V?$allocator@G@2@@_STL@@AAEPAGPAGG@Z 1000ef70 f i stlport_vc6_static:string_w.obj
 0001:0000e190       ?replace@?$basic_string@GV?$char_traits@G@_STL@@V?$allocator@G@2@@_STL@@QAEAAV12@PAG0IG@Z 1000f190 f i stlport_vc6_static:string_w.obj
 0001:0000e250       ?find@?$basic_string@GV?$char_traits@G@_STL@@V?$allocator@G@2@@_STL@@QBEIGI@Z 1000f250 f i stlport_vc6_static:string_w.obj
 0001:0000e2e0       ?find@?$basic_string@GV?$char_traits@G@_STL@@V?$allocator@G@2@@_STL@@QBEIPBGII@Z 1000f2e0 f i stlport_vc6_static:string_w.obj
 0001:0000e3d0       ?rfind@?$basic_string@GV?$char_traits@G@_STL@@V?$allocator@G@2@@_STL@@QBEIGI@Z 1000f3d0 f i stlport_vc6_static:string_w.obj
 0001:0000e450       ?rfind@?$basic_string@GV?$char_traits@G@_STL@@V?$allocator@G@2@@_STL@@QBEIPBGII@Z 1000f450 f i stlport_vc6_static:string_w.obj
 0001:0000e590       ?find_first_of@?$basic_string@GV?$char_traits@G@_STL@@V?$allocator@G@2@@_STL@@QBEIPBGII@Z 1000f590 f i stlport_vc6_static:string_w.obj
 0001:0000e600       ?find_last_of@?$basic_string@GV?$char_traits@G@_STL@@V?$allocator@G@2@@_STL@@QBEIPBGII@Z 1000f600 f i stlport_vc6_static:string_w.obj
 0001:0000e690       ?find_first_not_of@?$basic_string@GV?$char_traits@G@_STL@@V?$allocator@G@2@@_STL@@QBEIGI@Z 1000f690 f i stlport_vc6_static:string_w.obj
 0001:0000e720       ?find_first_not_of@?$basic_string@GV?$char_traits@G@_STL@@V?$allocator@G@2@@_STL@@QBEIPBGII@Z 1000f720 f i stlport_vc6_static:string_w.obj
 0001:0000e930       ?find_last_not_of@?$basic_string@GV?$char_traits@G@_STL@@V?$allocator@G@2@@_STL@@QBEIGI@Z 1000f930 f i stlport_vc6_static:string_w.obj
 0001:0000e9b0       ?find_last_not_of@?$basic_string@GV?$char_traits@G@_STL@@V?$allocator@G@2@@_STL@@QBEIPBGII@Z 1000f9b0 f i stlport_vc6_static:string_w.obj
 0001:0000ea40       ?_M_range_initialize@?$basic_string@GV?$char_traits@G@_STL@@V?$allocator@G@2@@_STL@@AAEXPAG0@Z 1000fa40 f i stlport_vc6_static:string_w.obj
 0001:0000ead0       ?_M_range_initialize@?$basic_string@GV?$char_traits@G@_STL@@V?$allocator@G@2@@_STL@@AAEXPBG0@Z 1000fad0 f i stlport_vc6_static:string_w.obj
 0001:0000eb60       ?assign@?$basic_string@GV?$char_traits@G@_STL@@V?$allocator@G@2@@_STL@@QAEAAV12@PAG0@Z 1000fb60 f i stlport_vc6_static:string_w.obj
 0001:0000ebf0       ?append@?$basic_string@GV?$char_traits@G@_STL@@V?$allocator@G@2@@_STL@@QAEAAV12@PAG0@Z 1000fbf0 f i stlport_vc6_static:string_w.obj
 0001:0000ec20       ?append@?$basic_string@GV?$char_traits@G@_STL@@V?$allocator@G@2@@_STL@@QAEAAV12@PBG0@Z 1000fc20 f i stlport_vc6_static:string_w.obj
 0001:0000ec50       ?insert@?$basic_string@GV?$char_traits@G@_STL@@V?$allocator@G@2@@_STL@@QAEXPAG00@Z 1000fc50 f i stlport_vc6_static:string_w.obj
 0001:0000ec80       ?insert@?$basic_string@GV?$char_traits@G@_STL@@V?$allocator@G@2@@_STL@@QAEXPAGPBG1@Z 1000fc80 f i stlport_vc6_static:string_w.obj
 0001:0000ecb0       ?replace@?$basic_string@GV?$char_traits@G@_STL@@V?$allocator@G@2@@_STL@@QAEAAV12@PAG000@Z 1000fcb0 f i stlport_vc6_static:string_w.obj
 0001:0000ed70       ?replace@?$basic_string@GV?$char_traits@G@_STL@@V?$allocator@G@2@@_STL@@QAEAAV12@PAG0PBG1@Z 1000fd70 f i stlport_vc6_static:string_w.obj
 0001:0000ee30       ?swap@_STL@@YAXAAV?$_STLP_alloc_proxy@PAGGV?$allocator@G@_STL@@@1@0@Z 1000fe30 f i stlport_vc6_static:string_w.obj
 0001:0000ee50       ??0?$basic_string@GV?$char_traits@G@_STL@@V?$allocator@G@2@@_STL@@QAE@PAG0@Z 1000fe50 f i stlport_vc6_static:string_w.obj
 0001:0000ef60       ?_M_allocate@?$__node_alloc@$00$0A@@_STL@@CAPAXI@Z 1000ff60 f i stlport_vc6_static:string_w.obj
 0001:0000f110       ?_M_deallocate@?$__node_alloc@$00$0A@@_STL@@CAXPAXI@Z 10010110 f i stlport_vc6_static:string_w.obj
 0001:0000f240       ??0?$reverse_iterator@PBGGABGPBGH@_STL@@QAE@ABV01@@Z 10010240 f i stlport_vc6_static:string_w.obj
 0001:0000f250       ??0?$_Node_Alloc_Lock@$00$0A@@_STL@@QAE@XZ 10010250 f i stlport_vc6_static:string_w.obj
 0001:0000f360       ??1?$_Node_Alloc_Lock@$00$0A@@_STL@@QAE@XZ 10010360 f i stlport_vc6_static:string_w.obj
 0001:0000f370       ?find_if@_STL@@YA?AV?$reverse_iterator@PBGGABGPBGH@1@V21@0U?$_Eq_char_bound@V?$char_traits@G@_STL@@@1@@Z 10010370 f i stlport_vc6_static:string_w.obj
 0001:0000f3b0       ?__find_first_of@_STL@@YA?AV?$reverse_iterator@PBGGABGPBGH@1@V21@0PBG1U?$_Eq_traits@V?$char_traits@G@_STL@@@1@@Z 100103b0 f i stlport_vc6_static:string_w.obj
 0001:0000f400       ?find_if@_STL@@YA?AV?$reverse_iterator@PBGGABGPBGH@1@V21@0U?$_Neq_char_bound@V?$char_traits@G@_STL@@@1@@Z 10010400 f i stlport_vc6_static:string_w.obj
 0001:0000f440       ?find_if@_STL@@YA?AV?$reverse_iterator@PBGGABGPBGH@1@V21@0U?$_Not_within_traits@V?$char_traits@G@_STL@@@1@@Z 10010440 f i stlport_vc6_static:string_w.obj
 0001:0000f490       ?iterator_category@_STL@@YA?AUrandom_access_iterator_tag@1@PBG@Z 10010490 f i stlport_vc6_static:string_w.obj
 0001:0000f4a0       ?_M_range_initialize@?$basic_string@GV?$char_traits@G@_STL@@V?$allocator@G@2@@_STL@@AAEXPAG0ABUforward_iterator_tag@2@@Z 100104a0 f i stlport_vc6_static:string_w.obj
 0001:0000f530       ?_M_range_initialize@?$basic_string@GV?$char_traits@G@_STL@@V?$allocator@G@2@@_STL@@AAEXPBG0ABUforward_iterator_tag@2@@Z 10010530 f i stlport_vc6_static:string_w.obj
 0001:0000f5c0       ?_M_assign_dispatch@?$basic_string@GV?$char_traits@G@_STL@@V?$allocator@G@2@@_STL@@AAEAAV12@PAG0ABU__false_type@2@@Z 100105c0 f i stlport_vc6_static:string_w.obj
 0001:0000f650       ?_M_append_dispatch@?$basic_string@GV?$char_traits@G@_STL@@V?$allocator@G@2@@_STL@@AAEAAV12@PAG0ABU__false_type@2@@Z 10010650 f i stlport_vc6_static:string_w.obj
 0001:0000f680       ?_M_append_dispatch@?$basic_string@GV?$char_traits@G@_STL@@V?$allocator@G@2@@_STL@@AAEAAV12@PBG0ABU__false_type@2@@Z 10010680 f i stlport_vc6_static:string_w.obj
 0001:0000f6b0       ?_M_insert_dispatch@?$basic_string@GV?$char_traits@G@_STL@@V?$allocator@G@2@@_STL@@AAEXPAG00ABU__false_type@2@@Z 100106b0 f i stlport_vc6_static:string_w.obj
 0001:0000f6e0       ?_M_insert_dispatch@?$basic_string@GV?$char_traits@G@_STL@@V?$allocator@G@2@@_STL@@AAEXPAGPBG1ABU__false_type@2@@Z 100106e0 f i stlport_vc6_static:string_w.obj
 0001:0000f710       ?_M_replace_dispatch@?$basic_string@GV?$char_traits@G@_STL@@V?$allocator@G@2@@_STL@@AAEAAV12@PAG000ABU__false_type@2@@Z 10010710 f i stlport_vc6_static:string_w.obj
 0001:0000f7d0       ?_M_replace_dispatch@?$basic_string@GV?$char_traits@G@_STL@@V?$allocator@G@2@@_STL@@AAEAAV12@PAG0PBG1ABU__false_type@2@@Z 100107d0 f i stlport_vc6_static:string_w.obj
 0001:0000f890       ?_M_initialize_dispatch@?$basic_string@GV?$char_traits@G@_STL@@V?$allocator@G@2@@_STL@@AAEXPAG0ABU__false_type@2@@Z 10010890 f i stlport_vc6_static:string_w.obj
 0001:0000f920       ?_S_refill@?$__node_alloc@$00$0A@@_STL@@CAPAXI@Z 10010920 f i stlport_vc6_static:string_w.obj
 0001:0000fa80       ?__find_if@_STL@@YA?AV?$reverse_iterator@PBGGABGPBGH@1@V21@0U?$_Eq_char_bound@V?$char_traits@G@_STL@@@1@ABUrandom_access_iterator_tag@1@@Z 10010a80 f i stlport_vc6_static:string_w.obj
 0001:0000fb20       ?__find_if@_STL@@YA?AV?$reverse_iterator@PBGGABGPBGH@1@V21@0U?$_Neq_char_bound@V?$char_traits@G@_STL@@@1@ABUrandom_access_iterator_tag@1@@Z 10010b20 f i stlport_vc6_static:string_w.obj
 0001:0000fbc0       ?__find_if@_STL@@YA?AV?$reverse_iterator@PBGGABGPBGH@1@V21@0U?$_Not_within_traits@V?$char_traits@G@_STL@@@1@ABUrandom_access_iterator_tag@1@@Z 10010bc0 f i stlport_vc6_static:string_w.obj
 0001:0000fd90       ?append@?$basic_string@GV?$char_traits@G@_STL@@V?$allocator@G@2@@_STL@@AAEAAV12@PAG0ABUforward_iterator_tag@2@@Z 10010d90 f i stlport_vc6_static:string_w.obj
 0001:0000ff50       ?append@?$basic_string@GV?$char_traits@G@_STL@@V?$allocator@G@2@@_STL@@AAEAAV12@PBG0ABUforward_iterator_tag@2@@Z 10010f50 f i stlport_vc6_static:string_w.obj
 0001:00010100       ?insert@?$basic_string@GV?$char_traits@G@_STL@@V?$allocator@G@2@@_STL@@AAEXPAG00ABUforward_iterator_tag@2@@Z 10011100 f i stlport_vc6_static:string_w.obj
 0001:000103c0       ?insert@?$basic_string@GV?$char_traits@G@_STL@@V?$allocator@G@2@@_STL@@AAEXPAGPBG1ABUforward_iterator_tag@2@@Z 100113c0 f i stlport_vc6_static:string_w.obj
 0001:00010680       ?replace@?$basic_string@GV?$char_traits@G@_STL@@V?$allocator@G@2@@_STL@@AAEAAV12@PAG000ABUforward_iterator_tag@2@@Z 10011680 f i stlport_vc6_static:string_w.obj
 0001:00010740       ?replace@?$basic_string@GV?$char_traits@G@_STL@@V?$allocator@G@2@@_STL@@AAEAAV12@PAG0PBG1ABUforward_iterator_tag@2@@Z 10011740 f i stlport_vc6_static:string_w.obj
 0001:00010800       ?_S_chunk_alloc@?$__node_alloc@$00$0A@@_STL@@CAPADIAAH@Z 10011800 f i stlport_vc6_static:string_w.obj
 0001:00010930       ?__copy_aux@_STL@@YAPAGPAG00ABU__true_type@1@@Z 10011930 f i stlport_vc6_static:string_w.obj
 0001:00010960       ?_M_copy@?$basic_string@GV?$char_traits@G@_STL@@V?$allocator@G@2@@_STL@@AAEXPAG00@Z 10011960 f i stlport_vc6_static:string_w.obj
 0001:00010990       ?__copy_ptrs@_STL@@YAPAGPAG00ABU__false_type@1@@Z 10011990 f i stlport_vc6_static:string_w.obj
 0001:000109c0       ?__find_if@_STL@@YAPAGPAG0U?$_Eq_char_bound@V?$char_traits@G@_STL@@@1@ABUrandom_access_iterator_tag@1@@Z 100119c0 f i stlport_vc6_static:string_w.obj
 0001:00010a30       ?distance_type@_STL@@YAPAHPBG@Z 10011a30 f i stlport_vc6_static:string_w.obj
 0001:00010a40       ?__copy@_STL@@YAPAGPAG00ABUrandom_access_iterator_tag@1@PAH@Z 10011a40 f i stlport_vc6_static:string_w.obj
 0001:00010a70       ?__stl_throw_range_error@_STL@@YAXPBD@Z 10011a70 f   stlport_vc6_static:dll_main.obj
 0001:00010bf0       ??_Gruntime_error@_STL@@UAEPAXI@Z 10011bf0 f i stlport_vc6_static:dll_main.obj
 0001:00010bf0       ??_Eruntime_error@_STL@@UAEPAXI@Z 10011bf0 f i stlport_vc6_static:dll_main.obj
 0001:00010c10       ??_Erange_error@_STL@@UAEPAXI@Z 10011c10 f i stlport_vc6_static:dll_main.obj
 0001:00010c10       ??_Grange_error@_STL@@UAEPAXI@Z 10011c10 f i stlport_vc6_static:dll_main.obj
 0001:00010c30       ??0range_error@_STL@@QAE@ABV01@@Z 10011c30 f i stlport_vc6_static:dll_main.obj
 0001:00010c80       ??0runtime_error@_STL@@QAE@ABV01@@Z 10011c80 f i stlport_vc6_static:dll_main.obj
 0001:00010cd0       ??0__Named_exception@_STL@@QAE@ABV01@@Z 10011cd0 f i stlport_vc6_static:dll_main.obj
 0001:00010d10       ??_G__Named_exception@_STL@@UAEPAXI@Z 10011d10 f i stlport_vc6_static:dll_main.obj
 0001:00010d10       ??_E__Named_exception@_STL@@UAEPAXI@Z 10011d10 f i stlport_vc6_static:dll_main.obj
 0001:00010d40       ?__stl_throw_out_of_range@_STL@@YAXPBD@Z 10011d40 f   stlport_vc6_static:dll_main.obj
 0001:00010ec0       ??_Glogic_error@_STL@@UAEPAXI@Z 10011ec0 f i stlport_vc6_static:dll_main.obj
 0001:00010ec0       ??_Elogic_error@_STL@@UAEPAXI@Z 10011ec0 f i stlport_vc6_static:dll_main.obj
 0001:00010ee0       ??_Gout_of_range@_STL@@UAEPAXI@Z 10011ee0 f i stlport_vc6_static:dll_main.obj
 0001:00010ee0       ??_Eout_of_range@_STL@@UAEPAXI@Z 10011ee0 f i stlport_vc6_static:dll_main.obj
 0001:00010f00       ??0out_of_range@_STL@@QAE@ABV01@@Z 10011f00 f i stlport_vc6_static:dll_main.obj
 0001:00010f50       ??0logic_error@_STL@@QAE@ABV01@@Z 10011f50 f i stlport_vc6_static:dll_main.obj
 0001:00010fa0       ?__stl_throw_length_error@_STL@@YAXPBD@Z 10011fa0 f   stlport_vc6_static:dll_main.obj
 0001:00011120       ??_Elength_error@_STL@@UAEPAXI@Z 10012120 f i stlport_vc6_static:dll_main.obj
 0001:00011120       ??_Glength_error@_STL@@UAEPAXI@Z 10012120 f i stlport_vc6_static:dll_main.obj
 0001:00011140       ??0length_error@_STL@@QAE@ABV01@@Z 10012140 f i stlport_vc6_static:dll_main.obj
 0001:00011190       ?__stl_throw_invalid_argument@_STL@@YAXPBD@Z 10012190 f   stlport_vc6_static:dll_main.obj
 0001:00011310       ??_Ginvalid_argument@_STL@@UAEPAXI@Z 10012310 f i stlport_vc6_static:dll_main.obj
 0001:00011310       ??_Einvalid_argument@_STL@@UAEPAXI@Z 10012310 f i stlport_vc6_static:dll_main.obj
 0001:00011330       ??0invalid_argument@_STL@@QAE@ABV01@@Z 10012330 f i stlport_vc6_static:dll_main.obj
 0001:00011380       ?__stl_throw_overflow_error@_STL@@YAXPBD@Z 10012380 f   stlport_vc6_static:dll_main.obj
 0001:00011500       ??_Eoverflow_error@_STL@@UAEPAXI@Z 10012500 f i stlport_vc6_static:dll_main.obj
 0001:00011500       ??_Goverflow_error@_STL@@UAEPAXI@Z 10012500 f i stlport_vc6_static:dll_main.obj
 0001:00011520       ??0overflow_error@_STL@@QAE@ABV01@@Z 10012520 f i stlport_vc6_static:dll_main.obj
 0001:00011570       ?__get_c_string@_STL@@YAPBDABV?$basic_string@DV?$char_traits@D@_STL@@V?$allocator@D@2@@1@@Z 10012570 f   stlport_vc6_static:dll_main.obj
 0001:00011590       ??0__Named_exception@_STL@@QAE@ABV?$basic_string@DV?$char_traits@D@_STL@@V?$allocator@D@2@@1@@Z 10012590 f   stlport_vc6_static:dll_main.obj
 0001:00011610       ?what@__Named_exception@_STL@@UBEPBDXZ 10012610 f   stlport_vc6_static:dll_main.obj
 0001:00011630       ??1__Named_exception@_STL@@UAE@XZ 10012630 f   stlport_vc6_static:dll_main.obj
 0001:00011650       ??1logic_error@_STL@@UAE@XZ 10012650 f   stlport_vc6_static:dll_main.obj
 0001:00011670       ??1runtime_error@_STL@@UAE@XZ 10012670 f   stlport_vc6_static:dll_main.obj
 0001:00011690       ??1domain_error@_STL@@UAE@XZ 10012690 f   stlport_vc6_static:dll_main.obj
 0001:000116b0       ??_Edomain_error@_STL@@UAEPAXI@Z 100126b0 f i stlport_vc6_static:dll_main.obj
 0001:000116b0       ??_Gdomain_error@_STL@@UAEPAXI@Z 100126b0 f i stlport_vc6_static:dll_main.obj
 0001:000116d0       ??1invalid_argument@_STL@@UAE@XZ 100126d0 f   stlport_vc6_static:dll_main.obj
 0001:000116f0       ??1length_error@_STL@@UAE@XZ 100126f0 f   stlport_vc6_static:dll_main.obj
 0001:00011710       ??1out_of_range@_STL@@UAE@XZ 10012710 f   stlport_vc6_static:dll_main.obj
 0001:00011730       ??1range_error@_STL@@UAE@XZ 10012730 f   stlport_vc6_static:dll_main.obj
 0001:00011750       ??1overflow_error@_STL@@UAE@XZ 10012750 f   stlport_vc6_static:dll_main.obj
 0001:00011770       ??1underflow_error@_STL@@UAE@XZ 10012770 f   stlport_vc6_static:dll_main.obj
 0001:00011790       ??_Eunderflow_error@_STL@@UAEPAXI@Z 10012790 f i stlport_vc6_static:dll_main.obj
 0001:00011790       ??_Gunderflow_error@_STL@@UAEPAXI@Z 10012790 f i stlport_vc6_static:dll_main.obj
 0001:000117b0       ??0?$basic_string@DV?$char_traits@D@_STL@@V?$allocator@D@2@@_STL@@QAE@ABV?$allocator@D@1@@Z 100127b0 f i stlport_vc6_static:dll_main.obj
 0001:00011930       ??0?$basic_string@DV?$char_traits@D@_STL@@V?$allocator@D@2@@_STL@@QAE@U_String_reserve_t@1@IABV?$allocator@D@1@@Z 10012930 f i stlport_vc6_static:dll_main.obj
 0001:00011ab0       ??0?$basic_string@DV?$char_traits@D@_STL@@V?$allocator@D@2@@_STL@@QAE@ABV01@IIABV?$allocator@D@1@@Z 10012ab0 f i stlport_vc6_static:dll_main.obj
 0001:00011da0       ??0?$basic_string@DV?$char_traits@D@_STL@@V?$allocator@D@2@@_STL@@QAE@PBDIABV?$allocator@D@1@@Z 10012da0 f i stlport_vc6_static:dll_main.obj
 0001:00011f80       ??0?$basic_string@DV?$char_traits@D@_STL@@V?$allocator@D@2@@_STL@@QAE@IDABV?$allocator@D@1@@Z 10012f80 f i stlport_vc6_static:dll_main.obj
 0001:000120d0       ??4?$basic_string@DV?$char_traits@D@_STL@@V?$allocator@D@2@@_STL@@QAEAAV01@ABV01@@Z 100130d0 f i stlport_vc6_static:dll_main.obj
 0001:000121d0       ??4?$basic_string@DV?$char_traits@D@_STL@@V?$allocator@D@2@@_STL@@QAEAAV01@D@Z 100131d0 f i stlport_vc6_static:dll_main.obj
 0001:00012300       ?_M_null@?$basic_string@DV?$char_traits@D@_STL@@V?$allocator@D@2@@_STL@@SADXZ 10013300 f i stlport_vc6_static:dll_main.obj
 0001:00012310       ?_M_construct_null_aux@?$basic_string@DV?$char_traits@D@_STL@@V?$allocator@D@2@@_STL@@AAEXPADABU__false_type@2@@Z 10013310 f i stlport_vc6_static:dll_main.obj
 0001:00012330       ?_M_construct_null_aux@?$basic_string@DV?$char_traits@D@_STL@@V?$allocator@D@2@@_STL@@AAEXPADABU__true_type@2@@Z 10013330 f i stlport_vc6_static:dll_main.obj
 0001:00012350       ?_M_construct_null@?$basic_string@DV?$char_traits@D@_STL@@V?$allocator@D@2@@_STL@@AAEXPAD@Z 10013350 f i stlport_vc6_static:dll_main.obj
 0001:00012370       ?_M_terminate_string_aux@?$basic_string@DV?$char_traits@D@_STL@@V?$allocator@D@2@@_STL@@AAEXABU__false_type@2@@Z 10013370 f i stlport_vc6_static:dll_main.obj
 0001:000123d0       ?_M_terminate_string_aux@?$basic_string@DV?$char_traits@D@_STL@@V?$allocator@D@2@@_STL@@AAEXABU__true_type@2@@Z 100133d0 f i stlport_vc6_static:dll_main.obj
 0001:000123f0       ?_M_terminate_string@?$basic_string@DV?$char_traits@D@_STL@@V?$allocator@D@2@@_STL@@AAEXXZ 100133f0 f i stlport_vc6_static:dll_main.obj
 0001:00012410       ?begin@?$basic_string@DV?$char_traits@D@_STL@@V?$allocator@D@2@@_STL@@QAEPADXZ 10013410 f i stlport_vc6_static:dll_main.obj
 0001:00012420       ?end@?$basic_string@DV?$char_traits@D@_STL@@V?$allocator@D@2@@_STL@@QAEPADXZ 10013420 f i stlport_vc6_static:dll_main.obj
 0001:00012440       ?begin@?$basic_string@DV?$char_traits@D@_STL@@V?$allocator@D@2@@_STL@@QBEPBDXZ 10013440 f i stlport_vc6_static:dll_main.obj
 0001:00012450       ?end@?$basic_string@DV?$char_traits@D@_STL@@V?$allocator@D@2@@_STL@@QBEPBDXZ 10013450 f i stlport_vc6_static:dll_main.obj
 0001:00012470       ?rbegin@?$basic_string@DV?$char_traits@D@_STL@@V?$allocator@D@2@@_STL@@QAE?AV?$reverse_iterator@PADDAADPADH@2@XZ 10013470 f i stlport_vc6_static:dll_main.obj
 0001:000124a0       ?rend@?$basic_string@DV?$char_traits@D@_STL@@V?$allocator@D@2@@_STL@@QAE?AV?$reverse_iterator@PADDAADPADH@2@XZ 100134a0 f i stlport_vc6_static:dll_main.obj
 0001:000124d0       ?rbegin@?$basic_string@DV?$char_traits@D@_STL@@V?$allocator@D@2@@_STL@@QBE?AV?$reverse_iterator@PBDDABDPBDH@2@XZ 100134d0 f i stlport_vc6_static:dll_main.obj
 0001:00012500       ?rend@?$basic_string@DV?$char_traits@D@_STL@@V?$allocator@D@2@@_STL@@QBE?AV?$reverse_iterator@PBDDABDPBDH@2@XZ 10013500 f i stlport_vc6_static:dll_main.obj
 0001:00012530       ?size@?$basic_string@DV?$char_traits@D@_STL@@V?$allocator@D@2@@_STL@@QBEIXZ 10013530 f i stlport_vc6_static:dll_main.obj
 0001:00012550       ?length@?$basic_string@DV?$char_traits@D@_STL@@V?$allocator@D@2@@_STL@@QBEIXZ 10013550 f i stlport_vc6_static:dll_main.obj
 0001:00012570       ?max_size@?$basic_string@DV?$char_traits@D@_STL@@V?$allocator@D@2@@_STL@@QBEIXZ 10013570 f i stlport_vc6_static:dll_main.obj
 0001:00012580       ?resize@?$basic_string@DV?$char_traits@D@_STL@@V?$allocator@D@2@@_STL@@QAEXID@Z 10013580 f i stlport_vc6_static:dll_main.obj
 0001:00012630       ?resize@?$basic_string@DV?$char_traits@D@_STL@@V?$allocator@D@2@@_STL@@QAEXI@Z 10013630 f i stlport_vc6_static:dll_main.obj
 0001:000126e0       ?capacity@?$basic_string@DV?$char_traits@D@_STL@@V?$allocator@D@2@@_STL@@QBEIXZ 100136e0 f i stlport_vc6_static:dll_main.obj
 0001:00012700       ?clear@?$basic_string@DV?$char_traits@D@_STL@@V?$allocator@D@2@@_STL@@QAEXXZ 10013700 f i stlport_vc6_static:dll_main.obj
 0001:00012750       ?empty@?$basic_string@DV?$char_traits@D@_STL@@V?$allocator@D@2@@_STL@@QBE_NXZ 10013750 f i stlport_vc6_static:dll_main.obj
 0001:00012770       ??A?$basic_string@DV?$char_traits@D@_STL@@V?$allocator@D@2@@_STL@@QBEABDI@Z 10013770 f i stlport_vc6_static:dll_main.obj
 0001:00012790       ??A?$basic_string@DV?$char_traits@D@_STL@@V?$allocator@D@2@@_STL@@QAEAADI@Z 10013790 f i stlport_vc6_static:dll_main.obj
 0001:000127b0       ?at@?$basic_string@DV?$char_traits@D@_STL@@V?$allocator@D@2@@_STL@@QBEABDI@Z 100137b0 f i stlport_vc6_static:dll_main.obj
 0001:000127f0       ?at@?$basic_string@DV?$char_traits@D@_STL@@V?$allocator@D@2@@_STL@@QAEAADI@Z 100137f0 f i stlport_vc6_static:dll_main.obj
 0001:00012830       ??Y?$basic_string@DV?$char_traits@D@_STL@@V?$allocator@D@2@@_STL@@QAEAAV01@ABV01@@Z 10013830 f i stlport_vc6_static:dll_main.obj
 0001:00012870       ??Y?$basic_string@DV?$char_traits@D@_STL@@V?$allocator@D@2@@_STL@@QAEAAV01@PBD@Z 10013870 f i stlport_vc6_static:dll_main.obj
 0001:000128c0       ??Y?$basic_string@DV?$char_traits@D@_STL@@V?$allocator@D@2@@_STL@@QAEAAV01@D@Z 100138c0 f i stlport_vc6_static:dll_main.obj
 0001:00012970       ?append@?$basic_string@DV?$char_traits@D@_STL@@V?$allocator@D@2@@_STL@@QAEAAV12@ABV12@@Z 10013970 f i stlport_vc6_static:dll_main.obj
 0001:000129b0       ?append@?$basic_string@DV?$char_traits@D@_STL@@V?$allocator@D@2@@_STL@@QAEAAV12@ABV12@II@Z 100139b0 f i stlport_vc6_static:dll_main.obj
 0001:00012a40       ?append@?$basic_string@DV?$char_traits@D@_STL@@V?$allocator@D@2@@_STL@@QAEAAV12@PBDI@Z 10013a40 f i stlport_vc6_static:dll_main.obj
 0001:00012a70       ?pop_back@?$basic_string@DV?$char_traits@D@_STL@@V?$allocator@D@2@@_STL@@QAEXXZ 10013a70 f i stlport_vc6_static:dll_main.obj
 0001:00012ab0       ?assign@?$basic_string@DV?$char_traits@D@_STL@@V?$allocator@D@2@@_STL@@QAEAAV12@ABV12@@Z 10013ab0 f i stlport_vc6_static:dll_main.obj
 0001:00012ba0       ?assign@?$basic_string@DV?$char_traits@D@_STL@@V?$allocator@D@2@@_STL@@QAEAAV12@ABV12@II@Z 10013ba0 f i stlport_vc6_static:dll_main.obj
 0001:00012ce0       ?assign@?$basic_string@DV?$char_traits@D@_STL@@V?$allocator@D@2@@_STL@@QAEAAV12@PBDI@Z 10013ce0 f i stlport_vc6_static:dll_main.obj
 0001:00012e30       ?assign@?$basic_string@DV?$char_traits@D@_STL@@V?$allocator@D@2@@_STL@@QAEAAV12@PBD@Z 10013e30 f i stlport_vc6_static:dll_main.obj
 0001:00012f90       ?insert@?$basic_string@DV?$char_traits@D@_STL@@V?$allocator@D@2@@_STL@@QAEAAV12@IABV12@@Z 10013f90 f i stlport_vc6_static:dll_main.obj
 0001:00013030       ?insert@?$basic_string@DV?$char_traits@D@_STL@@V?$allocator@D@2@@_STL@@QAEAAV12@IABV12@II@Z 10014030 f i stlport_vc6_static:dll_main.obj
 0001:00013110       ?insert@?$basic_string@DV?$char_traits@D@_STL@@V?$allocator@D@2@@_STL@@QAEAAV12@IPBDI@Z 10014110 f i stlport_vc6_static:dll_main.obj
 0001:00013190       ?insert@?$basic_string@DV?$char_traits@D@_STL@@V?$allocator@D@2@@_STL@@QAEAAV12@IPBD@Z 10014190 f i stlport_vc6_static:dll_main.obj
 0001:00013230       ?insert@?$basic_string@DV?$char_traits@D@_STL@@V?$allocator@D@2@@_STL@@QAEAAV12@IID@Z 10014230 f i stlport_vc6_static:dll_main.obj
 0001:000132b0       ?insert@?$basic_string@DV?$char_traits@D@_STL@@V?$allocator@D@2@@_STL@@QAEPADPADD@Z 100142b0 f i stlport_vc6_static:dll_main.obj
 0001:00013390       ?_M_copy@?$basic_string@DV?$char_traits@D@_STL@@V?$allocator@D@2@@_STL@@AAEXPBD0PAD@Z 10014390 f i stlport_vc6_static:dll_main.obj
 0001:000133e0       ?erase@?$basic_string@DV?$char_traits@D@_STL@@V?$allocator@D@2@@_STL@@QAEAAV12@II@Z 100143e0 f i stlport_vc6_static:dll_main.obj
 0001:000134c0       ?erase@?$basic_string@DV?$char_traits@D@_STL@@V?$allocator@D@2@@_STL@@QAEPADPAD@Z 100144c0 f i stlport_vc6_static:dll_main.obj
 0001:00013520       ?erase@?$basic_string@DV?$char_traits@D@_STL@@V?$allocator@D@2@@_STL@@QAEPADPAD0@Z 10014520 f i stlport_vc6_static:dll_main.obj
 0001:00013590       ?replace@?$basic_string@DV?$char_traits@D@_STL@@V?$allocator@D@2@@_STL@@QAEAAV12@IIABV12@@Z 10014590 f i stlport_vc6_static:dll_main.obj
 0001:00013810       ?replace@?$basic_string@DV?$char_traits@D@_STL@@V?$allocator@D@2@@_STL@@QAEAAV12@IIABV12@II@Z 10014810 f i stlport_vc6_static:dll_main.obj
 0001:00013b00       ?replace@?$basic_string@DV?$char_traits@D@_STL@@V?$allocator@D@2@@_STL@@QAEAAV12@IIPBDI@Z 10014b00 f i stlport_vc6_static:dll_main.obj
 0001:00013d80       ?replace@?$basic_string@DV?$char_traits@D@_STL@@V?$allocator@D@2@@_STL@@QAEAAV12@IIPBD@Z 10014d80 f i stlport_vc6_static:dll_main.obj
 0001:00014040       ?replace@?$basic_string@DV?$char_traits@D@_STL@@V?$allocator@D@2@@_STL@@QAEAAV12@IIID@Z 10015040 f i stlport_vc6_static:dll_main.obj
 0001:000141d0       ?replace@?$basic_string@DV?$char_traits@D@_STL@@V?$allocator@D@2@@_STL@@QAEAAV12@PAD0ABV12@@Z 100151d0 f i stlport_vc6_static:dll_main.obj
 0001:00014340       ?replace@?$basic_string@DV?$char_traits@D@_STL@@V?$allocator@D@2@@_STL@@QAEAAV12@PAD0PBDI@Z 10015340 f i stlport_vc6_static:dll_main.obj
 0001:000144b0       ?replace@?$basic_string@DV?$char_traits@D@_STL@@V?$allocator@D@2@@_STL@@QAEAAV12@PAD0PBD@Z 100154b0 f i stlport_vc6_static:dll_main.obj
 0001:00014640       ?copy@?$basic_string@DV?$char_traits@D@_STL@@V?$allocator@D@2@@_STL@@QBEIPADII@Z 10015640 f i stlport_vc6_static:dll_main.obj
 0001:000146e0       ?swap@?$basic_string@DV?$char_traits@D@_STL@@V?$allocator@D@2@@_STL@@QAEXAAV12@@Z 100156e0 f i stlport_vc6_static:dll_main.obj
 0001:00014750       ?c_str@?$basic_string@DV?$char_traits@D@_STL@@V?$allocator@D@2@@_STL@@QBEPBDXZ 10015750 f i stlport_vc6_static:dll_main.obj
 0001:00014760       ?data@?$basic_string@DV?$char_traits@D@_STL@@V?$allocator@D@2@@_STL@@QBEPBDXZ 10015760 f i stlport_vc6_static:dll_main.obj
 0001:00014770       ?find@?$basic_string@DV?$char_traits@D@_STL@@V?$allocator@D@2@@_STL@@QBEIABV12@I@Z 10015770 f i stlport_vc6_static:dll_main.obj
 0001:00014990       ?find@?$basic_string@DV?$char_traits@D@_STL@@V?$allocator@D@2@@_STL@@QBEIPBDI@Z 10015990 f i stlport_vc6_static:dll_main.obj
 0001:00014bb0       ?rfind@?$basic_string@DV?$char_traits@D@_STL@@V?$allocator@D@2@@_STL@@QBEIABV12@I@Z 10015bb0 f i stlport_vc6_static:dll_main.obj
[...]
 0001:00049270       ___intGetOCP               1004a270 f   stlport_vc6_static:c_locale.obj
 0001:000492a0       ___GetDefaultCP            1004a2a0 f   stlport_vc6_static:c_locale.obj
 0001:000492c0       ___ConvertToCP             1004a2c0 f   stlport_vc6_static:c_locale.obj
 0001:00040900       _$E37                      10041900 f   stlport_vc6_static:monetary.obj
 0001:00040910       _$E34                      10041910 f   stlport_vc6_static:monetary.obj
 0001:000409f0       _$E36                      100419f0 f   stlport_vc6_static:monetary.obj
 0001:00040a00       _$E35                      10041a00 f   stlport_vc6_static:monetary.obj
 0001:00040a10       _$E42                      10041a10 f   stlport_vc6_static:monetary.obj
 0001:00040a20       _$E39                      10041a20 f   stlport_vc6_static:monetary.obj
 0001:00040b00       _$E41                      10041b00 f   stlport_vc6_static:monetary.obj
 0001:00040b10       _$E40                      10041b10 f   stlport_vc6_static:monetary.obj
 0001:00040b90       ?_Init_monetary_formats@_STL@@YAXAAUpattern@money_base@1@0@Z 10041b90 f   stlport_vc6_static:monetary.obj
 0001:0003f8b0       _$E34                      100408b0 f   stlport_vc6_static:numpunct.obj
 0001:0003f8c0       _$E30                      100408c0 f   stlport_vc6_static:numpunct.obj
 0001:0003f9a0       _$E33                      100409a0 f   stlport_vc6_static:numpunct.obj
 0001:0003f9b0       _$E31                      100409b0 f   stlport_vc6_static:numpunct.obj
 0001:0003f9d0       _$E39                      100409d0 f   stlport_vc6_static:numpunct.obj
 0001:0003f9e0       _$E36                      100409e0 f   stlport_vc6_static:numpunct.obj
 0001:0003fac0       _$E38                      10040ac0 f   stlport_vc6_static:numpunct.obj
 0001:0003fad0       _$E37                      10040ad0 f   stlport_vc6_static:numpunct.obj
 0001:0003faf0       _$E44                      10040af0 f   stlport_vc6_static:numpunct.obj
 0001:0003fb00       _$E41                      10040b00 f   stlport_vc6_static:numpunct.obj
 0001:0003fbe0       _$E43                      10040be0 f   stlport_vc6_static:numpunct.obj
 0001:0003fbf0       _$E42                      10040bf0 f   stlport_vc6_static:numpunct.obj
 0001:0003fed0       _$E50                      10040ed0 f   stlport_vc6_static:numpunct.obj
 0001:0003fee0       _$E46                      10040ee0 f   stlport_vc6_static:numpunct.obj
 0001:0003ffc0       _$E49                      10040fc0 f   stlport_vc6_static:numpunct.obj
 0001:0003ffd0       _$E47                      10040fd0 f   stlport_vc6_static:numpunct.obj
 0001:0003fff0       _$E55                      10040ff0 f   stlport_vc6_static:numpunct.obj
 0001:00040000       _$E52                      10041000 f   stlport_vc6_static:numpunct.obj
 0001:000400e0       _$E54                      100410e0 f   stlport_vc6_static:numpunct.obj
 0001:000400f0       _$E53                      100410f0 f   stlport_vc6_static:numpunct.obj
 0001:00040110       _$E60                      10041110 f   stlport_vc6_static:numpunct.obj
 0001:00040120       _$E57                      10041120 f   stlport_vc6_static:numpunct.obj
 0001:00040200       _$E59                      10041200 f   stlport_vc6_static:numpunct.obj
 0001:00040210       _$E58                      10041210 f   stlport_vc6_static:numpunct.obj
 0001:00038410       _$E36                      10039410 f   stlport_vc6_static:fstream.obj
 0001:00038420       _$E33                      10039420 f   stlport_vc6_static:fstream.obj
 0001:00038430       _$E35                      10039430 f   stlport_vc6_static:fstream.obj
 0001:00038440       _$E34                      10039440 f   stlport_vc6_static:fstream.obj
 0001:00034010       _$E36                      10035010 f   stlport_vc6_static:iostream.obj
 0001:00034020       _$E33                      10035020 f   stlport_vc6_static:iostream.obj
 0001:00034030       _$E35                      10035030 f   stlport_vc6_static:iostream.obj
 0001:00034040       _$E34                      10035040 f   stlport_vc6_static:iostream.obj
 0001:00034060       _$E41                      10035060 f   stlport_vc6_static:iostream.obj
 0001:00034070       _$E38                      10035070 f   stlport_vc6_static:iostream.obj
 0001:00034080       _$E40                      10035080 f   stlport_vc6_static:iostream.obj
 0001:00034090       _$E39                      10035090 f   stlport_vc6_static:iostream.obj
 0001:000340b0       _$E46                      100350b0 f   stlport_vc6_static:iostream.obj
 0001:000340c0       _$E43                      100350c0 f   stlport_vc6_static:iostream.obj
 0001:000340d0       _$E45                      100350d0 f   stlport_vc6_static:iostream.obj
 0001:000340e0       _$E44                      100350e0 f   stlport_vc6_static:iostream.obj
 0001:00034100       _$E51                      10035100 f   stlport_vc6_static:iostream.obj
 0001:00034110       _$E48                      10035110 f   stlport_vc6_static:iostream.obj
 0001:00034120       _$E50                      10035120 f   stlport_vc6_static:iostream.obj
 0001:00034130       _$E49                      10035130 f   stlport_vc6_static:iostream.obj
 0001:00034150       _$E56                      10035150 f   stlport_vc6_static:iostream.obj
 0001:00034160       _$E53                      10035160 f   stlport_vc6_static:iostream.obj
 0001:00034170       _$E55                      10035170 f   stlport_vc6_static:iostream.obj
 0001:00034180       _$E54                      10035180 f   stlport_vc6_static:iostream.obj
 0001:000341a0       _$E61                      100351a0 f   stlport_vc6_static:iostream.obj
 0001:000341b0       _$E58                      100351b0 f   stlport_vc6_static:iostream.obj
 0001:000341c0       _$E60                      100351c0 f   stlport_vc6_static:iostream.obj
 0001:000341d0       _$E59                      100351d0 f   stlport_vc6_static:iostream.obj
 0001:000341f0       _$E66                      100351f0 f   stlport_vc6_static:iostream.obj
 0001:00034200       _$E63                      10035200 f   stlport_vc6_static:iostream.obj
 0001:00034210       _$E65                      10035210 f   stlport_vc6_static:iostream.obj
 0001:00034220       _$E64                      10035220 f   stlport_vc6_static:iostream.obj
 0001:00034240       _$E71                      10035240 f   stlport_vc6_static:iostream.obj
 0001:00034250       _$E68                      10035250 f   stlport_vc6_static:iostream.obj
 0001:00034260       _$E70                      10035260 f   stlport_vc6_static:iostream.obj
 0001:00034270       _$E69                      10035270 f   stlport_vc6_static:iostream.obj
 0001:000227c0       _$E43                      100237c0 f   stlport_vc6_static:locale_impl.obj
 0001:000227d0       _$E40                      100237d0 f   stlport_vc6_static:locale_impl.obj
 0001:000227e0       _$E42                      100237e0 f   stlport_vc6_static:locale_impl.obj
 0001:000227f0       _$E41                      100237f0 f   stlport_vc6_static:locale_impl.obj
 0001:00022a50       _$E72                      10023a50 f   stlport_vc6_static:locale_impl.obj
 0001:00022a60       _$E69                      10023a60 f   stlport_vc6_static:locale_impl.obj
 0001:00022a70       _$E71                      10023a70 f   stlport_vc6_static:locale_impl.obj
 0001:00022a80       _$E70                      10023a80 f   stlport_vc6_static:locale_impl.obj
 0001:000230e0       _$E77                      100240e0 f   stlport_vc6_static:locale_impl.obj
 0001:000230f0       _$E74                      100240f0 f   stlport_vc6_static:locale_impl.obj
 0001:00023100       _$E76                      10024100 f   stlport_vc6_static:locale_impl.obj
 0001:00023110       _$E75                      10024110 f   stlport_vc6_static:locale_impl.obj
 0001:000232c0       ?_Stl_loc_assign_ids@_STL@@YAXXZ 100242c0 f   stlport_vc6_static:locale_impl.obj
 0001:00023590       _$E82                      10024590 f   stlport_vc6_static:locale_impl.obj
 0001:000235a0       _$E79                      100245a0 f   stlport_vc6_static:locale_impl.obj
 0001:00023680       _$E81                      10024680 f   stlport_vc6_static:locale_impl.obj
 0001:00023690       _$E80                      10024690 f   stlport_vc6_static:locale_impl.obj
 0001:000589c9       _findenv                   100599c9 f   LIBCMT:setenv.obj
 0001:00058a21       _copy_environ              10059a21 f   LIBCMT:setenv.obj
 0001:00058817       _strncnt                   10059817 f   LIBCMT:a_cmp.obj
 0001:00056a7e       __abstract_cw              10057a7e f   LIBCMT:ieee87.obj
 0001:00056b10       __hw_cw                    10057b10 f   LIBCMT:ieee87.obj
 0001:00056b99       __abstract_sw              10057b99 f   LIBCMT:ieee87.obj
 0001:00056693       _xtoa                      10057693 f   LIBCMT:xtoa.obj
 0001:00056765       _x64toa@20                 10057765 f   LIBCMT:xtoa.obj
 0001:00055b87       __expandtime               10056b87 f   LIBCMT:strftime.obj
 0001:00055f76       __store_str                10056f76 f   LIBCMT:strftime.obj
 0001:00055f9d       __store_num                10056f9d f   LIBCMT:strftime.obj
 0001:0005600c       __store_number             1005700c f   LIBCMT:strftime.obj
 0001:00056055       __store_winword            10057055 f   LIBCMT:strftime.obj
 0001:00055243       _strtoxl                   10056243 f   LIBCMT:strtol.obj
 0001:00054fd5       _getSystemCP               10055fd5 f   LIBCMT:mbctype.obj
 0001:0005501f       _CPtoLCID                  1005601f f   LIBCMT:mbctype.obj
 0001:00055052       _setSBCS                   10056052 f   LIBCMT:mbctype.obj
 0001:0005507b       _setSBUpLow                1005607b f   LIBCMT:mbctype.obj
 0001:00054844       __tzset_lk                 10055844 f   LIBCMT:tzset.obj
 0001:00054aec       __isindst_lk               10055aec f   LIBCMT:tzset.obj
 0001:00054c98       _cvtdate                   10055c98 f   LIBCMT:tzset.obj
 0001:00053e71       __get_fname                10054e71 f   LIBCMT:fpexcept.obj
 0001:00053030       __cftoe2                   10054030 f   LIBCMT:cvt.obj
 0001:00053147       __cftof2                   10054147 f   LIBCMT:cvt.obj
 0001:000532d2       __shift                    100542d2 f   LIBCMT:cvt.obj
 0001:000526d2       _TranslateName             100536d2 f   LIBCMT:getqloc.obj
 0001:0005272a       _GetLcidFromLangCountry    1005372a f   LIBCMT:getqloc.obj
 0001:000527b1       _LangCountryEnumProc@4     100537b1 f   LIBCMT:getqloc.obj
 0001:000529b5       _GetLcidFromLanguage       100539b5 f   LIBCMT:getqloc.obj
 0001:00052a0b       _LanguageEnumProc@4        10053a0b f   LIBCMT:getqloc.obj
 0001:00052ac8       _GetLcidFromCountry        10053ac8 f   LIBCMT:getqloc.obj
 0001:00052aff       _CountryEnumProc@4         10053aff f   LIBCMT:getqloc.obj
 0001:00052b85       _GetLcidFromDefault        10053b85 f   LIBCMT:getqloc.obj
 0001:00052b9f       _ProcessCodePage           10053b9f f   LIBCMT:getqloc.obj
 0001:00052c05       _TestDefaultCountry        10053c05 f   LIBCMT:getqloc.obj
 0001:00052c24       _TestDefaultLanguage       10053c24 f   LIBCMT:getqloc.obj
 0001:00052c86       _IsThisWindowsNT           10053c86 f   LIBCMT:getqloc.obj
 0001:00052cbc       _crtGetLocaleInfoA@16      10053cbc f   LIBCMT:getqloc.obj
 0001:00052da2       _LcidFromHexString         10053da2 f   LIBCMT:getqloc.obj
 0001:00052ddb       _GetPrimaryLen             10053ddb f   LIBCMT:getqloc.obj
 0001:00052290       LeadUp1                    10053290 f   LIBCMT:memcpy.obj
 0001:000522bc       LeadUp2                    100532bc f   LIBCMT:memcpy.obj
 0001:000522e0       LeadUp3                    100532e0 f   LIBCMT:memcpy.obj
 0001:0005235f       UnwindUp0                  1005335f f   LIBCMT:memcpy.obj
 0001:0005234c       UnwindUp1                  1005334c f   LIBCMT:memcpy.obj
 0001:00052344       UnwindUp2                  10053344 f   LIBCMT:memcpy.obj
 0001:0005233c       UnwindUp3                  1005333c f   LIBCMT:memcpy.obj
 0001:00052334       UnwindUp4                  10053334 f   LIBCMT:memcpy.obj
 0001:0005232c       UnwindUp5                  1005332c f   LIBCMT:memcpy.obj
 0001:00052324       UnwindUp6                  10053324 f   LIBCMT:memcpy.obj
 0001:0005231c       UnwindUp7                  1005331c f   LIBCMT:memcpy.obj
 0001:00052378       TrailUp0                   10053378 f   LIBCMT:memcpy.obj
 0001:00052380       TrailUp1                   10053380 f   LIBCMT:memcpy.obj
 0001:0005238c       TrailUp2                   1005338c f   LIBCMT:memcpy.obj
 0001:000523a0       TrailUp3                   100533a0 f   LIBCMT:memcpy.obj
 0001:00052418       LeadDown1                  10053418 f   LIBCMT:memcpy.obj
 0001:00052438       LeadDown2                  10053438 f   LIBCMT:memcpy.obj
 0001:00052460       LeadDown3                  10053460 f   LIBCMT:memcpy.obj
 0001:000524b4       UnwindDown7                100534b4 f   LIBCMT:memcpy.obj
 0001:000524bc       UnwindDown6                100534bc f   LIBCMT:memcpy.obj
 0001:000524c4       UnwindDown5                100534c4 f   LIBCMT:memcpy.obj
 0001:000524cc       UnwindDown4                100534cc f   LIBCMT:memcpy.obj
 0001:000524d4       UnwindDown3                100534d4 f   LIBCMT:memcpy.obj
 0001:000524dc       UnwindDown2                100534dc f   LIBCMT:memcpy.obj
 0001:000524e4       UnwindDown1                100534e4 f   LIBCMT:memcpy.obj
 0001:000524f7       UnwindDown0                100534f7 f   LIBCMT:memcpy.obj
 0001:00052510       TrailDown0                 10053510 f   LIBCMT:memcpy.obj
 0001:00052518       TrailDown1                 10053518 f   LIBCMT:memcpy.obj
 0001:00052528       TrailDown2                 10053528 f   LIBCMT:memcpy.obj
 0001:0005253c       TrailDown3                 1005353c f   LIBCMT:memcpy.obj
 0001:00051da6       __get_lc_lconv             10052da6 f   LIBCMT:initmon.obj
 0001:00051ec8       _fix_grouping              10052ec8 f   LIBCMT:initmon.obj
 0001:00051eff       __free_lc_lconv            10052eff f   LIBCMT:initmon.obj
 0001:00051ca4       _fix_grouping              10052ca4 f   LIBCMT:initnum.obj
 0001:000515f1       __get_lc_time              100525f1 f   LIBCMT:inittime.obj
 0001:0005193f       __free_lc_time             1005293f f   LIBCMT:inittime.obj
 0001:0005132d       _ctrlevent_capture@4       1005232d f   LIBCMT:winsig.obj
 0001:00051511       _siglookup                 10052511 f   LIBCMT:winsig.obj
 0001:00051001       _xcptlookup                10052001 f   LIBCMT:winxfltr.obj
 0001:0004f2ad       _write_char                100502ad f   LIBCMT:output.obj
 0001:0004f2e2       _write_multi_char          100502e2 f   LIBCMT:output.obj
 0001:0004f313       _write_string              10050313 f   LIBCMT:output.obj
 0001:0004f34b       _get_int_arg               1005034b f   LIBCMT:output.obj
 0001:0004f358       _get_int64_arg             10050358 f   LIBCMT:output.obj
 0001:0004f368       _get_short_arg             10050368 f   LIBCMT:output.obj
 0001:0004e957       _strncnt                   1004f957 f   LIBCMT:a_map.obj
 0001:0004df28       _parse_cmdline             1004ef28 f   LIBCMT:stdargv.obj
 0001:0004dd05       _doexit                    1004ed05 f   LIBCMT:crt0dat.obj
 0001:0004ddbc       __initterm                 1004edbc f   LIBCMT:crt0dat.obj
 0001:0004d04d       ?FindHandler@@YAXPAUEHExceptionRecord@@PAUEHRegistrationNode@@PAU_CONTEXT@@PAXPBU_s_FuncInfo@@EH1@Z 1004e04d f   LIBCMT:frame.obj
 0001:0004d200       ?FindHandlerForForeignException@@YAXPAUEHExceptionRecord@@PAUEHRegistrationNode@@PAU_CONTEXT@@PAXPBU_s_FuncInfo@@HH1@Z 1004e200 f   LIBCMT:frame.obj
 0001:0004d2aa       ?TypeMatch@@YAHPBU_s_HandlerType@@PBU_s_CatchableType@@PBU_s_ThrowInfo@@@Z 1004e2aa f   LIBCMT:frame.obj
 0001:0004d3a5       ?FrameUnwindFilter@@YAHPAU_EXCEPTION_POINTERS@@@Z 1004e3a5 f   LIBCMT:frame.obj
 0001:0004d3bb       ?CatchIt@@YAXPAUEHExceptionRecord@@PAUEHRegistrationNode@@PAU_CONTEXT@@PAXPBU_s_FuncInfo@@PBU_s_HandlerType@@PBU_s_CatchableType@@PBU_s_TryBlockMapEntry@@H1E@Z 1004e3bb f   LIBCMT:frame.obj
 0001:0004d436       ?CallCatchBlock@@YAPAXPAUEHExceptionRecord@@PAUEHRegistrationNode@@PAU_CONTEXT@@PBU_s_FuncInfo@@PAXHK@Z 1004e436 f   LIBCMT:frame.obj
 0001:0004d551       ?ExFilterRethrow@@YAHPAU_EXCEPTION_POINTERS@@@Z 1004e551 f   LIBCMT:frame.obj
 0001:0004d57b       ?BuildCatchObject@@YAXPAUEHExceptionRecord@@PAUEHRegistrationNode@@PBU_s_HandlerType@@PBU_s_CatchableType@@@Z 1004e57b f   LIBCMT:frame.obj
 0001:0004d7a6       ?AdjustPointer@@YAPAXPAXABUPMD@@@Z 1004e7a6 f   LIBCMT:frame.obj
 0001:0004c85a       _flsall                    1004d85a f   LIBCMT:fflush.obj
 0001:0004b36a       ?ArrayUnwindFilter@@YAHPAU_EXCEPTION_POINTERS@@@Z 1004c36a f   LIBCMT:ehvecdtr.obj
 0001:0004ae59       __setlocale_set_cat        1004be59 f   LIBCMT:setlocal.obj
 0001:0004af74       __setlocale_get_all        1004bf74 f   LIBCMT:setlocal.obj
 0001:0004a762       __threadstartex@4          1004b762 f   LIBCMT:threadex.obj
 0001:00049980       LeadUp1                    1004a980 f   LIBCMT:memmove.obj
 0001:000499ac       LeadUp2                    1004a9ac f   LIBCMT:memmove.obj
 0001:000499d0       LeadUp3                    1004a9d0 f   LIBCMT:memmove.obj
 0001:00049a4f       UnwindUp0                  1004aa4f f   LIBCMT:memmove.obj
 0001:00049a3c       UnwindUp1                  1004aa3c f   LIBCMT:memmove.obj
 0001:00049a34       UnwindUp2                  1004aa34 f   LIBCMT:memmove.obj
 0001:00049a2c       UnwindUp3                  1004aa2c f   LIBCMT:memmove.obj
 0001:00049a24       UnwindUp4                  1004aa24 f   LIBCMT:memmove.obj
 0001:00049a1c       UnwindUp5                  1004aa1c f   LIBCMT:memmove.obj
 0001:00049a14       UnwindUp6                  1004aa14 f   LIBCMT:memmove.obj
 0001:00049a0c       UnwindUp7                  1004aa0c f   LIBCMT:memmove.obj
 0001:00049a68       TrailUp0                   1004aa68 f   LIBCMT:memmove.obj
 0001:00049a70       TrailUp1                   1004aa70 f   LIBCMT:memmove.obj
 0001:00049a7c       TrailUp2                   1004aa7c f   LIBCMT:memmove.obj
 0001:00049a90       TrailUp3                   1004aa90 f   LIBCMT:memmove.obj
 0001:00049b08       LeadDown1                  1004ab08 f   LIBCMT:memmove.obj
 0001:00049b28       LeadDown2                  1004ab28 f   LIBCMT:memmove.obj
 0001:00049b50       LeadDown3                  1004ab50 f   LIBCMT:memmove.obj
 0001:00049ba4       UnwindDown7                1004aba4 f   LIBCMT:memmove.obj
 0001:00049bac       UnwindDown6                1004abac f   LIBCMT:memmove.obj
 0001:00049bb4       UnwindDown5                1004abb4 f   LIBCMT:memmove.obj
 0001:00049bbc       UnwindDown4                1004abbc f   LIBCMT:memmove.obj
 0001:00049bc4       UnwindDown3                1004abc4 f   LIBCMT:memmove.obj
 0001:00049bcc       UnwindDown2                1004abcc f   LIBCMT:memmove.obj
 0001:00049bd4       UnwindDown1                1004abd4 f   LIBCMT:memmove.obj
 0001:00049be7       UnwindDown0                1004abe7 f   LIBCMT:memmove.obj
 0001:00049c00       TrailDown0                 1004ac00 f   LIBCMT:memmove.obj
 0001:00049c08       TrailDown1                 1004ac08 f   LIBCMT:memmove.obj
 0001:00049c18       TrailDown2                 1004ac18 f   LIBCMT:memmove.obj
 0001:00049c2c       TrailDown3                 1004ac2c f   LIBCMT:memmove.obj
 0001:00049774       _gu_return                 1004a774 f   LIBCMT:exsup.obj
 0001:0004977c       __unwind_handler           1004a77c f   LIBCMT:exsup.obj
 0001:0004958f       ?CatchGuardHandler@@YA?AW4_EXCEPTION_DISPOSITION@@PAUEHExceptionRecord@@PAUCatchGuardRN@@PAX2@Z 1004a58f f   LIBCMT:trnsctrl.obj
 0001:0004966a       ?TranslatorGuardHandler@@YA?AW4_EXCEPTION_DISPOSITION@@PAUEHExceptionRecord@@PAUTranslatorGuardRN@@PAX2@Z 1004a66a f   LIBCMT:trnsctrl.obj
