 CoreServer

 Timestamp is 3f180294 (Fri Jul 18 22:22:12 2003)

 Preferred load address is 10000000

 Start         Length     Name                   Class
 0001:00000000 00099436H .text                   CODE
 0001:00099440 000026bcH .text$x                 CODE
 0002:00000000 00007301H .rdata                  DATA
 0002:00007308 00001a29H .xdata$x                DATA
 0002:00008d40 00002540H .edata                  DATA
 0003:00000000 00000104H .CRT$XCA                DATA
 0003:00000104 0000020bH .CRT$XCU                DATA
 0003:00000310 00000104H .CRT$XCZ                DATA
 0003:00000414 00000104H .CRT$XIA                DATA
 0003:00000518 0000010eH .CRT$XIC                DATA
 0003:00000628 00000104H .CRT$XIY                DATA
 0003:0000072c 00000104H .CRT$XIZ                DATA
 0003:00000830 00000104H .CRT$XPA                DATA
 0003:00000934 00000104H .CRT$XPX                DATA
 0003:00000a38 00000104H .CRT$XPZ                DATA
 0003:00000b3c 00000104H .CRT$XTA                DATA
 0003:00000c40 00000104H .CRT$XTB                DATA
 0003:00000d44 00000104H .CRT$XTZ                DATA
 0003:00000e50 0000b4ccH .data                   DATA
 0003:0000c320 0da4fb8cH .bss                    DATA
 0004:00000000 00000050H .idata$2                DATA
 0004:00000050 00000014H .idata$3                DATA
 0004:00000064 00000410H .idata$4                DATA
 0004:00000474 00000410H .idata$5                DATA
 0004:00000884 0000139bH .idata$6                DATA

  Address         Publics by Value              Rva+Base     Lib:Object

 0001:00003cfc       ??0KMissle@@QAE@XZ         10004cfc f   KMissle.obj
 0001:00003d70       ?Release@KMissle@@AAEXXZ   10004d70 f   KMissle.obj
 0001:00003df1       ??1KMissle@@UAE@XZ         10004df1 f   KMissle.obj
 0001:00003e21       ?GetInfoFromTabFile@KMissle@@QAEHH@Z 10004e21 f   KMissle.obj
 0001:00003e69       ?GetInfoFromTabFile@KMissle@@QAEHPAVKITabFile@@H@Z 10004e69 f   KMissle.obj
 0001:0000420d       ?Init@KMissle@@AAEHHHHHH@Z 1000520d f   KMissle.obj
 0001:00004226       ?Activate@KMissle@@QAEHXZ  10005226 f   KMissle.obj
 0001:00004550       ?OnWait@KMissle@@AAEXXZ    10005550 f   KMissle.obj
 0001:00004562       ?OnCollision@KMissle@@AAEXXZ 10005562 f   KMissle.obj
 0001:00004574       ?CheckCollision@KMissle@@AAEHXZ 10005574 f   KMissle.obj
 0001:000049e1       ?OnFly@KMissle@@AAEXXZ     100059e1 f   KMissle.obj
 0001:0000529e       ?OnVanish@KMissle@@AAEXXZ  1000629e f   KMissle.obj
 0001:000052b0       ?CheckBeyondRegion@KMissle@@AAEHHH@Z 100062b0 f   KMissle.obj
 0001:000057d5       ??4KMissle@@AAEAAV0@AAV0@@Z 100067d5 f   KMissle.obj
 0001:00005993       ?ProcessDamage@KMissle@@AAEHH@Z 10006993 f   KMissle.obj
 0001:00005b1c       ?DoVanish@KMissle@@AAEXXZ  10006b1c f   KMissle.obj
 0001:00005c0a       ?DoCollision@KMissle@@AAEXXZ 10006c0a f   KMissle.obj
 0001:00005ce1       ?DoFly@KMissle@@AAEXXZ     10006ce1 f   KMissle.obj
 0001:00005d0e       ?GetOffsetAxis@KMissle@@QAEHHHHHHHAAH00@Z 10006d0e f   KMissle.obj
 0001:00005ea4       ?ProcessCollision@KMissle@@AAEHHHHHHW4MISSLE_RELATION@@@Z 10006ea4 f   KMissle.obj
 0001:00006149       ?ProcessCollision@KMissle@@AAEHXZ 10007149 f   KMissle.obj
 0001:000061b3       ?DoWait@KMissle@@AAEXXZ    100071b3 f   KMissle.obj
 0001:000061d2       ?PrePareFly@KMissle@@AAEHXZ 100071d2 f   KMissle.obj
 0001:000064b9       ?GetMpsPos@KMissle@@QAEXPAH0@Z 100074b9 f   KMissle.obj
 0001:00006f80       ??_GKMissle@@UAEPAXI@Z     10007f80 f i KMissle.obj
 0001:00006f80       ??_EKMissle@@UAEPAXI@Z     10007f80 f i KMissle.obj
 0001:00006fd0       ??_GKMissleMagicAttribsData@@QAEPAXI@Z 10007fd0 f i KMissle.obj
 0001:00007020       ?GetNext@KNode@@QAEPAV1@XZ 10008020 f i KMissle.obj
 0001:00007060       ?GetHead@KList@@QAEPAVKNode@@XZ 10008060 f i KMissle.obj
 0001:00007090       ?g_DirSin@@YAHHH@Z         10008090 f i KMissle.obj
 0001:000070e0       ?g_DirCos@@YAHHH@Z         100080e0 f i KMissle.obj
 0001:00007130       ??0KIndexNode@@QAE@XZ      10008130 f i KMissle.obj
 0001:00007190       ??0KNode@@QAE@XZ           10008190 f i KMissle.obj
 0001:000071d0       ??_EKNode@@UAEPAXI@Z       100081d0 f i KMissle.obj
 0001:000071d0       ??_GKNode@@UAEPAXI@Z       100081d0 f i KMissle.obj
 0001:00007220       ??1KNode@@UAE@XZ           10008220 f i KMissle.obj
 0001:00007250       ??_EKIndexNode@@UAEPAXI@Z  10008250 f i KMissle.obj
 0001:00007250       ??_GKIndexNode@@UAEPAXI@Z  10008250 f i KMissle.obj
 0001:000072a0       ??1KIndexNode@@UAE@XZ      100082a0 f i KMissle.obj
 0001:000072d0       ?IsMatch@KNpc@@QAEHK@Z     100082d0 f i KMissle.obj
 0001:00007300       ?Send@KWorldMsg@@QAEHKHHH@Z 10008300 f i KMissle.obj
 0001:00007410       ?AddTail@KList@@QAEXPAVKNode@@@Z 10008410 f i KMissle.obj
 0001:00007450       ?InsertBefore@KNode@@QAEXPAV1@@Z 10008450 f i KMissle.obj
 0001:000074f0       ??0KWorldMsgNode@@QAE@XZ   100084f0 f i KMissle.obj
 0001:00007530       ??_GKWorldMsgNode@@UAEPAXI@Z 10008530 f i KMissle.obj
 0001:00007530       ??_EKWorldMsgNode@@UAEPAXI@Z 10008530 f i KMissle.obj
 0001:00007580       ??1KWorldMsgNode@@UAE@XZ   10008580 f i KMissle.obj
 0001:000075b0       ?FindNpc@KRegion@@QAEHHHHH@Z 100085b0 f i KMissle.obj
 0001:000076b0       ?GetGameTime@KSubWorldSet@@QAEHXZ 100086b0 f i KMissle.obj
 0001:000076d0       ?DelRef@KMissleMagicAttribsData@@QAEHXZ 100086d0 f i KMissle.obj
 0001:00007700       ??1KMissleMagicAttribsData@@QAE@XZ 10008700 f i KMissle.obj
 0001:00007730       ?Remove@KMissleMagicAttribsData@@AAEXXZ 10008730 f i KMissle.obj
 0001:00007790       ?IsRelationSuitable@KMissle@@AAEHW4NPC_RELATION@@W4MISSLE_RELATION@@@Z 10008790 f i KMissle.obj
 0001:000077f0       ?ZAxisMove@KMissle@@AAEXXZ 100087f0 f i KMissle.obj
 0001:00007880       ?TestBarrier@KMissle@@AAEHXZ 10008880 f i KMissle.obj
 0001:00007940       ?GetSkill@KSkillManager@@QAEPAVISkill@@HH@Z 10008940 f i KMissle.obj
 0001:00007a10       ?GetMoney@KInventory@@QAEHXZ 10008a10 f i KMissleRes.obj
 0001:00007a30       ?SetMoney@KInventory@@QAEHH@Z 10008a30 f i KMissleRes.obj
 0001:00007a70       ??4KInventory@@QAEAAV0@ABV0@@Z 10008a70 f i KMissleRes.obj
 0001:00007ab0       ??4KPlayerFaction@@QAEAAV0@ABV0@@Z 10008ab0 f i KMissleRes.obj
 0001:00007af0       ??0CChatFriendTeam@@QAE@ABV0@@Z 10008af0 f i KMissleRes.obj
 0001:00007b60       ??4CChatFriendTeam@@QAEAAV0@ABV0@@Z 10008b60 f i KMissleRes.obj
 0001:00007bf0       ??1CChatFriendTeam@@QAE@XZ 10008bf0 f i KMissleRes.obj
 0001:00007c20       ??0KList@@QAE@ABV0@@Z      10008c20 f i KMissleRes.obj
 0001:00007cb0       ??1KList@@QAE@XZ           10008cb0 f i KMissleRes.obj
 0001:00007d30       ??4KList@@QAEAAV0@ABV0@@Z  10008d30 f i KMissleRes.obj
 0001:00007d80       ??0KNode@@QAE@ABV0@@Z      10008d80 f i KMissleRes.obj
 0001:00007dd0       ??4KNode@@QAEAAV0@ABV0@@Z  10008dd0 f i KMissleRes.obj
 0001:00007e10       ??0KPlayerChat@@QAE@XZ     10008e10 f i KMissleRes.obj
 0001:00007e60       ??0KPlayerChat@@QAE@ABV0@@Z 10008e60 f i KMissleRes.obj
 0001:00007f70       ??4KPlayerChat@@QAEAAV0@ABV0@@Z 10008f70 f i KMissleRes.obj
 0001:000080a0       ??1KPlayerChat@@QAE@XZ     100090a0 f i KMissleRes.obj
 0001:000080e0       ??4KPlayerTask@@QAEAAV0@ABV0@@Z 100090e0 f i KMissleRes.obj
 0001:00008120       ??4KTrade@@QAEAAV0@ABV0@@Z 10009120 f i KMissleRes.obj
 0001:00008160       ??4KPlayerPK@@QAEAAV0@ABV0@@Z 10009160 f i KMissleRes.obj
 0001:000081a0       ?GetEquipment@KItemList@@QAEHH@Z 100091a0 f i KMissleRes.obj
 0001:000081d0       ?GetMoney@KItemList@@QAEHH@Z 100091d0 f i KMissleRes.obj
 0001:00008210       ?Hand@KItemList@@QAEHXZ    10009210 f i KMissleRes.obj
 0001:00008230       ??4KItemList@@QAEAAV0@ABV0@@Z 10009230 f i KMissleRes.obj
 0001:00008270       ??1KItemList@@QAE@XZ       10009270 f i KMissleRes.obj
 0001:00008310       ??0KMissleSet@@QAE@XZ      10009310 f i KMissleSet.obj
 0001:000083b0       ??4KMissleSet@@QAEAAV0@ABV0@@Z 100093b0 f i KMissleSet.obj
 0001:000083e0       ??1KMissleSet@@QAE@XZ      100093e0 f i KMissleSet.obj
 0001:000084cb       ?Init@KMissleSet@@QAEXXZ   100094cb f   KMissleSet.obj
 0001:00008565       ?FindFree@KMissleSet@@QAEHXZ 10009565 f   KMissleSet.obj
 0001:00008597       ?Add@KMissleSet@@QAEHHHHHHH@Z 10009597 f   KMissleSet.obj
 0001:00008697       ?Add@KMissleSet@@QAEHHHH@Z 10009697 f   KMissleSet.obj
 0001:00008896       ?CreateMissile@KMissleSet@@QAEHHHHHHHHH@Z 10009896 f   KMissleSet.obj
 0001:000088f0       ?Activate@KMissleSet@@QAEHXZ 100098f0 f   KMissleSet.obj
 0001:0000894b       ?Remove@KMissleSet@@QAEXH@Z 1000994b f   KMissleSet.obj
 0001:00008a08       ?Draw@KMissleSet@@QAEXXZ   10009a08 f   KMissleSet.obj
 0001:00008a40       ?GetCount@KMissleSet@@QAEHXZ 10009a40 f   KMissleSet.obj
 0001:00008aa4       ?ClearMissles@KMissleSet@@QAEXXZ 10009aa4 f   KMissleSet.obj
 0001:00008cc0       ??0KSkillList@@QAE@XZ      10009cc0 f   KSkillList.obj
 0001:00008d02       ??1KSkillList@@QAE@XZ      10009d02 f   KSkillList.obj
 0001:00008d14       ?FindSame@KSkillList@@QAEHH@Z 10009d14 f   KSkillList.obj
 0001:00008d7b       ?FindFree@KSkillList@@QAEHXZ 10009d7b f   KSkillList.obj
 0001:00008dc7       ?SetNpcSkill@KSkillList@@QAEXHHH@Z 10009dc7 f   KSkillList.obj
 0001:00008eed       ?GetCount@KSkillList@@QAEHXZ 10009eed f   KSkillList.obj
 0001:00008f4c       ?IncreaseLevel@KSkillList@@QAEHHH@Z 10009f4c f   KSkillList.obj
 0001:00009042       ?Add@KSkillList@@QAEHHHHH@Z 1000a042 f   KSkillList.obj
 0001:00009237       ?GetLevel@KSkillList@@QAEHH@Z 1000a237 f   KSkillList.obj
 0001:000092c8       ?GetCurrentLevel@KSkillList@@QAEHH@Z 1000a2c8 f   KSkillList.obj
 0001:0000931f       ?CanCast@KSkillList@@QAEHHK@Z 1000a31f f   KSkillList.obj
 0001:00009394       ?SetNextCastTime@KSkillList@@QAEXHK@Z 1000a394 f   KSkillList.obj
 0001:000093ea       ?UpdateDBSkillList@KSkillList@@QAEHPAE@Z 1000a3ea f   KSkillList.obj
 0001:000096c0       ?id@?$ctype@G@std@@$D      1000a6c0 f i KSkillList.obj
 0001:000096f0       ?id@?$ctype@G@std@@$E      1000a6f0 f i KSkillList.obj
 0001:0000975b       ??0KSkillManager@@QAE@XZ   1000a75b f   KSkillManager.obj
 0001:00009770       ??1KSkillManager@@QAE@XZ   1000a770 f   KSkillManager.obj
 0001:00009869       ?Init@KSkillManager@@QAEHXZ 1000a869 f   KSkillManager.obj
 0001:00009a99       ?InstanceSkill@KSkillManager@@AAEPAVISkill@@KK@Z 1000aa99 f   KSkillManager.obj
 0001:00009e80       ??4KSkill@@QAEAAV0@ABV0@@Z 1000ae80 f i KSkillManager.obj
 0001:0000a560       ??4ISkill@@QAEAAV0@ABV0@@Z 1000b560 f i KSkillManager.obj
 0001:0000a580       ?SetSkillId@KSkill@@QAEXH@Z 1000b580 f i KSkillManager.obj
 0001:0000a5b0       ?SetSkillLevel@KSkill@@QAEXK@Z 1000b5b0 f i KSkillManager.obj
 0001:0000a5e0       ?GetSkillStyle@KSkillManager@@AAEHK@Z 1000b5e0 f i KSkillManager.obj
 0001:0000a630       ??0KSkill@@QAE@XZ          1000b630 f   KSkills.obj
 0001:0000a751       ??1KSkill@@UAE@XZ          1000b751 f   KSkills.obj
 0001:0000a76c       ?CanCastSkill@KSkill@@QBEHHAAH0@Z 1000b76c f   KSkills.obj
 0001:0000a9b9       ?Cast@KSkill@@QBEHHHHHW4eSkillLauncherType@@@Z 1000b9b9 f   KSkills.obj
 0001:0000ac47       ?Vanish@KSkill@@ABEXPAVKMissle@@@Z 1000bc47 f   KSkills.obj
 0001:0000ac73       ?OnMissleEvent@KSkill@@QBEHGPAVKMissle@@@Z 1000bc73 f   KSkills.obj
 0001:0000afb5       ?FlyEvent@KSkill@@ABEXPAVKMissle@@@Z 1000bfb5 f   KSkills.obj
 0001:0000afe1       ?Collidsion@KSkill@@ABEXPAVKMissle@@@Z 1000bfe1 f   KSkills.obj
 0001:0000b00d       ?CastMissles@KSkill@@ABEHHHHHW4eSkillLauncherType@@@Z 1000c00d f   KSkills.obj
 0001:0000c6b0       ?CastZone@KSkill@@ABEHPAUTOrdinSkillParam@@HHH@Z 1000d6b0 f   KSkills.obj
 0001:0000cca6       ?CastLine@KSkill@@ABEHPAUTOrdinSkillParam@@HHH@Z 1000dca6 f   KSkills.obj
 0001:0000d10d       ?CastExtractiveLineMissle@KSkill@@ABEHPAUTOrdinSkillParam@@HHHHHHH@Z 1000e10d f   KSkills.obj
 0001:0000d533       ?CastWall@KSkill@@ABEHPAUTOrdinSkillParam@@HHH@Z 1000e533 f   KSkills.obj
 0001:0000d9d3       ?CastCircle@KSkill@@ABEHPAUTOrdinSkillParam@@HHH@Z 1000e9d3 f   KSkills.obj
 0001:0000dea9       ?CastSpread@KSkill@@ABEHPAUTOrdinSkillParam@@HHH@Z 1000eea9 f   KSkills.obj
 0001:0000e531       ?GetChildSkillNum@KSkill@@QBEHH@Z 1000f531 f   KSkills.obj
 0001:0000e54e       ?CreateMissle@KSkill@@ABEXHHH@Z 1000f54e f   KSkills.obj
 0001:0000e8b7       ?GetInfoFromTabFile@KSkill@@QAEHH@Z 1000f8b7 f   KSkills.obj
 0001:0000e8f6       ?GetInfoFromTabFile@KSkill@@QAEHPAVKITabFile@@H@Z 1000f8f6 f   KSkills.obj
 0001:0000f26c       ?LoadSkillLevelData@KSkill@@UAEXKH@Z 1001026c f   KSkills.obj
 0001:0000f66f       ?CreateMissleMagicAttribsData@KSkill@@QBEPAVKMissleMagicAttribsData@@H@Z 1001066f f   KSkills.obj
 0001:0000f809       ?GetMissleGenerateTime@KSkill@@QBEIH@Z 10010809 f   KSkills.obj
 0001:0000f9ad       ?GetSkillIdFromName@KSkill@@SAHPAD@Z 100109ad f   KSkills.obj
 0001:0000fa39       ?CastInitiativeSkill@KSkill@@ABEHHHHH@Z 10010a39 f   KSkills.obj
 0001:0000fc1b       ?CastPassivitySkill@KSkill@@ABEHHHHH@Z 10010c1b f   KSkills.obj
 0001:0000fc9a       ?ParseString2MagicAttrib@KSkill@@AAEHKPAD0@Z 10010c9a f   KSkills.obj
 0001:00011a40       ??0KMagicAttrib@@QAE@XZ    10012a40 f i KSkills.obj
 0001:00011a90       ??_EKSkill@@UAEPAXI@Z      10012a90 f i KSkills.obj
 0001:00011a90       ??_GKSkill@@UAEPAXI@Z      10012a90 f i KSkills.obj
 0001:00011ae0       ??0ISkill@@QAE@XZ          10012ae0 f i KSkills.obj
 0001:00011b10       ??_H@YGXPAXIHP6EX0@Z@Z     10012b10 f i KSkills.obj
 0001:00011b60       ?g_GetDistance@@YAHHHHH@Z  10012b60 f i KSkills.obj
 0001:00011bd0       ?g_GetDirIndex@@YAHHHHH@Z  10012bd0 f i KSkills.obj
 0001:00011cd0       ?g_DirIndex2Dir@@YAHHH@Z   10012cd0 f i KSkills.obj
 0001:00011d10       ?Param2PCoordinate@KSkill@@ABEHHHHPAH0W4eSkillLauncherType@@@Z 10012d10 f i KSkills.obj
 0001:00011f20       ?GetSkillName@KSkill@@UAEPBDXZ 10012f20 f i KSkills.obj
 0001:00011f40       ?GetSkillStyle@KSkill@@UAEHXZ 10012f40 f i KSkills.obj
 0001:00011f60       ?GetSkillId@KSkill@@UAEHXZ 10012f60 f i KSkills.obj
 0001:00011f80       ?IsPhysical@KSkill@@QBEHXZ 10012f80 f i KSkills.obj
 0001:00011fb0       ?g_Dir2DirIndex@@YAHHH@Z   10012fb0 f i KSkills.obj
 0001:00011ff0       ?GetRef@KMissleMagicAttribsData@@QAEHXZ 10012ff0 f i KSkills.obj
 0001:00012010       ?SetMagicAttribsData@KMissle@@QAEHPAVKMissleMagicAttribsData@@@Z 10013010 f i KSkills.obj
 0001:00012060       ?AddRef@KMissleMagicAttribsData@@QAEHXZ 10013060 f i KSkills.obj
 0001:00012090       ??0KMissleMagicAttribsData@@QAE@XZ 10013090 f i KSkills.obj
 0001:00012100       ?MagicAttrib2String@KSkill@@ABEPBDH@Z 10013100 f i KSkills.obj
 0001:00012140       ?Init@KFaction@@QAEHXZ     10013140 f   KFaction.obj
 0001:00012701       ?GetID@KFaction@@QAEHHH@Z  10013701 f   KFaction.obj
 0001:0001273b       ?GetID@KFaction@@QAEHHPAD@Z 1001373b f   KFaction.obj
 0001:000127cf       ?GetCamp@KFaction@@QAEHH@Z 100137cf f   KFaction.obj
 0001:00012a3e       ??0KNpc@@QAE@XZ            10013a3e f   KNpc.obj
 0001:00012b22       ?Init@KNpc@@QAEXXZ         10013b22 f   KNpc.obj
 0001:00012fdb       ?SetCurrentCamp@KNpc@@QAEXH@Z 10013fdb f   KNpc.obj
 0001:000131ca       ?SetCamp@KNpc@@QAEXH@Z     100141ca f   KNpc.obj
 0001:000133b9       ?RestoreCurrentCamp@KNpc@@QAEXXZ 100143b9 f   KNpc.obj
 0001:000135ac       ?Activate@KNpc@@QAEXXZ     100145ac f   KNpc.obj
 0001:00013668       ?ProcStatus@KNpc@@QAEXXZ   10014668 f   KNpc.obj
 0001:000137dc       ?ProcCommand@KNpc@@QAEXH@Z 100147dc f   KNpc.obj
 0001:00013a1f       ?ProcessState@KNpc@@QAEHXZ 10014a1f f   KNpc.obj
 0001:000146a9       ?DoDeath@KNpc@@AAEXH@Z     100156a9 f   KNpc.obj
 0001:00014949       ?OnDeath@KNpc@@AAEXXZ      10015949 f   KNpc.obj
 0001:00014ac1       ?DoDefense@KNpc@@AAEXXZ    10015ac1 f   KNpc.obj
 0001:00014ae0       ?OnDefense@KNpc@@AAEXXZ    10015ae0 f   KNpc.obj
 0001:00014af2       ?DoIdle@KNpc@@AAEXXZ       10015af2 f   KNpc.obj
 0001:00014b1f       ?OnIdle@KNpc@@AAEXXZ       10015b1f f   KNpc.obj
 0001:00014b31       ?DoHurt@KNpc@@AAEXHHH@Z    10015b31 f   KNpc.obj
 0001:00014e1a       ?OnHurt@KNpc@@AAEXXZ       10015e1a f   KNpc.obj
 0001:00014ef2       ?DoSpecial1@KNpc@@AAEXXZ   10015ef2 f   KNpc.obj
 0001:00014f16       ?OnSpecial1@KNpc@@AAEXXZ   10015f16 f   KNpc.obj
 0001:0001500b       ?DoSpecial2@KNpc@@AAEXXZ   1001600b f   KNpc.obj
 0001:0001501d       ?OnSpecial2@KNpc@@AAEXXZ   1001601d f   KNpc.obj
 0001:0001502f       ?DoSpecial3@KNpc@@AAEXXZ   1001602f f   KNpc.obj
 0001:00015041       ?OnSpecial3@KNpc@@AAEXXZ   10016041 f   KNpc.obj
 0001:00015053       ?DoSpecial4@KNpc@@AAEXXZ   10016053 f   KNpc.obj
 0001:00015065       ?OnSpecial4@KNpc@@AAEXXZ   10016065 f   KNpc.obj
 0001:00015077       ?DoStand@KNpc@@AAEXXZ      10016077 f   KNpc.obj
 0001:000150e8       ?OnStand@KNpc@@AAEXXZ      100160e8 f   KNpc.obj
 0001:0001510c       ?DoRevive@KNpc@@AAEXXZ     1001610c f   KNpc.obj
 0001:00015242       ?OnRevive@KNpc@@AAEXXZ     10016242 f   KNpc.obj
 0001:0001527e       ?DoRun@KNpc@@AAEXXZ        1001627e f   KNpc.obj
 0001:00015504       ?OnRun@KNpc@@AAEXXZ        10016504 f   KNpc.obj
 0001:0001553a       ?DoSit@KNpc@@AAEXXZ        1001653a f   KNpc.obj
 0001:0001576f       ?OnSit@KNpc@@AAEXXZ        1001676f f   KNpc.obj
 0001:000157ac       ?DoSkill@KNpc@@AAEXHH@Z    100167ac f   KNpc.obj
 0001:00015c91       ?DoAttack@KNpc@@AAEXXZ     10016c91 f   KNpc.obj
 0001:00015cfc       ?CastMeleeSkill@KNpc@@AAEHPAVKSkill@@@Z 10016cfc f   KNpc.obj
 0001:00015f06       ?DoBlurAttack@KNpc@@AAEHXZ 10016f06 f   KNpc.obj
 0001:00015fdc       ?DoMagic@KNpc@@AAEXXZ      10016fdc f   KNpc.obj
 0001:00016047       ?OnSkill@KNpc@@AAEXXZ      10017047 f   KNpc.obj
 0001:00016182       ?JumpTo@KNpc@@AAEXHH@Z     10017182 f   KNpc.obj
 0001:000161ce       ?RunTo@KNpc@@AAEXHH@Z      100171ce f   KNpc.obj
 0001:00016208       ?Goto@KNpc@@AAEXHH@Z       10017208 f   KNpc.obj
 0001:00016242       ?DoWalk@KNpc@@AAEXXZ       10017242 f   KNpc.obj
 0001:000164c3       ?DoPlayerTalk@KNpc@@QAEXPAD@Z 100174c3 f   KNpc.obj
 0001:0001673c       ?OnPlayerTalk@KNpc@@AAEXXZ 1001773c f   KNpc.obj
 0001:0001674e       ?OnWalk@KNpc@@AAEXXZ       1001774e f   KNpc.obj
 0001:00016784       ?GetSkillLevel@KNpc@@QAEHH@Z 10017784 f   KNpc.obj
 0001:000167da       ?ModifyAttrib@KNpc@@QAEXHPAX@Z 100177da f   KNpc.obj
 0001:00016810       ?CalcDamage@KNpc@@QAEXHHHW4DAMAGE_TYPE@@HHH@Z 10017810 f   KNpc.obj
 0001:00017007       ?ReceiveDamage@KNpc@@QAEHHHPAXH@Z 10018007 f   KNpc.obj
 0001:00017314       ?SetImmediatelySkillEffect@KNpc@@QAEXHPAXH@Z 10018314 f   KNpc.obj
 0001:000173bb       ?AppendSkillEffect@KNpc@@QAEXPAX0@Z 100183bb f   KNpc.obj
 0001:00017812       ?ServeMove@KNpc@@AAEXH@Z   10018812 f   KNpc.obj
 0001:00017f46       ?ServeJump@KNpc@@AAEXH@Z   10018f46 f   KNpc.obj
 0001:000185cb       ?SendCommand@KNpc@@QAEXW4NPCCMD@@HHH@Z 100195cb f   KNpc.obj
 0001:0001860f       ?NewPath@KNpc@@AAEHHH@Z    1001960f f   KNpc.obj
 0001:00018640       ?NewJump@KNpc@@AAEHHH@Z    10019640 f   KNpc.obj
 0001:0001898e       ?SelfDamage@KNpc@@QAEXH@Z  1001998e f   KNpc.obj
 0001:000189d0       ?Cost@KNpc@@QAEHW4NPCATTRIB@@HH@Z 100199d0 f   KNpc.obj
 0001:00018a89       ?DoJump@KNpc@@AAEXXZ       10019a89 f   KNpc.obj
 0001:00018d23       ?OnJump@KNpc@@AAEHXZ       10019d23 f   KNpc.obj
 0001:00018d7b       ?WaitForFrame@KNpc@@AAEHXZ 10019d7b f   KNpc.obj
 0001:00018dcc       ?IsReachFrame@KNpc@@AAEHH@Z 10019dcc f   KNpc.obj
 0001:00018e09       ?Load@KNpc@@QAEXHH@Z       10019e09 f   KNpc.obj
 0001:00018e8e       ?GetMpsPos@KNpc@@QAEXPAH0@Z 10019e8e f   KNpc.obj
 0001:00018f00       ?SetActiveSkill@KNpc@@QAEHH@Z 10019f00 f   KNpc.obj
 0001:00019016       ?SetAuraSkill@KNpc@@QAEXH@Z 1001a016 f   KNpc.obj
 0001:00019187       ?SetPlayerIdx@KNpc@@QAEHH@Z 1001a187 f   KNpc.obj
 0001:000191cc       ?SendSyncData@KNpc@@QAEHH@Z 1001a1cc f   KNpc.obj
 0001:0001945c       ?NormalSync@KNpc@@QAEXXZ   1001a45c f   KNpc.obj
 0001:000199f8       ?BroadCastRevive@KNpc@@QAEXH@Z 1001a9f8 f   KNpc.obj
 0001:00019bc2       ?GetPlayerIdx@KNpc@@QAEHXZ 1001abc2 f   KNpc.obj
 0001:00019bea       ?AddBaseLifeMax@KNpc@@QAEXH@Z 1001abea f   KNpc.obj
 0001:00019c25       ?AddCurLifeMax@KNpc@@QAEXH@Z 1001ac25 f   KNpc.obj
 0001:00019c4e       ?AddBaseStaminaMax@KNpc@@QAEXH@Z 1001ac4e f   KNpc.obj
 0001:00019c89       ?AddCurStaminaMax@KNpc@@QAEXH@Z 1001ac89 f   KNpc.obj
 0001:00019cb2       ?AddBaseManaMax@KNpc@@QAEXH@Z 1001acb2 f   KNpc.obj
 0001:00019ced       ?AddCurManaMax@KNpc@@QAEXH@Z 1001aced f   KNpc.obj
 0001:00019d16       ?CalcCurLifeReplenish@KNpc@@QAEXXZ 1001ad16 f   KNpc.obj
 0001:00019d3a       ?Remove@KNpc@@QAEXXZ       1001ad3a f   KNpc.obj
 0001:00019d5e       ?SetSeries@KNpc@@QAEXH@Z   1001ad5e f   KNpc.obj
 0001:00019d93       ?SetStateSkillEffect@KNpc@@QAEXHHHPAXHH@Z 1001ad93 f   KNpc.obj
 0001:0001a235       ?ModifyMissleCollsion@KNpc@@QAEHH@Z 1001b235 f   KNpc.obj
 0001:0001a27f       ?ModifyMissleLifeTime@KNpc@@QAEHH@Z 1001b27f f   KNpc.obj
 0001:0001a2b1       ?ModifyMissleSpeed@KNpc@@QAEHH@Z 1001b2b1 f   KNpc.obj
 0001:0001a2de       ?DoManyAttack@KNpc@@AAEHXZ 1001b2de f   KNpc.obj
 0001:0001a3fe       ?OnManyAttack@KNpc@@AAEXXZ 1001b3fe f   KNpc.obj
 0001:0001a4bc       ?DoRunAttack@KNpc@@AAEHXZ  1001b4bc f   KNpc.obj
 0001:0001a69c       ?OnRunAttack@KNpc@@AAEXXZ  1001b69c f   KNpc.obj
 0001:0001a86f       ?DoJumpAttack@KNpc@@AAEHXZ 1001b86f f   KNpc.obj
 0001:0001a960       ?OnJumpAttack@KNpc@@AAEHXZ 1001b960 f   KNpc.obj
 0001:0001aaed       ?CheckHitTarget@KNpc@@AAEHHHH@Z 1001baed f   KNpc.obj
 0001:0001abb1       ?GetNpcCopyFromTemplate@KNpc@@QAEXHH@Z 1001bbb1 f   KNpc.obj
 0001:0001ad61       ?LoadDataFromTemplate@KNpc@@QAEXHH@Z 1001bd61 f   KNpc.obj
 0001:0001b201       ?Enchant@KNpc@@AAEXXZ      1001c201 f   KNpc.obj
 0001:0001b64c       ?ModifyEnchant@KNpc@@AAEXPAXH@Z 1001c64c f   KNpc.obj
 0001:0001b7da       ?SetPhysicsDamage@KNpc@@QAEXHH@Z 1001c7da f   KNpc.obj
 0001:0001b806       ?SetBaseAttackRating@KNpc@@QAEXH@Z 1001c806 f   KNpc.obj
 0001:0001b838       ?SetBaseDefence@KNpc@@QAEXH@Z 1001c838 f   KNpc.obj
 0001:0001b86a       ?DeathPunish@KNpc@@QAEXH@Z 1001c86a f   KNpc.obj
 0001:0001bc55       ?PlayerDeadCreateMoneyObj@KNpc@@AAEXH@Z 1001cc55 f   KNpc.obj
 0001:0001bd44       ?LoseMoney@KNpc@@AAEXXZ    1001cd44 f   KNpc.obj
 0001:0001beb6       ?LoseSingleItem@KNpc@@AAEXH@Z 1001ceb6 f   KNpc.obj
 0001:0001c636       ?Revive@KNpc@@QAEXXZ       1001d636 f   KNpc.obj
 0001:0001c792       ?RestoreLiveData@KNpc@@QAEXXZ 1001d792 f   KNpc.obj
 0001:0001c7a4       ?SendDataToNearRegion@KNpc@@QAEXPAXK@Z 1001d7a4 f   KNpc.obj
 0001:0001c9a7       ?DeathCalcPKValue@KNpc@@QAEXH@Z 1001d9a7 f   KNpc.obj
 0001:0001cb92       ?UpdateNpcStateInfo@KNpc@@AAEXXZ 1001db92 f   KNpc.obj
 0001:0001cca6       ?BroadCastState@KNpc@@QAEXXZ 1001dca6 f   KNpc.obj
 0001:0001cea5       ?ClearNpcState@KNpc@@QAEXXZ 1001dea5 f   KNpc.obj
 0001:0001cf41       ?RestoreNpcBaseInfo@KNpc@@QAEXXZ 1001df41 f   KNpc.obj
 0001:0001d2fb       ?SetPos@KNpc@@QAEHHH@Z     1001e2fb f   KNpc.obj
 0001:0001d559       ?ChangeWorld@KNpc@@QAEHKHH@Z 1001e559 f   KNpc.obj
 0001:0001d864       ?TobeExchangeServer@KNpc@@QAEXKHH@Z 1001e864 f   KNpc.obj
 0001:0001d8f0       ?IsPlayer@KNpc@@QAEHXZ     1001e8f0 f   KNpc.obj
 0001:0001d910       ?ClearStateSkillEffect@KNpc@@QAEXXZ 1001e910 f   KNpc.obj
 0001:0001da58       ?ClearNormalState@KNpc@@QAEXXZ 1001ea58 f   KNpc.obj
 0001:0001db9b       ?CheckTrap@KNpc@@QAEXXZ    1001eb9b f   KNpc.obj
 0001:0001dc90       ?SetFightMode@KNpc@@QAEXH@Z 1001ec90 f   KNpc.obj
 0001:0001dcb0       ?TurnTo@KNpc@@QAEXH@Z      1001ecb0 f   KNpc.obj
 0001:0001dd47       ?ReCalcStateEffect@KNpc@@QAEXXZ 1001ed47 f   KNpc.obj
 0001:0001de3e       ?GetCurActiveWeaponSkill@KNpc@@QAEHXZ 1001ee3e f   KNpc.obj
 0001:00020c50       ??1KNpc@@QAE@XZ            10021c50 f i KNpc.obj
 0001:00020cf0       ??0KList@@QAE@XZ           10021cf0 f i KNpc.obj
 0001:00020d90       ?Remove@KNode@@QAEXXZ      10021d90 f i KNpc.obj
 0001:00020e60       ?GetChildSkillId@KSkill@@QBEHXZ 10021e60 f i KNpc.obj
 0001:00020e90       ?g_RandPercent@@YAHH@Z     10021e90 f i KNpc.obj
 0001:00020ef0       ?GetActiveSkill@KNpc@@QAEPAVKSkill@@XZ 10021ef0 f i KNpc.obj
 0001:00020fc0       ?GetSkillCost@KSkill@@QBEHXZ 10021fc0 f i KNpc.obj
 0001:00020ff0       ?GetSkillCostType@KSkill@@QBE?AW4NPCATTRIB@@XZ 10021ff0 f i KNpc.obj
 0001:00021020       ?GetActionType@KSkill@@QBE?AW4CLIENTACTION@@XZ 10022020 f i KNpc.obj
 0001:00021040       ?GetMeleeType@KSkill@@QBEHXZ 10022040 f i KNpc.obj
 0001:00021070       ?GetDelayPerCast@KSkill@@QBEHXZ 10022070 f i KNpc.obj
 0001:000210a0       ?GetAttackRadius@KSkill@@QBEHXZ 100220a0 f i KNpc.obj
 0001:000210d0       ?IsAura@KSkill@@QBEHXZ     100220d0 f i KNpc.obj
 0001:000210f0       ?GetStateSpecailId@KSkill@@QBEHXZ 100220f0 f i KNpc.obj
 0001:00021120       ??0STATE_EFFECT_SYNC@@QAE@XZ 10022120 f i KNpc.obj
 0001:00021170       ??0KStateNode@@QAE@XZ      10022170 f i KNpc.obj
 0001:00021200       ??_GKStateNode@@UAEPAXI@Z  10022200 f i KNpc.obj
 0001:00021200       ??_EKStateNode@@UAEPAXI@Z  10022200 f i KNpc.obj
 0001:00021250       ??1KStateNode@@UAE@XZ      10022250 f i KNpc.obj
 0001:00021280       ?GetChildSkillNum@KSkill@@QBEHXZ 10022280 f i KNpc.obj
 0001:000212b0       ??0tagSHOW_MSG_SYNC@@QAE@XZ 100222b0 f i KNpc.obj
 0001:000212e0       ??1tagSHOW_MSG_SYNC@@QAE@XZ 100222e0 f i KNpc.obj
 0001:00021310       ?Release@tagSHOW_MSG_SYNC@@QAEXXZ 10022310 f i KNpc.obj
 0001:00021370       ?GetWidth@KItem@@QBEHXZ    10022370 f i KNpc.obj
 0001:00021390       ?GetHeight@KItem@@QBEHXZ   10022390 f i KNpc.obj
 0001:000213b0       ?GetObjIdx@KItem@@QAEHXZ   100223b0 f i KNpc.obj
 0001:000213d0       ?GetPrev@KNode@@QAEPAV1@XZ 100223d0 f i KNpc.obj
 0001:00021410       ?GetTail@KList@@QAEPAVKNode@@XZ 10022410 f i KNpc.obj
 0001:00021467       ??0KNpcAI@@QAE@XZ          10022467 f   KNpcAI.obj
 0001:0002148f       ?Activate@KNpcAI@@QAEXH@Z  1002248f f   KNpcAI.obj
 0001:00021602       ?ProcessPlayer@KNpcAI@@AAEXXZ 10022602 f   KNpcAI.obj
 0001:0002162e       ?TriggerMapTrap@KNpcAI@@AAEXXZ 1002262e f   KNpcAI.obj
 0001:00021660       ?TriggerObjectTrap@KNpcAI@@AAEXXZ 10022660 f   KNpcAI.obj
 0001:00021672       ?GetNearestNpc@KNpcAI@@AAEHH@Z 10022672 f   KNpcAI.obj
 0001:00021d82       ?GetNpcNumber@KNpcAI@@AAEHH@Z 10022d82 f   KNpcAI.obj
 0001:0002202f       ?KeepAttackRange@KNpcAI@@AAEXHH@Z 1002302f f   KNpcAI.obj
 0001:0002211a       ?FollowAttack@KNpcAI@@AAEXH@Z 1002311a f   KNpcAI.obj
 0001:0002221f       ?InEyeshot@KNpcAI@@AAEHH@Z 1002321f f   KNpcAI.obj
 0001:00022274       ?CommonAction@KNpcAI@@AAEXXZ 10023274 f   KNpcAI.obj
 0001:000223b7       ?KeepActiveRange@KNpcAI@@AAEHXZ 100233b7 f   KNpcAI.obj
 0001:000224f0       ?Flee@KNpcAI@@AAEXH@Z      100234f0 f   KNpcAI.obj
 0001:0002258f       ?ProcessAIType01@KNpcAI@@AAEXXZ 1002358f f   KNpcAI.obj
 0001:000227fc       ?ProcessAIType02@KNpcAI@@AAEXXZ 100237fc f   KNpcAI.obj
 0001:00022ad3       ?ProcessAIType03@KNpcAI@@AAEXXZ 10023ad3 f   KNpcAI.obj
 0001:00022d80       ?ProcessAIType04@KNpcAI@@AAEXXZ 10023d80 f   KNpcAI.obj
 0001:00022fa4       ?ProcessAIType05@KNpcAI@@AAEXXZ 10023fa4 f   KNpcAI.obj
 0001:00023232       ?ProcessAIType06@KNpcAI@@AAEXXZ 10024232 f   KNpcAI.obj
 0001:00023d0b       ??0KNpcAttribModify@@QAE@XZ 10024d0b f   KNpcAttribModify.obj
 0001:000241b2       ??1KNpcAttribModify@@QAE@XZ 100251b2 f   KNpcAttribModify.obj
 0001:000241c4       ?ModifyAttrib@KNpcAttribModify@@QAEXPAVKNpc@@PAX@Z 100251c4 f   KNpcAttribModify.obj
 0001:00024243       ?AddColdDamageV@KNpcAttribModify@@AAEXPAVKNpc@@PAX@Z 10025243 f   KNpcAttribModify.obj
 0001:000242d1       ?AddFireDamageV@KNpcAttribModify@@AAEXPAVKNpc@@PAX@Z 100252d1 f   KNpcAttribModify.obj
 0001:0002435f       ?AddLightingDamageV@KNpcAttribModify@@AAEXPAVKNpc@@PAX@Z 1002535f f   KNpcAttribModify.obj
 0001:000243ed       ?AddPhysicsDamageP@KNpcAttribModify@@AAEXPAVKNpc@@PAX@Z 100253ed f   KNpcAttribModify.obj
 0001:0002462b       ?AddPoisonDamageV@KNpcAttribModify@@AAEXPAVKNpc@@PAX@Z 1002562b f   KNpcAttribModify.obj
 0001:0002479a       ?AddPhysicsDamageV@KNpcAttribModify@@AAEXPAVKNpc@@PAX@Z 1002579a f   KNpcAttribModify.obj
 0001:00024828       ?AllresP@KNpcAttribModify@@AAEXPAVKNpc@@PAX@Z 10025828 f   KNpcAttribModify.obj
 0001:000248f7       ?AllSkillV@KNpcAttribModify@@AAEXPAVKNpc@@PAX@Z 100258f7 f   KNpcAttribModify.obj
 0001:0002494d       ?AttackRatingP@KNpcAttribModify@@AAEXPAVKNpc@@PAX@Z 1002594d f   KNpcAttribModify.obj
 0001:000249e9       ?AttackRatingV@KNpcAttribModify@@AAEXPAVKNpc@@PAX@Z 100259e9 f   KNpcAttribModify.obj
 0001:00024a58       ?AttackSpeedV@KNpcAttribModify@@AAEXPAVKNpc@@PAX@Z 10025a58 f   KNpcAttribModify.obj
 0001:00024ac7       ?BadStatusTimeReduceV@KNpcAttribModify@@AAEXPAVKNpc@@PAX@Z 10025ac7 f   KNpcAttribModify.obj
 0001:00024aea       ?BurnTimeReduceP@KNpcAttribModify@@AAEXPAVKNpc@@PAX@Z 10025aea f   KNpcAttribModify.obj
 0001:00024b71       ?CastSpeedV@KNpcAttribModify@@AAEXPAVKNpc@@PAX@Z 10025b71 f   KNpcAttribModify.obj
 0001:00024be0       ?ChangeCampV@KNpcAttribModify@@AAEXPAVKNpc@@PAX@Z 10025be0 f   KNpcAttribModify.obj
 0001:00024c74       ?ColdArmorV@KNpcAttribModify@@AAEXPAVKNpc@@PAX@Z 10025c74 f   KNpcAttribModify.obj
 0001:00024d34       ?ColdresP@KNpcAttribModify@@AAEXPAVKNpc@@PAX@Z 10025d34 f   KNpcAttribModify.obj
 0001:00024da3       ?DeadlyStrikeP@KNpcAttribModify@@AAEXPAVKNpc@@PAX@Z 10025da3 f   KNpcAttribModify.obj
 0001:00024e12       ?DexterityV@KNpcAttribModify@@AAEXPAVKNpc@@PAX@Z 10025e12 f   KNpcAttribModify.obj
 0001:00024ea3       ?EarthSkillV@KNpcAttribModify@@AAEXPAVKNpc@@PAX@Z 10025ea3 f   KNpcAttribModify.obj
 0001:00024ef9       ?EnergyV@KNpcAttribModify@@AAEXPAVKNpc@@PAX@Z 10025ef9 f   KNpcAttribModify.obj
 0001:00024f8a       ?FastHitRecoverV@KNpcAttribModify@@AAEXPAVKNpc@@PAX@Z 10025f8a f   KNpcAttribModify.obj
 0001:00024ff9       ?FastWalkRunP@KNpcAttribModify@@AAEXPAVKNpc@@PAX@Z 10025ff9 f   KNpcAttribModify.obj
 0001:000250a8       ?FireArmorV@KNpcAttribModify@@AAEXPAVKNpc@@PAX@Z 100260a8 f   KNpcAttribModify.obj
 0001:00025168       ?FireSkillV@KNpcAttribModify@@AAEXPAVKNpc@@PAX@Z 10026168 f   KNpcAttribModify.obj
 0001:000251be       ?FreezeTimeReduceP@KNpcAttribModify@@AAEXPAVKNpc@@PAX@Z 100261be f   KNpcAttribModify.obj
 0001:00025256       ?KnockBackP@KNpcAttribModify@@AAEXPAVKNpc@@PAX@Z 10026256 f   KNpcAttribModify.obj
 0001:000252c5       ?LifeMaxP@KNpcAttribModify@@AAEXPAVKNpc@@PAX@Z 100262c5 f   KNpcAttribModify.obj
 0001:00025361       ?LifeMaxV@KNpcAttribModify@@AAEXPAVKNpc@@PAX@Z 10026361 f   KNpcAttribModify.obj
 0001:000253d0       ?LifeReplenishV@KNpcAttribModify@@AAEXPAVKNpc@@PAX@Z 100263d0 f   KNpcAttribModify.obj
 0001:0002543f       ?LifeV@KNpcAttribModify@@AAEXPAVKNpc@@PAX@Z 1002643f f   KNpcAttribModify.obj
 0001:000254ae       ?LightingArmorV@KNpcAttribModify@@AAEXPAVKNpc@@PAX@Z 100264ae f   KNpcAttribModify.obj
 0001:0002556e       ?LightingresP@KNpcAttribModify@@AAEXPAVKNpc@@PAX@Z 1002656e f   KNpcAttribModify.obj
 0001:000255dd       ?LuckyV@KNpcAttribModify@@AAEXPAVKNpc@@PAX@Z 100265dd f   KNpcAttribModify.obj
 0001:0002563f       ?ManaMaxP@KNpcAttribModify@@AAEXPAVKNpc@@PAX@Z 1002663f f   KNpcAttribModify.obj
 0001:000256db       ?ManaMaxV@KNpcAttribModify@@AAEXPAVKNpc@@PAX@Z 100266db f   KNpcAttribModify.obj
 0001:0002574a       ?ManaReplenishV@KNpcAttribModify@@AAEXPAVKNpc@@PAX@Z 1002674a f   KNpcAttribModify.obj
 0001:000257b9       ?ManaV@KNpcAttribModify@@AAEXPAVKNpc@@PAX@Z 100267b9 f   KNpcAttribModify.obj
 0001:00025828       ?ManaShieldP@KNpcAttribModify@@AAEXPAVKNpc@@PAX@Z 10026828 f   KNpcAttribModify.obj
 0001:000258a4       ?MeleeDamageReturnP@KNpcAttribModify@@AAEXPAVKNpc@@PAX@Z 100268a4 f   KNpcAttribModify.obj
 0001:00025913       ?MeleeDamageReturnV@KNpcAttribModify@@AAEXPAVKNpc@@PAX@Z 10026913 f   KNpcAttribModify.obj
 0001:00025982       ?MetalSkillV@KNpcAttribModify@@AAEXPAVKNpc@@PAX@Z 10026982 f   KNpcAttribModify.obj
 0001:000259d8       ?PhysicsArmorV@KNpcAttribModify@@AAEXPAVKNpc@@PAX@Z 100269d8 f   KNpcAttribModify.obj
 0001:00025a98       ?PhysicsresP@KNpcAttribModify@@AAEXPAVKNpc@@PAX@Z 10026a98 f   KNpcAttribModify.obj
 0001:00025b07       ?Damage2ManaP@KNpcAttribModify@@AAEXPAVKNpc@@PAX@Z 10026b07 f   KNpcAttribModify.obj
 0001:00025b76       ?PoisonArmorV@KNpcAttribModify@@AAEXPAVKNpc@@PAX@Z 10026b76 f   KNpcAttribModify.obj
 0001:00025c36       ?PoisonDamageReduceV@KNpcAttribModify@@AAEXPAVKNpc@@PAX@Z 10026c36 f   KNpcAttribModify.obj
 0001:00025cb1       ?PoisonresP@KNpcAttribModify@@AAEXPAVKNpc@@PAX@Z 10026cb1 f   KNpcAttribModify.obj
 0001:00025d20       ?PoisonTimeReduceP@KNpcAttribModify@@AAEXPAVKNpc@@PAX@Z 10026d20 f   KNpcAttribModify.obj
 0001:00025db8       ?RangeDamageReturnV@KNpcAttribModify@@AAEXPAVKNpc@@PAX@Z 10026db8 f   KNpcAttribModify.obj
 0001:00025e27       ?RangeDamageReturnP@KNpcAttribModify@@AAEXPAVKNpc@@PAX@Z 10026e27 f   KNpcAttribModify.obj
 0001:00025e96       ?SlowMissleB@KNpcAttribModify@@AAEXPAVKNpc@@PAX@Z 10026e96 f   KNpcAttribModify.obj
 0001:00025f11       ?StaminaMaxP@KNpcAttribModify@@AAEXPAVKNpc@@PAX@Z 10026f11 f   KNpcAttribModify.obj
 0001:00025fad       ?StaminaMaxV@KNpcAttribModify@@AAEXPAVKNpc@@PAX@Z 10026fad f   KNpcAttribModify.obj
 0001:0002601c       ?StaminaReplenishV@KNpcAttribModify@@AAEXPAVKNpc@@PAX@Z 1002701c f   KNpcAttribModify.obj
 0001:0002608b       ?StaminaV@KNpcAttribModify@@AAEXPAVKNpc@@PAX@Z 1002708b f   KNpcAttribModify.obj
 0001:000260fa       ?StealLifeP@KNpcAttribModify@@AAEXPAVKNpc@@PAX@Z 100270fa f   KNpcAttribModify.obj
 0001:00026172       ?StealManaP@KNpcAttribModify@@AAEXPAVKNpc@@PAX@Z 10027172 f   KNpcAttribModify.obj
 0001:000261ea       ?StealStaminaP@KNpcAttribModify@@AAEXPAVKNpc@@PAX@Z 100271ea f   KNpcAttribModify.obj
 0001:00026262       ?StrengthV@KNpcAttribModify@@AAEXPAVKNpc@@PAX@Z 10027262 f   KNpcAttribModify.obj
 0001:000262f3       ?StunTimeReduceP@KNpcAttribModify@@AAEXPAVKNpc@@PAX@Z 100272f3 f   KNpcAttribModify.obj
 0001:0002637a       ?VisionRadiusP@KNpcAttribModify@@AAEXPAVKNpc@@PAX@Z 1002737a f   KNpcAttribModify.obj
 0001:000263e9       ?VitalityV@KNpcAttribModify@@AAEXPAVKNpc@@PAX@Z 100273e9 f   KNpcAttribModify.obj
 0001:0002647a       ?WaterSkillV@KNpcAttribModify@@AAEXPAVKNpc@@PAX@Z 1002747a f   KNpcAttribModify.obj
 0001:000264d0       ?WoodSkillV@KNpcAttribModify@@AAEXPAVKNpc@@PAX@Z 100274d0 f   KNpcAttribModify.obj
 0001:00026526       ?FireresP@KNpcAttribModify@@AAEXPAVKNpc@@PAX@Z 10027526 f   KNpcAttribModify.obj
 0001:00026595       ?ArmorDefenseV@KNpcAttribModify@@AAEXPAVKNpc@@PAX@Z 10027595 f   KNpcAttribModify.obj
 0001:00026604       ?ColdEnhanceP@KNpcAttribModify@@AAEXPAVKNpc@@PAX@Z 10027604 f   KNpcAttribModify.obj
 0001:00026673       ?FireEnhanceP@KNpcAttribModify@@AAEXPAVKNpc@@PAX@Z 10027673 f   KNpcAttribModify.obj
 0001:000266e2       ?LightingEnhanceP@KNpcAttribModify@@AAEXPAVKNpc@@PAX@Z 100276e2 f   KNpcAttribModify.obj
 0001:00026751       ?PoisonEnhanceP@KNpcAttribModify@@AAEXPAVKNpc@@PAX@Z 10027751 f   KNpcAttribModify.obj
 0001:000267c0       ?LifePotionV@KNpcAttribModify@@AAEXPAVKNpc@@PAX@Z 100277c0 f   KNpcAttribModify.obj
 0001:000268ad       ?ManaPotionV@KNpcAttribModify@@AAEXPAVKNpc@@PAX@Z 100278ad f   KNpcAttribModify.obj
 0001:0002699a       ?PhysicsResMaxP@KNpcAttribModify@@AAEXPAVKNpc@@PAX@Z 1002799a f   KNpcAttribModify.obj
 0001:00026a09       ?ColdResMaxP@KNpcAttribModify@@AAEXPAVKNpc@@PAX@Z 10027a09 f   KNpcAttribModify.obj
 0001:00026a78       ?FireResMaxP@KNpcAttribModify@@AAEXPAVKNpc@@PAX@Z 10027a78 f   KNpcAttribModify.obj
 0001:00026ae7       ?LightingResMaxP@KNpcAttribModify@@AAEXPAVKNpc@@PAX@Z 10027ae7 f   KNpcAttribModify.obj
 0001:00026b56       ?PoisonResMaxP@KNpcAttribModify@@AAEXPAVKNpc@@PAX@Z 10027b56 f   KNpcAttribModify.obj
 0001:00026bc5       ?AllResMaxP@KNpcAttribModify@@AAEXPAVKNpc@@PAX@Z 10027bc5 f   KNpcAttribModify.obj
 0001:00026c94       ?FatallyStrikeP@KNpcAttribModify@@AAEXPAVKNpc@@PAX@Z 10027c94 f   KNpcAttribModify.obj
 0001:000278b0       ??0KNpcFindPath@@QAE@XZ    100288b0 f   KNpcFindPath.obj
 0001:00027914       ?Init@KNpcFindPath@@QAEXH@Z 10028914 f   KNpcFindPath.obj
 0001:00027976       ?GetDir@KNpcFindPath@@QAEHHHHHHHPAH@Z 10028976 f   KNpcFindPath.obj
 0001:00027ee7       ?Dir64To8@KNpcFindPath@@QAEHH@Z 10028ee7 f   KNpcFindPath.obj
 0001:00027f07       ?Dir8To64@KNpcFindPath@@QAEHH@Z 10028f07 f   KNpcFindPath.obj
 0001:00027f21       ?CheckDistance@KNpcFindPath@@QAEHHHHHH@Z 10028f21 f   KNpcFindPath.obj
 0001:00027f65       ?CheckBarrier@KNpcFindPath@@QAEHHH@Z 10028f65 f   KNpcFindPath.obj
 0001:0002824b       ??0KNpcSet@@QAE@XZ         1002924b f   KNpcSet.obj
 0001:000282d6       ?Init@KNpcSet@@QAEXXZ      100292d6 f   KNpcSet.obj
 0001:00028831       ?IsNpcExist@KNpcSet@@QAEHHK@Z 10029831 f   KNpcSet.obj
 0001:00028862       ?GenOneRelation@KNpcSet@@AAE?AW4NPC_RELATION@@W4NPCKIND@@0W4NPCCAMP@@1@Z 10029862 f   KNpcSet.obj
 0001:000288e2       ?GenRelationTable@KNpcSet@@AAEHXZ 100298e2 f   KNpcSet.obj
 0001:000289e1       ?SearchID@KNpcSet@@QAEHK@Z 100299e1 f   KNpcSet.obj
 0001:00028a5e       ?SearchName@KNpcSet@@QAEHPAD@Z 10029a5e f   KNpcSet.obj
 0001:00028af0       ?SearchNameID@KNpcSet@@QAEHK@Z 10029af0 f   KNpcSet.obj
 0001:00028ba7       ?FindFree@KNpcSet@@AAEHXZ  10029ba7 f   KNpcSet.obj
 0001:00028bdf       ?Add@KNpcSet@@QAEHHPAX@Z   10029bdf f   KNpcSet.obj
 0001:00028e12       ?Add@KNpcSet@@QAEHHHHH@Z   10029e12 f   KNpcSet.obj
 0001:00028eb0       ?Add@KNpcSet@@QAEHHHHHHHH@Z 10029eb0 f   KNpcSet.obj
 0001:0002906f       ?Remove@KNpcSet@@QAEXH@Z   1002a06f f   KNpcSet.obj
 0001:00029309       ?SetID@KNpcSet@@AAEXH@Z    1002a309 f   KNpcSet.obj
 0001:0002935b       ?GetDistance@KNpcSet@@SAHHH@Z 1002a35b f   KNpcSet.obj
 0001:0002960e       ?GetDistanceSquare@KNpcSet@@SAHHH@Z 1002a60e f   KNpcSet.obj
 0001:00029889       ?GetNextIdx@KNpcSet@@QAEHH@Z 1002a889 f   KNpcSet.obj
 0001:000298d8       ?SyncNpc@KNpcSet@@QAEHKH@Z 1002a8d8 f   KNpcSet.obj
 0001:00029986       ?ClearActivateFlagOfAllNpc@KNpcSet@@QAEXXZ 1002a986 f   KNpcSet.obj
 0001:000299f9       ?GetRelation@KNpcSet@@QAE?AW4NPC_RELATION@@HH@Z 1002a9f9 f   KNpcSet.obj
 0001:0002a340       ??1KNpcSet@@QAE@XZ         1002b340 f i KNpcSet.obj
 0001:0002a3e0       ?Clear@KSkillList@@QAEXXZ  1002b3e0 f i KNpcSet.obj
 0001:0002a420       ?InitNpcBaseData@KNpcTemplate@@QAEXH@Z 1002b420 f   KNpcTemplate.obj
 0001:0002aab7       ?InitNpcLevelData@KNpcTemplate@@QAEXPAVKTabFile@@HPAVKLuaScript@@H@Z 1002bab7 f   KNpcTemplate.obj
 0001:0002b3dc       ?GetNpcLevelDataFromScript@KNpcTemplate@@QAEHPAVKLuaScript@@PADH1@Z 1002c3dc f   KNpcTemplate.obj
 0001:0002b4e2       ?SkillString2Id@KNpcTemplate@@QAEHPAD@Z 1002c4e2 f   KNpcTemplate.obj
 0001:0002baee       ??0KPlayer@@QAE@XZ         1002caee f   KPlayer.obj
 0001:0002bbec       ?Release@KPlayer@@QAEXXZ   1002cbec f   KPlayer.obj
 0001:0002be1c       ?SetPlayerIndex@KPlayer@@QAEXH@Z 1002ce1c f   KPlayer.obj
 0001:0002be49       ?GetPlayerIndex@KPlayer@@QAEHXZ 1002ce49 f   KPlayer.obj
 0001:0002be60       ?Active@KPlayer@@QAEXXZ    1002ce60 f   KPlayer.obj
 0001:0002bf3c       ?ProcessMsg@KPlayer@@QAEXPAVKWorldMsgNode@@@Z 1002cf3c f   KPlayer.obj
 0001:0002bf62       ?IsWaitingRemove@KPlayer@@QAEHXZ 1002cf62 f   KPlayer.obj
 0001:0002bf7a       ?WaitForRemove@KPlayer@@QAEXXZ 1002cf7a f   KPlayer.obj
 0001:0002bf96       ?IsLoginTimeOut@KPlayer@@QAEHXZ 1002cf96 f   KPlayer.obj
 0001:0002bffc       ?LoginTimeOut@KPlayer@@QAEXXZ 1002cffc f   KPlayer.obj
 0001:0002c045       ?Save@KPlayer@@QAEHXZ      1002d045 f   KPlayer.obj
 0001:0002c105       ?CanSave@KPlayer@@QAEHXZ   1002d105 f   KPlayer.obj
 0001:0002c1a7       ?SendSyncData@KPlayer@@QAEHAAHAAI@Z 1002d1a7 f   KPlayer.obj
 0001:0002c4e6       ?SendSyncData_Skill@KPlayer@@QAEHXZ 1002d4e6 f   KPlayer.obj
 0001:0002c675       ?SendCurNormalSyncData@KPlayer@@QAEXXZ 1002d675 f   KPlayer.obj
 0001:0002c75e       ?QuitGame@KPlayer@@QAEXH@Z 1002d75e f   KPlayer.obj
 0001:0002c784       ?BuyItem@KPlayer@@QAEXPAE@Z 1002d784 f   KPlayer.obj
 0001:0002c7ef       ?SellItem@KPlayer@@QAEXPAE@Z 1002d7ef f   KPlayer.obj
 0001:0002c84c       ?GetRevivalPos@KPlayer@@QAEXPAH00@Z 1002d84c f   KPlayer.obj
 0001:0002c881       ?SetTimer@KPlayer@@QAEXKH@Z 1002d881 f   KPlayer.obj
 0001:0002c8c9       ?CloseTimer@KPlayer@@QAEXXZ 1002d8c9 f   KPlayer.obj
 0001:0002c8ef       ?SetRevivalPos@KPlayer@@QAEXHH@Z 1002d8ef f   KPlayer.obj
 0001:0002c989       ?S2CSendTeamInfo@KPlayer@@QAEXPAE@Z 1002d989 f   KPlayer.obj
 0001:0002cc5a       ?SendSelfTeamInfo@KPlayer@@QAEXXZ 1002dc5a f   KPlayer.obj
 0001:0002cef4       ?CreateTeam@KPlayer@@QAEHPAE@Z 1002def4 f   KPlayer.obj
 0001:0002cf2a       ?SetTeamState@KPlayer@@QAEHPAE@Z 1002df2a f   KPlayer.obj
 0001:0002d003       ?S2CSendAddTeamInfo@KPlayer@@QAEHPAE@Z 1002e003 f   KPlayer.obj
 0001:0002d1ce       ?AddTeamMember@KPlayer@@QAEHPAE@Z 1002e1ce f   KPlayer.obj
 0001:0002d7c3       ?LeaveTeam@KPlayer@@QAEXPAE@Z 1002e7c3 f   KPlayer.obj
 0001:0002d9d0       ?TeamKickOne@KPlayer@@QAEXPAE@Z 1002e9d0 f   KPlayer.obj
 0001:0002dc8d       ?TeamChangeCaptain@KPlayer@@QAEXPAE@Z 1002ec8d f   KPlayer.obj
 0001:0002df98       ?TeamDismiss@KPlayer@@QAEXPAE@Z 1002ef98 f   KPlayer.obj
 0001:0002e210       ?SetPK@KPlayer@@QAEXPAE@Z  1002f210 f   KPlayer.obj
 0001:0002e281       ?SendFactionData@KPlayer@@QAEXPAE@Z 1002f281 f   KPlayer.obj
 0001:0002e2a7       ?SendFactionData@KPlayer@@AAEXXZ 1002f2a7 f   KPlayer.obj
 0001:0002e34e       ?GetAboutPos@KPlayer@@QAEXPAUKMapPos@@@Z 1002f34e f   KPlayer.obj
 0001:0002e46c       ?FindAroundPlayer@KPlayer@@QAEHK@Z 1002f46c f   KPlayer.obj
 0001:0002e5b3       ?FindAroundNpc@KPlayer@@QAEHK@Z 1002f5b3 f   KPlayer.obj
 0001:0002e6f8       ?NewPlayerGetBaseAttribute@KPlayer@@QAEHH@Z 1002f6f8 f   KPlayer.obj
 0001:0002e80d       ?CalcCurLucky@KPlayer@@AAEXXZ 1002f80d f   KPlayer.obj
 0001:0002e831       ?AddBaseStrength@KPlayer@@AAEXH@Z 1002f831 f   KPlayer.obj
 0001:0002e936       ?AddBaseDexterity@KPlayer@@AAEXH@Z 1002f936 f   KPlayer.obj
 0001:0002ea4b       ?AddBaseVitality@KPlayer@@AAEXH@Z 1002fa4b f   KPlayer.obj
 0001:0002ebc6       ?AddBaseEngergy@KPlayer@@AAEXH@Z 1002fbc6 f   KPlayer.obj
 0001:0002ed03       ?ChangeCurStrength@KPlayer@@QAEXH@Z 1002fd03 f   KPlayer.obj
 0001:0002ed3e       ?ChangeCurDexterity@KPlayer@@QAEXH@Z 1002fd3e f   KPlayer.obj
 0001:0002edfb       ?ChangeCurVitality@KPlayer@@QAEXH@Z 1002fdfb f   KPlayer.obj
 0001:0002eeac       ?ChangeCurEngergy@KPlayer@@QAEXH@Z 1002feac f   KPlayer.obj
 0001:0002ef1e       ?AddBaseLucky@KPlayer@@QAEXH@Z 1002ff1e f   KPlayer.obj
 0001:0002ef59       ?SetNpcPhysicsDamage@KPlayer@@AAEXXZ 1002ff59 f   KPlayer.obj
 0001:0002f091       ?SetNpcAttackRating@KPlayer@@AAEXXZ 10030091 f   KPlayer.obj
 0001:0002f0e7       ?SetNpcDefence@KPlayer@@AAEXXZ 100300e7 f   KPlayer.obj
 0001:0002f13f       ?AddExp@KPlayer@@QAEXHH@Z  1003013f f   KPlayer.obj
 0001:0002f7bc       ?AddSelfExp@KPlayer@@QAEXHH@Z 100307bc f   KPlayer.obj
 0001:0002f933       ?DirectAddExp@KPlayer@@QAEXH@Z 10030933 f   KPlayer.obj
 0001:0002fa58       ?LevelUp@KPlayer@@QAEXXZ   10030a58 f   KPlayer.obj
 0001:00030181       ?UpdataCurData@KPlayer@@QAEXXZ 10031181 f   KPlayer.obj
 0001:0003094b       ?ReCalcEquip@KPlayer@@QAEXXZ 1003194b f   KPlayer.obj
 0001:00030a2d       ?ReCalcState@KPlayer@@QAEXXZ 10031a2d f   KPlayer.obj
 0001:00030aa8       ?AddLeadExp@KPlayer@@QAEXH@Z 10031aa8 f   KPlayer.obj
 0001:00030b8c       ?LevelAddBaseLifeMax@KPlayer@@AAEXXZ 10031b8c f   KPlayer.obj
 0001:00030c20       ?LevelAddBaseStaminaMax@KPlayer@@AAEXXZ 10031c20 f   KPlayer.obj
 0001:00030cb4       ?LevelAddBaseManaMax@KPlayer@@AAEXXZ 10031cb4 f   KPlayer.obj
 0001:00030d48       ?ChangePlayerCamp@KPlayer@@QAEXH@Z 10031d48 f   KPlayer.obj
 0001:00030d82       ?AddFaction@KPlayer@@QAEHPAD@Z 10031d82 f   KPlayer.obj
 0001:00030e06       ?AddFaction@KPlayer@@QAEHH@Z 10031e06 f   KPlayer.obj
 0001:00030e8a       ?LeaveCurFaction@KPlayer@@QAEHXZ 10031e8a f   KPlayer.obj
 0001:00030f20       ?CurFactionOpenSkill@KPlayer@@QAEHH@Z 10031f20 f   KPlayer.obj
 0001:00030fd1       ?TaskClearTempVal@KPlayer@@QAEXXZ 10031fd1 f   KPlayer.obj
 0001:00030ffb       ?TaskGetSaveVal@KPlayer@@QAEHH@Z 10031ffb f   KPlayer.obj
 0001:0003102b       ?TaskSetSaveVal@KPlayer@@QAEXHH@Z 1003202b f   KPlayer.obj
 0001:0003105f       ?TaskGetClearVal@KPlayer@@QAEHH@Z 1003205f f   KPlayer.obj
 0001:0003108f       ?TaskSetClearVal@KPlayer@@QAEXHH@Z 1003208f f   KPlayer.obj
 0001:000310c3       ?ServerSendChat@KPlayer@@QAEXPAE@Z 100320c3 f   KPlayer.obj
 0001:000310f9       ?AddBaseAttribute@KPlayer@@QAEXPAE@Z 100320f9 f   KPlayer.obj
 0001:0003119a       ?AddSkillPoint@KPlayer@@QAEXPAE@Z 1003219a f   KPlayer.obj
 0001:000314f8       ?ServerPickUpItem@KPlayer@@QAEHPAE@Z 100324f8 f   KPlayer.obj
 0001:00031cbb       ?EatItem@KPlayer@@QAEXPAE@Z 10032cbb f   KPlayer.obj
 0001:00031d11       ?ServerMoveItem@KPlayer@@QAEXPAE@Z 10032d11 f   KPlayer.obj
 0001:00031e03       ?ServerThrowAwayItem@KPlayer@@QAEXPAE@Z 10032e03 f   KPlayer.obj
 0001:00031f8e       ?ChatSetTakeChannel@KPlayer@@QAEXPAE@Z 10032f8e f   KPlayer.obj
 0001:00031fd0       ?ChatTransmitApplyAddFriend@KPlayer@@QAEXPAE@Z 10032fd0 f   KPlayer.obj
 0001:00032157       ?ChatAddFriend@KPlayer@@QAEHPAE@Z 10033157 f   KPlayer.obj
 0001:000322a0       ?ChatRefuseFriend@KPlayer@@QAEXPAE@Z 100332a0 f   KPlayer.obj
 0001:000323da       ?ChatResendAllFriend@KPlayer@@QAEXPAE@Z 100333da f   KPlayer.obj
 0001:00032443       ?ChatSendOneFriendData@KPlayer@@QAEXPAE@Z 10033443 f   KPlayer.obj
 0001:0003248b       ?ChatDeleteFriend@KPlayer@@QAEXPAE@Z 1003348b f   KPlayer.obj
 0001:000324d7       ?ChatRedeleteFriend@KPlayer@@QAEXPAE@Z 100334d7 f   KPlayer.obj
 0001:0003251f       ?TradeApplyOpen@KPlayer@@QAEXPAE@Z 1003351f f   KPlayer.obj
 0001:00032699       ?TradeApplyClose@KPlayer@@QAEXPAE@Z 10033699 f   KPlayer.obj
 0001:000326d3       ?TradeApplyStart@KPlayer@@QAEXPAE@Z 100336d3 f   KPlayer.obj
 0001:000327cb       ?TradeMoveMoney@KPlayer@@QAEXPAE@Z 100337cb f   KPlayer.obj
 0001:0003285e       ?TradeDecision@KPlayer@@QAEXPAE@Z 1003385e f   KPlayer.obj
 0001:000331c5       ?c2sTradeReplyStart@KPlayer@@QAEXPAE@Z 100341c5 f   KPlayer.obj
 0001:000334d9       ?SyncTradeState@KPlayer@@QAEXXZ 100344d9 f   KPlayer.obj
 0001:0003362f       ?UseTownPortal@KPlayer@@QAEXXZ 1003462f f   KPlayer.obj
 0001:00033747       ?BackToTownPortal@KPlayer@@QAEXXZ 10034747 f   KPlayer.obj
 0001:000337fc       ?Revive@KPlayer@@QAEXH@Z   100347fc f   KPlayer.obj
 0001:000339e7       ?RestoreLiveData@KPlayer@@QAEXXZ 100349e7 f   KPlayer.obj
 0001:00033a1d       ?Pay@KPlayer@@QAEHH@Z      10034a1d f   KPlayer.obj
 0001:00033a57       ?Earn@KPlayer@@QAEHH@Z     10034a57 f   KPlayer.obj
 0001:00033a93       ?LaunchPlayer@KPlayer@@QAEXXZ 10034a93 f   KPlayer.obj
 0001:00033b01       ?ExecuteScript@KPlayer@@QAEHPAD0H@Z 10034b01 f   KPlayer.obj
 0001:00033b6c       ?ExecuteScript@KPlayer@@QAEHKPADH@Z 10034b6c f   KPlayer.obj
 0001:00033da5       ?ExecuteScript@KPlayer@@QAEHKPAD0@Z 10034da5 f   KPlayer.obj
 0001:00034013       ?ExecuteScript@KPlayer@@QAEHPAD00@Z 10035013 f   KPlayer.obj
 0001:0003408d       ?DoScript@KPlayer@@QAEHPAD@Z 1003508d f   KPlayer.obj
 0001:000342b8       ?DoScriptAction@KPlayer@@QAEXPAUPLAYER_SCRIPTACTION_SYNC@@@Z 100352b8 f   KPlayer.obj
 0001:00034351       ?ProcessPlayerSelectFromUI@KPlayer@@QAEXPAE@Z 10035351 f   KPlayer.obj
 0001:00034425       ?ChatFriendOnLine@KPlayer@@QAEXKH@Z 10035425 f   KPlayer.obj
 0001:0003454a       ?GetFactionName@KPlayer@@QAEXPADH@Z 1003554a f   KPlayer.obj
 0001:0003457a       ?S2CExecuteScript@KPlayer@@AAEXPAD0@Z 1003557a f   KPlayer.obj
 0001:000346bc       ?AddTempTaskValue@KPlayer@@QAEHPAX@Z 100356bc f   KPlayer.obj
 0001:000346fa       ?DialogNpc@KPlayer@@QAEXPAE@Z 100356fa f   KPlayer.obj
 0001:000347ef       ?CheckTrading@KPlayer@@QAEHXZ 100357ef f   KPlayer.obj
 0001:00034812       ?SetFirstDamage@KPlayer@@QAEXXZ 10035812 f   KPlayer.obj
 0001:000349b9       ?SetBaseAttackRating@KPlayer@@QAEXXZ 100359b9 f   KPlayer.obj
 0001:000349f0       ?SetBaseDefence@KPlayer@@QAEXXZ 100359f0 f   KPlayer.obj
 0001:00034a23       ?SetBaseResistData@KPlayer@@QAEXXZ 10035a23 f   KPlayer.obj
 0001:00034c33       ?SetBaseSpeedAndRadius@KPlayer@@QAEXXZ 10035c33 f   KPlayer.obj
 0001:00034cdb       ?SetNpcDamageAttrib@KPlayer@@QAEXXZ 10035cdb f   KPlayer.obj
 0001:00034cff       ?TobeExchangeServer@KPlayer@@QAEXKHH@Z 10035cff f   KPlayer.obj
 0001:00034d55       ?UpdateEnterGamePos@KPlayer@@QAEXKHHH@Z 10035d55 f   KPlayer.obj
 0001:00034db1       ?IsExchangingServer@KPlayer@@QAEHXZ 10035db1 f   KPlayer.obj
 0001:000372e0       ??1KPlayer@@QAE@XZ         100382e0 f i KPlayer.obj
 0001:000373b0       ??0KPlayerTeam@@QAE@XZ     100383b0 f i KPlayer.obj
 0001:000373e0       ??0PLAYER_SEND_TEAM_INFO_DATA@@QAE@XZ 100383e0 f i KPlayer.obj
 0001:00037420       ??0PLAYER_SEND_SELF_TEAM_INFO_DATA@@QAE@XZ 10038420 f i KPlayer.obj
 0001:00037470       ??0PLAYER_TEAM_ADD_MEMBER_DATA@@QAE@XZ 10038470 f i KPlayer.obj
 0001:000374b0       ?GetSkillIdxLevel@KSkillList@@QAEHH@Z 100384b0 f i KPlayer.obj
 0001:000374f0       ?GetSkillReqLevel@KSkill@@QBEGXZ 100384f0 f i KPlayer.obj
 0001:00037510       ?GetSkillLevelUpScriptId@KSkill@@QBEKXZ 10038510 f i KPlayer.obj
 0001:00037530       ?GetSkillMaxLevel@KSkillManager@@QAEKH@Z 10038530 f i KPlayer.obj
 0001:00037580       ?GetID@KItem@@QBEKXZ       10038580 f i KPlayer.obj
 0001:000375b0       ?GetGenre@KItem@@QBEHXZ    100385b0 f i KPlayer.obj
 0001:000375d0       ??_GKLuaScript@@UAEPAXI@Z  100385d0 f i KPlayer.obj
 0001:000375d0       ??_EKLuaScript@@UAEPAXI@Z  100385d0 f i KPlayer.obj
 0001:00037630       ?Release@KPlayerChat@@QAEXXZ 10038630 f   KPlayerChat.obj
 0001:000376f9       ?CheckExist@KPlayerChat@@QAEHK@Z 100386f9 f   KPlayerChat.obj
 0001:0003778f       ?CheckExist@KPlayerChat@@QAEHPAD@Z 1003878f f   KPlayerChat.obj
 0001:00037845       ?GetFriendNode@KPlayerChat@@QAEPAVCChatFriend@@K@Z 10038845 f   KPlayerChat.obj
 0001:000378d9       ?GetTeamNo@KPlayerChat@@QAEHK@Z 100388d9 f   KPlayerChat.obj
 0001:00037988       ?GetName@KPlayerChat@@QAEHKPAD@Z 10038988 f   KPlayerChat.obj
 0001:00037a4a       ?SetTakeChannel@KPlayerChat@@QAEXK@Z 10038a4a f   KPlayerChat.obj
 0001:00037a79       ?ServerSendChat@KPlayerChat@@QAEXHPAE@Z 10038a79 f   KPlayerChat.obj
 0001:00038aff       ?DataBaseAddOne@KPlayerChat@@QAEXHKPAD@Z 10039aff f   KPlayerChat.obj
 0001:00038b34       ?AddFriendData@KPlayerChat@@QAEXHH@Z 10039b34 f   KPlayerChat.obj
 0001:00038d02       ?ResendOneFriendData@KPlayerChat@@QAEXKH@Z 10039d02 f   KPlayerChat.obj
 0001:00038df3       ?SyncFriendData@KPlayerChat@@QAEHHAAI@Z 10039df3 f   KPlayerChat.obj
 0001:00038fef       ?StartSendFriendData@KPlayerChat@@QAEXXZ 10039fef f   KPlayerChat.obj
 0001:00039034       ?DeleteFriend@KPlayerChat@@QAEXKK@Z 1003a034 f   KPlayerChat.obj
 0001:00039149       ?DeleteFriendData@KPlayerChat@@QAEXKH@Z 1003a149 f   KPlayerChat.obj
 0001:00039250       ?RedeleteFriend@KPlayerChat@@QAEXKH@Z 1003a250 f   KPlayerChat.obj
 0001:000392c6       ?OffLine@KPlayerChat@@QAEXK@Z 1003a2c6 f   KPlayerChat.obj
 0001:00039339       ?GetMsgOffLine@KPlayerChat@@QAEXKH@Z 1003a339 f   KPlayerChat.obj
 0001:000393f5       ?TimerAdd@KPlayerChat@@QAEXXZ 1003a3f5 f   KPlayerChat.obj
 0001:00039416       ?CheckTalkChannel@KPlayerChat@@QAEHH@Z 1003a416 f   KPlayerChat.obj
 0001:0003944a       ?SendSystemInfo@KPlayerChat@@SAXHHPAD0H0H@Z 1003a44a f   KPlayerChat.obj
 0001:00039835       ??0CChatFriendTeam@@QAE@XZ 1003a835 f   KPlayerChat.obj
 0001:0003987b       ?Release@CChatFriendTeam@@QAEXXZ 1003a87b f   KPlayerChat.obj
 0001:0003992d       ?DataBaseAddOne@CChatFriendTeam@@QAEXHKPAD@Z 1003a92d f   KPlayerChat.obj
 0001:0003a380       ??0PLAYER_SEND_CHAT_DATA_SYNC@@QAE@XZ 1003b380 f i KPlayerChat.obj
 0001:0003a3d0       ??0CChatFriend@@QAE@XZ     1003b3d0 f i KPlayerChat.obj
 0001:0003a450       ?Release@CChatFriend@@QAEXXZ 1003b450 f i KPlayerChat.obj
 0001:0003a4a0       ??_GCChatFriend@@UAEPAXI@Z 1003b4a0 f i KPlayerChat.obj
 0001:0003a4a0       ??_ECChatFriend@@UAEPAXI@Z 1003b4a0 f i KPlayerChat.obj
 0001:0003a4f0       ??1CChatFriend@@UAE@XZ     1003b4f0 f i KPlayerChat.obj
 0001:0003a520       ?RemoveHead@KList@@QAEPAVKNode@@XZ 1003b520 f i KPlayerChat.obj
 0001:0003a5db       ?AddDBPlayer@KPlayer@@QAEHPADHPAK@Z 1003b5db f   KPlayerDBFuns.obj
 0001:0003a5f1       ?LoadDBPlayerInfo@KPlayer@@QAEHPAEAAHAAI@Z 1003b5f1 f   KPlayerDBFuns.obj
 0001:0003abca       ?UpdateDBPlayerInfo@KPlayer@@QAEHPAE@Z 1003bbca f   KPlayerDBFuns.obj
 0001:0003ac40       ?LoadPlayerBaseInfo@KPlayer@@AAEHPAEAAPAEAAI@Z 1003bc40 f   KPlayerDBFuns.obj
 0001:0003b266       ?LoadPlayerItemList@KPlayer@@AAEHPAEAAPAEAAI@Z 1003c266 f   KPlayerDBFuns.obj
 0001:0003b663       ?LoadPlayerFightSkillList@KPlayer@@AAEHPAEAAPAEAAI@Z 1003c663 f   KPlayerDBFuns.obj
 0001:0003b7f2       ?LoadPlayerLifeSkilllList@KPlayer@@AAEHPAEAAPAEAAI@Z 1003c7f2 f   KPlayerDBFuns.obj
 0001:0003b963       ?LoadPlayerFriendList@KPlayer@@AAEHPAEAAPAEAAI@Z 1003c963 f   KPlayerDBFuns.obj
 0001:0003baa2       ?LoadPlayerTaskList@KPlayer@@AAEHPAEAAPAEAAI@Z 1003caa2 f   KPlayerDBFuns.obj
 0001:0003bd46       ?SavePlayerBaseInfo@KPlayer@@AAEHPAE@Z 1003cd46 f   KPlayerDBFuns.obj
 0001:0003c0d4       ?SavePlayerItemList@KPlayer@@AAEHPAE@Z 1003d0d4 f   KPlayerDBFuns.obj
 0001:0003c405       ?SavePlayerFightSkillList@KPlayer@@AAEHPAE@Z 1003d405 f   KPlayerDBFuns.obj
 0001:0003c4f3       ?SavePlayerLifeSkilllList@KPlayer@@AAEHPAE@Z 1003d4f3 f   KPlayerDBFuns.obj
 0001:0003c57a       ?SavePlayerFriendList@KPlayer@@AAEHPAE@Z 1003d57a f   KPlayerDBFuns.obj
 0001:0003c6a3       ?SavePlayerTaskList@KPlayer@@AAEHPAE@Z 1003d6a3 f   KPlayerDBFuns.obj
 0001:0003d270       ?Clear@BuySellInfo@@QAEXXZ 1003e270 f i KPlayerDBFuns.obj
 0001:0003d2c0       ?GetItemParam@KItem@@QAEPAUKItemGeneratorParam@@XZ 1003e2c0 f i KPlayerDBFuns.obj
 0001:0003d2e0       ??0KPlayerFaction@@QAE@XZ  1003e2e0 f   KPlayerFaction.obj
 0001:0003d307       ?Release@KPlayerFaction@@QAEXXZ 1003e307 f   KPlayerFaction.obj
 0001:0003d336       ?SetSeries@KPlayerFaction@@QAEXH@Z 1003e336 f   KPlayerFaction.obj
 0001:0003d34a       ?AddFaction@KPlayerFaction@@QAEHHPAD@Z 1003e34a f   KPlayerFaction.obj
 0001:0003d3a0       ?AddFaction@KPlayerFaction@@QAEHHH@Z 1003e3a0 f   KPlayerFaction.obj
 0001:0003d422       ?LeaveFaction@KPlayerFaction@@QAEXXZ 1003e422 f   KPlayerFaction.obj
 0001:0003d43d       ?OpenCurSkillLevel@KPlayerFaction@@QAEHHPAVKSkillList@@@Z 1003e43d f   KPlayerFaction.obj
 0001:0003d456       ?GetGurFactionCamp@KPlayerFaction@@QAEHXZ 1003e456 f   KPlayerFaction.obj
 0001:0003d4b6       ?GetCurFactionNo@KPlayerFaction@@QAEHXZ 1003e4b6 f   KPlayerFaction.obj
 0001:0003d4cd       ?GetCurFactionName@KPlayerFaction@@QAEXPAD@Z 1003e4cd f   KPlayerFaction.obj
 0001:0003d5e0       ??0KPlayerMenuState@@QAE@XZ 1003e5e0 f   KPlayerMenuState.obj
 0001:0003d607       ?Release@KPlayerMenuState@@QAEXXZ 1003e607 f   KPlayerMenuState.obj
 0001:0003d67c       ?BackupState@KPlayerMenuState@@QAEXXZ 1003e67c f   KPlayerMenuState.obj
 0001:0003d6c4       ?RestoreState@KPlayerMenuState@@QAEXXZ 1003e6c4 f   KPlayerMenuState.obj
 0001:0003d70b       ?SetState@KPlayerMenuState@@QAEXHHPADHK@Z 1003e70b f   KPlayerMenuState.obj
 0001:0003db2a       ?RestoreBackupState@KPlayerMenuState@@QAEXH@Z 1003eb2a f   KPlayerMenuState.obj
 0001:0003dc8c       ?Init@KPlayerMenuStateGraph@@QAEHXZ 1003ec8c f   KPlayerMenuState.obj
 0001:0003ddb8       ?GetStateSpr@KPlayerMenuStateGraph@@QAEXHPAD@Z 1003edb8 f   KPlayerMenuState.obj
 0001:0003e030       ??0KPlayerPK@@QAE@XZ       1003f030 f   KPlayerPK.obj
 0001:0003e04e       ?Init@KPlayerPK@@QAEXH@Z   1003f04e f   KPlayerPK.obj
 0001:0003e0b0       ?SetNormalPKState@KPlayerPK@@QAEXH@Z 1003f0b0 f   KPlayerPK.obj
 0001:0003e0cd       ?GetNormalPKState@KPlayerPK@@QAEHXZ 1003f0cd f   KPlayerPK.obj
 0001:0003e0e5       ?EnmityPKClose@KPlayerPK@@QAEXXZ 1003f0e5 f   KPlayerPK.obj
 0001:0003e177       ?EnmityPKOpen@KPlayerPK@@QAEHH@Z 1003f177 f   KPlayerPK.obj
 0001:0003e28f       ?GetEnmityPKState@KPlayerPK@@QAEHXZ 1003f28f f   KPlayerPK.obj
 0001:0003e2a7       ?GetEnmityPKAim@KPlayerPK@@QAEHXZ 1003f2a7 f   KPlayerPK.obj
 0001:0003e2bf       ?ExercisePKClose@KPlayerPK@@QAEXXZ 1003f2bf f   KPlayerPK.obj
 0001:0003e331       ?ExercisePKOpen@KPlayerPK@@QAEHH@Z 1003f331 f   KPlayerPK.obj
 0001:0003e428       ?GetExercisePKAim@KPlayerPK@@QAEHXZ 1003f428 f   KPlayerPK.obj
 0001:0003e440       ?SetPKValue@KPlayerPK@@QAEXH@Z 1003f440 f   KPlayerPK.obj
 0001:0003e467       ?GetPKValue@KPlayerPK@@QAEHXZ 1003f467 f   KPlayerPK.obj
 0001:0003e47f       ?AddPKValue@KPlayerPK@@QAEXH@Z 1003f47f f   KPlayerPK.obj
 0001:0003e4b5       ?CloseAll@KPlayerPK@@QAEXXZ 1003f4b5 f   KPlayerPK.obj
 0001:0003e66b       ??0KPlayerSet@@QAE@XZ      1003f66b f   KPlayerSet.obj
 0001:0003e756       ?Init@KPlayerSet@@QAEHXZ   1003f756 f   KPlayerSet.obj
 0001:0003eb35       ?FindFree@KPlayerSet@@AAEHXZ 1003fb35 f   KPlayerSet.obj
 0001:0003eb67       ?FindSame@KPlayerSet@@QAEHK@Z 1003fb67 f   KPlayerSet.obj
 0001:0003ebf0       ?GetFirstPlayer@KPlayerSet@@QAEHXZ 1003fbf0 f   KPlayerSet.obj
 0001:0003ec31       ?GetNextPlayer@KPlayerSet@@QAEHXZ 1003fc31 f   KPlayerSet.obj
 0001:0003ec84       ?Add@KPlayerSet@@QAEHPADPAX@Z 1003fc84 f   KPlayerSet.obj
 0001:0003edbd       ?Broadcasting@KPlayerSet@@QAEHPADH@Z 1003fdbd f   KPlayerSet.obj
 0001:0003ee6d       ?SendWelcomeMsg@KPlayerSet@@AAEXH@Z 1003fe6d f   KPlayerSet.obj
 0001:0003f029       ?ReloadWelcomeMsg@KPlayerSet@@QAEXXZ 10040029 f   KPlayerSet.obj
 0001:0003f204       ?PrepareRemove@KPlayerSet@@QAEXH@Z 10040204 f   KPlayerSet.obj
 0001:0003f2ef       ?PrepareExchange@KPlayerSet@@QAEXH@Z 100402ef f   KPlayerSet.obj
 0001:0003f402       ?RemoveQuiting@KPlayerSet@@QAEXH@Z 10040402 f   KPlayerSet.obj
 0001:0003f64c       ?RemoveLoginTimeOut@KPlayerSet@@QAEXH@Z 1004064c f   KPlayerSet.obj
 0001:0003f845       ?RemoveExchanging@KPlayerSet@@QAEXH@Z 10040845 f   KPlayerSet.obj
 0001:0003fa79       ?ProcessClientMessage@KPlayerSet@@QAEXHPBDH@Z 10040a79 f   KPlayerSet.obj
 0001:0003faff       ??0KLevelAdd@@QAE@XZ       10040aff f   KPlayerSet.obj
 0001:0003fbb3       ?Init@KLevelAdd@@QAEHXZ    10040bb3 f   KPlayerSet.obj
 0001:0003ff6b       ?GetLevelExp@KLevelAdd@@QAEKH@Z 10040f6b f   KPlayerSet.obj
 0001:0003ff9c       ?GetLifePerLevel@KLevelAdd@@QAEHH@Z 10040f9c f   KPlayerSet.obj
 0001:0003ffcd       ?GetStaminaPerLevel@KLevelAdd@@QAEHH@Z 10040fcd f   KPlayerSet.obj
 0001:0003fffe       ?GetManaPerLevel@KLevelAdd@@QAEHH@Z 10040ffe f   KPlayerSet.obj
 0001:0004002f       ?GetLifePerVitality@KLevelAdd@@QAEHH@Z 1004102f f   KPlayerSet.obj
 0001:00040060       ?GetStaminaPerVitality@KLevelAdd@@QAEHH@Z 10041060 f   KPlayerSet.obj
 0001:00040091       ?GetManaPerEnergy@KLevelAdd@@QAEHH@Z 10041091 f   KPlayerSet.obj
 0001:000400c2       ?GetLeadExpShare@KLevelAdd@@QAEHH@Z 100410c2 f   KPlayerSet.obj
 0001:000400f3       ?GetFireResist@KLevelAdd@@QAEHHH@Z 100410f3 f   KPlayerSet.obj
 0001:00040143       ?GetColdResist@KLevelAdd@@QAEHHH@Z 10041143 f   KPlayerSet.obj
 0001:00040193       ?GetPoisonResist@KLevelAdd@@QAEHHH@Z 10041193 f   KPlayerSet.obj
 0001:000401e3       ?GetLightResist@KLevelAdd@@QAEHHH@Z 100411e3 f   KPlayerSet.obj
 0001:00040233       ?GetPhysicsResist@KLevelAdd@@QAEHHH@Z 10041233 f   KPlayerSet.obj
 0001:00040283       ??0KTeamLeadExp@@QAE@XZ    10041283 f   KPlayerSet.obj
 0001:000402d6       ?Init@KTeamLeadExp@@QAEHXZ 100412d6 f   KPlayerSet.obj
 0001:00040409       ?GetLevel@KTeamLeadExp@@QAEHKH@Z 10041409 f   KPlayerSet.obj
 0001:000404a5       ?GetMemNumFromExp@KTeamLeadExp@@QAEHK@Z 100414a5 f   KPlayerSet.obj
 0001:000404e7       ?GetMemNumFromLevel@KTeamLeadExp@@QAEHH@Z 100414e7 f   KPlayerSet.obj
 0001:00040518       ?GetLevelExp@KTeamLeadExp@@QAEHH@Z 10041518 f   KPlayerSet.obj
 0001:00040546       ?Activate@KPlayerSet@@QAEXXZ 10041546 f   KPlayerSet.obj
 0001:00040558       ??0KNewPlayerAttribute@@QAE@XZ 10041558 f   KPlayerSet.obj
 0001:000405d3       ?Init@KNewPlayerAttribute@@QAEHXZ 100415d3 f   KPlayerSet.obj
 0001:000408d8       ?GetPlayerName@KPlayerSet@@QAEHHPAD@Z 100418d8 f   KPlayerSet.obj
 0001:00040949       ?GetPlayerAccount@KPlayerSet@@QAEHHPAD@Z 10041949 f   KPlayerSet.obj
 0001:000409ab       ?AttachPlayer@KPlayerSet@@QAEHKPAU_GUID@@@Z 100419ab f   KPlayerSet.obj
 0001:00040ace       ?GetPlayerIndexByGuid@KPlayerSet@@QAEHPAU_GUID@@@Z 10041ace f   KPlayerSet.obj
 0001:00040b8b       ?AutoSave@KPlayerSet@@QAEXXZ 10041b8b f   KPlayerSet.obj
 0001:00041670       ??1KPlayerSet@@QAE@XZ      10042670 f i KPlayerSet.obj
 0001:000419e2       ??0KPlayerTask@@QAE@XZ     100429e2 f   KPlayerTask.obj
 0001:00041a09       ?Release@KPlayerTask@@QAEXXZ 10042a09 f   KPlayerTask.obj
 0001:00041a51       ?ClearTempVar@KPlayerTask@@QAEXXZ 10042a51 f   KPlayerTask.obj
 0001:00041a85       ?GetSaveVal@KPlayerTask@@QAEHH@Z 10042a85 f   KPlayerTask.obj
 0001:00041ab5       ?SetSaveVal@KPlayerTask@@QAEXHH@Z 10042ab5 f   KPlayerTask.obj
 0001:00041ae6       ?GetClearVal@KPlayerTask@@QAEHH@Z 10042ae6 f   KPlayerTask.obj
 0001:00041b1a       ?SetClearVal@KPlayerTask@@QAEXHH@Z 10042b1a f   KPlayerTask.obj
 0001:00041c93       ?Release@KPlayerTeam@@QAEXXZ 10042c93 f   KPlayerTeam.obj
 0001:00041cf3       ?CreateTeam@KPlayerTeam@@QAEHHPAUPLAYER_APPLY_CREATE_TEAM@@@Z 10042cf3 f   KPlayerTeam.obj
 0001:00041ec8       ?InviteAdd@KPlayerTeam@@QAEXHPAUTEAM_INVITE_ADD_COMMAND@@@Z 10042ec8 f   KPlayerTeam.obj
 0001:00042027       ?GetInviteReply@KPlayerTeam@@QAEXHHH@Z 10043027 f   KPlayerTeam.obj
 0001:00042738       ??0KTeam@@QAE@XZ           10043738 f   KPlayerTeam.obj
 0001:0004275f       ?Release@KTeam@@QAEXXZ     1004375f f   KPlayerTeam.obj
 0001:000427c0       ?SetIndex@KTeam@@QAEXH@Z   100437c0 f   KPlayerTeam.obj
 0001:000427dc       ?FindFree@KTeam@@QAEHXZ    100437dc f   KPlayerTeam.obj
 0001:00042826       ?FindMemberID@KTeam@@QAEHK@Z 10043826 f   KPlayerTeam.obj
 0001:00042899       ?CheckFull@KTeam@@QAEHXZ   10043899 f   KPlayerTeam.obj
 0001:000428ce       ?SetTeamOpen@KTeam@@QAEHXZ 100438ce f   KPlayerTeam.obj
 0001:00042a2e       ?SetTeamClose@KTeam@@QAEHXZ 10043a2e f   KPlayerTeam.obj
 0001:00042b78       ?IsOpen@KTeam@@QAEHXZ      10043b78 f   KPlayerTeam.obj
 0001:00042b90       ?CalcCaptainPower@KTeam@@QAEHXZ 10043b90 f   KPlayerTeam.obj
 0001:00042bc9       ?CheckAddCondition@KTeam@@AAEHH@Z 10043bc9 f   KPlayerTeam.obj
 0001:00042c21       ?CreateTeam@KTeam@@QAEHH@Z 10043c21 f   KPlayerTeam.obj
 0001:00042c55       ?AddMember@KTeam@@QAEHH@Z  10043c55 f   KPlayerTeam.obj
 0001:00042ce3       ?DeleteMember@KTeam@@QAEHH@Z 10043ce3 f   KPlayerTeam.obj
 0001:000430a5       ?CheckIn@KTeam@@QAEHH@Z    100440a5 f   KPlayerTeam.obj
 0001:00043110       ?Init@KTeamSet@@QAEXXZ     10044110 f   KPlayerTeam.obj
 0001:00043167       ?FindFree@KTeamSet@@AAEHXZ 10044167 f   KPlayerTeam.obj
 0001:000431b6       ?CreateTeam@KTeamSet@@QAEHH@Z 100441b6 f   KPlayerTeam.obj
 0001:00043780       ??0KTrade@@QAE@XZ          10044780 f   KPlayerTrade.obj
 0001:000437b1       ?Release@KTrade@@QAEXXZ    100447b1 f   KPlayerTrade.obj
 0001:000437ea       ?StartTrade@KTrade@@QAEHHHH@Z 100447ea f   KPlayerTrade.obj
 0001:0004383f       ?Lock@KTrade@@QAEXH@Z      1004483f f   KPlayerTrade.obj
 0001:000438b0       ?LoadRecord@@YAHPAVKTabFile@@HPBUtagPROPINFO@@H@Z 100448b0 f   KBasPropTbl.obj
 0001:00043a32       ??0KLibOfBPT@@QAE@XZ       10044a32 f   KBasPropTbl.obj
 0001:00043bd4       ??1KLibOfBPT@@QAE@XZ       10044bd4 f   KBasPropTbl.obj
 0001:00043d69       ?Init@KLibOfBPT@@QAEHXZ    10044d69 f   KBasPropTbl.obj
 0001:00043ee2       ?InitMAIT@KLibOfBPT@@IAEHXZ 10044ee2 f   KBasPropTbl.obj
 0001:0004413e       ?InitMALib@KLibOfBPT@@IAEHXZ 1004513e f   KBasPropTbl.obj
 0001:00044329       ?GetGoldItemRecord@KLibOfBPT@@QBEPBUKBASICPROP_EQUIPMENT_GOLD@@H@Z 10045329 f   KBasPropTbl.obj
 0001:00044359       ?GetGoldItemNumber@KLibOfBPT@@QBE?BHXZ 10045359 f   KBasPropTbl.obj
 0001:00044383       ?GetCMAT@KLibOfBPT@@QBEPBVKBPT_ClassifiedMAT@@HH@Z 10045383 f   KBasPropTbl.obj
 0001:00044466       ?GetCMIT@KLibOfBPT@@QBEPBVKBPT_ClassMAIT@@HHHH@Z 10045466 f   KBasPropTbl.obj
 0001:000445d6       ?GetMARecord@KLibOfBPT@@QBEPBUKMAGICATTRIB_TABFILE@@H@Z 100455d6 f   KBasPropTbl.obj
 0001:00044606       ?GetMARecordNumber@KLibOfBPT@@QBE?BHXZ 10045606 f   KBasPropTbl.obj
 0001:00044630       ?GetMeleeWeaponRecord@KLibOfBPT@@QBEPBUKBASICPROP_EQUIPMENT@@H@Z 10045630 f   KBasPropTbl.obj
 0001:00044660       ?GetMeleeWeaponRecordNumber@KLibOfBPT@@QBE?BHXZ 10045660 f   KBasPropTbl.obj
 0001:0004468a       ?GetRangeWeaponRecord@KLibOfBPT@@QBEPBUKBASICPROP_EQUIPMENT@@H@Z 1004568a f   KBasPropTbl.obj
 0001:000446ba       ?GetRangeWeaponRecordNumber@KLibOfBPT@@QBE?BHXZ 100456ba f   KBasPropTbl.obj
 0001:000446e4       ?GetArmorRecord@KLibOfBPT@@QBEPBUKBASICPROP_EQUIPMENT@@H@Z 100456e4 f   KBasPropTbl.obj
 0001:00044714       ?GetArmorRecordNumber@KLibOfBPT@@QBE?BHXZ 10045714 f   KBasPropTbl.obj
 0001:0004473e       ?GetHelmRecord@KLibOfBPT@@QBEPBUKBASICPROP_EQUIPMENT@@H@Z 1004573e f   KBasPropTbl.obj
 0001:0004476e       ?GetHelmRecordNumber@KLibOfBPT@@QBE?BHXZ 1004576e f   KBasPropTbl.obj
 0001:00044798       ?GetBootRecord@KLibOfBPT@@QBEPBUKBASICPROP_EQUIPMENT@@H@Z 10045798 f   KBasPropTbl.obj
 0001:000447c8       ?GetBootRecordNumber@KLibOfBPT@@QBE?BHXZ 100457c8 f   KBasPropTbl.obj
 0001:000447f2       ?GetBeltRecord@KLibOfBPT@@QBEPBUKBASICPROP_EQUIPMENT@@H@Z 100457f2 f   KBasPropTbl.obj
 0001:00044822       ?GetBeltRecordNumber@KLibOfBPT@@QBE?BHXZ 10045822 f   KBasPropTbl.obj
 0001:0004484c       ?GetAmuletRecord@KLibOfBPT@@QBEPBUKBASICPROP_EQUIPMENT@@H@Z 1004584c f   KBasPropTbl.obj
 0001:0004487c       ?GetAmuletRecordNumber@KLibOfBPT@@QBE?BHXZ 1004587c f   KBasPropTbl.obj
 0001:000448a6       ?GetRingRecord@KLibOfBPT@@QBEPBUKBASICPROP_EQUIPMENT@@H@Z 100458a6 f   KBasPropTbl.obj
 0001:000448d6       ?GetRingRecordNumber@KLibOfBPT@@QBE?BHXZ 100458d6 f   KBasPropTbl.obj
 0001:00044900       ?GetCuffRecord@KLibOfBPT@@QBEPBUKBASICPROP_EQUIPMENT@@H@Z 10045900 f   KBasPropTbl.obj
 0001:00044930       ?GetCuffRecordNumber@KLibOfBPT@@QBE?BHXZ 10045930 f   KBasPropTbl.obj
 0001:0004495a       ?GetPendantRecord@KLibOfBPT@@QBEPBUKBASICPROP_EQUIPMENT@@H@Z 1004595a f   KBasPropTbl.obj
 0001:0004498a       ?GetPendantRecordNumber@KLibOfBPT@@QBE?BHXZ 1004598a f   KBasPropTbl.obj
 0001:000449b4       ?GetHorseRecord@KLibOfBPT@@QBEPBUKBASICPROP_EQUIPMENT@@H@Z 100459b4 f   KBasPropTbl.obj
 0001:000449e4       ?GetHorseRecordNumber@KLibOfBPT@@QBE?BHXZ 100459e4 f   KBasPropTbl.obj
 0001:00044a0e       ?GetMedicineRecord@KLibOfBPT@@QBEPBUKBASICPROP_MEDICINE@@H@Z 10045a0e f   KBasPropTbl.obj
 0001:00044a38       ?GetMedicineRecordNumber@KLibOfBPT@@QBE?BHXZ 10045a38 f   KBasPropTbl.obj
 0001:00044a5c       ?GetQuestRecord@KLibOfBPT@@QBEPBUKBASICPROP_QUEST@@H@Z 10045a5c f   KBasPropTbl.obj
 0001:00044a8c       ?GetQuestRecordNumber@KLibOfBPT@@QBE?BHXZ 10045a8c f   KBasPropTbl.obj
 0001:00044ab6       ?GetTownPortalRecord@KLibOfBPT@@QBEPBUKBASICPROP_TOWNPORTAL@@H@Z 10045ab6 f   KBasPropTbl.obj
 0001:00044ae6       ?GetTownPortalRecordNumber@KLibOfBPT@@QBE?BHXZ 10045ae6 f   KBasPropTbl.obj
 0001:00044b10       ?FindEquipmentUnique@KLibOfBPT@@QBEPBUKBASICPROP_EQUIPMENT_UNIQUE@@HHH@Z 10045b10 f   KBasPropTbl.obj
 0001:00044b26       ?GetMedMaterial@KLibOfBPT@@QBEPBUKBASICPROP_MEDMATERIAL@@H@Z 10045b26 f   KBasPropTbl.obj
 0001:00044b3c       ?FindMedicine@KLibOfBPT@@QBEPBUKBASICPROP_MEDICINE@@HH@Z 10045b3c f   KBasPropTbl.obj
 0001:00044b52       ?GetMine@KLibOfBPT@@QBEPBUKBASICPROP_MINE@@H@Z 10045b52 f   KBasPropTbl.obj
 0001:00044b68       ??0KBasicPropertyTable@@QAE@XZ 10045b68 f   KBasPropTbl.obj
 0001:00044bab       ??1KBasicPropertyTable@@QAE@XZ 10045bab f   KBasPropTbl.obj
 0001:00044bd8       ?SetCount@KBasicPropertyTable@@IAEXH@Z 10045bd8 f   KBasPropTbl.obj
 0001:00044c5c       ?GetMemory@KBasicPropertyTable@@IAEHXZ 10045c5c f   KBasPropTbl.obj
 0001:00044d5f       ?ReleaseMemory@KBasicPropertyTable@@IAEXXZ 10045d5f f   KBasPropTbl.obj
 0001:00044db6       ?Load@KBasicPropertyTable@@UAEHXZ 10045db6 f   KBasPropTbl.obj
 0001:00045056       ??0KBPT_Mine@@QAE@XZ       10046056 f   KBasPropTbl.obj
 0001:000450a4       ??1KBPT_Mine@@QAE@XZ       100460a4 f   KBasPropTbl.obj
 0001:000450d1       ?LoadRecord@KBPT_Mine@@MAEHHPAVKTabFile@@@Z 100460d1 f   KBasPropTbl.obj
 0001:000452fb       ?GetRecord@KBPT_Mine@@QBEPBUKBASICPROP_MINE@@H@Z 100462fb f   KBasPropTbl.obj
 0001:000453d5       ??0KBPT_TownPortal@@QAE@XZ 100463d5 f   KBasPropTbl.obj
 0001:00045423       ??1KBPT_TownPortal@@QAE@XZ 10046423 f   KBasPropTbl.obj
 0001:00045450       ?LoadRecord@KBPT_TownPortal@@MAEHHPAVKTabFile@@@Z 10046450 f   KBasPropTbl.obj
 0001:000455d1       ?GetRecord@KBPT_TownPortal@@QBEPBUKBASICPROP_TOWNPORTAL@@H@Z 100465d1 f   KBasPropTbl.obj
 0001:0004568e       ??0KBPT_Quest@@QAE@XZ      1004668e f   KBasPropTbl.obj
 0001:000456dc       ??1KBPT_Quest@@QAE@XZ      100466dc f   KBasPropTbl.obj
 0001:00045709       ?LoadRecord@KBPT_Quest@@MAEHHPAVKTabFile@@@Z 10046709 f   KBasPropTbl.obj
 0001:00045887       ?GetRecord@KBPT_Quest@@QBEPBUKBASICPROP_QUEST@@H@Z 10046887 f   KBasPropTbl.obj
 0001:00045944       ?FindRecord@KBPT_Quest@@QBEPBUKBASICPROP_QUEST@@H@Z 10046944 f   KBasPropTbl.obj
 0001:000459e9       ??0KBPT_Medicine@@QAE@XZ   100469e9 f   KBasPropTbl.obj
 0001:00045a37       ??1KBPT_Medicine@@QAE@XZ   10046a37 f   KBasPropTbl.obj
 0001:00045a64       ?LoadRecord@KBPT_Medicine@@MAEHHPAVKTabFile@@@Z 10046a64 f   KBasPropTbl.obj
 0001:00045d5e       ?GetRecord@KBPT_Medicine@@QBEPBUKBASICPROP_MEDICINE@@H@Z 10046d5e f   KBasPropTbl.obj
 0001:00045e1b       ?FindRecord@KBPT_Medicine@@QBEPBUKBASICPROP_MEDICINE@@HH@Z 10046e1b f   KBasPropTbl.obj
 0001:00045ece       ??0KBPT_MedMaterial@@QAE@XZ 10046ece f   KBasPropTbl.obj
 0001:00045f1c       ??1KBPT_MedMaterial@@QAE@XZ 10046f1c f   KBasPropTbl.obj
 0001:00045f49       ?LoadRecord@KBPT_MedMaterial@@MAEHHPAVKTabFile@@@Z 10046f49 f   KBasPropTbl.obj
 0001:00046243       ?GetRecord@KBPT_MedMaterial@@QBEPBUKBASICPROP_MEDMATERIAL@@H@Z 10047243 f   KBasPropTbl.obj
 0001:0004631d       ??0KBPT_Equipment@@QAE@XZ  1004731d f   KBasPropTbl.obj
 0001:00046357       ??1KBPT_Equipment@@QAE@XZ  10047357 f   KBasPropTbl.obj
 0001:00046384       ?Init@KBPT_Equipment@@QAEXH@Z 10047384 f   KBasPropTbl.obj
 0001:000463bc       ?LoadRecord@KBPT_Equipment@@MAEHHPAVKTabFile@@@Z 100473bc f   KBasPropTbl.obj
 0001:00046a5e       ?GetRecord@KBPT_Equipment@@QBEPBUKBASICPROP_EQUIPMENT@@H@Z 10047a5e f   KBasPropTbl.obj
 0001:00046b1b       ?FindRecord@KBPT_Equipment@@QBEPBUKBASICPROP_EQUIPMENT@@HHH@Z 10047b1b f   KBasPropTbl.obj
 0001:00046c03       ??0KBPT_Equipment_Gold@@QAE@XZ 10047c03 f   KBasPropTbl.obj
 0001:00046c51       ??1KBPT_Equipment_Gold@@UAE@XZ 10047c51 f   KBasPropTbl.obj
 0001:00046c7e       ?LoadRecord@KBPT_Equipment_Gold@@MAEHHPAVKTabFile@@@Z 10047c7e f   KBasPropTbl.obj
 0001:000475f5       ?GetRecord@KBPT_Equipment_Gold@@QBEPBUKBASICPROP_EQUIPMENT_GOLD@@H@Z 100485f5 f   KBasPropTbl.obj
 0001:000476b2       ?FindRecord@KBPT_Equipment_Gold@@QBEPBUKBASICPROP_EQUIPMENT_GOLD@@HHH@Z 100486b2 f   KBasPropTbl.obj
 0001:000477a5       ??0KBPT_Equipment_Unique@@QAE@XZ 100487a5 f   KBasPropTbl.obj
 0001:000477f3       ??1KBPT_Equipment_Unique@@QAE@XZ 100487f3 f   KBasPropTbl.obj
 0001:00047820       ?LoadRecord@KBPT_Equipment_Unique@@MAEHHPAVKTabFile@@@Z 10048820 f   KBasPropTbl.obj
 0001:00048153       ?GetRecord@KBPT_Equipment_Unique@@QBEPBUKBASICPROP_EQUIPMENT_UNIQUE@@H@Z 10049153 f   KBasPropTbl.obj
 0001:00048210       ?FindRecord@KBPT_Equipment_Unique@@QBEPBUKBASICPROP_EQUIPMENT_UNIQUE@@HHH@Z 10049210 f   KBasPropTbl.obj
 0001:00048303       ??0KBPT_MagicAttrib_TF@@QAE@XZ 10049303 f   KBasPropTbl.obj
 0001:00048366       ??1KBPT_MagicAttrib_TF@@QAE@XZ 10049366 f   KBasPropTbl.obj
 0001:00048393       ?LoadRecord@KBPT_MagicAttrib_TF@@MAEHHPAVKTabFile@@@Z 10049393 f   KBasPropTbl.obj
 0001:000487be       ?GetRecord@KBPT_MagicAttrib_TF@@QBEPBUKMAGICATTRIB_TABFILE@@H@Z 100497be f   KBasPropTbl.obj
 0001:0004887b       ?GetMACount@KBPT_MagicAttrib_TF@@QBEXPAH@Z 1004987b f   KBasPropTbl.obj
 0001:0004890b       ??0KBPT_ClassMAIT@@QAE@XZ  1004990b f   KBasPropTbl.obj
 0001:0004893d       ??1KBPT_ClassMAIT@@QAE@XZ  1004993d f   KBasPropTbl.obj
 0001:0004899b       ?Clear@KBPT_ClassMAIT@@QAEHXZ 1004999b f   KBasPropTbl.obj
 0001:000489bc       ?Get@KBPT_ClassMAIT@@QBEHH@Z 100499bc f   KBasPropTbl.obj
 0001:00048a76       ?Insert@KBPT_ClassMAIT@@QAEHH@Z 10049a76 f   KBasPropTbl.obj
 0001:00048bf8       ??0KBPT_ClassifiedMAT@@QAE@XZ 10049bf8 f   KBasPropTbl.obj
 0001:00048c2a       ??1KBPT_ClassifiedMAT@@QAE@XZ 10049c2a f   KBasPropTbl.obj
 0001:00048c4e       ?GetMemory@KBPT_ClassifiedMAT@@QAEHH@Z 10049c4e f   KBasPropTbl.obj
 0001:00048d6b       ?ReleaseMemory@KBPT_ClassifiedMAT@@IAEXXZ 10049d6b f   KBasPropTbl.obj
 0001:00048dbf       ?Set@KBPT_ClassifiedMAT@@QAEHH@Z 10049dbf f   KBasPropTbl.obj
 0001:00048e97       ?Get@KBPT_ClassifiedMAT@@QBEHH@Z 10049e97 f   KBasPropTbl.obj
 0001:00048f4e       ?GetAll@KBPT_ClassifiedMAT@@QBEHPAH0@Z 10049f4e f   KBasPropTbl.obj
 0001:0004a660       ?NumOfEntries@KBasicPropertyTable@@QBEHXZ 1004b660 f i KBasPropTbl.obj
 0001:0004a680       ?GetRecordCount@KBPT_Equipment_Gold@@QBEHXZ 1004b680 f i KBasPropTbl.obj
 0001:0004a6b0       ??_GKBPT_Equipment_Gold@@UAEPAXI@Z 1004b6b0 f i KBasPropTbl.obj
 0001:0004a6b0       ??_EKBPT_Equipment_Gold@@UAEPAXI@Z 1004b6b0 f i KBasPropTbl.obj
 0001:0004a75b       ??0KBuySell@@QAE@XZ        1004b75b f   KBuySell.obj
 0001:0004a7a1       ??1KBuySell@@QAE@XZ        1004b7a1 f   KBuySell.obj
 0001:0004a8a9       ?Init@KBuySell@@QAEHXZ     1004b8a9 f   KBuySell.obj
 0001:0004afb2       ?GetItem@KBuySell@@QAEPAVKItem@@H@Z 1004bfb2 f   KBuySell.obj
 0001:0004aff5       ?GetItemIndex@KBuySell@@QAEHHH@Z 1004bff5 f   KBuySell.obj
 0001:0004b05c       ?Buy@KBuySell@@QAEHHHHHHH@Z 1004c05c f   KBuySell.obj
 0001:0004b20f       ?Sell@KBuySell@@QAEHHHH@Z  1004c20f f   KBuySell.obj
 0001:0004b36e       ?OpenSale@KBuySell@@QAEXHH@Z 1004c36e f   KBuySell.obj
 0001:0004b7e0       ??_EKItem@@QAEPAXI@Z       1004c7e0 f i KBuySell.obj
 0001:0004b890       ?GetPrice@KItem@@QBEHXZ    1004c890 f i KBuySell.obj
 0001:0004b8b0       ?GetGameVersion@KSubWorldSet@@QAEHXZ 1004c8b0 f i KBuySell.obj
 0001:0004b8d0       ??0KInventory@@QAE@XZ      1004c8d0 f   KInventory.obj
 0001:0004b902       ?Init@KInventory@@QAEHHH@Z 1004c902 f   KInventory.obj
 0001:0004b9b1       ?Release@KInventory@@QAEXXZ 1004c9b1 f   KInventory.obj
 0001:0004ba19       ?Clear@KInventory@@QAEXXZ  1004ca19 f   KInventory.obj
 0001:0004ba68       ?PlaceItem@KInventory@@QAEHHHHHH@Z 1004ca68 f   KInventory.obj
 0001:0004bbfb       ?HoldItem@KInventory@@QAEHHHH@Z 1004cbfb f   KInventory.obj
 0001:0004bc9c       ?PickUpItem@KInventory@@QAEHHHHHH@Z 1004cc9c f   KInventory.obj
 0001:0004bde8       ?FindItem@KInventory@@QAEHHH@Z 1004cde8 f   KInventory.obj
 0001:0004bea3       ?FindRoom@KInventory@@QAEHHHPAUtagPOINT@@@Z 1004cea3 f   KInventory.obj
 0001:0004bf9a       ?CheckRoom@KInventory@@QAEHHHHH@Z 1004cf9a f   KInventory.obj
 0001:0004c0a2       ?AddMoney@KInventory@@QAEHH@Z 1004d0a2 f   KInventory.obj
 0001:0004c0db       ?GetNextItem@KInventory@@QAEHHHHPAH0@Z 1004d0db f   KInventory.obj
 0001:0004c1e8       ?FindEmptyPlace@KInventory@@QAEHHHPAUtagPOINT@@@Z 1004d1e8 f   KInventory.obj
 0001:0004c3bc       ?FindSameDetailType@KInventory@@QAEHHHPAH00@Z 1004d3bc f   KInventory.obj
 0001:0004c810       ?GetDetailType@KItem@@QBEHXZ 1004d810 f i KInventory.obj
 0001:0004c8ae       ??0KItem@@QAE@XZ           1004d8ae f   KItem.obj
 0001:0004c96d       ??1KItem@@QAE@XZ           1004d96d f   KItem.obj
 0001:0004c97f       ?GetRequirement@KItem@@QAEPAXH@Z 1004d97f f   KItem.obj
 0001:0004c9bf       ?ApplyMagicAttribToNPC@KItem@@QBEXPAVKNpc@@H@Z 1004d9bf f   KItem.obj
 0001:0004cb01       ?RemoveMagicAttribFromNPC@KItem@@QBEXPAVKNpc@@H@Z 1004db01 f   KItem.obj
 0001:0004ccd6       ?ApplyHiddenMagicAttribToNPC@KItem@@QBEXPAVKNpc@@H@Z 1004dcd6 f   KItem.obj
 0001:0004cd67       ?RemoveHiddenMagicAttribFromNPC@KItem@@QBEXPAVKNpc@@H@Z 1004dd67 f   KItem.obj
 0001:0004ce32       ?SetAttrib_CBR@KItem@@AAEHPBUKBASICPROP_EQUIPMENT@@@Z 1004de32 f   KItem.obj
 0001:0004cecf       ?SetAttrib_Base@KItem@@AAEHPBUKEQCP_BASIC@@@Z 1004decf f   KItem.obj
 0001:0004cf70       ?SetAttrib_Req@KItem@@AAEHPBUKEQCP_REQ@@@Z 1004df70 f   KItem.obj
 0001:0004cff8       ?SetAttrib_MA@KItem@@AAEHPBUKMagicAttrib@@@Z 1004dff8 f   KItem.obj
 0001:0004d0ac       ?SetAttrib_MA@KItem@@AAEHPBUKMACP@@@Z 1004e0ac f   KItem.obj
 0001:0004d1bb       ??4KItem@@AAEXABUKBASICPROP_EQUIPMENT@@@Z 1004e1bb f   KItem.obj
 0001:0004d287       ??4KItem@@AAEXABUKBASICPROP_MEDMATERIAL@@@Z 1004e287 f   KItem.obj
 0001:0004d3bc       ??4KItem@@AAEXABUKBASICPROP_MINE@@@Z 1004e3bc f   KItem.obj
 0001:0004d479       ??4KItem@@AAEXABUKBASICPROP_QUEST@@@Z 1004e479 f   KItem.obj
 0001:0004d56d       ??4KItem@@AAEXABUKBASICPROP_TOWNPORTAL@@@Z 1004e56d f   KItem.obj
 0001:0004d664       ??4KItem@@AAEXABUKBASICPROP_MEDICINE@@@Z 1004e664 f   KItem.obj
 0001:0004d7d7       ??4KItem@@AAEXABUKBASICPROP_EQUIPMENT_UNIQUE@@@Z 1004e7d7 f   KItem.obj
 0001:0004d876       ??4KItem@@AAEXABUKBASICPROP_EQUIPMENT_GOLD@@@Z 1004e876 f   KItem.obj
 0001:0004d933       ?Gen_Equipment_Unique@KItem@@AAEHPBUKBASICPROP_EQUIPMENT@@PBUKBASICPROP_EQUIPMENT_UNIQUE@@@Z 1004e933 f   KItem.obj
 0001:0004da94       ?Remove@KItem@@QAEXXZ      1004ea94 f   KItem.obj
 0001:0004dab3       ?SetBaseAttrib@KItem@@QAEHPBUKMagicAttrib@@@Z 1004eab3 f   KItem.obj
 0001:0004db27       ?SetRequireAttrib@KItem@@QAEHPBUKMagicAttrib@@@Z 1004eb27 f   KItem.obj
 0001:0004db9e       ?SetMagicAttrib@KItem@@QAEHPBUKMagicAttrib@@@Z 1004eb9e f   KItem.obj
 0001:0004e14b       ?Init@KItemChangeRes@@QAEHXZ 1004f14b f   KItemChangeRes.obj
 0001:0004e226       ?GetWeaponRes@KItemChangeRes@@QAEHHHH@Z 1004f226 f   KItemChangeRes.obj
 0001:0004e2f1       ?GetArmorRes@KItemChangeRes@@QAEHHH@Z 1004f2f1 f   KItemChangeRes.obj
 0001:0004e38b       ?GetHelmRes@KItemChangeRes@@QAEHHH@Z 1004f38b f   KItemChangeRes.obj
 0001:0004e425       ?GetHorseRes@KItemChangeRes@@QAEHHH@Z 1004f425 f   KItemChangeRes.obj
 0001:0004e590       ??1KItemChangeRes@@QAE@XZ  1004f590 f i KItemChangeRes.obj
 0001:0004e680       ??0KItemChangeRes@@QAE@XZ  1004f680 f i KItemChangeRes.obj
 0001:0004e770       ?GetRandomNumber@@YAHHH@Z  1004f770 f   KItemGenerator.obj
 0001:0004e7f8       ??0KItemGenerator@@QAE@XZ  1004f7f8 f   KItemGenerator.obj
 0001:0004e81f       ??1KItemGenerator@@QAE@XZ  1004f81f f   KItemGenerator.obj
 0001:0004e843       ?Init@KItemGenerator@@QAEHXZ 1004f843 f   KItemGenerator.obj
 0001:0004ea09       ?Gen_Medicine@KItemGenerator@@QAEHHHHPAVKItem@@@Z 1004fa09 f   KItemGenerator.obj
 0001:0004eb32       ?Gen_Item@KItemGenerator@@QAEHHHHHPAVKItem@@@Z 1004fb32 f   KItemGenerator.obj
 0001:0004ed0f       ?Gen_Equipment@KItemGenerator@@QAEHHHHHPBHHHPAVKItem@@@Z 1004fd0f f   KItemGenerator.obj
 0001:0004efc9       ?Gen_MagicAttrib@KItemGenerator@@AAEHHPBHHHPAUKMagicAttrib@@@Z 1004ffc9 f   KItemGenerator.obj
 0001:0004f54d       ?GMA_GetAvaliableMA@KItemGenerator@@AAEHH@Z 1005054d f   KItemGenerator.obj
 0001:0004f62c       ?GMA_GetLevelAndDropRate@KItemGenerator@@AAEHH@Z 1005062c f   KItemGenerator.obj
 0001:0004f750       ?GMA_ChooseMA@KItemGenerator@@AAEXHHHPAUKMagicAttrib@@@Z 10050750 f   KItemGenerator.obj
 0001:0004f8fd       ?GetMARecord@KItemGenerator@@ABEPBUKMAGICATTRIB_TABFILE@@H@Z 100508fd f   KItemGenerator.obj
 0001:0004f927       ?GMA_GetCandidateMA@KItemGenerator@@AAEHHHH@Z 10050927 f   KItemGenerator.obj
[...]
 0003:0da5a310       ___winitenv                1db03310     LIBCMTD:crt0dat.obj
 0003:0da5a314       __pgmptr                   1db03314     LIBCMTD:crt0dat.obj
 0003:0da5a318       __wpgmptr                  1db03318     LIBCMTD:crt0dat.obj
 0003:0da5a31c       __exitflag                 1db0331c     LIBCMTD:crt0dat.obj
 0003:0da5a320       __C_Termination_Done       1db03320     LIBCMTD:crt0dat.obj
 0003:0da5a324       __C_Exit_Done              1db03324     LIBCMTD:crt0dat.obj
 0003:0da5a3b0       __cflush                   1db033b0     LIBCMTD:_file.obj
 0003:0da5a3b4       __stdbuf                   1db033b4     LIBCMTD:_sftbuf.obj
 0003:0da5a3bc       __newmode                  1db033bc     LIBCMTD:_newmode.obj
 0003:0da5a3c0       ?_pnhHeap@@3P6AHI@ZA       1db033c0     LIBCMTD:handler.obj
 0003:0da5a3f0       ___lc_handle               1db033f0     LIBCMTD:nlsdata2.obj
 0003:0da5a408       ___lc_codepage             1db03408     LIBCMTD:nlsdata2.obj
 0003:0da5a40c       ___lc_collate_cp           1db0340c     LIBCMTD:nlsdata2.obj
 0003:0da5a518       __adbgmsg                  1db03518     LIBCMTD:crt0msg.obj
 0003:0da5a60c       ___lc_time_intl            1db0360c     LIBCMTD:inittime.obj
 0003:0da5a628       ___lc_id                   1db03628     LIBCMTD:nlsdata3.obj
 0003:0da5a67c       ___lconv_static_null       1db0367c     LIBCMTD:lconv.obj
 0003:0da5a6ac       ___@@_PchSym_@00@UhdilwDUhdliwlmormvUhlfixvhUxlivUhvieviwvyftUhgwzucOlyq@ 1db036ac     <common>
 0003:0da5a6b8       ??_B?1???id@?$ctype@G@std@@$D@@9@51 1db036b8     <common>
 0003:0da5a6c4       ___alternate_form          1db036c4     <common>
 0003:0da5a6d4       ___no_lead_zeros           1db036d4     <common>
 0003:0da5a6d8       ___mbcodepage              1db036d8     <common>
 0003:0da5a750       ___mbulinfo                1db03750     <common>
 0003:0da5a75c       ___ismbcodepage            1db0375c     <common>
 0003:0da5a760       __mbcasemap                1db03760     <common>
 0003:0da5a860       __mbctype                  1db03860     <common>
 0003:0da5a964       ___mblcid                  1db03964     <common>
 0003:0da5a980       ___pioinfo                 1db03980     <common>
 0003:0da5aabc       __nhandle                  1db03abc     <common>
 0003:0da5aac0       ___setlc_active            1db03ac0     <common>
 0003:0da5aad0       ___unguarded_readlc_active 1db03ad0     <common>
 0003:0da5aad4       ___sbh_sizeHeaderList      1db03ad4     <common>
 0003:0da5aae4       ___sbh_indGroupDefer       1db03ae4     <common>
 0003:0da5aae8       ___sbh_pHeaderScan         1db03ae8     <common>
 0003:0da5aaec       ___sbh_pHeaderDefer        1db03aec     <common>
 0003:0da5aaf0       ___sbh_cntHeaderList       1db03af0     <common>
 0003:0da5aaf4       ___sbh_pHeaderList         1db03af4     <common>
 0003:0da5aaf8       __crtheap                  1db03af8     <common>
 0003:0da5ab04       ___piob                    1db03b04     <common>
 0003:0da5ae60       __bufin                    1db03e60     <common>
 0003:0da5be60       __nstream                  1db04e60     <common>
 0003:0da5be64       ___env_initialized         1db04e64     <common>
 0003:0da5be74       ___mbctype_initialized     1db04e74     <common>
 0003:0da5be78       ___onexitend               1db04e78     <common>
 0003:0da5be7c       ___onexitbegin             1db04e7c     <common>
 0003:0da5be80       __acmdln                   1db04e80     <common>
 0003:0da5be90       __pRawDllMain              1db04e90     <common>
 0003:0da5be94       __pfnDumpClient            1db04e94     <common>
 0003:0da5bea0       __pfnReportHook            1db04ea0     <common>
 0004:00000000       __IMPORT_DESCRIPTOR_KERNEL32 1db05000     kernel32:KERNEL32.dll
 0004:00000014       __IMPORT_DESCRIPTOR_LuaLibDll 1db05014     lualibdll:LuaLibDll.dll
 0004:00000028       __IMPORT_DESCRIPTOR_SHLWAPI 1db05028     Shlwapi:SHLWAPI.dll
 0004:0000003c       __IMPORT_DESCRIPTOR_Engine 1db0503c     engine:Engine.dll
 0004:00000050       __NULL_IMPORT_DESCRIPTOR   1db05050     kernel32:KERNEL32.dll
 0004:00000474       __imp_?GetFloat3@KIniFile@@QAEXPBD0PAM@Z 1db05474     engine:Engine.dll
 0004:00000478       __imp_??0KIniFile@@QAE@XZ  1db05478     engine:Engine.dll
 0004:0000047c       __imp_??0KPakFile@@QAE@XZ  1db0547c     engine:Engine.dll
 0004:00000480       __imp_??1KTabFile@@UAE@XZ  1db05480     engine:Engine.dll
 0004:00000484       __imp_??1KPakFile@@QAE@XZ  1db05484     engine:Engine.dll
 0004:00000488       __imp_?Size@KPakFile@@QAEKXZ 1db05488     engine:Engine.dll
 0004:0000048c       __imp_?Open@KPakFile@@QAEHPAD@Z 1db0548c     engine:Engine.dll
 0004:00000490       __imp_?Read@KPakFile@@QAEKPAXK@Z 1db05490     engine:Engine.dll
 0004:00000494       __imp_?GetCenterPos@KPolygon@@QAEXPAUtagPOINT@@@Z 1db05494     engine:Engine.dll
 0004:00000498       __imp_?g_GetFullPath@@YAXPAD0@Z 1db05498     engine:Engine.dll
 0004:0000049c       __imp_?WriteString@KIniFile@@QAEXPBD00@Z 1db0549c     engine:Engine.dll
 0004:000004a0       __imp_?WriteInteger@KIniFile@@QAEXPBD0H@Z 1db054a0     engine:Engine.dll
 0004:000004a4       __imp_?Save@KIniFile@@QAEHPBD@Z 1db054a4     engine:Engine.dll
 0004:000004a8       __imp_?GetNextKey@KIniFile@@QAEHPBD0PAD@Z 1db054a8     engine:Engine.dll
 0004:000004ac       __imp_?g_GetRootPath@@YAXPAD@Z 1db054ac     engine:Engine.dll
 0004:000004b0       __imp_??1KScriptList@@QAE@XZ 1db054b0     engine:Engine.dll
 0004:000004b4       __imp_??0KScriptList@@QAE@XZ 1db054b4     engine:Engine.dll
 0004:000004b8       __imp_?g_GetFilePath@@YAXPAD@Z 1db054b8     engine:Engine.dll
 0004:000004bc       __imp_?GetInteger2@KIniFile@@QAEXPBD0PAH1@Z 1db054bc     engine:Engine.dll
 0004:000004c0       __imp_??0KTimer@@QAE@XZ    1db054c0     engine:Engine.dll
 0004:000004c4       __imp_?FindRow@KTabFile@@UAEHPAD@Z 1db054c4     engine:Engine.dll
 0004:000004c8       __imp_?GetRect@KIniFile@@QAEXPBD0PAUtagRECT@@@Z 1db054c8     engine:Engine.dll
 0004:000004cc       __imp_?g_FindDebugWindow@@YAPAUHWND__@@PAD0@Z 1db054cc     engine:Engine.dll
 0004:000004d0       __imp_?FindColumn@KTabFile@@UAEHPAD@Z 1db054d0     engine:Engine.dll
 0004:000004d4       __imp_?Seek@KPakFile@@QAEKJK@Z 1db054d4     engine:Engine.dll
 0004:000004d8       __imp_?g_AssertFailed@@YAXPADH@Z 1db054d8     engine:Engine.dll
 0004:000004dc       __imp_??1KLinkArray@@QAE@XZ 1db054dc     engine:Engine.dll
 0004:000004e0       __imp_??0KLinkArray@@QAE@XZ 1db054e0     engine:Engine.dll
 0004:000004e4       __imp_?Insert@KLinkArray@@QAEXH@Z 1db054e4     engine:Engine.dll
 0004:000004e8       __imp_?Init@KLinkArray@@QAEXH@Z 1db054e8     engine:Engine.dll
 0004:000004ec       __imp_?GetNext@KLinkArray@@QBEHH@Z 1db054ec     engine:Engine.dll
 0004:000004f0       __imp_?Remove@KLinkArray@@QAEXH@Z 1db054f0     engine:Engine.dll
 0004:000004f4       __imp_?g_DebugLog@@YAXPADZZ 1db054f4     engine:Engine.dll
 0004:000004f8       __imp_?GetInteger@KTabFile@@UAEHHPADHPAHH@Z 1db054f8     engine:Engine.dll
 0004:000004fc       __imp_?GetHeight@KTabFile@@UAEHXZ 1db054fc     engine:Engine.dll
 0004:00000500       __imp_?g_FileName2Id@@YAKPAD@Z 1db05500     engine:Engine.dll
 0004:00000504       __imp_?SafeCallEnd@KLuaScript@@QAEXH@Z 1db05504     engine:Engine.dll
 0004:00000508       __imp_?GetString@KTabFile@@UAEHHPAD00KH@Z 1db05508     engine:Engine.dll
 0004:0000050c       __imp_?SafeCallBegin@KLuaScript@@QAEXPAH@Z 1db0550c     engine:Engine.dll
 0004:00000510       __imp_?g_Random@@YAII@Z    1db05510     engine:Engine.dll
 0004:00000514       __imp_?GetString@KIniFile@@QAEHPBD00PADK@Z 1db05514     engine:Engine.dll
 0004:00000518       __imp_??1KIniFile@@QAE@XZ  1db05518     engine:Engine.dll
 0004:0000051c       __imp_?Load@KIniFile@@QAEHPBD@Z 1db0551c     engine:Engine.dll
 0004:00000520       __imp_?Load@KLuaScript@@UAEHPAD@Z 1db05520     engine:Engine.dll
 0004:00000524       __imp_?Close@KPakFile@@QAEXXZ 1db05524     engine:Engine.dll
 0004:00000528       __imp_?GetInteger@KTabFile@@UAEHHHHPAH@Z 1db05528     engine:Engine.dll
 0004:0000052c       __imp_?GetInteger@KTabFile@@UAEHPAD0HPAH@Z 1db0552c     engine:Engine.dll
 0004:00000530       __imp_?Load@KTabFile@@UAEHPAD@Z 1db05530     engine:Engine.dll
 0004:00000534       __imp_??0KTabFile@@QAE@XZ  1db05534     engine:Engine.dll
 0004:00000538       __imp_?GetInteger@KIniFile@@QAEHPBD0HPAH@Z 1db05538     engine:Engine.dll
 0004:0000053c       __imp_?g_SetFilePath@@YAXPAD@Z 1db0553c     engine:Engine.dll
 0004:00000540       __imp_?g_StrCmp@@YAHPBD0@Z 1db05540     engine:Engine.dll
 0004:00000544       __imp_?g_StrLower@@YAXPAD@Z 1db05544     engine:Engine.dll
 0004:00000548       __imp_?g_StrCpyLen@@YAXPADPBDH@Z 1db05548     engine:Engine.dll
 0004:0000054c       __imp_?g_StrCpy@@YAXPADPBD@Z 1db0554c     engine:Engine.dll
 0004:00000550       __imp_?SetGlobalName@KLuaScript@@QAEXPAD@Z 1db05550     engine:Engine.dll
 0004:00000554       __imp_?SetScriptName@KLuaScript@@UAEXPAD@Z 1db05554     engine:Engine.dll
 0004:00000558       __imp_?RegisterFunction@KLuaScript@@UAEHPADPAX@Z 1db05558     engine:Engine.dll
 0004:0000055c       __imp_?CallFunction@KLuaScript@@UAAHPADH0ZZ 1db0555c     engine:Engine.dll
 0004:00000560       __imp_?Execute@KLuaScript@@UAEHXZ 1db05560     engine:Engine.dll
 0004:00000564       __imp_?Compile@KLuaScript@@UAEHPAD@Z 1db05564     engine:Engine.dll
 0004:00000568       __imp__TEncodeText         1db05568     engine:Engine.dll
 0004:0000056c       __imp_?Exit@KLuaScript@@UAEXXZ 1db0556c     engine:Engine.dll
 0004:00000570       __imp_?Init@KLuaScript@@UAEHXZ 1db05570     engine:Engine.dll
 0004:00000574       __imp_?ExecuteCode@KLuaScript@@QAEHXZ 1db05574     engine:Engine.dll
 0004:00000578       __imp_?LoadBuffer@KLuaScript@@QAEHPAEK@Z 1db05578     engine:Engine.dll
 0004:0000057c       __imp_?RegisterFunctions@KLuaScript@@QAEHQAUTLua_Funcs@@H@Z 1db0557c     engine:Engine.dll
 0004:00000580       __imp_??0KLuaScript@@QAE@XZ 1db05580     engine:Engine.dll
 0004:00000584       __imp_??1KLuaScript@@UAE@XZ 1db05584     engine:Engine.dll
 0004:00000588       __imp_?GetString@KTabFile@@UAEHHHPAD0K@Z 1db05588     engine:Engine.dll
 0004:0000058c       __imp_?g_GetRandomSeed@@YAIXZ 1db0558c     engine:Engine.dll
 0004:00000590       __imp_??1KFile@@QAE@XZ     1db05590     engine:Engine.dll
 0004:00000594       __imp_?GetPrev@KLinkArray@@QBEHH@Z 1db05594     engine:Engine.dll
 0004:00000598       __imp_?g_SetRootPath@@YAXPAD@Z 1db05598     engine:Engine.dll
 0004:0000059c       __imp_?GetWidth@KTabFile@@UAEHXZ 1db0559c     engine:Engine.dll
 0004:000005a0       __imp_?g_RandomSeed@@YAXI@Z 1db055a0     engine:Engine.dll
 0004:000005a4       __imp_??0KPolygon@@QAE@XZ  1db055a4     engine:Engine.dll
 0004:000005a8       __imp_?Clear@KPolygon@@QAEXXZ 1db055a8     engine:Engine.dll
 0004:000005ac       __imp_?IsPointInPolygon@KPolygon@@QAEHUtagPOINT@@@Z 1db055ac     engine:Engine.dll
 0004:000005b0       \177Engine_NULL_THUNK_DATA 1db055b0     engine:Engine.dll
 0004:00000618       __imp__FindNextFileA@8     1db05618     kernel32:KERNEL32.dll
 0004:0000061c       __imp__FindFirstFileA@8    1db0561c     kernel32:KERNEL32.dll
 0004:00000620       __imp__GetFileAttributesA@4 1db05620     kernel32:KERNEL32.dll
 0004:00000624       __imp__GetComputerNameA@8  1db05624     kernel32:KERNEL32.dll
 0004:00000628       __imp__FindClose@4         1db05628     kernel32:KERNEL32.dll
 0004:0000062c       __imp__SetCurrentDirectoryA@4 1db0562c     kernel32:KERNEL32.dll
 0004:00000630       __imp__GetTickCount@0      1db05630     kernel32:KERNEL32.dll
 0004:00000634       __imp__TlsFree@4           1db05634     kernel32:KERNEL32.dll
 0004:00000638       __imp__TlsAlloc@0          1db05638     kernel32:KERNEL32.dll
 0004:0000063c       __imp__InterlockedExchange@8 1db0563c     kernel32:KERNEL32.dll
 0004:00000640       __imp__SetEnvironmentVariableA@8 1db05640     kernel32:KERNEL32.dll
 0004:00000644       __imp__CompareStringW@24   1db05644     kernel32:KERNEL32.dll
 0004:00000648       __imp__GetCurrentDirectoryA@8 1db05648     kernel32:KERNEL32.dll
 0004:0000064c       __imp__SetLastError@4      1db0564c     kernel32:KERNEL32.dll
 0004:00000650       __imp__CloseHandle@4       1db05650     kernel32:KERNEL32.dll
 0004:00000654       __imp__ReadFile@20         1db05654     kernel32:KERNEL32.dll
 0004:00000658       __imp__GetLocaleInfoW@16   1db05658     kernel32:KERNEL32.dll
 0004:0000065c       __imp__RaiseException@16   1db0565c     kernel32:KERNEL32.dll
 0004:00000660       __imp__FlushFileBuffers@4  1db05660     kernel32:KERNEL32.dll
 0004:00000664       __imp__SetStdHandle@8      1db05664     kernel32:KERNEL32.dll
 0004:00000668       __imp__GetACP@0            1db05668     kernel32:KERNEL32.dll
 0004:0000066c       __imp__GetVersionExA@4     1db0566c     kernel32:KERNEL32.dll
 0004:00000670       __imp__GetOEMCP@0          1db05670     kernel32:KERNEL32.dll
 0004:00000674       __imp__EnumSystemLocalesA@8 1db05674     kernel32:KERNEL32.dll
 0004:00000678       __imp__GetLocaleInfoA@16   1db05678     kernel32:KERNEL32.dll
 0004:0000067c       __imp__DebugBreak@0        1db0567c     kernel32:KERNEL32.dll
 0004:00000680       __imp__GetStdHandle@4      1db05680     kernel32:KERNEL32.dll
 0004:00000684       __imp__WriteFile@20        1db05684     kernel32:KERNEL32.dll
 0004:00000688       __imp__InterlockedDecrement@4 1db05688     kernel32:KERNEL32.dll
 0004:0000068c       __imp__OutputDebugStringA@4 1db0568c     kernel32:KERNEL32.dll
 0004:00000690       __imp__GetProcAddress@8    1db05690     kernel32:KERNEL32.dll
 0004:00000694       __imp__LoadLibraryA@4      1db05694     kernel32:KERNEL32.dll
 0004:00000698       __imp__InterlockedIncrement@4 1db05698     kernel32:KERNEL32.dll
 0004:0000069c       __imp__GetModuleFileNameA@12 1db0569c     kernel32:KERNEL32.dll
 0004:000006a0       __imp__RtlUnwind@16        1db056a0     kernel32:KERNEL32.dll
 0004:000006a4       __imp__IsBadWritePtr@8     1db056a4     kernel32:KERNEL32.dll
 0004:000006a8       __imp__IsBadReadPtr@8      1db056a8     kernel32:KERNEL32.dll
 0004:000006ac       __imp__HeapValidate@12     1db056ac     kernel32:KERNEL32.dll
 0004:000006b0       __imp__GetTimeZoneInformation@4 1db056b0     kernel32:KERNEL32.dll
 0004:000006b4       __imp__GetSystemTime@4     1db056b4     kernel32:KERNEL32.dll
 0004:000006b8       __imp__GetLocalTime@4      1db056b8     kernel32:KERNEL32.dll
 0004:000006bc       __imp__GetCommandLineA@0   1db056bc     kernel32:KERNEL32.dll
 0004:000006c0       __imp__GetVersion@0        1db056c0     kernel32:KERNEL32.dll
 0004:000006c4       __imp__ExitProcess@4       1db056c4     kernel32:KERNEL32.dll
 0004:000006c8       __imp__TerminateProcess@8  1db056c8     kernel32:KERNEL32.dll
 0004:000006cc       __imp__GetCurrentProcess@0 1db056cc     kernel32:KERNEL32.dll
 0004:000006d0       __imp__InitializeCriticalSection@4 1db056d0     kernel32:KERNEL32.dll
 0004:000006d4       __imp__DeleteCriticalSection@4 1db056d4     kernel32:KERNEL32.dll
 0004:000006d8       __imp__EnterCriticalSection@4 1db056d8     kernel32:KERNEL32.dll
 0004:000006dc       __imp__LeaveCriticalSection@4 1db056dc     kernel32:KERNEL32.dll
 0004:000006e0       __imp__FatalAppExitA@8     1db056e0     kernel32:KERNEL32.dll
 0004:000006e4       __imp__GetLastError@0      1db056e4     kernel32:KERNEL32.dll
 0004:000006e8       __imp__SetConsoleCtrlHandler@8 1db056e8     kernel32:KERNEL32.dll
 0004:000006ec       __imp__GetCurrentThreadId@0 1db056ec     kernel32:KERNEL32.dll
 0004:000006f0       __imp__TlsSetValue@8       1db056f0     kernel32:KERNEL32.dll
 0004:000006f4       __imp__CompareStringA@24   1db056f4     kernel32:KERNEL32.dll
 0004:000006f8       __imp__Sleep@4             1db056f8     kernel32:KERNEL32.dll
 0004:000006fc       __imp__GetUserDefaultLCID@0 1db056fc     kernel32:KERNEL32.dll
 0004:00000700       __imp__TlsGetValue@4       1db05700     kernel32:KERNEL32.dll
 0004:00000704       __imp__GetCurrentThread@0  1db05704     kernel32:KERNEL32.dll
 0004:00000708       __imp__GetModuleHandleA@4  1db05708     kernel32:KERNEL32.dll
 0004:0000070c       __imp__HeapAlloc@12        1db0570c     kernel32:KERNEL32.dll
 0004:00000710       __imp__HeapReAlloc@16      1db05710     kernel32:KERNEL32.dll
 0004:00000714       __imp__HeapFree@12         1db05714     kernel32:KERNEL32.dll
 0004:00000718       __imp__HeapDestroy@4       1db05718     kernel32:KERNEL32.dll
 0004:0000071c       __imp__HeapCreate@12       1db0571c     kernel32:KERNEL32.dll
 0004:00000720       __imp__VirtualFree@12      1db05720     kernel32:KERNEL32.dll
 0004:00000724       __imp__VirtualAlloc@16     1db05724     kernel32:KERNEL32.dll
 0004:00000728       __imp__WideCharToMultiByte@32 1db05728     kernel32:KERNEL32.dll
 0004:0000072c       __imp__MultiByteToWideChar@24 1db0572c     kernel32:KERNEL32.dll
 0004:00000730       __imp__LCMapStringA@24     1db05730     kernel32:KERNEL32.dll
 0004:00000734       __imp__LCMapStringW@24     1db05734     kernel32:KERNEL32.dll
 0004:00000738       __imp__UnhandledExceptionFilter@4 1db05738     kernel32:KERNEL32.dll
 0004:0000073c       __imp__SetHandleCount@4    1db0573c     kernel32:KERNEL32.dll
 0004:00000740       __imp__GetFileType@4       1db05740     kernel32:KERNEL32.dll
 0004:00000744       __imp__GetStartupInfoA@4   1db05744     kernel32:KERNEL32.dll
 0004:00000748       __imp__FreeEnvironmentStringsA@4 1db05748     kernel32:KERNEL32.dll
 0004:0000074c       __imp__FreeEnvironmentStringsW@4 1db0574c     kernel32:KERNEL32.dll
 0004:00000750       __imp__GetEnvironmentStrings@0 1db05750     kernel32:KERNEL32.dll
 0004:00000754       __imp__GetEnvironmentStringsW@0 1db05754     kernel32:KERNEL32.dll
 0004:00000758       __imp__GetStringTypeA@20   1db05758     kernel32:KERNEL32.dll
 0004:0000075c       __imp__SetUnhandledExceptionFilter@4 1db0575c     kernel32:KERNEL32.dll
 0004:00000760       __imp__IsBadCodePtr@4      1db05760     kernel32:KERNEL32.dll
 0004:00000764       __imp__SetFilePointer@16   1db05764     kernel32:KERNEL32.dll
 0004:00000768       __imp__GetStringTypeW@16   1db05768     kernel32:KERNEL32.dll
 0004:0000076c       __imp__GetCPInfo@8         1db0576c     kernel32:KERNEL32.dll
 0004:00000770       __imp__IsValidLocale@8     1db05770     kernel32:KERNEL32.dll
 0004:00000774       __imp__IsValidCodePage@4   1db05774     kernel32:KERNEL32.dll
 0004:00000778       \177KERNEL32_NULL_THUNK_DATA 1db05778     kernel32:KERNEL32.dll
 0004:000007e8       __imp__lua_tostring        1db057e8     lualibdll:LuaLibDll.dll
 0004:000007ec       __imp__lua_isnumber        1db057ec     lualibdll:LuaLibDll.dll
 0004:000007f0       __imp__lua_isstring        1db057f0     lualibdll:LuaLibDll.dll
 0004:000007f4       __imp__lua_tonumber        1db057f4     lualibdll:LuaLibDll.dll
 0004:000007f8       __imp__lua_pushnumber      1db057f8     lualibdll:LuaLibDll.dll
 0004:000007fc       __imp__lua_typename        1db057fc     lualibdll:LuaLibDll.dll
 0004:00000800       __imp__lua_gettop          1db05800     lualibdll:LuaLibDll.dll
 0004:00000804       __imp__lua_dofile          1db05804     lualibdll:LuaLibDll.dll
 0004:00000808       __imp__lua_rawget          1db05808     lualibdll:LuaLibDll.dll
 0004:0000080c       __imp__lua_type            1db0580c     lualibdll:LuaLibDll.dll
 0004:00000810       __imp__lua_pushstring      1db05810     lualibdll:LuaLibDll.dll
 0004:00000814       __imp__lua_pushnil         1db05814     lualibdll:LuaLibDll.dll
 0004:00000818       __imp__lua_getglobal       1db05818     lualibdll:LuaLibDll.dll
 0004:0000081c       \177LuaLibDll_NULL_THUNK_DATA 1db0581c     lualibdll:LuaLibDll.dll
 0004:00000850       __imp__PathCombineA@12     1db05850     Shlwapi:SHLWAPI.dll
 0004:00000854       __imp__PathRelativePathToA@20 1db05854     Shlwapi:SHLWAPI.dll
 0004:00000858       \177SHLWAPI_NULL_THUNK_DATA 1db05858     Shlwapi:SHLWAPI.dll

 entry point at        0001:0007bf80

