 CoreServer

 Timestamp is 68b8da64 (Wed Sep 03 20:16:36 2025)

 Preferred load address is 10000000

 Start         Length     Name                   Class
 0001:00000000 0007740eH .text                   CODE
 0001:00077410 000024aaH .text$x                 CODE
 0002:00000000 0000030cH .idata$5                DATA
 0002:00000310 000053f8H .rdata                  DATA
 0002:00005708 00000434H .rdata$r                DATA
 0002:00005b40 00003518H .xdata$x                DATA
 0002:00009058 00000064H .idata$2                DATA
 0002:000090bc 00000014H .idata$3                DATA
 0002:000090d0 0000030cH .idata$4                DATA
 0002:000093dc 000011d4H .idata$6                DATA
 0002:0000a5b0 00001346H .edata                  DATA
 0003:00000000 00000004H .CRT$XCA                DATA
 0003:00000004 000000c0H .CRT$XCU                DATA
 0003:000000c4 00000004H .CRT$XCZ                DATA
 0003:000000c8 00000004H .CRT$XIA                DATA
 0003:000000cc 0000000cH .CRT$XIC                DATA
 0003:000000d8 00000004H .CRT$XIY                DATA
 0003:000000dc 00000004H .CRT$XIZ                DATA
 0003:000000e0 00000004H .CRT$XPA                DATA
 0003:000000e4 00000004H .CRT$XPX                DATA
 0003:000000e8 00000004H .CRT$XPZ                DATA
 0003:000000ec 00000004H .CRT$XTA                DATA
 0003:000000f0 00000004H .CRT$XTB                DATA
 0003:000000f4 00000004H .CRT$XTZ                DATA
 0003:00000100 0000910cH .data                   DATA
 0003:00009210 0fa29c6cH .bss                    DATA

  Address         Publics by Value              Rva+Base     Lib:Object

 0001:00000000       ??_H@YGXPAXIHP6EX0@Z@Z     10001000 f i KPartnerSkill.obj
 0001:00000030       ?GetMoney@KInventory@@QAEHXZ 10001030 f i KThiefSkill.obj
 0001:00000040       ?SetMoney@KInventory@@QAEHH@Z 10001040 f i KThiefSkill.obj
 0001:00000060       ??4KInventory@@QAEAAV0@ABV0@@Z 10001060 f i KThiefSkill.obj
 0001:00000090       ?GetEquipment@KItemList@@QAEHH@Z 10001090 f i KThiefSkill.obj
 0001:000000a0       ?GetMoney@KItemList@@QAEHH@Z 100010a0 f i KThiefSkill.obj
 0001:000000c0       ?Hand@KItemList@@QAEHXZ    100010c0 f i KThiefSkill.obj
 0001:000000d0       ??4KItemList@@QAEAAV0@ABV0@@Z 100010d0 f i KThiefSkill.obj
 0001:000000f0       ??0KThiefSkill@@QAE@XZ     100010f0 f   KThiefSkill.obj
 0001:00000120       ?GetSkillCostType@KThiefSkill@@UBE?AW4NPCATTRIB@@XZ 10001120 f i KThiefSkill.obj
 0001:00000130       ?GetAttackRadius@KThiefSkill@@UBEHXZ 10001130 f i KThiefSkill.obj
 0001:00000140       ?IsTargetOnly@KThiefSkill@@UBEHXZ 10001140 f i KThiefSkill.obj
 0001:00000150       ?IsTargetEnemy@KThiefSkill@@UBEHXZ 10001150 f i KThiefSkill.obj
 0001:00000160       ?IsTargetAlly@KThiefSkill@@UBEHXZ 10001160 f i KThiefSkill.obj
 0001:00000170       ?IsTargetObj@KThiefSkill@@UBEHXZ 10001170 f i KThiefSkill.obj
 0001:00000180       ??_GKThiefSkill@@UAEPAXI@Z 10001180 f i KThiefSkill.obj
 0001:00000180       ??_EKThiefSkill@@UAEPAXI@Z 10001180 f i KThiefSkill.obj
 0001:000001a0       ??1KThiefSkill@@UAE@XZ     100011a0 f   KThiefSkill.obj
 0001:000001b0       ?GetSkillId@KThiefSkill@@UAEHXZ 100011b0 f   KThiefSkill.obj
 0001:000001c0       ?GetSkillName@KThiefSkill@@UAEPBDXZ 100011c0 f   KThiefSkill.obj
 0001:000001d0       ?GetSkillStyle@KThiefSkill@@UAEHXZ 100011d0 f   KThiefSkill.obj
 0001:000001e0       ?LoadSkillLevelData@KThiefSkill@@UAEXKH@Z 100011e0 f   KThiefSkill.obj
 0001:000001f0       ?DoSkill@KThiefSkill@@QAEHPAVKNpc@@HH@Z 100011f0 f   KThiefSkill.obj
 0001:00000240       ?Cast_Redress@KThiefSkill@@AAEHPAVKPlayer@@0@Z 10001240 f   KThiefSkill.obj
 0001:00000470       ?Cast_ShowLife@KThiefSkill@@AAEHPAVKPlayer@@0@Z 10001470 f   KThiefSkill.obj
 0001:00000500       ?Cast_ShowMana@KThiefSkill@@AAEHPAVKPlayer@@0@Z 10001500 f   KThiefSkill.obj
 0001:00000590       ?Cast_ShowMoney@KThiefSkill@@AAEHPAVKPlayer@@0@Z 10001590 f   KThiefSkill.obj
 0001:00000620       ?Cast_RunScript@KThiefSkill@@AAEHPAVKPlayer@@0@Z 10001620 f   KThiefSkill.obj
 0001:00000650       ?Cast@KThiefSkill@@QAEHPAVKPlayer@@0@Z 10001650 f   KThiefSkill.obj
 0001:000006d0       ?OnSkill@KThiefSkill@@QAEHPAVKNpc@@@Z 100016d0 f   KThiefSkill.obj
 0001:000007f0       ?CanCastSkill@KThiefSkill@@UBEHHAAH0@Z 100017f0 f   KThiefSkill.obj
 0001:000008b0       ?LoadSetting@KThiefSkill@@QAEHPAD@Z 100018b0 f   KThiefSkill.obj
 0001:00000ab0       ?GetSkillCost@KThiefSkill@@UBEHPAX@Z 10001ab0 f   KThiefSkill.obj
 0001:00000ad0       ?IsAura@ISkill@@UBEHXZ     10001ad0 f i KThiefSkill.obj
 0001:00000ae0       ?IsPhysical@ISkill@@UBEHXZ 10001ae0 f i KThiefSkill.obj
 0001:00000af0       ?GetSkillLevelUpScriptId@ISkill@@UBEKXZ 10001af0 f i KThiefSkill.obj
 0001:00000b00       ??_EISkill@@UAEPAXI@Z      10001b00 f i KThiefSkill.obj
 0001:00000b00       ??_GISkill@@UAEPAXI@Z      10001b00 f i KThiefSkill.obj
 0001:00000b20       ??0KMissleSet@@QAE@XZ      10001b20 f i KMissle.obj
 0001:00000b30       ??4KMissleSet@@QAEAAV0@ABV0@@Z 10001b30 f i KMissle.obj
 0001:00000b60       ??1KMissleSet@@QAE@XZ      10001b60 f i KMissle.obj
 0001:00000c70       ??0KMissle@@QAE@XZ         10001c70 f   KMissle.obj
 0001:00000cd0       ??_GKMissle@@UAEPAXI@Z     10001cd0 f i KMissle.obj
 0001:00000cd0       ??_EKMissle@@UAEPAXI@Z     10001cd0 f i KMissle.obj
 0001:00000cf0       ?Release@KMissle@@AAEXXZ   10001cf0 f   KMissle.obj
 0001:00000d40       ??1KMissle@@UAE@XZ         10001d40 f   KMissle.obj
 0001:00000d50       ??_EKNode@@UAEPAXI@Z       10001d50 f i KMissle.obj
 0001:00000d50       ??_GKNode@@UAEPAXI@Z       10001d50 f i KMissle.obj
 0001:00000d70       ?GetInfoFromTabFile@KMissle@@QAEHH@Z 10001d70 f   KMissle.obj
 0001:00000d90       ?GetInfoFromTabFile@KMissle@@QAEHPAVKITabFile@@H@Z 10001d90 f   KMissle.obj
 0001:00000fa0       ?Init@KMissle@@AAEHHHHHH@Z 10001fa0 f   KMissle.obj
 0001:00000fb0       ?Activate@KMissle@@QAEHXZ  10001fb0 f   KMissle.obj
 0001:000011b0       ?OnWait@KMissle@@AAEXXZ    100021b0 f   KMissle.obj
 0001:000011c0       ?OnCollision@KMissle@@AAEXXZ 100021c0 f   KMissle.obj
 0001:000011d0       ?CheckCollision@KMissle@@AAEHXZ 100021d0 f   KMissle.obj
 0001:00001510       ??_GKIndexNode@@UAEPAXI@Z  10002510 f i KMissle.obj
 0001:00001510       ??_EKIndexNode@@UAEPAXI@Z  10002510 f i KMissle.obj
 0001:00001530       ??1KIndexNode@@UAE@XZ      10002530 f i KMissle.obj
 0001:00001540       ?OnFly@KMissle@@AAEXXZ     10002540 f   KMissle.obj
 0001:00001d20       ?Send@KWorldMsg@@QAEHKHHH@Z 10002d20 f i KMissle.obj
 0001:00001d90       ??_GKWorldMsgNode@@UAEPAXI@Z 10002d90 f i KMissle.obj
 0001:00001d90       ??_EKWorldMsgNode@@UAEPAXI@Z 10002d90 f i KMissle.obj
 0001:00001db0       ??1KWorldMsgNode@@UAE@XZ   10002db0 f i KMissle.obj
 0001:00001dc0       ?OnVanish@KMissle@@AAEXXZ  10002dc0 f   KMissle.obj
 0001:00001dd0       ?CheckBeyondRegion@KMissle@@AAEHHH@Z 10002dd0 f   KMissle.obj
 0001:000020a0       ??4KMissle@@AAEAAV0@AAV0@@Z 100030a0 f   KMissle.obj
 0001:00002210       ?ProcessDamage@KMissle@@AAEHH@Z 10003210 f   KMissle.obj
 0001:000022d0       ?DoVanish@KMissle@@AAEXXZ  100032d0 f   KMissle.obj
 0001:00002380       ?DoCollision@KMissle@@AAEXXZ 10003380 f   KMissle.obj
 0001:00002400       ?DoFly@KMissle@@AAEXXZ     10003400 f   KMissle.obj
 0001:00002420       ?GetOffsetAxis@KMissle@@SAHHHHHHHAAH00@Z 10003420 f   KMissle.obj
 0001:00002560       ?ProcessCollision@KMissle@@AAEHHHHHHH@Z 10003560 f   KMissle.obj
 0001:00002750       ?ProcessCollision@KMissle@@AAEHXZ 10003750 f   KMissle.obj
 0001:00002790       ?DoWait@KMissle@@AAEXXZ    10003790 f   KMissle.obj
 0001:000027a0       ?PrePareFly@KMissle@@AAEHXZ 100037a0 f   KMissle.obj
 0001:00002a40       ?CheckNearestCollision@KMissle@@AAEHXZ 10003a40 f   KMissle.obj
 0001:00002cc0       ?GetMpsPos@KMissle@@QAEXPAH0@Z 10003cc0 f   KMissle.obj
 0001:00002d60       ?Init@KMissleSet@@QAEXXZ   10003d60 f   KMissleSet.obj
 0001:00002db0       ?FindFree@KMissleSet@@QAEHXZ 10003db0 f   KMissleSet.obj
 0001:00002dc0       ?Add@KMissleSet@@QAEHHHHHHH@Z 10003dc0 f   KMissleSet.obj
 0001:00002e60       ?Add@KMissleSet@@QAEHHHH@Z 10003e60 f   KMissleSet.obj
 0001:00002fc0       ?CreateMissile@KMissleSet@@QAEHHHHHHHHH@Z 10003fc0 f   KMissleSet.obj
 0001:00002ff0       ?Activate@KMissleSet@@QAEHXZ 10003ff0 f   KMissleSet.obj
 0001:00003020       ?Remove@KMissleSet@@QAEXH@Z 10004020 f   KMissleSet.obj
 0001:00003070       ?Draw@KMissleSet@@QAEXXZ   10004070 f   KMissleSet.obj
 0001:00003080       ?GetCount@KMissleSet@@QAEHXZ 10004080 f   KMissleSet.obj
 0001:000030a0       ?ClearMissles@KMissleSet@@QAEXXZ 100040a0 f   KMissleSet.obj
 0001:000030d0       ??0KSkillList@@QAE@XZ      100040d0 f   KSkillList.obj
 0001:000030f0       ??1KSkillList@@QAE@XZ      100040f0 f   KSkillList.obj
 0001:00003100       ?FindSame@KSkillList@@QAEHH@Z 10004100 f   KSkillList.obj
 0001:00003130       ?FindFree@KSkillList@@QAEHXZ 10004130 f   KSkillList.obj
 0001:00003150       ?SetNpcSkill@KSkillList@@QAEXHHH@Z 10004150 f   KSkillList.obj
 0001:00003200       ?RemoveNpcSkill@KSkillList@@QAEXH@Z 10004200 f   KSkillList.obj
 0001:00003230       ?GetCount@KSkillList@@QAEHXZ 10004230 f   KSkillList.obj
 0001:00003250       ?IncreaseLevel@KSkillList@@QAEHHH@Z 10004250 f   KSkillList.obj
 0001:00003300       ?Add@KSkillList@@QAEHHHHH@Z 10004300 f   KSkillList.obj
 0001:00003470       ?GetLevel@KSkillList@@QAEHH@Z 10004470 f   KSkillList.obj
 0001:000034a0       ?GetCurrentLevel@KSkillList@@QAEHH@Z 100044a0 f   KSkillList.obj
 0001:000034d0       ?CanCast@KSkillList@@QAEHHK@Z 100044d0 f   KSkillList.obj
 0001:00003510       ?SetNextCastTime@KSkillList@@QAEXHK@Z 10004510 f   KSkillList.obj
 0001:00003540       ?UpdateDBSkillList@KSkillList@@QAEHPAE@Z 10004540 f   KSkillList.obj
 0001:00003580       ?ClearSkillLevel@KSkillList@@QAEH_N@Z 10004580 f   KSkillList.obj
 0001:00003630       ??0KSkillManager@@QAE@XZ   10004630 f   KSkillManager.obj
 0001:00003640       ??1KSkillManager@@QAE@XZ   10004640 f   KSkillManager.obj
 0001:00003680       ?Init@KSkillManager@@QAEHXZ 10004680 f   KSkillManager.obj
 0001:00003840       ?InstanceSkill@KSkillManager@@AAEPAVISkill@@KK@Z 10004840 f   KSkillManager.obj
 0001:000039b0       ??4KSkill@@QAEAAV0@ABV0@@Z 100049b0 f i KSkillManager.obj
 0001:00003d40       ??0KSkill@@QAE@XZ          10004d40 f   KSkills.obj
 0001:00003e10       ??_GKSkill@@UAEPAXI@Z      10004e10 f i KSkills.obj
 0001:00003e10       ??_EKSkill@@UAEPAXI@Z      10004e10 f i KSkills.obj
 0001:00003e30       ??1KSkill@@UAE@XZ          10004e30 f   KSkills.obj
 0001:00003e40       ?CanCastSkill@KSkill@@UBEHHAAH0@Z 10004e40 f   KSkills.obj
 0001:00003fd0       ?Cast@KSkill@@QBEHHHHHW4eSkillLauncherType@@@Z 10004fd0 f   KSkills.obj
 0001:00004210       ?Vanish@KSkill@@ABEXPAVKMissle@@@Z 10005210 f   KSkills.obj
 0001:00004220       ?OnMissleEvent@KSkill@@QBEHGPAVKMissle@@@Z 10005220 f   KSkills.obj
 0001:00004430       ?FlyEvent@KSkill@@ABEXPAVKMissle@@@Z 10005430 f   KSkills.obj
 0001:00004440       ?Collidsion@KSkill@@ABEXPAVKMissle@@@Z 10005440 f   KSkills.obj
 0001:00004450       ?CastMissles@KSkill@@ABEHHHHHW4eSkillLauncherType@@@Z 10005450 f   KSkills.obj
 0001:00005c20       ?CastZone@KSkill@@ABEHPAUTOrdinSkillParam@@HHH@Z 10006c20 f   KSkills.obj
 0001:00006120       ?CastLine@KSkill@@ABEHPAUTOrdinSkillParam@@HHH@Z 10007120 f   KSkills.obj
 0001:000064d0       ?CastExtractiveLineMissle@KSkill@@ABEHPAUTOrdinSkillParam@@HHHHHHH@Z 100074d0 f   KSkills.obj
 0001:000067f0       ?IsTargetOnly@KSkill@@UBEHXZ 100077f0 f i KSkills.obj
 0001:00006800       ?IsTargetEnemy@KSkill@@UBEHXZ 10007800 f i KSkills.obj
 0001:00006810       ?IsTargetAlly@KSkill@@UBEHXZ 10007810 f i KSkills.obj
 0001:00006820       ?IsTargetObj@KSkill@@UBEHXZ 10007820 f i KSkills.obj
 0001:00006830       ?CastWall@KSkill@@ABEHPAUTOrdinSkillParam@@HHH@Z 10007830 f   KSkills.obj
 0001:00006c60       ?GetSkillLevelUpScriptId@KSkill@@UBEKXZ 10007c60 f i KSkills.obj
 0001:00006c70       ?GetSkillName@KSkill@@UAEPBDXZ 10007c70 f i KSkills.obj
 0001:00006c80       ?GetSkillStyle@KSkill@@UAEHXZ 10007c80 f i KSkills.obj
 0001:00006c90       ?GetAttackRadius@KSkill@@UBEHXZ 10007c90 f i KSkills.obj
 0001:00006ca0       ?GetSkillCost@KSkill@@UBEHPAX@Z 10007ca0 f i KSkills.obj
 0001:00006cb0       ?GetSkillCostType@KSkill@@UBE?AW4NPCATTRIB@@XZ 10007cb0 f i KSkills.obj
 0001:00006cc0       ?GetSkillId@KSkill@@UAEHXZ 10007cc0 f i KSkills.obj
 0001:00006cd0       ?IsAura@KSkill@@UBEHXZ     10007cd0 f i KSkills.obj
 0001:00006ce0       ?IsPhysical@KSkill@@UBEHXZ 10007ce0 f i KSkills.obj
 0001:00006cf0       ?CastCircle@KSkill@@ABEHPAUTOrdinSkillParam@@HHH@Z 10007cf0 f   KSkills.obj
 0001:00007100       ?CastSpread@KSkill@@ABEHPAUTOrdinSkillParam@@HHH@Z 10008100 f   KSkills.obj
 0001:00007680       ?GetChildSkillNum@KSkill@@QBEHH@Z 10008680 f   KSkills.obj
 0001:00007690       ?CreateMissle@KSkill@@ABEXHHH@Z 10008690 f   KSkills.obj
 0001:000078a0       ?GetInfoFromTabFile@KSkill@@QAEHH@Z 100088a0 f   KSkills.obj
 0001:000078c0       ?GetInfoFromTabFile@KSkill@@QAEHPAVKITabFile@@H@Z 100088c0 f   KSkills.obj
 0001:00007e20       ?LoadSkillLevelData@KSkill@@UAEXKH@Z 10008e20 f   KSkills.obj
 0001:000080b0       ?CreateMissleMagicAttribsData@KSkill@@QBEPAVKMissleMagicAttribsData@@H@Z 100090b0 f   KSkills.obj
 0001:000081c0       ?GetMissleGenerateTime@KSkill@@QBEIH@Z 100091c0 f   KSkills.obj
 0001:000082c0       ?GetSkillIdFromName@KSkill@@SAHPAD@Z 100092c0 f   KSkills.obj
 0001:00008360       ?CastInitiativeSkill@KSkill@@ABEHHHHH@Z 10009360 f   KSkills.obj
 0001:00008480       ?CastPassivitySkill@KSkill@@ABEHHHHH@Z 10009480 f   KSkills.obj
 0001:000084d0       ?ParseString2MagicAttrib@KSkill@@AAEHKPAD0@Z 100094d0 f   KSkills.obj
 0001:00008940       ?Init@KFaction@@QAEHXZ     10009940 f   KFaction.obj
 0001:00008db0       ?GetID@KFaction@@QAEHHH@Z  10009db0 f   KFaction.obj
 0001:00008de0       ?GetID@KFaction@@QAEHHPAD@Z 10009de0 f   KFaction.obj
 0001:00008e70       ?GetCamp@KFaction@@QAEHH@Z 10009e70 f   KFaction.obj
 0001:00008ef0       ??1KNpc@@QAE@XZ            10009ef0 f i KNpc.obj
 0001:00008f50       ??1KList@@QAE@XZ           10009f50 f i KNpc.obj
 0001:00008f60       ??0KNpc@@QAE@XZ            10009f60 f   KNpc.obj
 0001:00009080       ?Init@KNpc@@QAEXXZ         1000a080 f   KNpc.obj
 0001:00009320       ?GetActiveSkill@KNpc@@QAEPAVISkill@@XZ 1000a320 f   KNpc.obj
 0001:00009380       ?SetCurrentCamp@KNpc@@QAEXH@Z 1000a380 f   KNpc.obj
 0001:000094f0       ?SetCamp@KNpc@@QAEXH@Z     1000a4f0 f   KNpc.obj
 0001:00009660       ?RestoreCurrentCamp@KNpc@@QAEXXZ 1000a660 f   KNpc.obj
 0001:000097d0       ?Activate@KNpc@@QAEXXZ     1000a7d0 f   KNpc.obj
 0001:00009860       ?ProcStatus@KNpc@@QAEXXZ   1000a860 f   KNpc.obj
 0001:00009930       ?ProcCommand@KNpc@@QAEXH@Z 1000a930 f   KNpc.obj
 0001:00009b30       ?ProcessState@KNpc@@QAEHXZ 1000ab30 f   KNpc.obj
 0001:0000a220       ?DoDeath@KNpc@@AAEXH@Z     1000b220 f   KNpc.obj
 0001:0000a410       ?OnDeath@KNpc@@AAEXXZ      1000b410 f   KNpc.obj
 0001:0000a590       ?DoDefense@KNpc@@AAEXXZ    1000b590 f   KNpc.obj
 0001:0000a5a0       ?OnDefense@KNpc@@AAEXXZ    1000b5a0 f   KNpc.obj
 0001:0000a5b0       ?DoIdle@KNpc@@AAEXXZ       1000b5b0 f   KNpc.obj
 0001:0000a5d0       ?OnIdle@KNpc@@AAEXXZ       1000b5d0 f   KNpc.obj
 0001:0000a5e0       ?DoHurt@KNpc@@AAEXHHH@Z    1000b5e0 f   KNpc.obj
 0001:0000a800       ?OnHurt@KNpc@@AAEXXZ       1000b800 f   KNpc.obj
 0001:0000a880       ?DoSpecial1@KNpc@@AAEXXZ   1000b880 f   KNpc.obj
 0001:0000a890       ?OnSpecial1@KNpc@@AAEXXZ   1000b890 f   KNpc.obj
 0001:0000a950       ?DoSpecial2@KNpc@@AAEXXZ   1000b950 f   KNpc.obj
 0001:0000a960       ?OnSpecial2@KNpc@@AAEXXZ   1000b960 f   KNpc.obj
 0001:0000a9d0       ?DoSpecial3@KNpc@@AAEXXZ   1000b9d0 f   KNpc.obj
 0001:0000a9e0       ?OnSpecial3@KNpc@@AAEXXZ   1000b9e0 f   KNpc.obj
 0001:0000a9f0       ?DoSpecial4@KNpc@@AAEXXZ   1000b9f0 f   KNpc.obj
 0001:0000aa00       ?OnSpecial4@KNpc@@AAEXXZ   1000ba00 f   KNpc.obj
 0001:0000aa10       ?DoStand@KNpc@@AAEXXZ      1000ba10 f   KNpc.obj
 0001:0000aa50       ?OnStand@KNpc@@AAEXXZ      1000ba50 f   KNpc.obj
 0001:0000aa60       ?DoRevive@KNpc@@AAEXXZ     1000ba60 f   KNpc.obj
 0001:0000ab70       ?OnRevive@KNpc@@AAEXXZ     1000bb70 f   KNpc.obj
 0001:0000ab90       ?DoRun@KNpc@@AAEXXZ        1000bb90 f   KNpc.obj
 0001:0000ad40       ?OnRun@KNpc@@AAEXXZ        1000bd40 f   KNpc.obj
 0001:0000ad60       ?DoSit@KNpc@@AAEXXZ        1000bd60 f   KNpc.obj
 0001:0000aee0       ?OnSit@KNpc@@AAEXXZ        1000bee0 f   KNpc.obj
 0001:0000af00       ?DoSkill@KNpc@@AAEXHH@Z    1000bf00 f   KNpc.obj
 0001:0000b230       ?DoOrdinSkill@KNpc@@AAEHPAVKSkill@@HH@Z 1000c230 f   KNpc.obj
 0001:0000b330       ?DoAttack@KNpc@@AAEXXZ     1000c330 f   KNpc.obj
 0001:0000b380       ?CastMeleeSkill@KNpc@@AAEHPAVKSkill@@@Z 1000c380 f   KNpc.obj
 0001:0000b4e0       ?DoBlurAttack@KNpc@@AAEHXZ 1000c4e0 f   KNpc.obj
 0001:0000b540       ?DoMagic@KNpc@@AAEXXZ      1000c540 f   KNpc.obj
 0001:0000b590       ?OnSkill@KNpc@@AAEXXZ      1000c590 f   KNpc.obj
 0001:0000b680       ?JumpTo@KNpc@@AAEXHH@Z     1000c680 f   KNpc.obj
 0001:0000b6c0       ?RunTo@KNpc@@AAEXHH@Z      1000c6c0 f   KNpc.obj
 0001:0000b6f0       ?Goto@KNpc@@AAEXHH@Z       1000c6f0 f   KNpc.obj
 0001:0000b720       ?DoWalk@KNpc@@AAEXXZ       1000c720 f   KNpc.obj
 0001:0000b8c0       ?DoPlayerTalk@KNpc@@QAEXPAD@Z 1000c8c0 f   KNpc.obj
 0001:0000ba80       ?OnPlayerTalk@KNpc@@AAEXXZ 1000ca80 f   KNpc.obj
 0001:0000ba90       ?OnWalk@KNpc@@AAEXXZ       1000ca90 f   KNpc.obj
 0001:0000bab0       ?GetSkillLevel@KNpc@@QAEHH@Z 1000cab0 f   KNpc.obj
 0001:0000bae0       ?ModifyAttrib@KNpc@@QAEXHPAX@Z 1000cae0 f   KNpc.obj
 0001:0000bb00       ?CalcDamage@KNpc@@QAEXHHHW4DAMAGE_TYPE@@HHH@Z 1000cb00 f   KNpc.obj
 0001:0000c0b0       ?ReceiveDamage@KNpc@@QAEHHHPAXHH@Z 1000d0b0 f   KNpc.obj
 0001:0000c390       ?SetImmediatelySkillEffect@KNpc@@QAEXHPAXH@Z 1000d390 f   KNpc.obj
 0001:0000c3d0       ?AppendSkillEffect@KNpc@@QAEXHHPAX0@Z 1000d3d0 f   KNpc.obj
 0001:0000c7c0       ?ServeMove@KNpc@@AAEXH@Z   1000d7c0 f   KNpc.obj
 0001:0000ccd0       ?ServeJump@KNpc@@AAEXH@Z   1000dcd0 f   KNpc.obj
 0001:0000d150       ?SendCommand@KNpc@@QAEXW4NPCCMD@@HHH@Z 1000e150 f   KNpc.obj
 0001:0000d180       ?NewPath@KNpc@@AAEHHH@Z    1000e180 f   KNpc.obj
 0001:0000d1a0       ?NewJump@KNpc@@AAEHHH@Z    1000e1a0 f   KNpc.obj
 0001:0000d500       ?SelfDamage@KNpc@@QAEXH@Z  1000e500 f   KNpc.obj
 0001:0000d530       ?Cost@KNpc@@QAEHW4NPCATTRIB@@HH@Z 1000e530 f   KNpc.obj
 0001:0000d5a0       ?DoJump@KNpc@@AAEXXZ       1000e5a0 f   KNpc.obj
 0001:0000d760       ?OnJump@KNpc@@AAEHXZ       1000e760 f   KNpc.obj
 0001:0000d7a0       ?WaitForFrame@KNpc@@AAEHXZ 1000e7a0 f   KNpc.obj
 0001:0000d7d0       ?IsReachFrame@KNpc@@AAEHH@Z 1000e7d0 f   KNpc.obj
 0001:0000d800       ?Load@KNpc@@QAEXHH@Z       1000e800 f   KNpc.obj
 0001:0000d890       ?GetMpsPos@KNpc@@QAEXPAH0@Z 1000e890 f   KNpc.obj
 0001:0000d8f0       ?SetActiveSkill@KNpc@@QAEHH@Z 1000e8f0 f   KNpc.obj
 0001:0000d980       ?SetAuraSkill@KNpc@@QAEXH@Z 1000e980 f   KNpc.obj
 0001:0000da70       ?SetPlayerIdx@KNpc@@QAEHH@Z 1000ea70 f   KNpc.obj
 0001:0000daa0       ?SendSyncData@KNpc@@QAEHH@Z 1000eaa0 f   KNpc.obj
 0001:0000dd80       ?NormalSync@KNpc@@QAEXXZ   1000ed80 f   KNpc.obj
 0001:0000e220       ?BroadCastRevive@KNpc@@QAEXH@Z 1000f220 f   KNpc.obj
 0001:0000e390       ?GetPlayerIdx@KNpc@@QAEHXZ 1000f390 f   KNpc.obj
 0001:0000e3a0       ?AddBaseLifeMax@KNpc@@QAEXH@Z 1000f3a0 f   KNpc.obj
 0001:0000e3c0       ?AddCurLifeMax@KNpc@@QAEXH@Z 1000f3c0 f   KNpc.obj
 0001:0000e3e0       ?AddBaseStaminaMax@KNpc@@QAEXH@Z 1000f3e0 f   KNpc.obj
 0001:0000e400       ?AddCurStaminaMax@KNpc@@QAEXH@Z 1000f400 f   KNpc.obj
 0001:0000e420       ?AddBaseManaMax@KNpc@@QAEXH@Z 1000f420 f   KNpc.obj
 0001:0000e440       ?AddCurManaMax@KNpc@@QAEXH@Z 1000f440 f   KNpc.obj
 0001:0000e460       ?CalcCurLifeReplenish@KNpc@@QAEXXZ 1000f460 f   KNpc.obj
 0001:0000e470       ?Remove@KNpc@@QAEXXZ       1000f470 f   KNpc.obj
 0001:0000e480       ?SetSeries@KNpc@@QAEXH@Z   1000f480 f   KNpc.obj
 0001:0000e4a0       ?SetStateSkillEffect@KNpc@@QAEXHHHPAXHH@Z 1000f4a0 f   KNpc.obj
 0001:0000e7f0       ??_GKStateNode@@UAEPAXI@Z  1000f7f0 f i KNpc.obj
 0001:0000e7f0       ??_EKStateNode@@UAEPAXI@Z  1000f7f0 f i KNpc.obj
 0001:0000e810       ??1KStateNode@@UAE@XZ      1000f810 f i KNpc.obj
 0001:0000e820       ?ModifyMissleCollsion@KNpc@@QAEHH@Z 1000f820 f   KNpc.obj
 0001:0000e850       ?ModifyMissleLifeTime@KNpc@@QAEHH@Z 1000f850 f   KNpc.obj
 0001:0000e860       ?ModifyMissleSpeed@KNpc@@QAEHH@Z 1000f860 f   KNpc.obj
 0001:0000e880       ?DoManyAttack@KNpc@@AAEHXZ 1000f880 f   KNpc.obj
 0001:0000e950       ?OnManyAttack@KNpc@@AAEXXZ 1000f950 f   KNpc.obj
 0001:0000e9f0       ?DoRunAttack@KNpc@@AAEHXZ  1000f9f0 f   KNpc.obj
 0001:0000eb30       ?OnRunAttack@KNpc@@AAEXXZ  1000fb30 f   KNpc.obj
 0001:0000ec80       ?DoJumpAttack@KNpc@@AAEHXZ 1000fc80 f   KNpc.obj
 0001:0000ed20       ?OnJumpAttack@KNpc@@AAEHXZ 1000fd20 f   KNpc.obj
 0001:0000ee60       ?CheckHitTarget@KNpc@@AAEHHHH@Z 1000fe60 f   KNpc.obj
 0001:0000eef0       ?GetNpcCopyFromTemplate@KNpc@@QAEXHH@Z 1000fef0 f   KNpc.obj
 0001:0000f0d0       ?LoadDataFromTemplate@KNpc@@QAEXHH@Z 100100d0 f   KNpc.obj
 0001:0000f400       ?SetPhysicsDamage@KNpc@@QAEXHH@Z 10010400 f   KNpc.obj
 0001:0000f420       ?SetBaseAttackRating@KNpc@@QAEXH@Z 10010420 f   KNpc.obj
 0001:0000f440       ?SetBaseDefence@KNpc@@QAEXH@Z 10010440 f   KNpc.obj
 0001:0000f460       ?DeathPunish@KNpc@@QAEXHH@Z 10010460 f   KNpc.obj
 0001:0000f900       ??1tagSHOW_MSG_SYNC@@QAE@XZ 10010900 f i KNpc.obj
 0001:0000f920       ?PlayerDeadCreateMoneyObj@KNpc@@AAEXH@Z 10010920 f   KNpc.obj
 0001:0000fa10       ?LoseMoney@KNpc@@AAEXH@Z   10010a10 f   KNpc.obj
 0001:0000fb50       ?LoseSingleItem@KNpc@@AAEXH@Z 10010b50 f   KNpc.obj
 0001:0000fea0       ?Revive@KNpc@@QAEXXZ       10010ea0 f   KNpc.obj
 0001:0000ffd0       ?RestoreLiveData@KNpc@@QAEXXZ 10010fd0 f   KNpc.obj
 0001:0000ffe0       ?SendDataToNearRegion@KNpc@@QAEXPAXK@Z 10010fe0 f   KNpc.obj
 0001:00010140       ?DeathCalcPKValue@KNpc@@QAEHH@Z 10011140 f   KNpc.obj
 0001:000102f0       ?CheckPlayerAround@KNpc@@QAEHH@Z 100112f0 f   KNpc.obj
 0001:000103c0       ?UpdateNpcStateInfo@KNpc@@AAEXXZ 100113c0 f   KNpc.obj
 0001:00010480       ?BroadCastState@KNpc@@QAEXXZ 10011480 f   KNpc.obj
 0001:000105f0       ?ClearNpcState@KNpc@@QAEXXZ 100115f0 f   KNpc.obj
 0001:00010650       ?RestoreNpcBaseInfo@KNpc@@QAEXXZ 10011650 f   KNpc.obj
 0001:000108d0       ?SetPos@KNpc@@QAEHHH@Z     100118d0 f   KNpc.obj
 0001:00010ad0       ?ChangeWorld@KNpc@@QAEHKHH@Z 10011ad0 f   KNpc.obj
 0001:000110a0       ?TobeExchangeServer@KNpc@@QAEXKHH@Z 100120a0 f   KNpc.obj
 0001:00011100       ?IsPlayer@KNpc@@QAEHXZ     10012100 f   KNpc.obj
 0001:00011110       ?ClearStateSkillEffect@KNpc@@QAEXXZ 10012110 f   KNpc.obj
 0001:000111e0       ?ClearNormalState@KNpc@@QAEXXZ 100121e0 f   KNpc.obj
 0001:00011300       ?CheckTrap@KNpc@@QAEXXZ    10012300 f   KNpc.obj
 0001:000113b0       ?SetFightMode@KNpc@@QAEXH@Z 100123b0 f   KNpc.obj
 0001:000113f0       ?TurnTo@KNpc@@QAEXH@Z      100123f0 f   KNpc.obj
 0001:00011510       ?ReCalcStateEffect@KNpc@@QAEXXZ 10012510 f   KNpc.obj
 0001:00011590       ?GetCurActiveWeaponSkill@KNpc@@QAEHXZ 10012590 f   KNpc.obj
 0001:00011640       ??0KNpcAI@@QAE@XZ          10012640 f   KNpcAI.obj
 0001:00011650       ?Activate@KNpcAI@@QAEXH@Z  10012650 f   KNpcAI.obj
 0001:00011770       ?ProcessPlayer@KNpcAI@@AAEXXZ 10012770 f   KNpcAI.obj
 0001:00011790       ?TriggerMapTrap@KNpcAI@@AAEXXZ 10012790 f   KNpcAI.obj
 0001:000117b0       ?TriggerObjectTrap@KNpcAI@@AAEXXZ 100127b0 f   KNpcAI.obj
 0001:000117c0       ?GetNearestNpc@KNpcAI@@AAEHH@Z 100127c0 f   KNpcAI.obj
 0001:00011ea0       ?GetNpcNumber@KNpcAI@@AAEHH@Z 10012ea0 f   KNpcAI.obj
 0001:00012140       ?KeepAttackRange@KNpcAI@@AAEXHH@Z 10013140 f   KNpcAI.obj
 0001:000122b0       ?FollowAttack@KNpcAI@@AAEXH@Z 100132b0 f   KNpcAI.obj
 0001:000123b0       ?InEyeshot@KNpcAI@@AAEHH@Z 100133b0 f   KNpcAI.obj
 0001:000123f0       ?CommonAction@KNpcAI@@AAEXXZ 100133f0 f   KNpcAI.obj
 0001:000124e0       ?KeepActiveRange@KNpcAI@@AAEHXZ 100134e0 f   KNpcAI.obj
 0001:000125d0       ?Flee@KNpcAI@@AAEXH@Z      100135d0 f   KNpcAI.obj
 0001:00012680       ?ProcessAIType01@KNpcAI@@AAEXXZ 10013680 f   KNpcAI.obj
 0001:000128b0       ?ProcessAIType02@KNpcAI@@AAEXXZ 100138b0 f   KNpcAI.obj
 0001:00012b90       ?ProcessAIType03@KNpcAI@@AAEXXZ 10013b90 f   KNpcAI.obj
 0001:00012e00       ?ProcessAIType04@KNpcAI@@AAEXXZ 10013e00 f   KNpcAI.obj
 0001:00012fe0       ?ProcessAIType05@KNpcAI@@AAEXXZ 10013fe0 f   KNpcAI.obj
 0001:00013270       ?ProcessAIType06@KNpcAI@@AAEXXZ 10014270 f   KNpcAI.obj
 0001:000134d0       ??0KNpcAttribModify@@QAE@XZ 100144d0 f   KNpcAttribModify.obj
 0001:00013830       ??1KNpcAttribModify@@QAE@XZ 10014830 f   KNpcAttribModify.obj
 0001:00013840       ?ModifyAttrib@KNpcAttribModify@@QAEXPAVKNpc@@PAX@Z 10014840 f   KNpcAttribModify.obj
 0001:00013870       ?AddColdDamageV@KNpcAttribModify@@AAEXPAVKNpc@@PAX@Z 10014870 f   KNpcAttribModify.obj
 0001:00013900       ?AddFireDamageV@KNpcAttribModify@@AAEXPAVKNpc@@PAX@Z 10014900 f   KNpcAttribModify.obj
 0001:00013950       ?AddLightingDamageV@KNpcAttribModify@@AAEXPAVKNpc@@PAX@Z 10014950 f   KNpcAttribModify.obj
 0001:000139a0       ?AddPhysicsDamageP@KNpcAttribModify@@AAEXPAVKNpc@@PAX@Z 100149a0 f   KNpcAttribModify.obj
 0001:00013b00       ?AddPoisonDamageV@KNpcAttribModify@@AAEXPAVKNpc@@PAX@Z 10014b00 f   KNpcAttribModify.obj
 0001:00013b80       ?AddPhysicsDamageV@KNpcAttribModify@@AAEXPAVKNpc@@PAX@Z 10014b80 f   KNpcAttribModify.obj
 0001:00013bc0       ?AllresP@KNpcAttribModify@@AAEXPAVKNpc@@PAX@Z 10014bc0 f   KNpcAttribModify.obj
 0001:00013c40       ?AllSkillV@KNpcAttribModify@@AAEXPAVKNpc@@PAX@Z 10014c40 f   KNpcAttribModify.obj
 0001:00013c70       ?AttackRatingP@KNpcAttribModify@@AAEXPAVKNpc@@PAX@Z 10014c70 f   KNpcAttribModify.obj
 0001:00013ce0       ?AttackRatingV@KNpcAttribModify@@AAEXPAVKNpc@@PAX@Z 10014ce0 f   KNpcAttribModify.obj
 0001:00013d20       ?AttackSpeedV@KNpcAttribModify@@AAEXPAVKNpc@@PAX@Z 10014d20 f   KNpcAttribModify.obj
 0001:00013d60       ?BadStatusTimeReduceV@KNpcAttribModify@@AAEXPAVKNpc@@PAX@Z 10014d60 f   KNpcAttribModify.obj
 0001:00013d70       ?BurnTimeReduceP@KNpcAttribModify@@AAEXPAVKNpc@@PAX@Z 10014d70 f   KNpcAttribModify.obj
 0001:00013d80       ?CastSpeedV@KNpcAttribModify@@AAEXPAVKNpc@@PAX@Z 10014d80 f   KNpcAttribModify.obj
 0001:00013dc0       ?ChangeCampV@KNpcAttribModify@@AAEXPAVKNpc@@PAX@Z 10014dc0 f   KNpcAttribModify.obj
 0001:00013e10       ?ColdArmorV@KNpcAttribModify@@AAEXPAVKNpc@@PAX@Z 10014e10 f   KNpcAttribModify.obj
 0001:00013e80       ?ColdresP@KNpcAttribModify@@AAEXPAVKNpc@@PAX@Z 10014e80 f   KNpcAttribModify.obj
 0001:00013ec0       ?DeadlyStrikeP@KNpcAttribModify@@AAEXPAVKNpc@@PAX@Z 10014ec0 f   KNpcAttribModify.obj
 0001:00013f00       ?DexterityV@KNpcAttribModify@@AAEXPAVKNpc@@PAX@Z 10014f00 f   KNpcAttribModify.obj
 0001:00013f60       ?EarthSkillV@KNpcAttribModify@@AAEXPAVKNpc@@PAX@Z 10014f60 f   KNpcAttribModify.obj
 0001:00013f90       ?EnergyV@KNpcAttribModify@@AAEXPAVKNpc@@PAX@Z 10014f90 f   KNpcAttribModify.obj
 0001:00013ff0       ?FastHitRecoverV@KNpcAttribModify@@AAEXPAVKNpc@@PAX@Z 10014ff0 f   KNpcAttribModify.obj
 0001:00014030       ?FastWalkRunP@KNpcAttribModify@@AAEXPAVKNpc@@PAX@Z 10015030 f   KNpcAttribModify.obj
 0001:000140b0       ?FireArmorV@KNpcAttribModify@@AAEXPAVKNpc@@PAX@Z 100150b0 f   KNpcAttribModify.obj
 0001:00014120       ?FireSkillV@KNpcAttribModify@@AAEXPAVKNpc@@PAX@Z 10015120 f   KNpcAttribModify.obj
 0001:00014150       ?FreezeTimeReduceP@KNpcAttribModify@@AAEXPAVKNpc@@PAX@Z 10015150 f   KNpcAttribModify.obj
 0001:00014190       ?KnockBackP@KNpcAttribModify@@AAEXPAVKNpc@@PAX@Z 10015190 f   KNpcAttribModify.obj
 0001:000141d0       ?LifeMaxP@KNpcAttribModify@@AAEXPAVKNpc@@PAX@Z 100151d0 f   KNpcAttribModify.obj
 0001:00014240       ?LifeMaxV@KNpcAttribModify@@AAEXPAVKNpc@@PAX@Z 10015240 f   KNpcAttribModify.obj
 0001:00014280       ?LifeReplenishV@KNpcAttribModify@@AAEXPAVKNpc@@PAX@Z 10015280 f   KNpcAttribModify.obj
 0001:000142c0       ?LifeV@KNpcAttribModify@@AAEXPAVKNpc@@PAX@Z 100152c0 f   KNpcAttribModify.obj
 0001:00014300       ?LightingArmorV@KNpcAttribModify@@AAEXPAVKNpc@@PAX@Z 10015300 f   KNpcAttribModify.obj
 0001:00014370       ?LightingresP@KNpcAttribModify@@AAEXPAVKNpc@@PAX@Z 10015370 f   KNpcAttribModify.obj
 0001:000143b0       ?LuckyV@KNpcAttribModify@@AAEXPAVKNpc@@PAX@Z 100153b0 f   KNpcAttribModify.obj
 0001:000143f0       ?ManaMaxP@KNpcAttribModify@@AAEXPAVKNpc@@PAX@Z 100153f0 f   KNpcAttribModify.obj
 0001:00014460       ?ManaMaxV@KNpcAttribModify@@AAEXPAVKNpc@@PAX@Z 10015460 f   KNpcAttribModify.obj
 0001:000144a0       ?ManaReplenishV@KNpcAttribModify@@AAEXPAVKNpc@@PAX@Z 100154a0 f   KNpcAttribModify.obj
 0001:000144e0       ?ManaV@KNpcAttribModify@@AAEXPAVKNpc@@PAX@Z 100154e0 f   KNpcAttribModify.obj
 0001:00014520       ?ManaShieldP@KNpcAttribModify@@AAEXPAVKNpc@@PAX@Z 10015520 f   KNpcAttribModify.obj
 0001:00014580       ?MeleeDamageReturnP@KNpcAttribModify@@AAEXPAVKNpc@@PAX@Z 10015580 f   KNpcAttribModify.obj
 0001:000145c0       ?MeleeDamageReturnV@KNpcAttribModify@@AAEXPAVKNpc@@PAX@Z 100155c0 f   KNpcAttribModify.obj
 0001:00014600       ?MetalSkillV@KNpcAttribModify@@AAEXPAVKNpc@@PAX@Z 10015600 f   KNpcAttribModify.obj
 0001:00014630       ?PhysicsArmorV@KNpcAttribModify@@AAEXPAVKNpc@@PAX@Z 10015630 f   KNpcAttribModify.obj
 0001:000146a0       ?PhysicsresP@KNpcAttribModify@@AAEXPAVKNpc@@PAX@Z 100156a0 f   KNpcAttribModify.obj
 0001:000146e0       ?Damage2ManaP@KNpcAttribModify@@AAEXPAVKNpc@@PAX@Z 100156e0 f   KNpcAttribModify.obj
 0001:00014720       ?PoisonArmorV@KNpcAttribModify@@AAEXPAVKNpc@@PAX@Z 10015720 f   KNpcAttribModify.obj
 0001:00014790       ?PoisonDamageReduceV@KNpcAttribModify@@AAEXPAVKNpc@@PAX@Z 10015790 f   KNpcAttribModify.obj
 0001:000147e0       ?PoisonresP@KNpcAttribModify@@AAEXPAVKNpc@@PAX@Z 100157e0 f   KNpcAttribModify.obj
 0001:00014820       ?PoisonTimeReduceP@KNpcAttribModify@@AAEXPAVKNpc@@PAX@Z 10015820 f   KNpcAttribModify.obj
 0001:00014860       ?RangeDamageReturnV@KNpcAttribModify@@AAEXPAVKNpc@@PAX@Z 10015860 f   KNpcAttribModify.obj
 0001:000148a0       ?RangeDamageReturnP@KNpcAttribModify@@AAEXPAVKNpc@@PAX@Z 100158a0 f   KNpcAttribModify.obj
 0001:000148e0       ?SlowMissleB@KNpcAttribModify@@AAEXPAVKNpc@@PAX@Z 100158e0 f   KNpcAttribModify.obj
 0001:00014920       ?StaminaMaxP@KNpcAttribModify@@AAEXPAVKNpc@@PAX@Z 10015920 f   KNpcAttribModify.obj
 0001:00014990       ?StaminaMaxV@KNpcAttribModify@@AAEXPAVKNpc@@PAX@Z 10015990 f   KNpcAttribModify.obj
 0001:000149d0       ?StaminaReplenishV@KNpcAttribModify@@AAEXPAVKNpc@@PAX@Z 100159d0 f   KNpcAttribModify.obj
 0001:00014a10       ?StaminaV@KNpcAttribModify@@AAEXPAVKNpc@@PAX@Z 10015a10 f   KNpcAttribModify.obj
 0001:00014a50       ?StealLifeP@KNpcAttribModify@@AAEXPAVKNpc@@PAX@Z 10015a50 f   KNpcAttribModify.obj
 0001:00014a90       ?StealManaP@KNpcAttribModify@@AAEXPAVKNpc@@PAX@Z 10015a90 f   KNpcAttribModify.obj
 0001:00014ad0       ?StealStaminaP@KNpcAttribModify@@AAEXPAVKNpc@@PAX@Z 10015ad0 f   KNpcAttribModify.obj
 0001:00014b10       ?StrengthV@KNpcAttribModify@@AAEXPAVKNpc@@PAX@Z 10015b10 f   KNpcAttribModify.obj
 0001:00014b70       ?StunTimeReduceP@KNpcAttribModify@@AAEXPAVKNpc@@PAX@Z 10015b70 f   KNpcAttribModify.obj
 0001:00014bb0       ?VisionRadiusP@KNpcAttribModify@@AAEXPAVKNpc@@PAX@Z 10015bb0 f   KNpcAttribModify.obj
 0001:00014bf0       ?VitalityV@KNpcAttribModify@@AAEXPAVKNpc@@PAX@Z 10015bf0 f   KNpcAttribModify.obj
 0001:00014c50       ?WaterSkillV@KNpcAttribModify@@AAEXPAVKNpc@@PAX@Z 10015c50 f   KNpcAttribModify.obj
 0001:00014c80       ?WoodSkillV@KNpcAttribModify@@AAEXPAVKNpc@@PAX@Z 10015c80 f   KNpcAttribModify.obj
 0001:00014cb0       ?FireresP@KNpcAttribModify@@AAEXPAVKNpc@@PAX@Z 10015cb0 f   KNpcAttribModify.obj
 0001:00014cf0       ?ArmorDefenseV@KNpcAttribModify@@AAEXPAVKNpc@@PAX@Z 10015cf0 f   KNpcAttribModify.obj
 0001:00014d30       ?ColdEnhanceP@KNpcAttribModify@@AAEXPAVKNpc@@PAX@Z 10015d30 f   KNpcAttribModify.obj
 0001:00014d70       ?FireEnhanceP@KNpcAttribModify@@AAEXPAVKNpc@@PAX@Z 10015d70 f   KNpcAttribModify.obj
 0001:00014db0       ?LightingEnhanceP@KNpcAttribModify@@AAEXPAVKNpc@@PAX@Z 10015db0 f   KNpcAttribModify.obj
 0001:00014df0       ?PoisonEnhanceP@KNpcAttribModify@@AAEXPAVKNpc@@PAX@Z 10015df0 f   KNpcAttribModify.obj
 0001:00014e30       ?LifePotionV@KNpcAttribModify@@AAEXPAVKNpc@@PAX@Z 10015e30 f   KNpcAttribModify.obj
 0001:00014e90       ?ManaPotionV@KNpcAttribModify@@AAEXPAVKNpc@@PAX@Z 10015e90 f   KNpcAttribModify.obj
 0001:00014ef0       ?PhysicsResMaxP@KNpcAttribModify@@AAEXPAVKNpc@@PAX@Z 10015ef0 f   KNpcAttribModify.obj
 0001:00014f30       ?ColdResMaxP@KNpcAttribModify@@AAEXPAVKNpc@@PAX@Z 10015f30 f   KNpcAttribModify.obj
 0001:00014f70       ?FireResMaxP@KNpcAttribModify@@AAEXPAVKNpc@@PAX@Z 10015f70 f   KNpcAttribModify.obj
 0001:00014fb0       ?LightingResMaxP@KNpcAttribModify@@AAEXPAVKNpc@@PAX@Z 10015fb0 f   KNpcAttribModify.obj
 0001:00014ff0       ?PoisonResMaxP@KNpcAttribModify@@AAEXPAVKNpc@@PAX@Z 10015ff0 f   KNpcAttribModify.obj
 0001:00015030       ?AllResMaxP@KNpcAttribModify@@AAEXPAVKNpc@@PAX@Z 10016030 f   KNpcAttribModify.obj
 0001:000150b0       ?FatallyStrikeP@KNpcAttribModify@@AAEXPAVKNpc@@PAX@Z 100160b0 f   KNpcAttribModify.obj
 0001:000150c0       ?MixPoisonDamage@KNpcAttribModify@@QAEXPAUKMagicAttrib@@0@Z 100160c0 f   KNpcAttribModify.obj
 0001:00015190       ?Init@KNpcDeathCalcExp@@QAEXH@Z 10016190 f   KNpcDeathCalcExp.obj
 0001:000151c0       ?Active@KNpcDeathCalcExp@@QAEXXZ 100161c0 f   KNpcDeathCalcExp.obj
 0001:00015210       ?AddDamage@KNpcDeathCalcExp@@QAEXHH@Z 10016210 f   KNpcDeathCalcExp.obj
 0001:00015330       ?CalcExp@KNpcDeathCalcExp@@QAEHXZ 10016330 f   KNpcDeathCalcExp.obj
 0001:00015550       ?Clear@KNpcDeathCalcExp@@QAEXXZ 10016550 f   KNpcDeathCalcExp.obj
 0001:00015570       ??0KNpcFindPath@@QAE@XZ    10016570 f   KNpcFindPath.obj
 0001:00015590       ?Init@KNpcFindPath@@QAEXH@Z 10016590 f   KNpcFindPath.obj
 0001:000155c0       ?GetDir@KNpcFindPath@@QAEHHHHHHHPAH@Z 100165c0 f   KNpcFindPath.obj
 0001:00015b90       ?Dir64To8@KNpcFindPath@@QAEHH@Z 10016b90 f   KNpcFindPath.obj
 0001:00015ba0       ?Dir8To64@KNpcFindPath@@QAEHH@Z 10016ba0 f   KNpcFindPath.obj
 0001:00015bb0       ?CheckDistance@KNpcFindPath@@QAEHHHHHH@Z 10016bb0 f   KNpcFindPath.obj
 0001:00015bf0       ?CheckBarrier@KNpcFindPath@@QAEHHH@Z 10016bf0 f   KNpcFindPath.obj
 0001:00015c60       ?Init@KNpcGold@@QAEXH@Z    10016c60 f   KNpcGold.obj
 0001:00015ca0       ?SetGoldType@KNpcGold@@QAEXH@Z 10016ca0 f   KNpcGold.obj
 0001:00015cc0       ?SetGoldTypeAndBackData@KNpcGold@@QAEXXZ 10016cc0 f   KNpcGold.obj
 0001:00015d50       ?RecoverBackData@KNpcGold@@QAEXXZ 10016d50 f   KNpcGold.obj
 0001:000160d0       ?RandChangeGold@KNpcGold@@QAEXXZ 100170d0 f   KNpcGold.obj
 0001:00016540       ?GetGoldType@KNpcGold@@QAEHXZ 10017540 f   KNpcGold.obj
 0001:00016560       ??0KNpcGoldTemplate@@QAE@XZ 10017560 f   KNpcGold.obj
 0001:00016580       ?Init@KNpcGoldTemplate@@QAEHXZ 10017580 f   KNpcGold.obj
 0001:00016850       ??1KNpcSet@@QAE@XZ         10017850 f i KNpcSet.obj
 0001:000168b0       ??0KNpcSet@@QAE@XZ         100178b0 f   KNpcSet.obj
 0001:000168e0       ?Init@KNpcSet@@QAEXXZ      100178e0 f   KNpcSet.obj
 0001:00016aa0       ?LoadPlayerBaseValue@KNpcSet@@QAEXPAD@Z 10017aa0 f   KNpcSet.obj
 0001:00016b80       ?IsNpcExist@KNpcSet@@QAEHHK@Z 10017b80 f   KNpcSet.obj
 0001:00016bb0       ?GenOneRelation@KNpcSet@@AAE?AW4NPC_RELATION@@W4NPCKIND@@0W4NPCCAMP@@1@Z 10017bb0 f   KNpcSet.obj
 0001:00016c40       ?GenRelationTable@KNpcSet@@AAEHXZ 10017c40 f   KNpcSet.obj
 0001:00016cb0       ?SearchID@KNpcSet@@QAEHK@Z 10017cb0 f   KNpcSet.obj
 0001:00016cf0       ?SearchName@KNpcSet@@QAEHPAD@Z 10017cf0 f   KNpcSet.obj
 0001:00016d50       ?SearchNameID@KNpcSet@@QAEHK@Z 10017d50 f   KNpcSet.obj
 0001:00016db0       ?FindFree@KNpcSet@@AAEHXZ  10017db0 f   KNpcSet.obj
 0001:00016dd0       ?Add@KNpcSet@@QAEHHPAX@Z   10017dd0 f   KNpcSet.obj
 0001:00016ef0       ?Add@KNpcSet@@QAEHHHHH@Z   10017ef0 f   KNpcSet.obj
 0001:00016f80       ?Add@KNpcSet@@QAEHHHHHHHH@Z 10017f80 f   KNpcSet.obj
 0001:000170c0       ?Remove@KNpcSet@@QAEXH@Z   100180c0 f   KNpcSet.obj
 0001:000172a0       ?RemoveAll@KNpcSet@@QAEXXZ 100182a0 f   KNpcSet.obj
 0001:00017340       ?SetID@KNpcSet@@AAEXH@Z    10018340 f   KNpcSet.obj
 0001:00017380       ?GetDistance@KNpcSet@@SAHHH@Z 10018380 f   KNpcSet.obj
 0001:00017530       ?GetDistanceSquare@KNpcSet@@SAHHH@Z 10018530 f   KNpcSet.obj
 0001:000176c0       ?GetNextIdx@KNpcSet@@QAEHH@Z 100186c0 f   KNpcSet.obj
 0001:000176f0       ?SyncNpc@KNpcSet@@QAEHKH@Z 100186f0 f   KNpcSet.obj
 0001:00017780       ?ClearActivateFlagOfAllNpc@KNpcSet@@QAEXXZ 10018780 f   KNpcSet.obj
 0001:000177c0       ?GetRelation@KNpcSet@@QAE?AW4NPC_RELATION@@HH@Z 100187c0 f   KNpcSet.obj
 0001:00017a20       ??M@YAHVKItemDropRateNode@@0@Z 10018a20 f   KNpcTemplate.obj
 0001:00017a60       ??8@YAHVKItemDropRateNode@@0@Z 10018a60 f   KNpcTemplate.obj
 0001:00017ab0       ?InitNpcBaseData@KNpcTemplate@@QAEXH@Z 10018ab0 f   KNpcTemplate.obj
 0001:00018250       ??1KItemDropRateNode@@QAE@XZ 10019250 f i KNpcTemplate.obj
 0001:00018490       ?InitNpcLevelData@KNpcTemplate@@QAEXPAVKTabFile@@HPAVKLuaScript@@H@Z 10019490 f   KNpcTemplate.obj
 0001:00018db0       ?GetNpcLevelDataFromScript@KNpcTemplate@@SAHPAVKLuaScript@@PADH1@Z 10019db0 f   KNpcTemplate.obj
 0001:00018e50       ?GetNpcLevelDataFromScript@KNpcTemplate@@SAHPAVKLuaScript@@PADHNNN@Z 10019e50 f   KNpcTemplate.obj
 0001:00018ee0       ?SkillString2Id@KNpcTemplate@@SAHPAD@Z 10019ee0 f   KNpcTemplate.obj
 0001:00018f90       ?DeleteTree@?$BinSTree@VKItemDropRateNode@@@@AAEXPAV?$TreeNode@VKItemDropRateNode@@@@@Z 10019f90 f i KNpcTemplate.obj
 0001:00018fd0       ??1?$TreeNode@VKItemDropRateNode@@@@QAE@XZ 10019fd0 f i KNpcTemplate.obj
 0001:00019040       ??0KPlayer@@QAE@XZ         1001a040 f   KPlayer.obj
 0001:00019170       ??1KPlayerChat@@QAE@XZ     1001a170 f i KPlayer.obj
 0001:00019190       ??1CChatFriendTeam@@QAE@XZ 1001a190 f i KPlayer.obj
 0001:000191a0       ??1KPlayer@@QAE@XZ         1001a1a0 f   KPlayer.obj
 0001:00019230       ?Release@KPlayer@@QAEXXZ   1001a230 f   KPlayer.obj
 0001:00019350       ?SetPlayerIndex@KPlayer@@QAEXH@Z 1001a350 f   KPlayer.obj
 0001:00019370       ?GetPlayerIndex@KPlayer@@QAEHXZ 1001a370 f   KPlayer.obj
 0001:00019380       ?Active@KPlayer@@QAEXXZ    1001a380 f   KPlayer.obj
 0001:00019450       ?ProcessMsg@KPlayer@@QAEXPAVKWorldMsgNode@@@Z 1001a450 f   KPlayer.obj
 0001:00019460       ?IsWaitingRemove@KPlayer@@QAEHXZ 1001a460 f   KPlayer.obj
 0001:00019480       ?WaitForRemove@KPlayer@@QAEXXZ 1001a480 f   KPlayer.obj
 0001:00019490       ?IsLoginTimeOut@KPlayer@@QAEHXZ 1001a490 f   KPlayer.obj
 0001:000194d0       ?LoginTimeOut@KPlayer@@QAEXXZ 1001a4d0 f   KPlayer.obj
 0001:00019500       ?Save@KPlayer@@QAEHXZ      1001a500 f   KPlayer.obj
 0001:00019560       ?CanSave@KPlayer@@QAEHXZ   1001a560 f   KPlayer.obj
 0001:000195e0       ?SendSyncData@KPlayer@@QAEHAAHAAI@Z 1001a5e0 f   KPlayer.obj
 0001:00019860       ?SendSyncData_Skill@KPlayer@@QAEHXZ 1001a860 f   KPlayer.obj
 0001:00019930       ?SendCurNormalSyncData@KPlayer@@QAEXXZ 1001a930 f   KPlayer.obj
 0001:000199e0       ?QuitGame@KPlayer@@QAEXH@Z 1001a9e0 f   KPlayer.obj
 0001:000199f0       ?BuyItem@KPlayer@@QAEXPAE@Z 1001a9f0 f   KPlayer.obj
 0001:00019a30       ?SellItem@KPlayer@@QAEXPAE@Z 1001aa30 f   KPlayer.obj
 0001:00019a60       ?GetLoginRevivalPos@KPlayer@@QAEXPAH00@Z 1001aa60 f   KPlayer.obj
 0001:00019a80       ?GetDeathRevivalPos@KPlayer@@QAEXPAH00@Z 1001aa80 f   KPlayer.obj
 0001:00019aa0       ?SetTimer@KPlayer@@QAEXKH@Z 1001aaa0 f   KPlayer.obj
 0001:00019ad0       ?CloseTimer@KPlayer@@QAEXXZ 1001aad0 f   KPlayer.obj
 0001:00019ae0       ?SetRevivalPos@KPlayer@@QAEXHH@Z 1001aae0 f   KPlayer.obj
 0001:00019b80       ?S2CSendTeamInfo@KPlayer@@QAEXPAE@Z 1001ab80 f   KPlayer.obj
 0001:00019de0       ?SendSelfTeamInfo@KPlayer@@QAEXXZ 1001ade0 f   KPlayer.obj
 0001:0001a000       ?CreateTeam@KPlayer@@QAEHPAE@Z 1001b000 f   KPlayer.obj
 0001:0001a020       ?SetTeamState@KPlayer@@QAEHPAE@Z 1001b020 f   KPlayer.obj
 0001:0001a0d0       ?S2CSendAddTeamInfo@KPlayer@@QAEHPAE@Z 1001b0d0 f   KPlayer.obj
 0001:0001a370       ?AddTeamMember@KPlayer@@QAEHPAE@Z 1001b370 f   KPlayer.obj
 0001:0001a8b0       ?LeaveTeam@KPlayer@@QAEXPAE@Z 1001b8b0 f   KPlayer.obj
 0001:0001aa60       ?TeamKickOne@KPlayer@@QAEXPAE@Z 1001ba60 f   KPlayer.obj
 0001:0001ac90       ?TeamChangeCaptain@KPlayer@@QAEXPAE@Z 1001bc90 f   KPlayer.obj
 0001:0001b0f0       ?TeamDismiss@KPlayer@@QAEXPAE@Z 1001c0f0 f   KPlayer.obj
 0001:0001b370       ?SetPK@KPlayer@@QAEXPAE@Z  1001c370 f   KPlayer.obj
 0001:0001b3d0       ?SendFactionData@KPlayer@@QAEXPAE@Z 1001c3d0 f   KPlayer.obj
 0001:0001b3e0       ?SendFactionData@KPlayer@@AAEXXZ 1001c3e0 f   KPlayer.obj
 0001:0001b460       ?GetAboutPos@KPlayer@@QAEXPAUKMapPos@@@Z 1001c460 f   KPlayer.obj
 0001:0001b590       ?FindAroundPlayer@KPlayer@@QAEHK@Z 1001c590 f   KPlayer.obj
 0001:0001b680       ?CheckPlayerAround@KPlayer@@QAEHH@Z 1001c680 f   KPlayer.obj
 0001:0001b780       ?FindAroundNpc@KPlayer@@QAEHK@Z 1001c780 f   KPlayer.obj
 0001:0001b870       ?NewPlayerGetBaseAttribute@KPlayer@@QAEHH@Z 1001c870 f   KPlayer.obj
 0001:0001b950       ?CalcCurLucky@KPlayer@@AAEXXZ 1001c950 f   KPlayer.obj
 0001:0001b960       ?AddBaseStrength@KPlayer@@AAEXH@Z 1001c960 f   KPlayer.obj
 0001:0001ba10       ?AddBaseDexterity@KPlayer@@AAEXH@Z 1001ca10 f   KPlayer.obj
 0001:0001bad0       ?AddBaseVitality@KPlayer@@AAEXH@Z 1001cad0 f   KPlayer.obj
 0001:0001bc20       ?AddBaseEngergy@KPlayer@@AAEXH@Z 1001cc20 f   KPlayer.obj
 0001:0001bd20       ?ChangeCurStrength@KPlayer@@QAEXH@Z 1001cd20 f   KPlayer.obj
 0001:0001bd40       ?ChangeCurDexterity@KPlayer@@QAEXH@Z 1001cd40 f   KPlayer.obj
 0001:0001bdc0       ?ChangeCurVitality@KPlayer@@QAEXH@Z 1001cdc0 f   KPlayer.obj
 0001:0001be80       ?ChangeCurEngergy@KPlayer@@QAEXH@Z 1001ce80 f   KPlayer.obj
 0001:0001bef0       ?AddBaseLucky@KPlayer@@QAEXH@Z 1001cef0 f   KPlayer.obj
 0001:0001bf10       ?SetNpcPhysicsDamage@KPlayer@@AAEXXZ 1001cf10 f   KPlayer.obj
 0001:0001c030       ?SetNpcAttackRating@KPlayer@@AAEXXZ 1001d030 f   KPlayer.obj
 0001:0001c070       ?SetNpcDefence@KPlayer@@AAEXXZ 1001d070 f   KPlayer.obj
 0001:0001c0b0       ?AddExp@KPlayer@@QAEXHH@Z  1001d0b0 f   KPlayer.obj
 0001:0001c560       ?AddSelfExp@KPlayer@@QAEXHH@Z 1001d560 f   KPlayer.obj
 0001:0001c690       ?DirectAddExp@KPlayer@@QAEXH@Z 1001d690 f   KPlayer.obj
 0001:0001c740       ?LevelUp@KPlayer@@QAEXXZ   1001d740 f   KPlayer.obj
 0001:0001ce10       ?UpdataCurData@KPlayer@@QAEXXZ 1001de10 f   KPlayer.obj
 0001:0001d610       ?ReCalcEquip@KPlayer@@QAEXXZ 1001e610 f   KPlayer.obj
 0001:0001d680       ?ReCalcState@KPlayer@@QAEXXZ 1001e680 f   KPlayer.obj
 0001:0001d6b0       ?AddLeadExp@KPlayer@@QAEXH@Z 1001e6b0 f   KPlayer.obj
 0001:0001d770       ?LevelAddBaseLifeMax@KPlayer@@AAEXXZ 1001e770 f   KPlayer.obj
 0001:0001d7f0       ?LevelAddBaseStaminaMax@KPlayer@@AAEXXZ 1001e7f0 f   KPlayer.obj
 0001:0001d870       ?LevelAddBaseManaMax@KPlayer@@AAEXXZ 1001e870 f   KPlayer.obj
 0001:0001d8f0       ?ChangePlayerCamp@KPlayer@@QAEXH@Z 1001e8f0 f   KPlayer.obj
 0001:0001d920       ?AddFaction@KPlayer@@QAEHPAD@Z 1001e920 f   KPlayer.obj
 0001:0001d9a0       ?AddFaction@KPlayer@@QAEHH@Z 1001e9a0 f   KPlayer.obj
 0001:0001da20       ?LeaveCurFaction@KPlayer@@QAEHXZ 1001ea20 f   KPlayer.obj
 0001:0001daa0       ?CurFactionOpenSkill@KPlayer@@QAEHH@Z 1001eaa0 f   KPlayer.obj
 0001:0001db30       ?TaskClearTempVal@KPlayer@@QAEXXZ 1001eb30 f   KPlayer.obj
 0001:0001db40       ?TaskGetSaveVal@KPlayer@@QAEHH@Z 1001eb40 f   KPlayer.obj
 0001:0001db60       ?TaskSetSaveVal@KPlayer@@QAEXHH@Z 1001eb60 f   KPlayer.obj
 0001:0001db80       ?TaskGetClearVal@KPlayer@@QAEHH@Z 1001eb80 f   KPlayer.obj
 0001:0001dba0       ?TaskSetClearVal@KPlayer@@QAEXHH@Z 1001eba0 f   KPlayer.obj
 0001:0001dbc0       ?ServerSendChat@KPlayer@@QAEXPAE@Z 1001ebc0 f   KPlayer.obj
 0001:0001dbe0       ?AddBaseAttribute@KPlayer@@QAEXPAE@Z 1001ebe0 f   KPlayer.obj
 0001:0001dc40       ?AddSkillPoint@KPlayer@@QAEXPAE@Z 1001ec40 f   KPlayer.obj
 0001:0001df70       ?ServerPickUpItem@KPlayer@@QAEHPAE@Z 1001ef70 f   KPlayer.obj
 0001:0001e480       ?EatItem@KPlayer@@QAEXPAE@Z 1001f480 f   KPlayer.obj
 0001:0001e4b0       ?ServerMoveItem@KPlayer@@QAEXPAE@Z 1001f4b0 f   KPlayer.obj
 0001:0001e560       ?ServerThrowAwayItem@KPlayer@@QAEXPAE@Z 1001f560 f   KPlayer.obj
 0001:0001e6b0       ?ChatSetTakeChannel@KPlayer@@QAEXPAE@Z 1001f6b0 f   KPlayer.obj
 0001:0001e6d0       ?ChatTransmitApplyAddFriend@KPlayer@@QAEXPAE@Z 1001f6d0 f   KPlayer.obj
 0001:0001e7e0       ?ChatAddFriend@KPlayer@@QAEHPAE@Z 1001f7e0 f   KPlayer.obj
 0001:0001e8b0       ?ChatRefuseFriend@KPlayer@@QAEXPAE@Z 1001f8b0 f   KPlayer.obj
 0001:0001e9b0       ?ChatResendAllFriend@KPlayer@@QAEXPAE@Z 1001f9b0 f   KPlayer.obj
 0001:0001e9f0       ?ChatSendOneFriendData@KPlayer@@QAEXPAE@Z 1001f9f0 f   KPlayer.obj
 0001:0001ea10       ?ChatDeleteFriend@KPlayer@@QAEXPAE@Z 1001fa10 f   KPlayer.obj
 0001:0001ea30       ?ChatRedeleteFriend@KPlayer@@QAEXPAE@Z 1001fa30 f   KPlayer.obj
 0001:0001ea50       ?TradeApplyOpen@KPlayer@@QAEXPAE@Z 1001fa50 f   KPlayer.obj
 0001:0001eb40       ?TradeApplyClose@KPlayer@@QAEXPAE@Z 1001fb40 f   KPlayer.obj
 0001:0001eb60       ?TradeApplyStart@KPlayer@@QAEXPAE@Z 1001fb60 f   KPlayer.obj
 0001:0001ec10       ?TradeMoveMoney@KPlayer@@QAEXPAE@Z 1001fc10 f   KPlayer.obj
 0001:0001ec60       ?TradeDecision@KPlayer@@QAEXPAE@Z 1001fc60 f   KPlayer.obj
 0001:0001f240       ?c2sTradeReplyStart@KPlayer@@QAEXPAE@Z 10020240 f   KPlayer.obj
 0001:0001f4b0       ?SyncTradeState@KPlayer@@QAEXXZ 100204b0 f   KPlayer.obj
 0001:0001f5a0       ?SendEquipItemInfo@KPlayer@@QAEXH@Z 100205a0 f   KPlayer.obj
 0001:0001f700       ?UseTownPortal@KPlayer@@QAEXXZ 10020700 f   KPlayer.obj
 0001:0001f7e0       ?BackToTownPortal@KPlayer@@QAEXXZ 100207e0 f   KPlayer.obj
 0001:0001f860       ?Revive@KPlayer@@QAEXH@Z   10020860 f   KPlayer.obj
 0001:0001fa40       ?RestoreLiveData@KPlayer@@QAEXXZ 10020a40 f   KPlayer.obj
 0001:0001fa70       ?Pay@KPlayer@@QAEHH@Z      10020a70 f   KPlayer.obj
 0001:0001fa90       ?PrePay@KPlayer@@QAEHH@Z   10020a90 f   KPlayer.obj
 0001:0001fac0       ?Earn@KPlayer@@QAEHH@Z     10020ac0 f   KPlayer.obj
 0001:0001fae0       ?LaunchPlayer@KPlayer@@QAEXXZ 10020ae0 f   KPlayer.obj
 0001:0001fbd0       ?ExecuteScript@KPlayer@@QAEHPAD0H@Z 10020bd0 f   KPlayer.obj
 0001:0001fc10       ?ExecuteScript@KPlayer@@QAEHKPADH@Z 10020c10 f   KPlayer.obj
 0001:0001fe00       ?ExecuteScript@KPlayer@@QAEHKPAD0@Z 10020e00 f   KPlayer.obj
 0001:00020010       ?ExecuteScript@KPlayer@@QAEHPAD00@Z 10021010 f   KPlayer.obj
 0001:00020060       ?DoScript@KPlayer@@QAEHPAD@Z 10021060 f   KPlayer.obj
 0001:000201e0       ??_EKLuaScript@@UAEPAXI@Z  100211e0 f i KPlayer.obj
 0001:000201e0       ??_GKLuaScript@@UAEPAXI@Z  100211e0 f i KPlayer.obj
 0001:00020200       ?DoScriptAction@KPlayer@@QAEXPAUPLAYER_SCRIPTACTION_SYNC@@@Z 10021200 f   KPlayer.obj
 0001:00020250       ?ProcessPlayerSelectFromUI@KPlayer@@QAEXPAE@Z 10021250 f   KPlayer.obj
 0001:000202c0       ?ChatFriendOnLine@KPlayer@@QAEXKH@Z 100212c0 f   KPlayer.obj
 0001:00020380       ?GetFactionName@KPlayer@@QAEXPADH@Z 10021380 f   KPlayer.obj
 0001:000203a0       ?S2CExecuteScript@KPlayer@@AAEXPAD0@Z 100213a0 f   KPlayer.obj
 0001:00020490       ?AddTempTaskValue@KPlayer@@QAEHPAX@Z 10021490 f   KPlayer.obj
 0001:000204b0       ?DialogNpc@KPlayer@@QAEXPAE@Z 100214b0 f   KPlayer.obj
 0001:00020550       ?CheckTrading@KPlayer@@QAEHXZ 10021550 f   KPlayer.obj
 0001:00020560       ?SetFirstDamage@KPlayer@@QAEXXZ 10021560 f   KPlayer.obj
 0001:00020750       ?SetBaseAttackRating@KPlayer@@QAEXXZ 10021750 f   KPlayer.obj
 0001:00020780       ?SetBaseDefence@KPlayer@@QAEXXZ 10021780 f   KPlayer.obj
 0001:000207b0       ?SetBaseResistData@KPlayer@@QAEXXZ 100217b0 f   KPlayer.obj
 0001:000209f0       ?SetBaseSpeedAndRadius@KPlayer@@QAEXXZ 100219f0 f   KPlayer.obj
 0001:00020ad0       ?SetNpcDamageAttrib@KPlayer@@QAEXXZ 10021ad0 f   KPlayer.obj
 0001:00020ae0       ?TobeExchangeServer@KPlayer@@QAEXKHH@Z 10021ae0 f   KPlayer.obj
 0001:00020b20       ?IsExchangingServer@KPlayer@@QAEHXZ 10021b20 f   KPlayer.obj
 0001:00020b30       ?SetLastNetOperationTime@KPlayer@@QAEXH@Z 10021b30 f   KPlayer.obj
 0001:00020bc0       ?CreateTong@KPlayer@@QAEHHPAD@Z 10021bc0 f   KPlayer.obj
 0001:00020be0       ?RepairItem@KPlayer@@QAEXK@Z 10021be0 f   KPlayer.obj
 0001:00020cb0       ?SetExtPoint@KPlayer@@QAEXHH@Z 10021cb0 f   KPlayer.obj
 0001:00020cd0       ?GetExtPoint@KPlayer@@QAEHXZ 10021cd0 f   KPlayer.obj
 0001:00020ce0       ?PayExtPoint@KPlayer@@QAEHH@Z 10021ce0 f   KPlayer.obj
 0001:00020d10       ?GetExtPointChanged@KPlayer@@QAEHXZ 10021d10 f   KPlayer.obj
 0001:00020d20       ?Release@KPlayerChat@@QAEXXZ 10021d20 f   KPlayerChat.obj
 0001:00020d90       ?CheckExist@KPlayerChat@@QAEHK@Z 10021d90 f   KPlayerChat.obj
 0001:00020de0       ?CheckExist@KPlayerChat@@QAEHPAD@Z 10021de0 f   KPlayerChat.obj
 0001:00020e80       ?GetFriendNode@KPlayerChat@@QAEPAVCChatFriend@@K@Z 10021e80 f   KPlayerChat.obj
 0001:00020ed0       ?GetTeamNo@KPlayerChat@@QAEHK@Z 10021ed0 f   KPlayerChat.obj
 0001:00020f20       ?GetName@KPlayerChat@@QAEHKPAD@Z 10021f20 f   KPlayerChat.obj
 0001:00020f90       ?SetTakeChannel@KPlayerChat@@QAEXK@Z 10021f90 f   KPlayerChat.obj
 0001:00020fc0       ?ServerSendChat@KPlayerChat@@QAEXHPAE@Z 10021fc0 f   KPlayerChat.obj
 0001:00021b00       ?DataBaseAddOne@KPlayerChat@@QAEXHKPAD@Z 10022b00 f   KPlayerChat.obj
 0001:00021b20       ?AddFriendData@KPlayerChat@@QAEXHH@Z 10022b20 f   KPlayerChat.obj
 0001:00021c80       ??_ECChatFriend@@UAEPAXI@Z 10022c80 f i KPlayerChat.obj
 0001:00021c80       ??_GCChatFriend@@UAEPAXI@Z 10022c80 f i KPlayerChat.obj
 0001:00021ca0       ??1CChatFriend@@UAE@XZ     10022ca0 f i KPlayerChat.obj
 0001:00021cb0       ?ResendOneFriendData@KPlayerChat@@QAEXKH@Z 10022cb0 f   KPlayerChat.obj
 0001:00021d60       ?SyncFriendData@KPlayerChat@@QAEHHAAI@Z 10022d60 f   KPlayerChat.obj
 0001:00021ee0       ?StartSendFriendData@KPlayerChat@@QAEXXZ 10022ee0 f   KPlayerChat.obj
 0001:00021f10       ?DeleteFriend@KPlayerChat@@QAEXKK@Z 10022f10 f   KPlayerChat.obj
 0001:00021fd0       ?DeleteFriendData@KPlayerChat@@QAEXKH@Z 10022fd0 f   KPlayerChat.obj
 0001:000220a0       ?RedeleteFriend@KPlayerChat@@QAEXKH@Z 100230a0 f   KPlayerChat.obj
 0001:00022100       ?OffLine@KPlayerChat@@QAEXK@Z 10023100 f   KPlayerChat.obj
 0001:00022150       ?GetMsgOffLine@KPlayerChat@@QAEXKH@Z 10023150 f   KPlayerChat.obj
 0001:000221e0       ?TimerAdd@KPlayerChat@@QAEXXZ 100231e0 f   KPlayerChat.obj
 0001:000221f0       ?CheckTalkChannel@KPlayerChat@@QAEHH@Z 100231f0 f   KPlayerChat.obj
 0001:00022220       ?SendSystemInfo@KPlayerChat@@SAXHHPAD0H@Z 10023220 f   KPlayerChat.obj
 0001:00022340       ?SendGlobalSystemInfo@KPlayerChat@@SAXPAD0H@Z 10023340 f   KPlayerChat.obj
 0001:000223e0       ?SendInfoToGM@KPlayerChat@@SAXPAD00H@Z 100233e0 f   KPlayerChat.obj
 0001:000224e0       ?SendInfoToIP@KPlayerChat@@SAXKKPAD00H@Z 100234e0 f   KPlayerChat.obj
 0001:000225d0       ?MakeBrother@KPlayerChat@@SAXABV?$list@V?$basic_string@DV?$char_traits@D@_STL@@V?$allocator@D@2@@_STL@@V?$allocator@V?$basic_string@DV?$char_traits@D@_STL@@V?$allocator@D@2@@_STL@@@2@@_STL@@@Z 100235d0 f   KPlayerChat.obj
 0001:000227d0       ?MakeEnemy@KPlayerChat@@SAXPAD0@Z 100237d0 f   KPlayerChat.obj
 0001:000228e0       ??0CChatFriendTeam@@QAE@XZ 100238e0 f   KPlayerChat.obj
 0001:00022930       ?Release@CChatFriendTeam@@QAEXXZ 10023930 f   KPlayerChat.obj
 0001:000229a0       ?DataBaseAddOne@CChatFriendTeam@@QAEXHKPAD@Z 100239a0 f   KPlayerChat.obj
 0001:00022a80       ??1?$basic_string@DV?$char_traits@D@_STL@@V?$allocator@D@2@@_STL@@QAE@XZ 10023a80 f i KPlayerChat.obj
 0001:00022af0       ??1?$_String_base@DV?$allocator@D@_STL@@@_STL@@QAE@XZ 10023af0 f i KPlayerChat.obj
 0001:00022b60       ??1?$_STLP_alloc_proxy@PADDV?$allocator@D@_STL@@@_STL@@QAE@XZ 10023b60 f i KPlayerChat.obj
 0001:00022b70       ??1?$allocator@D@_STL@@QAE@XZ 10023b70 f i KPlayerChat.obj
 0001:00022b80       ?get_allocator@?$basic_string@DV?$char_traits@D@_STL@@V?$allocator@D@2@@_STL@@QBE?AV?$allocator@D@2@XZ 10023b80 f i KPlayerChat.obj
 0001:00022ba0       ??0?$_STLP_alloc_proxy@PADDV?$allocator@D@_STL@@@_STL@@QAE@ABV?$allocator@D@1@PAD@Z 10023ba0 f i KPlayerChat.obj
 0001:00022bb0       ?_M_range_initialize@?$basic_string@DV?$char_traits@D@_STL@@V?$allocator@D@2@@_STL@@AAEXPAD0@Z 10023bb0 f i KPlayerChat.obj
 0001:00022c30       ?__distance@_STL@@YAHABU?$_List_iterator@V?$basic_string@DV?$char_traits@D@_STL@@V?$allocator@D@2@@_STL@@U?$_Const_traits@V?$basic_string@DV?$char_traits@D@_STL@@V?$allocator@D@2@@_STL@@@2@@1@0ABUinput_iterator_tag@1@@Z 10023c30 f i KPlayerChat.obj
 0001:00022c70       ??0KList@@QAE@XZ           10023c70 f i KPlayerDBFuns.obj
 0001:00022cc0       ?AddDBPlayer@KPlayer@@QAEHPADHPAK@Z 10023cc0 f   KPlayerDBFuns.obj
 0001:00022cd0       ?LoadDBPlayerInfo@KPlayer@@QAEHPAEAAHAAI@Z 10023cd0 f   KPlayerDBFuns.obj
 0001:00023000       ?UpdateDBPlayerInfo@KPlayer@@QAEHPAE@Z 10024000 f   KPlayerDBFuns.obj
 0001:00023050       ?LoadPlayerBaseInfo@KPlayer@@AAEHPAEAAPAEAAI@Z 10024050 f   KPlayerDBFuns.obj
 0001:00023510       ?LoadPlayerItemList@KPlayer@@AAEHPAEAAPAEAAI@Z 10024510 f   KPlayerDBFuns.obj
 0001:00023760       ?LoadPlayerFightSkillList@KPlayer@@AAEHPAEAAPAEAAI@Z 10024760 f   KPlayerDBFuns.obj
 0001:00023810       ?LoadPlayerLifeSkilllList@KPlayer@@AAEHPAEAAPAEAAI@Z 10024810 f   KPlayerDBFuns.obj
 0001:000238b0       ?LoadPlayerFriendList@KPlayer@@AAEHPAEAAPAEAAI@Z 100248b0 f   KPlayerDBFuns.obj
 0001:000239a0       ?LoadPlayerTaskList@KPlayer@@AAEHPAEAAPAEAAI@Z 100249a0 f   KPlayerDBFuns.obj
 0001:00023ae0       ?SavePlayerBaseInfo@KPlayer@@AAEHPAE@Z 10024ae0 f   KPlayerDBFuns.obj
 0001:00023e10       ?SavePlayerItemList@KPlayer@@AAEHPAE@Z 10024e10 f   KPlayerDBFuns.obj
 0001:00023fa0       ?SavePlayerFightSkillList@KPlayer@@AAEHPAE@Z 10024fa0 f   KPlayerDBFuns.obj
 0001:00024020       ?SavePlayerLifeSkilllList@KPlayer@@AAEHPAE@Z 10025020 f   KPlayerDBFuns.obj
 0001:00024040       ?SavePlayerFriendList@KPlayer@@AAEHPAE@Z 10025040 f   KPlayerDBFuns.obj
 0001:000240e0       ?SavePlayerTaskList@KPlayer@@AAEHPAE@Z 100250e0 f   KPlayerDBFuns.obj
 0001:00024210       ??0KPlayerFaction@@QAE@XZ  10025210 f   KPlayerFaction.obj
 0001:00024220       ?Release@KPlayerFaction@@QAEXXZ 10025220 f   KPlayerFaction.obj
 0001:00024240       ?SetSeries@KPlayerFaction@@QAEXH@Z 10025240 f   KPlayerFaction.obj
 0001:00024250       ?AddFaction@KPlayerFaction@@QAEHHPAD@Z 10025250 f   KPlayerFaction.obj
 0001:00024290       ?AddFaction@KPlayerFaction@@QAEHHH@Z 10025290 f   KPlayerFaction.obj
 0001:000242e0       ?LeaveFaction@KPlayerFaction@@QAEXXZ 100252e0 f   KPlayerFaction.obj
 0001:000242f0       ?OpenCurSkillLevel@KPlayerFaction@@QAEHHPAVKSkillList@@@Z 100252f0 f   KPlayerFaction.obj
 0001:00024300       ?GetGurFactionCamp@KPlayerFaction@@QAEHXZ 10025300 f   KPlayerFaction.obj
 0001:00024340       ?GetCurFactionNo@KPlayerFaction@@QAEHXZ 10025340 f   KPlayerFaction.obj
 0001:00024350       ?GetCurFactionName@KPlayerFaction@@QAEXPAD@Z 10025350 f   KPlayerFaction.obj
 0001:000243b0       ??0KPlayerMenuState@@QAE@XZ 100253b0 f   KPlayerMenuState.obj
 0001:000243c0       ?Release@KPlayerMenuState@@QAEXXZ 100253c0 f   KPlayerMenuState.obj
 0001:00024400       ?BackupState@KPlayerMenuState@@QAEXXZ 10025400 f   KPlayerMenuState.obj
 0001:00024420       ?RestoreState@KPlayerMenuState@@QAEXXZ 10025420 f   KPlayerMenuState.obj
 0001:00024440       ?SetState@KPlayerMenuState@@QAEXHHPADHK@Z 10025440 f   KPlayerMenuState.obj
 0001:00024760       ?RestoreBackupState@KPlayerMenuState@@QAEXH@Z 10025760 f   KPlayerMenuState.obj
 0001:00024810       ?Init@KPlayerMenuStateGraph@@QAEHXZ 10025810 f   KPlayerMenuState.obj
 0001:000248d0       ?GetStateSpr@KPlayerMenuStateGraph@@QAEXHPAD@Z 100258d0 f   KPlayerMenuState.obj
 0001:00024910       ??0KPlayerPK@@QAE@XZ       10025910 f   KPlayerPK.obj
 0001:00024920       ?Init@KPlayerPK@@QAEXH@Z   10025920 f   KPlayerPK.obj
 0001:00024950       ?Active@KPlayerPK@@QAEXXZ  10025950 f   KPlayerPK.obj
 0001:00024960       ?SetNormalPKState@KPlayerPK@@QAEXH@Z 10025960 f   KPlayerPK.obj
 0001:000249c0       ?GetNormalPKState@KPlayerPK@@QAEHXZ 100259c0 f   KPlayerPK.obj
 0001:000249d0       ?EnmityPKClose@KPlayerPK@@QAEXXZ 100259d0 f   KPlayerPK.obj
 0001:00024af0       ?EnmityPKOpen@KPlayerPK@@QAEHH@Z 10025af0 f   KPlayerPK.obj
 0001:00024fd0       ?GetEnmityPKState@KPlayerPK@@QAEHXZ 10025fd0 f   KPlayerPK.obj
 0001:00024fe0       ?GetEnmityPKAim@KPlayerPK@@QAEHXZ 10025fe0 f   KPlayerPK.obj
 0001:00024ff0       ?ExercisePKClose@KPlayerPK@@QAEXXZ 10025ff0 f   KPlayerPK.obj
 0001:000250e0       ?ExercisePKOpen@KPlayerPK@@QAEHH@Z 100260e0 f   KPlayerPK.obj
 0001:00025330       ?GetExercisePKAim@KPlayerPK@@QAEHXZ 10026330 f   KPlayerPK.obj
 0001:00025340       ?SetPKValue@KPlayerPK@@QAEXH@Z 10026340 f   KPlayerPK.obj
 0001:000253b0       ?GetPKValue@KPlayerPK@@QAEHXZ 100263b0 f   KPlayerPK.obj
 0001:000253c0       ?AddPKValue@KPlayerPK@@QAEXH@Z 100263c0 f   KPlayerPK.obj
 0001:00025440       ?CloseAll@KPlayerPK@@QAEXXZ 10026440 f   KPlayerPK.obj
 0001:00025460       ?EnmityPKCountDown@KPlayerPK@@QAEXXZ 10026460 f   KPlayerPK.obj
 0001:000255d0       ??1KPlayerSet@@QAE@XZ      100265d0 f i KPlayerSet.obj
 0001:00025620       ??0KPlayerSet@@QAE@XZ      10026620 f   KPlayerSet.obj
 0001:000256a0       ?Init@KPlayerSet@@QAEHXZ   100266a0 f   KPlayerSet.obj
 0001:00025910       ?FindFree@KPlayerSet@@AAEHXZ 10026910 f   KPlayerSet.obj
 0001:00025920       ?FindSame@KPlayerSet@@QAEHK@Z 10026920 f   KPlayerSet.obj
 0001:00025960       ?GetFirstPlayer@KPlayerSet@@QAEHXZ 10026960 f   KPlayerSet.obj
 0001:00025980       ?GetNextPlayer@KPlayerSet@@QAEHXZ 10026980 f   KPlayerSet.obj
 0001:000259a0       ?Add@KPlayerSet@@QAEHPADPAX@Z 100269a0 f   KPlayerSet.obj
 0001:00025a70       ?Broadcasting@KPlayerSet@@QAEHPADH@Z 10026a70 f   KPlayerSet.obj
 0001:00025ae0       ?SendWelcomeMsg@KPlayerSet@@AAEXH@Z 10026ae0 f   KPlayerSet.obj
 0001:00025bd0       ?ReloadWelcomeMsg@KPlayerSet@@QAEXXZ 10026bd0 f   KPlayerSet.obj
 0001:00025be0       ?PrepareRemove@KPlayerSet@@QAEXH@Z 10026be0 f   KPlayerSet.obj
 0001:00025c90       ?PrepareLoginFailed@KPlayerSet@@QAEXH@Z 10026c90 f   KPlayerSet.obj
 0001:00025d60       ?PrepareExchange@KPlayerSet@@QAEXH@Z 10026d60 f   KPlayerSet.obj
 0001:00025df0       ?RemoveQuiting@KPlayerSet@@QAEXH@Z 10026df0 f   KPlayerSet.obj
 0001:000260c0       ?RemoveLoginTimeOut@KPlayerSet@@QAEXH@Z 100270c0 f   KPlayerSet.obj
 0001:00026210       ?RemoveExchanging@KPlayerSet@@QAEXH@Z 10027210 f   KPlayerSet.obj
 0001:000264c0       ?ProcessClientMessage@KPlayerSet@@QAEXHPBDH@Z 100274c0 f   KPlayerSet.obj
 0001:00026510       ??0KLevelAdd@@QAE@XZ       10027510 f   KPlayerSet.obj
 0001:000265b0       ?Init@KLevelAdd@@QAEHXZ    100275b0 f   KPlayerSet.obj
 0001:000267a0       ?GetLevelExp@KLevelAdd@@QAEHH@Z 100277a0 f   KPlayerSet.obj
 0001:000267c0       ?GetLifePerLevel@KLevelAdd@@QAEHH@Z 100277c0 f   KPlayerSet.obj
 0001:000267e0       ?GetStaminaPerLevel@KLevelAdd@@QAEHH@Z 100277e0 f   KPlayerSet.obj
 0001:00026800       ?GetManaPerLevel@KLevelAdd@@QAEHH@Z 10027800 f   KPlayerSet.obj
 0001:00026820       ?GetLifePerVitality@KLevelAdd@@QAEHH@Z 10027820 f   KPlayerSet.obj
 0001:00026840       ?GetStaminaPerVitality@KLevelAdd@@QAEHH@Z 10027840 f   KPlayerSet.obj
 0001:00026860       ?GetManaPerEnergy@KLevelAdd@@QAEHH@Z 10027860 f   KPlayerSet.obj
 0001:00026880       ?GetLeadExpShare@KLevelAdd@@QAEHH@Z 10027880 f   KPlayerSet.obj
 0001:000268a0       ?GetFireResist@KLevelAdd@@QAEHHH@Z 100278a0 f   KPlayerSet.obj
 0001:000268f0       ?GetColdResist@KLevelAdd@@QAEHHH@Z 100278f0 f   KPlayerSet.obj
 0001:00026940       ?GetPoisonResist@KLevelAdd@@QAEHHH@Z 10027940 f   KPlayerSet.obj
 0001:00026990       ?GetLightResist@KLevelAdd@@QAEHHH@Z 10027990 f   KPlayerSet.obj
 0001:000269e0       ?GetPhysicsResist@KLevelAdd@@QAEHHH@Z 100279e0 f   KPlayerSet.obj
 0001:00026a30       ??0KTeamLeadExp@@QAE@XZ    10027a30 f   KPlayerSet.obj
 0001:00026a50       ?Init@KTeamLeadExp@@QAEHXZ 10027a50 f   KPlayerSet.obj
 0001:00026b20       ?GetLevel@KTeamLeadExp@@QAEHKH@Z 10027b20 f   KPlayerSet.obj
 0001:00026b70       ?GetMemNumFromExp@KTeamLeadExp@@QAEHK@Z 10027b70 f   KPlayerSet.obj
 0001:00026b90       ?GetMemNumFromLevel@KTeamLeadExp@@QAEHH@Z 10027b90 f   KPlayerSet.obj
 0001:00026bb0       ?GetLevelExp@KTeamLeadExp@@QAEHH@Z 10027bb0 f   KPlayerSet.obj
 0001:00026bd0       ?Activate@KPlayerSet@@QAEXXZ 10027bd0 f   KPlayerSet.obj
 0001:00026be0       ??0KNewPlayerAttribute@@QAE@XZ 10027be0 f   KPlayerSet.obj
 0001:00026c40       ?Init@KNewPlayerAttribute@@QAEHXZ 10027c40 f   KPlayerSet.obj
 0001:00026e10       ?GetPlayerName@KPlayerSet@@QAEHHPAD@Z 10027e10 f   KPlayerSet.obj
 0001:00026e70       ?GetPlayerAccount@KPlayerSet@@QAEHHPAD@Z 10027e70 f   KPlayerSet.obj
 0001:00026ed0       ?AttachPlayer@KPlayerSet@@QAEHKPAU_GUID@@@Z 10027ed0 f   KPlayerSet.obj
 0001:00026f70       ?GetPlayerIndexByGuid@KPlayerSet@@QAEHPAU_GUID@@@Z 10027f70 f   KPlayerSet.obj
 0001:00027000       ?AutoSave@KPlayerSet@@QAEXXZ 10028000 f   KPlayerSet.obj
 0001:00027220       ??0KPlayerTask@@QAE@XZ     10028220 f   KPlayerTask.obj
 0001:00027230       ?Release@KPlayerTask@@QAEXXZ 10028230 f   KPlayerTask.obj
 0001:00027250       ?ClearTempVar@KPlayerTask@@QAEXXZ 10028250 f   KPlayerTask.obj
 0001:00027270       ?GetSaveVal@KPlayerTask@@QAEHH@Z 10028270 f   KPlayerTask.obj
 0001:00027290       ?SetSaveVal@KPlayerTask@@QAEXHH@Z 10028290 f   KPlayerTask.obj
 0001:000272b0       ?GetClearVal@KPlayerTask@@QAEHH@Z 100282b0 f   KPlayerTask.obj
 0001:000272d0       ?SetClearVal@KPlayerTask@@QAEXHH@Z 100282d0 f   KPlayerTask.obj
 0001:00027320       ?Release@KPlayerTeam@@QAEXXZ 10028320 f   KPlayerTeam.obj
 0001:00027350       ?CreateTeam@KPlayerTeam@@QAEHHPAUPLAYER_APPLY_CREATE_TEAM@@@Z 10028350 f   KPlayerTeam.obj
 0001:00027540       ?InviteAdd@KPlayerTeam@@QAEXHPAUTEAM_INVITE_ADD_COMMAND@@@Z 10028540 f   KPlayerTeam.obj
 0001:00027710       ?GetInviteReply@KPlayerTeam@@QAEXHHH@Z 10028710 f   KPlayerTeam.obj
 0001:00027cb0       ?SetCanTeamFlag@KPlayerTeam@@QAEXHH@Z 10028cb0 f   KPlayerTeam.obj
 0001:00027d00       ??0KTeam@@QAE@XZ           10028d00 f   KPlayerTeam.obj
 0001:00027d10       ?Release@KTeam@@QAEXXZ     10028d10 f   KPlayerTeam.obj
 0001:00027d40       ?SetIndex@KTeam@@QAEXH@Z   10028d40 f   KPlayerTeam.obj
 0001:00027d50       ?FindFree@KTeam@@QAEHXZ    10028d50 f   KPlayerTeam.obj
 0001:00027d70       ?FindMemberID@KTeam@@QAEHK@Z 10028d70 f   KPlayerTeam.obj
 0001:00027dd0       ?CheckFull@KTeam@@QAEHXZ   10028dd0 f   KPlayerTeam.obj
 0001:00027df0       ?SetTeamOpen@KTeam@@QAEHXZ 10028df0 f   KPlayerTeam.obj
 0001:00027ef0       ?SetTeamClose@KTeam@@QAEHXZ 10028ef0 f   KPlayerTeam.obj
 0001:00027fe0       ?IsOpen@KTeam@@QAEHXZ      10028fe0 f   KPlayerTeam.obj
 0001:00027ff0       ?CalcCaptainPower@KTeam@@QAEHXZ 10028ff0 f   KPlayerTeam.obj
 0001:00028020       ?CheckAddCondition@KTeam@@AAEHH@Z 10029020 f   KPlayerTeam.obj
 0001:000280a0       ?CreateTeam@KTeam@@QAEHH@Z 100290a0 f   KPlayerTeam.obj
 0001:000280c0       ?AddMember@KTeam@@QAEHH@Z  100290c0 f   KPlayerTeam.obj
 0001:00028120       ?DeleteMember@KTeam@@QAEHH@Z 10029120 f   KPlayerTeam.obj
 0001:000284d0       ?CheckIn@KTeam@@QAEHH@Z    100294d0 f   KPlayerTeam.obj
 0001:00028500       ?Init@KTeamSet@@QAEXXZ     10029500 f   KPlayerTeam.obj
 0001:00028520       ?FindFree@KTeamSet@@AAEHXZ 10029520 f   KPlayerTeam.obj
 0001:00028540       ?CreateTeam@KTeamSet@@QAEHH@Z 10029540 f   KPlayerTeam.obj
 0001:00028580       ?Init@KPlayerTong@@QAEXH@Z 10029580 f   KPlayerTong.obj
 0001:00028590       ?Clear@KPlayerTong@@QAEXXZ 10029590 f   KPlayerTong.obj
 0001:000285b0       ?CheckCreateCondition@KPlayerTong@@QAEHHPAD@Z 100295b0 f   KPlayerTong.obj
 0001:00028710       ?Create@KPlayerTong@@QAEHHPAD@Z 10029710 f   KPlayerTong.obj
 0001:000288f0       ?GetOpenFlag@KPlayerTong@@QAEHXZ 100298f0 f   KPlayerTong.obj
 0001:00028910       ?TransferAddApply@KPlayerTong@@QAEHK@Z 10029910 f   KPlayerTong.obj
 0001:00028ab0       ?CheckAcceptAddApplyCondition@KPlayerTong@@AAEHXZ 10029ab0 f   KPlayerTong.obj
 0001:00028ad0       ?SendRefuseMessage@KPlayerTong@@QAEXHK@Z 10029ad0 f   KPlayerTong.obj
 0001:00028ca0       ?GetTongName@KPlayerTong@@QAEXPAD@Z 10029ca0 f   KPlayerTong.obj
 0001:00028ce0       ?CheckAddCondition@KPlayerTong@@QAEHH@Z 10029ce0 f   KPlayerTong.obj
 0001:00028d80       ?AddTong@KPlayerTong@@QAEHHPAD00@Z 10029d80 f   KPlayerTong.obj
 0001:00028fb0       ?GetTongNameID@KPlayerTong@@QAEKXZ 10029fb0 f   KPlayerTong.obj
 0001:00028fc0       ?CanGetManagerInfo@KPlayerTong@@QAEHK@Z 10029fc0 f   KPlayerTong.obj
 0001:00029010       ?CanGetMemberInfo@KPlayerTong@@QAEHK@Z 1002a010 f   KPlayerTong.obj
 0001:00029060       ?SendSelfInfo@KPlayerTong@@QAEXXZ 1002a060 f   KPlayerTong.obj
 0001:00029150       ?CheckInstatePower@KPlayerTong@@QAEHPAUTONG_APPLY_INSTATE_COMMAND@@@Z 1002a150 f   KPlayerTong.obj
 0001:00029280       ?CheckKickPower@KPlayerTong@@QAEHPAUTONG_APPLY_KICK_COMMAND@@@Z 1002a280 f   KPlayerTong.obj
 0001:000292e0       ?BeInstated@KPlayerTong@@QAEXPAUSTONG_SERVER_TO_CORE_BE_INSTATED@@@Z 1002a2e0 f   KPlayerTong.obj
 0001:00029330       ?BeKicked@KPlayerTong@@QAEXPAUSTONG_SERVER_TO_CORE_BE_KICKED@@@Z 1002a330 f   KPlayerTong.obj
 0001:00029450       ?CheckLeavePower@KPlayerTong@@QAEHPAUTONG_APPLY_LEAVE_COMMAND@@@Z 1002a450 f   KPlayerTong.obj
 0001:000294a0       ?Leave@KPlayerTong@@QAEXPAUSTONG_SERVER_TO_CORE_LEAVE@@@Z 1002a4a0 f   KPlayerTong.obj
 0001:000296a0       ?CheckChangeMasterPower@KPlayerTong@@QAEHPAUTONG_APPLY_CHANGE_MASTER_COMMAND@@@Z 1002a6a0 f   KPlayerTong.obj
 0001:00029720       ?CheckGetMasterPower@KPlayerTong@@QAEHPAUSTONG_SERVER_TO_CORE_CHECK_GET_MASTER_POWER@@@Z 1002a720 f   KPlayerTong.obj
 0001:00029800       ?ChangeAs@KPlayerTong@@QAEXPAUSTONG_SERVER_TO_CORE_CHANGE_AS@@@Z 1002a800 f   KPlayerTong.obj
 0001:00029930       ?ChangeMaster@KPlayerTong@@QAEXPAD@Z 1002a930 f   KPlayerTong.obj
 0001:00029990       ?Login@KPlayerTong@@QAEXPAUSTONG_SERVER_TO_CORE_LOGIN@@@Z 1002a990 f   KPlayerTong.obj
 0001:00029bb0       ??0KTrade@@QAE@XZ          1002abb0 f   KPlayerTrade.obj
 0001:00029bd0       ?Release@KTrade@@QAEXXZ    1002abd0 f   KPlayerTrade.obj
 0001:00029bf0       ?StartTrade@KTrade@@QAEHHHH@Z 1002abf0 f   KPlayerTrade.obj
 0001:00029c30       ?Lock@KTrade@@QAEXH@Z      1002ac30 f   KPlayerTrade.obj
 0001:00029c50       ?LoadRecord@@YAHPAVKTabFile@@HPBUtagPROPINFO@@H@Z 1002ac50 f   KBasPropTbl.obj
 0001:00029cd0       ??0KLibOfBPT@@QAE@XZ       1002acd0 f   KBasPropTbl.obj
 0001:00029e40       ??1KLibOfBPT@@QAE@XZ       1002ae40 f   KBasPropTbl.obj
 0001:00029fb0       ?Init@KLibOfBPT@@QAEHXZ    1002afb0 f   KBasPropTbl.obj
 0001:0002a0a0       ?InitMAIT@KLibOfBPT@@IAEHXZ 1002b0a0 f   KBasPropTbl.obj
 0001:0002a1d0       ?InitMALib@KLibOfBPT@@IAEHXZ 1002b1d0 f   KBasPropTbl.obj
 0001:0002a2b0       ?GetGoldItemRecord@KLibOfBPT@@QBEPBUKBASICPROP_EQUIPMENT_GOLD@@H@Z 1002b2b0 f   KBasPropTbl.obj
 0001:0002a2d0       ?GetGoldItemNumber@KLibOfBPT@@QBE?BHXZ 1002b2d0 f   KBasPropTbl.obj
 0001:0002a2e0       ?GetCMAT@KLibOfBPT@@QBEPBVKBPT_ClassifiedMAT@@HH@Z 1002b2e0 f   KBasPropTbl.obj
 0001:0002a320       ?GetCMIT@KLibOfBPT@@QBEPBVKBPT_ClassMAIT@@HHHH@Z 1002b320 f   KBasPropTbl.obj
 0001:0002a390       ?GetMARecord@KLibOfBPT@@QBEPBUKMAGICATTRIB_TABFILE@@H@Z 1002b390 f   KBasPropTbl.obj
 0001:0002a3b0       ?GetMARecordNumber@KLibOfBPT@@QBE?BHXZ 1002b3b0 f   KBasPropTbl.obj
 0001:0002a3c0       ?GetMeleeWeaponRecord@KLibOfBPT@@QBEPBUKBASICPROP_EQUIPMENT@@H@Z 1002b3c0 f   KBasPropTbl.obj
 0001:0002a3e0       ?GetMeleeWeaponRecordNumber@KLibOfBPT@@QBE?BHXZ 1002b3e0 f   KBasPropTbl.obj
 0001:0002a3f0       ?GetRangeWeaponRecord@KLibOfBPT@@QBEPBUKBASICPROP_EQUIPMENT@@H@Z 1002b3f0 f   KBasPropTbl.obj
 0001:0002a410       ?GetRangeWeaponRecordNumber@KLibOfBPT@@QBE?BHXZ 1002b410 f   KBasPropTbl.obj
 0001:0002a420       ?GetArmorRecord@KLibOfBPT@@QBEPBUKBASICPROP_EQUIPMENT@@H@Z 1002b420 f   KBasPropTbl.obj
 0001:0002a440       ?GetArmorRecordNumber@KLibOfBPT@@QBE?BHXZ 1002b440 f   KBasPropTbl.obj
 0001:0002a450       ?GetHelmRecord@KLibOfBPT@@QBEPBUKBASICPROP_EQUIPMENT@@H@Z 1002b450 f   KBasPropTbl.obj
 0001:0002a470       ?GetHelmRecordNumber@KLibOfBPT@@QBE?BHXZ 1002b470 f   KBasPropTbl.obj
 0001:0002a480       ?GetBootRecord@KLibOfBPT@@QBEPBUKBASICPROP_EQUIPMENT@@H@Z 1002b480 f   KBasPropTbl.obj
 0001:0002a4a0       ?GetBootRecordNumber@KLibOfBPT@@QBE?BHXZ 1002b4a0 f   KBasPropTbl.obj
 0001:0002a4b0       ?GetBeltRecord@KLibOfBPT@@QBEPBUKBASICPROP_EQUIPMENT@@H@Z 1002b4b0 f   KBasPropTbl.obj
 0001:0002a4d0       ?GetBeltRecordNumber@KLibOfBPT@@QBE?BHXZ 1002b4d0 f   KBasPropTbl.obj
 0001:0002a4e0       ?GetAmuletRecord@KLibOfBPT@@QBEPBUKBASICPROP_EQUIPMENT@@H@Z 1002b4e0 f   KBasPropTbl.obj
 0001:0002a500       ?GetAmuletRecordNumber@KLibOfBPT@@QBE?BHXZ 1002b500 f   KBasPropTbl.obj
 0001:0002a510       ?GetRingRecord@KLibOfBPT@@QBEPBUKBASICPROP_EQUIPMENT@@H@Z 1002b510 f   KBasPropTbl.obj
 0001:0002a530       ?GetRingRecordNumber@KLibOfBPT@@QBE?BHXZ 1002b530 f   KBasPropTbl.obj
 0001:0002a540       ?GetCuffRecord@KLibOfBPT@@QBEPBUKBASICPROP_EQUIPMENT@@H@Z 1002b540 f   KBasPropTbl.obj
 0001:0002a560       ?GetCuffRecordNumber@KLibOfBPT@@QBE?BHXZ 1002b560 f   KBasPropTbl.obj
 0001:0002a570       ?GetPendantRecord@KLibOfBPT@@QBEPBUKBASICPROP_EQUIPMENT@@H@Z 1002b570 f   KBasPropTbl.obj
 0001:0002a590       ?GetPendantRecordNumber@KLibOfBPT@@QBE?BHXZ 1002b590 f   KBasPropTbl.obj
 0001:0002a5a0       ?GetHorseRecord@KLibOfBPT@@QBEPBUKBASICPROP_EQUIPMENT@@H@Z 1002b5a0 f   KBasPropTbl.obj
 0001:0002a5c0       ?GetHorseRecordNumber@KLibOfBPT@@QBE?BHXZ 1002b5c0 f   KBasPropTbl.obj
 0001:0002a5d0       ?GetMedicineRecord@KLibOfBPT@@QBEPBUKBASICPROP_MEDICINE@@H@Z 1002b5d0 f   KBasPropTbl.obj
 0001:0002a5e0       ?GetMedicineRecordNumber@KLibOfBPT@@QBE?BHXZ 1002b5e0 f   KBasPropTbl.obj
 0001:0002a5f0       ?GetQuestRecord@KLibOfBPT@@QBEPBUKBASICPROP_QUEST@@H@Z 1002b5f0 f   KBasPropTbl.obj
 0001:0002a610       ?GetQuestRecordNumber@KLibOfBPT@@QBE?BHXZ 1002b610 f   KBasPropTbl.obj
 0001:0002a620       ?GetTownPortalRecord@KLibOfBPT@@QBEPBUKBASICPROP_TOWNPORTAL@@H@Z 1002b620 f   KBasPropTbl.obj
 0001:0002a640       ?GetTownPortalRecordNumber@KLibOfBPT@@QBE?BHXZ 1002b640 f   KBasPropTbl.obj
 0001:0002a650       ?FindEquipmentUnique@KLibOfBPT@@QBEPBUKBASICPROP_EQUIPMENT_UNIQUE@@HHH@Z 1002b650 f   KBasPropTbl.obj
 0001:0002a660       ?GetMedMaterial@KLibOfBPT@@QBEPBUKBASICPROP_MEDMATERIAL@@H@Z 1002b660 f   KBasPropTbl.obj
 0001:0002a670       ?FindMedicine@KLibOfBPT@@QBEPBUKBASICPROP_MEDICINE@@HH@Z 1002b670 f   KBasPropTbl.obj
 0001:0002a680       ?GetMine@KLibOfBPT@@QBEPBUKBASICPROP_MINE@@H@Z 1002b680 f   KBasPropTbl.obj
 0001:0002a690       ??0KBasicPropertyTable@@QAE@XZ 1002b690 f   KBasPropTbl.obj
 0001:0002a6b0       ??1KBasicPropertyTable@@QAE@XZ 1002b6b0 f   KBasPropTbl.obj
 0001:0002a6c0       ?SetCount@KBasicPropertyTable@@IAEXH@Z 1002b6c0 f   KBasPropTbl.obj
 0001:0002a6d0       ?GetMemory@KBasicPropertyTable@@IAEHXZ 1002b6d0 f   KBasPropTbl.obj
 0001:0002a700       ?ReleaseMemory@KBasicPropertyTable@@IAEXXZ 1002b700 f   KBasPropTbl.obj
 0001:0002a730       ?Load@KBasicPropertyTable@@UAEHXZ 1002b730 f   KBasPropTbl.obj
 0001:0002a820       ??0KBPT_Mine@@QAE@XZ       1002b820 f   KBasPropTbl.obj
 0001:0002a870       ??1KBPT_Mine@@QAE@XZ       1002b870 f   KBasPropTbl.obj
 0001:0002a880       ?LoadRecord@KBPT_Mine@@MAEHHPAVKTabFile@@@Z 1002b880 f   KBasPropTbl.obj
 0001:0002a9d0       ?GetRecord@KBPT_Mine@@QBEPBUKBASICPROP_MINE@@H@Z 1002b9d0 f   KBasPropTbl.obj
 0001:0002aa10       ??0KBPT_TownPortal@@QAE@XZ 1002ba10 f   KBasPropTbl.obj
 0001:0002aa60       ??1KBPT_TownPortal@@QAE@XZ 1002ba60 f   KBasPropTbl.obj
 0001:0002aa70       ?LoadRecord@KBPT_TownPortal@@MAEHHPAVKTabFile@@@Z 1002ba70 f   KBasPropTbl.obj
 0001:0002ab40       ?GetRecord@KBPT_TownPortal@@QBEPBUKBASICPROP_TOWNPORTAL@@H@Z 1002bb40 f   KBasPropTbl.obj
 0001:0002ab70       ??0KBPT_Quest@@QAE@XZ      1002bb70 f   KBasPropTbl.obj
 0001:0002abc0       ??1KBPT_Quest@@QAE@XZ      1002bbc0 f   KBasPropTbl.obj
 0001:0002abd0       ?LoadRecord@KBPT_Quest@@MAEHHPAVKTabFile@@@Z 1002bbd0 f   KBasPropTbl.obj
 0001:0002aca0       ?GetRecord@KBPT_Quest@@QBEPBUKBASICPROP_QUEST@@H@Z 1002bca0 f   KBasPropTbl.obj
 0001:0002acd0       ?FindRecord@KBPT_Quest@@QBEPBUKBASICPROP_QUEST@@H@Z 1002bcd0 f   KBasPropTbl.obj
 0001:0002ad10       ??0KBPT_Medicine@@QAE@XZ   1002bd10 f   KBasPropTbl.obj
 0001:0002ad60       ??1KBPT_Medicine@@QAE@XZ   1002bd60 f   KBasPropTbl.obj
 0001:0002ad70       ?LoadRecord@KBPT_Medicine@@MAEHHPAVKTabFile@@@Z 1002bd70 f   KBasPropTbl.obj
 0001:0002af60       ?GetRecord@KBPT_Medicine@@QBEPBUKBASICPROP_MEDICINE@@H@Z 1002bf60 f   KBasPropTbl.obj
 0001:0002af90       ?FindRecord@KBPT_Medicine@@QBEPBUKBASICPROP_MEDICINE@@HH@Z 1002bf90 f   KBasPropTbl.obj
 0001:0002afd0       ??0KBPT_MedMaterial@@QAE@XZ 1002bfd0 f   KBasPropTbl.obj
 0001:0002b020       ??1KBPT_MedMaterial@@QAE@XZ 1002c020 f   KBasPropTbl.obj
 0001:0002b030       ?LoadRecord@KBPT_MedMaterial@@MAEHHPAVKTabFile@@@Z 1002c030 f   KBasPropTbl.obj
 0001:0002b220       ?GetRecord@KBPT_MedMaterial@@QBEPBUKBASICPROP_MEDMATERIAL@@H@Z 1002c220 f   KBasPropTbl.obj
 0001:0002b260       ??0KBPT_Equipment@@QAE@XZ  1002c260 f   KBasPropTbl.obj
 0001:0002b280       ??1KBPT_Equipment@@QAE@XZ  1002c280 f   KBasPropTbl.obj
 0001:0002b290       ?Init@KBPT_Equipment@@QAEXH@Z 1002c290 f   KBasPropTbl.obj
 0001:0002b2d0       ?LoadRecord@KBPT_Equipment@@MAEHHPAVKTabFile@@@Z 1002c2d0 f   KBasPropTbl.obj
 0001:0002b7a0       ?GetRecord@KBPT_Equipment@@QBEPBUKBASICPROP_EQUIPMENT@@H@Z 1002c7a0 f   KBasPropTbl.obj
 0001:0002b7d0       ?FindRecord@KBPT_Equipment@@QBEPBUKBASICPROP_EQUIPMENT@@HHH@Z 1002c7d0 f   KBasPropTbl.obj
 0001:0002b820       ??0KBPT_Equipment_Gold@@QAE@XZ 1002c820 f   KBasPropTbl.obj
 0001:0002b870       ??_EKBPT_Equipment_Gold@@UAEPAXI@Z 1002c870 f i KBasPropTbl.obj
 0001:0002b870       ??_GKBPT_Equipment_Gold@@UAEPAXI@Z 1002c870 f i KBasPropTbl.obj
 0001:0002b890       ??1KBPT_Equipment_Gold@@UAE@XZ 1002c890 f   KBasPropTbl.obj
 0001:0002b8a0       ?LoadRecord@KBPT_Equipment_Gold@@MAEHHPAVKTabFile@@@Z 1002c8a0 f   KBasPropTbl.obj
 0001:0002bfa0       ?GetRecord@KBPT_Equipment_Gold@@QBEPBUKBASICPROP_EQUIPMENT_GOLD@@H@Z 1002cfa0 f   KBasPropTbl.obj
 0001:0002bfd0       ?FindRecord@KBPT_Equipment_Gold@@QBEPBUKBASICPROP_EQUIPMENT_GOLD@@HHH@Z 1002cfd0 f   KBasPropTbl.obj
 0001:0002c020       ??0KBPT_Equipment_Unique@@QAE@XZ 1002d020 f   KBasPropTbl.obj
 0001:0002c070       ??1KBPT_Equipment_Unique@@QAE@XZ 1002d070 f   KBasPropTbl.obj
 0001:0002c080       ?LoadRecord@KBPT_Equipment_Unique@@MAEHHPAVKTabFile@@@Z 1002d080 f   KBasPropTbl.obj
 0001:0002c750       ?GetRecord@KBPT_Equipment_Unique@@QBEPBUKBASICPROP_EQUIPMENT_UNIQUE@@H@Z 1002d750 f   KBasPropTbl.obj
 0001:0002c780       ?FindRecord@KBPT_Equipment_Unique@@QBEPBUKBASICPROP_EQUIPMENT_UNIQUE@@HHH@Z 1002d780 f   KBasPropTbl.obj
 0001:0002c7d0       ??0KBPT_MagicAttrib_TF@@QAE@XZ 1002d7d0 f   KBasPropTbl.obj
 0001:0002c830       ??1KBPT_MagicAttrib_TF@@QAE@XZ 1002d830 f   KBasPropTbl.obj
 0001:0002c840       ?LoadRecord@KBPT_MagicAttrib_TF@@MAEHHPAVKTabFile@@@Z 1002d840 f   KBasPropTbl.obj
 0001:0002caf0       ?GetRecord@KBPT_MagicAttrib_TF@@QBEPBUKMAGICATTRIB_TABFILE@@H@Z 1002daf0 f   KBasPropTbl.obj
 0001:0002cb20       ?GetMACount@KBPT_MagicAttrib_TF@@QBEXPAH@Z 1002db20 f   KBasPropTbl.obj
 0001:0002cb40       ??0KBPT_ClassMAIT@@QAE@XZ  1002db40 f   KBasPropTbl.obj
 0001:0002cb50       ??1KBPT_ClassMAIT@@QAE@XZ  1002db50 f   KBasPropTbl.obj
 0001:0002cb80       ?Clear@KBPT_ClassMAIT@@QAEHXZ 1002db80 f   KBasPropTbl.obj
 0001:0002cb90       ?Get@KBPT_ClassMAIT@@QBEHH@Z 1002db90 f   KBasPropTbl.obj
 0001:0002cba0       ?Insert@KBPT_ClassMAIT@@QAEHH@Z 1002dba0 f   KBasPropTbl.obj
 0001:0002cc40       ??0KBPT_ClassifiedMAT@@QAE@XZ 1002dc40 f   KBasPropTbl.obj
 0001:0002cc50       ??1KBPT_ClassifiedMAT@@QAE@XZ 1002dc50 f   KBasPropTbl.obj
 0001:0002cc60       ?GetMemory@KBPT_ClassifiedMAT@@QAEHH@Z 1002dc60 f   KBasPropTbl.obj
 0001:0002cca0       ?ReleaseMemory@KBPT_ClassifiedMAT@@IAEXXZ 1002dca0 f   KBasPropTbl.obj
 0001:0002ccd0       ?Set@KBPT_ClassifiedMAT@@QAEHH@Z 1002dcd0 f   KBasPropTbl.obj
 0001:0002ccf0       ?Get@KBPT_ClassifiedMAT@@QBEHH@Z 1002dcf0 f   KBasPropTbl.obj
 0001:0002cd10       ?GetAll@KBPT_ClassifiedMAT@@QBEHPAH0@Z 1002dd10 f   KBasPropTbl.obj
 0001:0002cd90       ??0KBuySell@@QAE@XZ        1002dd90 f   KBuySell.obj
 0001:0002cdb0       ??1KBuySell@@QAE@XZ        1002ddb0 f   KBuySell.obj
 0001:0002ce30       ??_EKItem@@QAEPAXI@Z       1002de30 f i KBuySell.obj
 0001:0002ce90       ?Init@KBuySell@@QAEHXZ     1002de90 f   KBuySell.obj
 0001:0002d1d0       ?GetItem@KBuySell@@QAEPAVKItem@@H@Z 1002e1d0 f   KBuySell.obj
 0001:0002d210       ?GetItemIndex@KBuySell@@QAEHHH@Z 1002e210 f   KBuySell.obj
 0001:0002d250       ?Buy@KBuySell@@QAEHHHHHHH@Z 1002e250 f   KBuySell.obj
 0001:0002d350       ?Sell@KBuySell@@QAEHHHH@Z  1002e350 f   KBuySell.obj
 0001:0002d420       ?OpenSale@KBuySell@@QAEXHH@Z 1002e420 f   KBuySell.obj
 0001:0002d4f0       ??0KInventory@@QAE@XZ      1002e4f0 f   KInventory.obj
 0001:0002d500       ??1KInventory@@QAE@XZ      1002e500 f   KInventory.obj
 0001:0002d510       ?Init@KInventory@@QAEHHH@Z 1002e510 f   KInventory.obj
 0001:0002d580       ?Release@KInventory@@QAEXXZ 1002e580 f   KInventory.obj
 0001:0002d5b0       ?Clear@KInventory@@QAEXXZ  1002e5b0 f   KInventory.obj
 0001:0002d5f0       ?PlaceItem@KInventory@@QAEHHHHHH@Z 1002e5f0 f   KInventory.obj
 0001:0002d6f0       ?HoldItem@KInventory@@QAEHHHH@Z 1002e6f0 f   KInventory.obj
 0001:0002d760       ?PickUpItem@KInventory@@QAEHHHHHH@Z 1002e760 f   KInventory.obj
 0001:0002d850       ?FindItem@KInventory@@QAEHHH@Z 1002e850 f   KInventory.obj
 0001:0002d8c0       ?FindRoom@KInventory@@QAEHHHPAUtagPOINT@@@Z 1002e8c0 f   KInventory.obj
 0001:0002d960       ?CheckRoom@KInventory@@QAEHHHHH@Z 1002e960 f   KInventory.obj
 0001:0002da10       ?AddMoney@KInventory@@QAEHH@Z 1002ea10 f   KInventory.obj
 0001:0002da30       ?GetNextItem@KInventory@@QAEHHHHPAH0@Z 1002ea30 f   KInventory.obj
 0001:0002dae0       ?CalcSameDetailType@KInventory@@QAEHHH@Z 1002eae0 f   KInventory.obj
 0001:0002db90       ?FindEmptyPlace@KInventory@@QAEHHHPAUtagPOINT@@@Z 1002eb90 f   KInventory.obj
 0001:0002dcf0       ?FindSameDetailType@KInventory@@QAEHHHPAH00@Z 1002ecf0 f   KInventory.obj
 0001:0002dd90       ?CheckSameDetailType@KInventory@@QAEHHH@Z 1002ed90 f   KInventory.obj
 0001:0002de60       ??0KItem@@QAE@XZ           1002ee60 f   KItem.obj
 0001:0002df10       ??1KItem@@QAE@XZ           1002ef10 f   KItem.obj
 0001:0002df20       ?GetRequirement@KItem@@QAEPAXH@Z 1002ef20 f   KItem.obj
 0001:0002df40       ?ApplyMagicAttribToNPC@KItem@@QBEXPAVKNpc@@H@Z 1002ef40 f   KItem.obj
 0001:0002dfc0       ?RemoveMagicAttribFromNPC@KItem@@QBEXPAVKNpc@@H@Z 1002efc0 f   KItem.obj
 0001:0002e0d0       ?ApplyHiddenMagicAttribToNPC@KItem@@QBEXPAVKNpc@@H@Z 1002f0d0 f   KItem.obj
[...]
 0001:00035f60       _$E17                      10036f60 f   KCore.obj
 0001:00035f70       _$E24                      10036f70 f   KCore.obj
 0001:00035f80       _$E21                      10036f80 f   KCore.obj
 0001:00035f90       _$E23                      10036f90 f   KCore.obj
 0001:00035fa0       _$E22                      10036fa0 f   KCore.obj
 0001:00035fb0       _$E29                      10036fb0 f   KCore.obj
 0001:00035fc0       _$E26                      10036fc0 f   KCore.obj
 0001:00035fd0       _$E28                      10036fd0 f   KCore.obj
 0001:00035fe0       _$E27                      10036fe0 f   KCore.obj
 0001:00035ff0       _$E34                      10036ff0 f   KCore.obj
 0001:00036000       _$E31                      10037000 f   KCore.obj
 0001:00036010       _$E33                      10037010 f   KCore.obj
 0001:00036020       _$E32                      10037020 f   KCore.obj
 0001:00034db0       _$E7                       10035db0 f   KObjSet.obj
 0001:00034dc0       _$E4                       10035dc0 f   KObjSet.obj
 0001:00034dd0       _$E6                       10035dd0 f   KObjSet.obj
 0001:00034de0       _$E5                       10035de0 f   KObjSet.obj
 0001:00033b90       _$E7                       10034b90 f   KObj.obj
 0001:00033ba0       _$E6                       10034ba0 f   KObj.obj
 0001:000333d0       _$E7                       100343d0 f   KItemSet.obj
 0001:000333e0       _$E4                       100343e0 f   KItemSet.obj
 0001:000333f0       _$E6                       100343f0 f   KItemSet.obj
 0001:00033400       _$E5                       10034400 f   KItemSet.obj
 0001:0002edd0       _$E7                       1002fdd0 f   KItemGenerator.obj
 0001:0002ede0       _$E4                       1002fde0 f   KItemGenerator.obj
 0001:0002edf0       _$E6                       1002fdf0 f   KItemGenerator.obj
 0001:0002ee00       _$E5                       1002fe00 f   KItemGenerator.obj
 0001:0002eae0       _$E7                       1002fae0 f   KItemChangeRes.obj
 0001:0002eaf0       _$E4                       1002faf0 f   KItemChangeRes.obj
 0001:0002eb00       _$E6                       1002fb00 f   KItemChangeRes.obj
 0001:0002eb10       _$E5                       1002fb10 f   KItemChangeRes.obj
 0001:0002de00       _$E7                       1002ee00 f   KItem.obj
 0001:0002de10       _$E4                       1002ee10 f   KItem.obj
 0001:0002de30       _$E6                       1002ee30 f   KItem.obj
 0001:0002de40       _$E5                       1002ee40 f   KItem.obj
 0001:0002cd50       _$E9                       1002dd50 f   KBuySell.obj
 0001:0002cd60       _$E6                       1002dd60 f   KBuySell.obj
 0001:0002cd70       _$E8                       1002dd70 f   KBuySell.obj
 0001:0002cd80       _$E7                       1002dd80 f   KBuySell.obj
 0001:000272f0       _$E7                       100282f0 f   KPlayerTeam.obj
 0001:00027300       _$E6                       10028300 f   KPlayerTeam.obj
 0001:000270a0       _$E7                       100280a0 f   KPlayerTask.obj
 0001:000270b0       _$E4                       100280b0 f   KPlayerTask.obj
 0001:000270c0       _$E6                       100280c0 f   KPlayerTask.obj
 0001:000270d0       _$E5                       100280d0 f   KPlayerTask.obj
 0001:000270e0       _$E12                      100280e0 f   KPlayerTask.obj
 0001:000270f0       _$E9                       100280f0 f   KPlayerTask.obj
 0001:00027100       _$E11                      10028100 f   KPlayerTask.obj
 0001:00027110       _$E10                      10028110 f   KPlayerTask.obj
 0001:00027120       _$E17                      10028120 f   KPlayerTask.obj
 0001:00027130       _$E14                      10028130 f   KPlayerTask.obj
 0001:00027140       _$E16                      10028140 f   KPlayerTask.obj
 0001:00027150       _$E15                      10028150 f   KPlayerTask.obj
 0001:00027160       _$E22                      10028160 f   KPlayerTask.obj
 0001:00027170       _$E19                      10028170 f   KPlayerTask.obj
 0001:00027180       _$E21                      10028180 f   KPlayerTask.obj
 0001:00027190       _$E20                      10028190 f   KPlayerTask.obj
 0001:000271a0       _$E27                      100281a0 f   KPlayerTask.obj
 0001:000271b0       _$E24                      100281b0 f   KPlayerTask.obj
 0001:000271c0       _$E26                      100281c0 f   KPlayerTask.obj
 0001:000271d0       _$E25                      100281d0 f   KPlayerTask.obj
 0001:000271e0       _$E32                      100281e0 f   KPlayerTask.obj
 0001:000271f0       _$E29                      100281f0 f   KPlayerTask.obj
 0001:00027200       _$E31                      10028200 f   KPlayerTask.obj
 0001:00027210       _$E30                      10028210 f   KPlayerTask.obj
 0001:00025590       _$E9                       10026590 f   KPlayerSet.obj
 0001:000255a0       _$E6                       100265a0 f   KPlayerSet.obj
 0001:000255b0       _$E8                       100265b0 f   KPlayerSet.obj
 0001:000255c0       _$E7                       100265c0 f   KPlayerSet.obj
 0001:00022c50       _$E9                       10023c50 f   KPlayerDBFuns.obj
 0001:00022c60       _$E6                       10023c60 f   KPlayerDBFuns.obj
 0001:00022ca0       _$E8                       10023ca0 f   KPlayerDBFuns.obj
 0001:00022cb0       _$E7                       10023cb0 f   KPlayerDBFuns.obj
 0001:00018fe0       _$E9                       10019fe0 f   KPlayer.obj
 0001:00018ff0       _$E6                       10019ff0 f   KPlayer.obj
 0001:00019010       _$E8                       1001a010 f   KPlayer.obj
 0001:00019020       _$E7                       1001a020 f   KPlayer.obj
 0001:00017980       _$E7                       10018980 f   KNpcTemplate.obj
 0001:00017990       _$E4                       10018990 f   KNpcTemplate.obj
 0001:000179b0       _$E6                       100189b0 f   KNpcTemplate.obj
 0001:000179c0       _$E5                       100189c0 f   KNpcTemplate.obj
 0001:00018260       ?g_GenItemDropRate@@YAPAUKItemDropRate@@PAD@Z 10019260 f   KNpcTemplate.obj
 0001:00016810       _$E9                       10017810 f   KNpcSet.obj
 0001:00016820       _$E6                       10017820 f   KNpcSet.obj
 0001:00016830       _$E8                       10017830 f   KNpcSet.obj
 0001:00016840       _$E7                       10017840 f   KNpcSet.obj
 0001:00013490       _$E9                       10014490 f   KNpcAttribModify.obj
 0001:000134a0       _$E6                       100144a0 f   KNpcAttribModify.obj
 0001:000134b0       _$E8                       100144b0 f   KNpcAttribModify.obj
 0001:000134c0       _$E7                       100144c0 f   KNpcAttribModify.obj
 0001:00011620       _$E7                       10012620 f   KNpcAI.obj
 0001:00011630       _$E6                       10012630 f   KNpcAI.obj
 0001:00008e90       _$E9                       10009e90 f   KNpc.obj
 0001:00008ea0       _$E6                       10009ea0 f   KNpc.obj
 0001:00008ec0       _$E8                       10009ec0 f   KNpc.obj
 0001:00008ed0       _$E7                       10009ed0 f   KNpc.obj
 0001:000035f0       _$E9                       100045f0 f   KSkillManager.obj
 0001:00003600       _$E6                       10004600 f   KSkillManager.obj
 0001:00003610       _$E8                       10004610 f   KSkillManager.obj
 0001:00003620       _$E7                       10004620 f   KSkillManager.obj
 0001:00002d20       _$E7                       10003d20 f   KMissleSet.obj
 0001:00002d30       _$E4                       10003d30 f   KMissleSet.obj
 0001:00002d40       _$E6                       10003d40 f   KMissleSet.obj
 0001:00002d50       _$E5                       10003d50 f   KMissleSet.obj
 0001:00000bb0       _$E9                       10001bb0 f   KMissle.obj
 0001:00000bc0       _$E6                       10001bc0 f   KMissle.obj
 0001:00000be0       _$E8                       10001be0 f   KMissle.obj
 0001:00000bf0       _$E7                       10001bf0 f   KMissle.obj
 0001:00000c10       _$E14                      10001c10 f   KMissle.obj
 0001:00000c20       _$E11                      10001c20 f   KMissle.obj
 0001:00000c40       _$E13                      10001c40 f   KMissle.obj
 0001:00000c50       _$E12                      10001c50 f   KMissle.obj
 0001:00076e10       _findenv                   10077e10 f   LIBCMT:setenv.obj
 0001:00076e68       _copy_environ              10077e68 f   LIBCMT:setenv.obj
 0001:00076c5e       _strncnt                   10077c5e f   LIBCMT:a_cmp.obj
 0001:00075cac       _xtoa                      10076cac f   LIBCMT:xtoa.obj
 0001:00075d7e       _x64toa@20                 10076d7e f   LIBCMT:xtoa.obj
 0001:000751a0       __expandtime               100761a0 f   LIBCMT:strftime.obj
 0001:0007558f       __store_str                1007658f f   LIBCMT:strftime.obj
 0001:000755b6       __store_num                100765b6 f   LIBCMT:strftime.obj
 0001:00075625       __store_number             10076625 f   LIBCMT:strftime.obj
 0001:0007566e       __store_winword            1007666e f   LIBCMT:strftime.obj
 0001:00073b6e       _strtoxl                   10074b6e f   LIBCMT:strtol.obj
 0001:00073900       _getSystemCP               10074900 f   LIBCMT:mbctype.obj
 0001:0007394a       _CPtoLCID                  1007494a f   LIBCMT:mbctype.obj
 0001:0007397d       _setSBCS                   1007497d f   LIBCMT:mbctype.obj
 0001:000739a6       _setSBUpLow                100749a6 f   LIBCMT:mbctype.obj
 0001:000730b5       __tzset_lk                 100740b5 f   LIBCMT:tzset.obj
 0001:0007335d       __isindst_lk               1007435d f   LIBCMT:tzset.obj
 0001:00073509       _cvtdate                   10074509 f   LIBCMT:tzset.obj
 0001:00072947       _TranslateName             10073947 f   LIBCMT:getqloc.obj
 0001:0007299f       _GetLcidFromLangCountry    1007399f f   LIBCMT:getqloc.obj
 0001:00072a26       _LangCountryEnumProc@4     10073a26 f   LIBCMT:getqloc.obj
 0001:00072c2a       _GetLcidFromLanguage       10073c2a f   LIBCMT:getqloc.obj
 0001:00072c80       _LanguageEnumProc@4        10073c80 f   LIBCMT:getqloc.obj
 0001:00072d3d       _GetLcidFromCountry        10073d3d f   LIBCMT:getqloc.obj
 0001:00072d74       _CountryEnumProc@4         10073d74 f   LIBCMT:getqloc.obj
 0001:00072dfa       _GetLcidFromDefault        10073dfa f   LIBCMT:getqloc.obj
 0001:00072e14       _ProcessCodePage           10073e14 f   LIBCMT:getqloc.obj
 0001:00072e7a       _TestDefaultCountry        10073e7a f   LIBCMT:getqloc.obj
 0001:00072e99       _TestDefaultLanguage       10073e99 f   LIBCMT:getqloc.obj
 0001:00072efb       _IsThisWindowsNT           10073efb f   LIBCMT:getqloc.obj
 0001:00072f31       _crtGetLocaleInfoA@16      10073f31 f   LIBCMT:getqloc.obj
 0001:00073017       _LcidFromHexString         10074017 f   LIBCMT:getqloc.obj
 0001:00073050       _GetPrimaryLen             10074050 f   LIBCMT:getqloc.obj
 0001:00072312       __get_lc_lconv             10073312 f   LIBCMT:initmon.obj
 0001:00072434       _fix_grouping              10073434 f   LIBCMT:initmon.obj
 0001:0007246b       __free_lc_lconv            1007346b f   LIBCMT:initmon.obj
 0001:00072210       _fix_grouping              10073210 f   LIBCMT:initnum.obj
 0001:00071b5d       __get_lc_time              10072b5d f   LIBCMT:inittime.obj
 0001:00071eab       __free_lc_time             10072eab f   LIBCMT:inittime.obj
 0001:00071a28       _flsall                    10072a28 f   LIBCMT:fflush.obj
 0001:00071620       LeadUp1                    10072620 f   LIBCMT:memcpy.obj
 0001:0007164c       LeadUp2                    1007264c f   LIBCMT:memcpy.obj
 0001:00071670       LeadUp3                    10072670 f   LIBCMT:memcpy.obj
 0001:000716ef       UnwindUp0                  100726ef f   LIBCMT:memcpy.obj
 0001:000716dc       UnwindUp1                  100726dc f   LIBCMT:memcpy.obj
 0001:000716d4       UnwindUp2                  100726d4 f   LIBCMT:memcpy.obj
 0001:000716cc       UnwindUp3                  100726cc f   LIBCMT:memcpy.obj
 0001:000716c4       UnwindUp4                  100726c4 f   LIBCMT:memcpy.obj
 0001:000716bc       UnwindUp5                  100726bc f   LIBCMT:memcpy.obj
 0001:000716b4       UnwindUp6                  100726b4 f   LIBCMT:memcpy.obj
 0001:000716ac       UnwindUp7                  100726ac f   LIBCMT:memcpy.obj
 0001:00071708       TrailUp0                   10072708 f   LIBCMT:memcpy.obj
 0001:00071710       TrailUp1                   10072710 f   LIBCMT:memcpy.obj
 0001:0007171c       TrailUp2                   1007271c f   LIBCMT:memcpy.obj
 0001:00071730       TrailUp3                   10072730 f   LIBCMT:memcpy.obj
 0001:000717a8       LeadDown1                  100727a8 f   LIBCMT:memcpy.obj
 0001:000717c8       LeadDown2                  100727c8 f   LIBCMT:memcpy.obj
 0001:000717f0       LeadDown3                  100727f0 f   LIBCMT:memcpy.obj
 0001:00071844       UnwindDown7                10072844 f   LIBCMT:memcpy.obj
 0001:0007184c       UnwindDown6                1007284c f   LIBCMT:memcpy.obj
 0001:00071854       UnwindDown5                10072854 f   LIBCMT:memcpy.obj
 0001:0007185c       UnwindDown4                1007285c f   LIBCMT:memcpy.obj
 0001:00071864       UnwindDown3                10072864 f   LIBCMT:memcpy.obj
 0001:0007186c       UnwindDown2                1007286c f   LIBCMT:memcpy.obj
 0001:00071874       UnwindDown1                10072874 f   LIBCMT:memcpy.obj
 0001:00071887       UnwindDown0                10072887 f   LIBCMT:memcpy.obj
 0001:000718a0       TrailDown0                 100728a0 f   LIBCMT:memcpy.obj
 0001:000718a8       TrailDown1                 100728a8 f   LIBCMT:memcpy.obj
 0001:000718b8       TrailDown2                 100728b8 f   LIBCMT:memcpy.obj
 0001:000718cc       TrailDown3                 100728cc f   LIBCMT:memcpy.obj
 0001:0007156c       _xcptlookup                1007256c f   LIBCMT:winxfltr.obj
 0001:00070912       __abstract_cw              10071912 f   LIBCMT:ieee87.obj
 0001:000709a4       __hw_cw                    100719a4 f   LIBCMT:ieee87.obj
 0001:00070a2d       __abstract_sw              10071a2d f   LIBCMT:ieee87.obj
 0001:00070158       _ctrlevent_capture@4       10071158 f   LIBCMT:winsig.obj
 0001:0007033c       _siglookup                 1007133c f   LIBCMT:winsig.obj
 0001:0006def3       _parse_cmdline             1006eef3 f   LIBCMT:stdargv.obj
 0001:0006d785       _store_dt                  1006e785 f   LIBCMT:asctime.obj
 0001:0006d288       __setlocale_set_cat        1006e288 f   LIBCMT:setlocal.obj
 0001:0006d3a3       __setlocale_get_all        1006e3a3 f   LIBCMT:setlocal.obj
 0001:0006cef4       _strncnt                   1006def4 f   LIBCMT:a_map.obj
 0001:0006c4d1       _doexit                    1006d4d1 f   LIBCMT:crt0dat.obj
 0001:0006c588       __initterm                 1006d588 f   LIBCMT:crt0dat.obj
 0001:0006b953       ?FindHandler@@YAXPAUEHExceptionRecord@@PAUEHRegistrationNode@@PAU_CONTEXT@@PAXPBU_s_FuncInfo@@EH1@Z 1006c953 f   LIBCMT:frame.obj
 0001:0006bb06       ?FindHandlerForForeignException@@YAXPAUEHExceptionRecord@@PAUEHRegistrationNode@@PAU_CONTEXT@@PAXPBU_s_FuncInfo@@HH1@Z 1006cb06 f   LIBCMT:frame.obj
 0001:0006bbb0       ?TypeMatch@@YAHPBU_s_HandlerType@@PBU_s_CatchableType@@PBU_s_ThrowInfo@@@Z 1006cbb0 f   LIBCMT:frame.obj
 0001:0006bcab       ?FrameUnwindFilter@@YAHPAU_EXCEPTION_POINTERS@@@Z 1006ccab f   LIBCMT:frame.obj
 0001:0006bcc1       ?CatchIt@@YAXPAUEHExceptionRecord@@PAUEHRegistrationNode@@PAU_CONTEXT@@PAXPBU_s_FuncInfo@@PBU_s_HandlerType@@PBU_s_CatchableType@@PBU_s_TryBlockMapEntry@@H1E@Z 1006ccc1 f   LIBCMT:frame.obj
 0001:0006bd3c       ?CallCatchBlock@@YAPAXPAUEHExceptionRecord@@PAUEHRegistrationNode@@PAU_CONTEXT@@PBU_s_FuncInfo@@PAXHK@Z 1006cd3c f   LIBCMT:frame.obj
 0001:0006be57       ?ExFilterRethrow@@YAHPAU_EXCEPTION_POINTERS@@@Z 1006ce57 f   LIBCMT:frame.obj
 0001:0006be81       ?BuildCatchObject@@YAXPAUEHExceptionRecord@@PAUEHRegistrationNode@@PBU_s_HandlerType@@PBU_s_CatchableType@@@Z 1006ce81 f   LIBCMT:frame.obj
 0001:0006c0ac       ?AdjustPointer@@YAPAXPAXABUPMD@@@Z 1006d0ac f   LIBCMT:frame.obj
 0001:0006b5f1       __cftoe2                   1006c5f1 f   LIBCMT:cvt.obj
 0001:0006b708       __cftof2                   1006c708 f   LIBCMT:cvt.obj
 0001:0006b893       __shift                    1006c893 f   LIBCMT:cvt.obj
 0001:0006b350       _write_char                1006c350 f   LIBCMT:output.obj
 0001:0006b385       _write_multi_char          1006c385 f   LIBCMT:output.obj
 0001:0006b3b6       _write_string              1006c3b6 f   LIBCMT:output.obj
 0001:0006b3ee       _get_int_arg               1006c3ee f   LIBCMT:output.obj
 0001:0006b3fb       _get_int64_arg             1006c3fb f   LIBCMT:output.obj
 0001:0006b40b       _get_short_arg             1006c40b f   LIBCMT:output.obj
 0001:00069eb0       LeadUp1                    1006aeb0 f   LIBCMT:memmove.obj
 0001:00069edc       LeadUp2                    1006aedc f   LIBCMT:memmove.obj
 0001:00069f00       LeadUp3                    1006af00 f   LIBCMT:memmove.obj
 0001:00069f7f       UnwindUp0                  1006af7f f   LIBCMT:memmove.obj
 0001:00069f6c       UnwindUp1                  1006af6c f   LIBCMT:memmove.obj
 0001:00069f64       UnwindUp2                  1006af64 f   LIBCMT:memmove.obj
 0001:00069f5c       UnwindUp3                  1006af5c f   LIBCMT:memmove.obj
 0001:00069f54       UnwindUp4                  1006af54 f   LIBCMT:memmove.obj
 0001:00069f4c       UnwindUp5                  1006af4c f   LIBCMT:memmove.obj
 0001:00069f44       UnwindUp6                  1006af44 f   LIBCMT:memmove.obj
 0001:00069f3c       UnwindUp7                  1006af3c f   LIBCMT:memmove.obj
 0001:00069f98       TrailUp0                   1006af98 f   LIBCMT:memmove.obj
 0001:00069fa0       TrailUp1                   1006afa0 f   LIBCMT:memmove.obj
 0001:00069fac       TrailUp2                   1006afac f   LIBCMT:memmove.obj
 0001:00069fc0       TrailUp3                   1006afc0 f   LIBCMT:memmove.obj
 0001:0006a038       LeadDown1                  1006b038 f   LIBCMT:memmove.obj
 0001:0006a058       LeadDown2                  1006b058 f   LIBCMT:memmove.obj
 0001:0006a080       LeadDown3                  1006b080 f   LIBCMT:memmove.obj
 0001:0006a0d4       UnwindDown7                1006b0d4 f   LIBCMT:memmove.obj
 0001:0006a0dc       UnwindDown6                1006b0dc f   LIBCMT:memmove.obj
 0001:0006a0e4       UnwindDown5                1006b0e4 f   LIBCMT:memmove.obj
 0001:0006a0ec       UnwindDown4                1006b0ec f   LIBCMT:memmove.obj
 0001:0006a0f4       UnwindDown3                1006b0f4 f   LIBCMT:memmove.obj
 0001:0006a0fc       UnwindDown2                1006b0fc f   LIBCMT:memmove.obj
 0001:0006a104       UnwindDown1                1006b104 f   LIBCMT:memmove.obj
 0001:0006a117       UnwindDown0                1006b117 f   LIBCMT:memmove.obj
 0001:0006a130       TrailDown0                 1006b130 f   LIBCMT:memmove.obj
 0001:0006a138       TrailDown1                 1006b138 f   LIBCMT:memmove.obj
 0001:0006a148       TrailDown2                 1006b148 f   LIBCMT:memmove.obj
 0001:0006a15c       TrailDown3                 1006b15c f   LIBCMT:memmove.obj
 0001:00069989       ?ArrayUnwindFilter@@YAHPAU_EXCEPTION_POINTERS@@@Z 1006a989 f   LIBCMT:ehvecdtr.obj
 0001:00069694       _gu_return                 1006a694 f   LIBCMT:exsup.obj
 0001:0006969c       __unwind_handler           1006a69c f   LIBCMT:exsup.obj
 0001:000694af       ?CatchGuardHandler@@YA?AW4_EXCEPTION_DISPOSITION@@PAUEHExceptionRecord@@PAUCatchGuardRN@@PAX2@Z 1006a4af f   LIBCMT:trnsctrl.obj
 0001:0006958a       ?TranslatorGuardHandler@@YA?AW4_EXCEPTION_DISPOSITION@@PAUEHExceptionRecord@@PAUTranslatorGuardRN@@PAX2@Z 1006a58a f   LIBCMT:trnsctrl.obj
