 Goddess

 Timestamp is 68b8da6c (Wed Sep 03 20:16:44 2025)

 Preferred load address is 00400000

 Start         Length     Name                   Class
 0001:00000000 000caf2eH .text                   CODE
 0001:000caf30 0000487dH .text$x                 CODE
 0002:00000000 00000284H .idata$5                DATA
 0002:00000288 00004e04H .rdata                  DATA
 0002:00005090 00001684H .rdata$r                DATA
 0002:00006718 00005c28H .xdata$x                DATA
 0002:0000c340 00000064H .idata$2                DATA
 0002:0000c3a4 00000014H .idata$3                DATA
 0002:0000c3b8 00000284H .idata$4                DATA
 0002:0000c63c 00000af6H .idata$6                DATA
 0002:0000d132 00000000H .edata                  DATA
 0003:00000000 00000004H .CRT$XCA                DATA
 0003:00000004 0000009cH .CRT$XCU                DATA
 0003:000000a0 00000004H .CRT$XCZ                DATA
 0003:000000a4 00000004H .CRT$XIA                DATA
 0003:000000a8 0000000cH .CRT$XIC                DATA
 0003:000000b4 00000004H .CRT$XIY                DATA
 0003:000000b8 00000004H .CRT$XIZ                DATA
 0003:000000bc 00000004H .CRT$XPA                DATA
 0003:000000c0 00000004H .CRT$XPX                DATA
 0003:000000c4 00000004H .CRT$XPZ                DATA
 0003:000000c8 00000004H .CRT$XTA                DATA
 0003:000000cc 00000004H .CRT$XTB                DATA
 0003:000000d0 00000004H .CRT$XTZ                DATA
 0003:000000e0 0000e1b4H .data                   DATA
 0003:0000e298 0008c650H .bss                    DATA
 0004:00000000 00000020H STLPORT_NO_INIT         DATA
 0005:00000000 00000118H .rsrc$01                DATA
 0005:00000120 00001048H .rsrc$02                DATA

  Address         Publics by Value              Rva+Base     Lib:Object

 0001:00000180       ??1?$map@IPAVCClientNode@@U?$less@I@_STL@@V?$allocator@U?$pair@$$CBIPAVCClientNode@@@_STL@@@3@@_STL@@QAE@XZ 00401180 f i ClientNode.obj
 0001:00000220       ??0CDataQueue@CClientNode@@QAE@II@Z 00401220 f   ClientNode.obj
 0001:000002a0       ??1CCriticalSection@Win32@OnlineGameLib@@QAE@XZ 004012a0 f i ClientNode.obj
 0001:000002b0       ??1CDataQueue@CClientNode@@QAE@XZ 004012b0 f   ClientNode.obj
 0001:00000340       ?AddData@CDataQueue@CClientNode@@QAE_NPBEI@Z 00401340 f   ClientNode.obj
 0001:000003e0       ??1Owner@CCriticalSection@Win32@OnlineGameLib@@QAE@XZ 004013e0 f i ClientNode.obj
 0001:000003f0       ?Get@CDataQueue@CClientNode@@QAEPAVCBuffer@Win32@OnlineGameLib@@XZ 004013f0 f   ClientNode.obj
 0001:000004a0       ??0CClientNode@@QAE@PAUIServer@@I@Z 004014a0 f   ClientNode.obj
 0001:000005a0       ??_GCClientNode@@UAEPAXI@Z 004015a0 f i ClientNode.obj
 0001:000005a0       ??_ECClientNode@@UAEPAXI@Z 004015a0 f i ClientNode.obj
 0001:000005c0       ??1CClientNode@@UAE@XZ     004015c0 f   ClientNode.obj
 0001:00000680       ?AddNode@CClientNode@@SAPAV1@PAUIServer@@I@Z 00401680 f   ClientNode.obj
 0001:00000800       ?DelNode@CClientNode@@SAXI@Z 00401800 f   ClientNode.obj
 0001:00000910       ?Start@CClientNode@@SA_NPAUIServer@@@Z 00401910 f   ClientNode.obj
 0001:00000960       ?End@CClientNode@@SAXXZ    00401960 f   ClientNode.obj
 0001:000009b0       ?ThreadFunction@CClientNode@@KGIPAX@Z 004019b0 f   ClientNode.obj
 0001:00000a90       ?AppendData@CClientNode@@QAEXPBXI@Z 00401a90 f   ClientNode.obj
 0001:00000ac0       ?SmallPackProcess@CClientNode@@IAEXPBXI@Z 00401ac0 f   ClientNode.obj
 0001:00000ae0       ?LargePackProcess@CClientNode@@IAEXPBXI@Z 00401ae0 f   ClientNode.obj
 0001:00000b60       ?Process@CClientNode@@QAEXXZ 00401b60 f   ClientNode.obj
 0001:00000bf0       ?_QueryRoleList@CClientNode@@AAEXPBXI@Z 00401bf0 f   ClientNode.obj
 0001:00000d20       ?_CreateRole@CClientNode@@AAEXPBXI@Z 00401d20 f   ClientNode.obj
 0001:00000dd0       ?_SaveRoleInfo@CClientNode@@AAEXPBXI@Z 00401dd0 f   ClientNode.obj
 0001:00000eb0       ?_DelRole@CClientNode@@AAEXPBXI@Z 00401eb0 f   ClientNode.obj
 0001:00000f50       ?_RelayExtend@CClientNode@@AAEXPBXI@Z 00401f50 f   ClientNode.obj
 0001:00001040       ?_GetRoleInfo@CClientNode@@AAEXPBXI@Z 00402040 f   ClientNode.obj
 0001:000011e0       ?_GetGameStat@CClientNode@@AAEXPBXI@Z 004021e0 f   ClientNode.obj
 0001:00001350       ??1?$map@V?$basic_string@DV?$char_traits@D@_STL@@V?$allocator@D@2@@_STL@@IU?$less@V?$basic_string@DV?$char_traits@D@_STL@@V?$allocator@D@2@@_STL@@@2@V?$allocator@U?$pair@$$CBV?$basic_string@DV?$char_traits@D@_STL@@V?$allocator@D@2@@_STL@@I@_STL@@@2@@_STL@@QAE@XZ 00402350 f i ClientNode.obj
 0001:00001450       ?_LockOrUnlockRole@CClientNode@@AAEXPBXI@Z 00402450 f   ClientNode.obj
 0001:00001690       ?IsRoleLock@CClientNode@@AAE_NPAD@Z 00402690 f   ClientNode.obj
 0001:00001790       ?IsRoleLockBySelf@CClientNode@@AAE_NPAD@Z 00402790 f   ClientNode.obj
 0001:000018a0       ?UnlockRoleSelf@CClientNode@@AAE_NPAD@Z 004028a0 f   ClientNode.obj
 0001:000019b0       ?UnlockAllRole@CClientNode@@AAEXI@Z 004029b0 f   ClientNode.obj
 0001:00001a30       ??1?$basic_string@DV?$char_traits@D@_STL@@V?$allocator@D@2@@_STL@@QAE@XZ 00402a30 f i ClientNode.obj
 0001:00001aa0       ??1?$allocator@D@_STL@@QAE@XZ 00402aa0 f i ClientNode.obj
 0001:00001ab0       ??0?$map@IPAVCClientNode@@U?$less@I@_STL@@V?$allocator@U?$pair@$$CBIPAVCClientNode@@@_STL@@@3@@_STL@@QAE@XZ 00402ab0 f i ClientNode.obj
 0001:00001b30       ??1?$list@PAVCBuffer@Win32@OnlineGameLib@@V?$allocator@PAVCBuffer@Win32@OnlineGameLib@@@_STL@@@_STL@@QAE@XZ 00402b30 f i ClientNode.obj
 0001:00001ba0       ??1?$allocator@PAVCBuffer@Win32@OnlineGameLib@@@_STL@@QAE@XZ 00402ba0 f i ClientNode.obj
 0001:00001bb0       ??0?$map@V?$basic_string@DV?$char_traits@D@_STL@@V?$allocator@D@2@@_STL@@IU?$less@V?$basic_string@DV?$char_traits@D@_STL@@V?$allocator@D@2@@_STL@@@2@V?$allocator@U?$pair@$$CBV?$basic_string@DV?$char_traits@D@_STL@@V?$allocator@D@2@@_STL@@I@_STL@@@2@@_STL@@QAE@XZ 00402bb0 f i ClientNode.obj
 0001:00001c30       ?end@?$map@V?$basic_string@DV?$char_traits@D@_STL@@V?$allocator@D@2@@_STL@@IU?$less@V?$basic_string@DV?$char_traits@D@_STL@@V?$allocator@D@2@@_STL@@@2@V?$allocator@U?$pair@$$CBV?$basic_string@DV?$char_traits@D@_STL@@V?$allocator@D@2@@_STL@@I@_STL@@@2@@_STL@@QAE?AU?$_Rb_tree_iterator@U?$pair@$$CBV?$basic_string@DV?$char_traits@D@_STL@@V?$allocator@D@2@@_STL@@I@_STL@@U?$_Nonconst_traits@U?$pair@$$CBV?$basic_string@DV?$char_traits@D@_STL@@V?$allocator@D@2@@_STL@@I@_STL@@@2@@2@XZ 00402c30 f i ClientNode.obj
 0001:00001c40       ?erase@?$map@V?$basic_string@DV?$char_traits@D@_STL@@V?$allocator@D@2@@_STL@@IU?$less@V?$basic_string@DV?$char_traits@D@_STL@@V?$allocator@D@2@@_STL@@@2@V?$allocator@U?$pair@$$CBV?$basic_string@DV?$char_traits@D@_STL@@V?$allocator@D@2@@_STL@@I@_STL@@@2@@_STL@@QAEXU?$_Rb_tree_iterator@U?$pair@$$CBV?$basic_string@DV?$char_traits@D@_STL@@V?$allocator@D@2@@_STL@@I@_STL@@U?$_Nonconst_traits@U?$pair@$$CBV?$basic_string@DV?$char_traits@D@_STL@@V?$allocator@D@2@@_STL@@I@_STL@@@2@@2@@Z 00402c40 f i ClientNode.obj
 0001:00001c60       ??0?$_Rb_tree_iterator@U?$pair@$$CBV?$basic_string@DV?$char_traits@D@_STL@@V?$allocator@D@2@@_STL@@I@_STL@@U?$_Nonconst_traits@U?$pair@$$CBV?$basic_string@DV?$char_traits@D@_STL@@V?$allocator@D@2@@_STL@@I@_STL@@@2@@_STL@@QAE@ABU01@@Z 00402c60 f i ClientNode.obj
 0001:00001c70       ??1?$pair@$$CBV?$basic_string@DV?$char_traits@D@_STL@@V?$allocator@D@2@@_STL@@I@_STL@@QAE@XZ 00402c70 f i ClientNode.obj
 0001:00001ce0       ??1?$_String_base@DV?$allocator@D@_STL@@@_STL@@QAE@XZ 00402ce0 f i ClientNode.obj
 0001:00001d50       ??1?$_Rb_tree_base@U?$pair@$$CBIPAVCClientNode@@@_STL@@V?$allocator@U?$pair@$$CBIPAVCClientNode@@@_STL@@@2@@_STL@@QAE@XZ 00402d50 f i ClientNode.obj
 0001:00001da0       ??1?$allocator@U?$pair@$$CBIPAVCClientNode@@@_STL@@@_STL@@QAE@XZ 00402da0 f i ClientNode.obj
 0001:00001db0       ??0?$_Rb_tree_iterator@U?$pair@$$CBIPAVCClientNode@@@_STL@@U?$_Nonconst_traits@U?$pair@$$CBIPAVCClientNode@@@_STL@@@2@@_STL@@QAE@ABU01@@Z 00402db0 f i ClientNode.obj
 0001:00001dc0       ?begin@?$list@PAVCBuffer@Win32@OnlineGameLib@@V?$allocator@PAVCBuffer@Win32@OnlineGameLib@@@_STL@@@_STL@@QAE?AU?$_List_iterator@PAVCBuffer@Win32@OnlineGameLib@@U?$_Nonconst_traits@PAVCBuffer@Win32@OnlineGameLib@@@_STL@@@2@XZ 00402dc0 f i ClientNode.obj
 0001:00001dd0       ?end@?$list@PAVCBuffer@Win32@OnlineGameLib@@V?$allocator@PAVCBuffer@Win32@OnlineGameLib@@@_STL@@@_STL@@QAE?AU?$_List_iterator@PAVCBuffer@Win32@OnlineGameLib@@U?$_Nonconst_traits@PAVCBuffer@Win32@OnlineGameLib@@@_STL@@@2@XZ 00402dd0 f i ClientNode.obj
 0001:00001de0       ?insert@?$list@PAVCBuffer@Win32@OnlineGameLib@@V?$allocator@PAVCBuffer@Win32@OnlineGameLib@@@_STL@@@_STL@@QAE?AU?$_List_iterator@PAVCBuffer@Win32@OnlineGameLib@@U?$_Nonconst_traits@PAVCBuffer@Win32@OnlineGameLib@@@_STL@@@2@U32@ABQAVCBuffer@Win32@OnlineGameLib@@@Z 00402de0 f i ClientNode.obj
 0001:00001e10       ?erase@?$list@PAVCBuffer@Win32@OnlineGameLib@@V?$allocator@PAVCBuffer@Win32@OnlineGameLib@@@_STL@@@_STL@@QAE?AU?$_List_iterator@PAVCBuffer@Win32@OnlineGameLib@@U?$_Nonconst_traits@PAVCBuffer@Win32@OnlineGameLib@@@_STL@@@2@U32@@Z 00402e10 f i ClientNode.obj
 0001:00001e40       ??0?$_List_iterator@PAVCBuffer@Win32@OnlineGameLib@@U?$_Nonconst_traits@PAVCBuffer@Win32@OnlineGameLib@@@_STL@@@_STL@@QAE@ABU01@@Z 00402e40 f i ClientNode.obj
 0001:00001e50       ?insert@?$map@V?$basic_string@DV?$char_traits@D@_STL@@V?$allocator@D@2@@_STL@@IU?$less@V?$basic_string@DV?$char_traits@D@_STL@@V?$allocator@D@2@@_STL@@@2@V?$allocator@U?$pair@$$CBV?$basic_string@DV?$char_traits@D@_STL@@V?$allocator@D@2@@_STL@@I@_STL@@@2@@_STL@@QAE?AU?$_Rb_tree_iterator@U?$pair@$$CBV?$basic_string@DV?$char_traits@D@_STL@@V?$allocator@D@2@@_STL@@I@_STL@@U?$_Nonconst_traits@U?$pair@$$CBV?$basic_string@DV?$char_traits@D@_STL@@V?$allocator@D@2@@_STL@@I@_STL@@@2@@2@U32@ABU?$pair@$$CBV?$basic_string@DV?$char_traits@D@_STL@@V?$allocator@D@2@@_STL@@I@2@@Z 00402e50 f i ClientNode.obj
 0001:00001e80       ?erase@?$_Rb_tree@V?$basic_string@DV?$char_traits@D@_STL@@V?$allocator@D@2@@_STL@@U?$pair@$$CBV?$basic_string@DV?$char_traits@D@_STL@@V?$allocator@D@2@@_STL@@I@2@U?$_Select1st@U?$pair@$$CBV?$basic_string@DV?$char_traits@D@_STL@@V?$allocator@D@2@@_STL@@I@_STL@@@2@U?$less@V?$basic_string@DV?$char_traits@D@_STL@@V?$allocator@D@2@@_STL@@@2@V?$allocator@U?$pair@$$CBV?$basic_string@DV?$char_traits@D@_STL@@V?$allocator@D@2@@_STL@@I@_STL@@@2@@_STL@@QAEXU?$_Rb_tree_iterator@U?$pair@$$CBV?$basic_string@DV?$char_traits@D@_STL@@V?$allocator@D@2@@_STL@@I@_STL@@U?$_Nonconst_traits@U?$pair@$$CBV?$basic_string@DV?$char_traits@D@_STL@@V?$allocator@D@2@@_STL@@I@_STL@@@2@@2@@Z 00402e80 f i ClientNode.obj
 0001:00001ed0       ??1?$_Rb_tree_base@U?$pair@$$CBV?$basic_string@DV?$char_traits@D@_STL@@V?$allocator@D@2@@_STL@@I@_STL@@V?$allocator@U?$pair@$$CBV?$basic_string@DV?$char_traits@D@_STL@@V?$allocator@D@2@@_STL@@I@_STL@@@2@@_STL@@QAE@XZ 00402ed0 f i ClientNode.obj
 0001:00001f20       ??1?$allocator@U?$pair@$$CBV?$basic_string@DV?$char_traits@D@_STL@@V?$allocator@D@2@@_STL@@I@_STL@@@_STL@@QAE@XZ 00402f20 f i ClientNode.obj
 0001:00001f30       ??0?$pair@U?$_Rb_tree_iterator@U?$pair@$$CBIPAVCClientNode@@@_STL@@U?$_Nonconst_traits@U?$pair@$$CBIPAVCClientNode@@@_STL@@@2@@_STL@@_N@_STL@@QAE@ABU01@@Z 00402f30 f i ClientNode.obj
 0001:00001f50       ??0?$pair@$$CBV?$basic_string@DV?$char_traits@D@_STL@@V?$allocator@D@2@@_STL@@I@_STL@@QAE@ABV?$basic_string@DV?$char_traits@D@_STL@@V?$allocator@D@2@@1@ABI@Z 00402f50 f i ClientNode.obj
 0001:00002020       ??1?$_STLP_alloc_proxy@PADDV?$allocator@D@_STL@@@_STL@@QAE@XZ 00403020 f i ClientNode.obj
 0001:00002030       ??1?$_STLP_alloc_proxy@PAU?$_Rb_tree_node@U?$pair@$$CBIPAVCClientNode@@@_STL@@@_STL@@U12@V?$allocator@U?$pair@$$CBIPAVCClientNode@@@_STL@@@2@@_STL@@QAE@XZ 00403030 f i ClientNode.obj
 0001:00002040       ??1?$_STLP_alloc_proxy@PAU?$_List_node@PAVCBuffer@Win32@OnlineGameLib@@@_STL@@U12@V?$allocator@PAVCBuffer@Win32@OnlineGameLib@@@2@@_STL@@QAE@XZ 00403040 f i ClientNode.obj
 0001:00002050       ??1?$_STLP_alloc_proxy@PAU?$_Rb_tree_node@U?$pair@$$CBV?$basic_string@DV?$char_traits@D@_STL@@V?$allocator@D@2@@_STL@@I@_STL@@@_STL@@U12@V?$allocator@U?$pair@$$CBV?$basic_string@DV?$char_traits@D@_STL@@V?$allocator@D@2@@_STL@@I@_STL@@@2@@_STL@@QAE@XZ 00403050 f i ClientNode.obj
 0001:00002060       ?_M_deallocate_block@?$_String_base@DV?$allocator@D@_STL@@@_STL@@QAEXXZ 00403060 f i ClientNode.obj
 0001:00002090       ?erase@?$_Rb_tree@IU?$pair@$$CBIPAVCClientNode@@@_STL@@U?$_Select1st@U?$pair@$$CBIPAVCClientNode@@@_STL@@@2@U?$less@I@2@V?$allocator@U?$pair@$$CBIPAVCClientNode@@@_STL@@@2@@_STL@@QAEXU?$_Rb_tree_iterator@U?$pair@$$CBIPAVCClientNode@@@_STL@@U?$_Nonconst_traits@U?$pair@$$CBIPAVCClientNode@@@_STL@@@2@@2@0@Z 00403090 f i ClientNode.obj
 0001:00002130       ??E?$_Rb_tree_iterator@U?$pair@$$CBIPAVCClientNode@@@_STL@@U?$_Nonconst_traits@U?$pair@$$CBIPAVCClientNode@@@_STL@@@2@@_STL@@QAE?AU01@H@Z 00403130 f i ClientNode.obj
 0001:00002150       ?deallocate@?$_STLP_alloc_proxy@PAU?$_Rb_tree_node@U?$pair@$$CBIPAVCClientNode@@@_STL@@@_STL@@U12@V?$allocator@U?$pair@$$CBIPAVCClientNode@@@_STL@@@2@@_STL@@QAEXPAU?$_Rb_tree_node@U?$pair@$$CBIPAVCClientNode@@@_STL@@@2@I@Z 00403150 f i ClientNode.obj
 0001:00002190       ?_M_create_node@?$list@PAVCBuffer@Win32@OnlineGameLib@@V?$allocator@PAVCBuffer@Win32@OnlineGameLib@@@_STL@@@_STL@@IAEPAU?$_List_node@PAVCBuffer@Win32@OnlineGameLib@@@2@ABQAVCBuffer@Win32@OnlineGameLib@@@Z 00403190 f i ClientNode.obj
 0001:000021b0       ?lower_bound@?$_Rb_tree@V?$basic_string@DV?$char_traits@D@_STL@@V?$allocator@D@2@@_STL@@U?$pair@$$CBV?$basic_string@DV?$char_traits@D@_STL@@V?$allocator@D@2@@_STL@@I@2@U?$_Select1st@U?$pair@$$CBV?$basic_string@DV?$char_traits@D@_STL@@V?$allocator@D@2@@_STL@@I@_STL@@@2@U?$less@V?$basic_string@DV?$char_traits@D@_STL@@V?$allocator@D@2@@_STL@@@2@V?$allocator@U?$pair@$$CBV?$basic_string@DV?$char_traits@D@_STL@@V?$allocator@D@2@@_STL@@I@_STL@@@2@@_STL@@QAE?AU?$_Rb_tree_iterator@U?$pair@$$CBV?$basic_string@DV?$char_traits@D@_STL@@V?$allocator@D@2@@_STL@@I@_STL@@U?$_Nonconst_traits@U?$pair@$$CBV?$basic_string@DV?$char_traits@D@_STL@@V?$allocator@D@2@@_STL@@I@_STL@@@2@@2@ABV?$basic_string@DV?$char_traits@D@_STL@@V?$allocator@D@2@@2@@Z 004031b0 f i ClientNode.obj
 0001:00002210       ??0?$pair@U?$_Rb_tree_iterator@U?$pair@$$CBIPAVCClientNode@@@_STL@@U?$_Nonconst_traits@U?$pair@$$CBIPAVCClientNode@@@_STL@@@2@@_STL@@U12@@_STL@@QAE@ABU01@@Z 00403210 f i ClientNode.obj
 0001:00002230       ?deallocate@?$_STLP_alloc_proxy@PADDV?$allocator@D@_STL@@@_STL@@QAEXPADI@Z 00403230 f i ClientNode.obj
 0001:00002260       ?erase@?$_Rb_tree@IU?$pair@$$CBIPAVCClientNode@@@_STL@@U?$_Select1st@U?$pair@$$CBIPAVCClientNode@@@_STL@@@2@U?$less@I@2@V?$allocator@U?$pair@$$CBIPAVCClientNode@@@_STL@@@2@@_STL@@QAEXU?$_Rb_tree_iterator@U?$pair@$$CBIPAVCClientNode@@@_STL@@U?$_Nonconst_traits@U?$pair@$$CBIPAVCClientNode@@@_STL@@@2@@2@@Z 00403260 f i ClientNode.obj
 0001:000022a0       ?lower_bound@?$_Rb_tree@IU?$pair@$$CBIPAVCClientNode@@@_STL@@U?$_Select1st@U?$pair@$$CBIPAVCClientNode@@@_STL@@@2@U?$less@I@2@V?$allocator@U?$pair@$$CBIPAVCClientNode@@@_STL@@@2@@_STL@@QAE?AU?$_Rb_tree_iterator@U?$pair@$$CBIPAVCClientNode@@@_STL@@U?$_Nonconst_traits@U?$pair@$$CBIPAVCClientNode@@@_STL@@@2@@2@ABI@Z 004032a0 f i ClientNode.obj
 0001:000022e0       ?upper_bound@?$_Rb_tree@IU?$pair@$$CBIPAVCClientNode@@@_STL@@U?$_Select1st@U?$pair@$$CBIPAVCClientNode@@@_STL@@@2@U?$less@I@2@V?$allocator@U?$pair@$$CBIPAVCClientNode@@@_STL@@@2@@_STL@@QAE?AU?$_Rb_tree_iterator@U?$pair@$$CBIPAVCClientNode@@@_STL@@U?$_Nonconst_traits@U?$pair@$$CBIPAVCClientNode@@@_STL@@@2@@2@ABI@Z 004032e0 f i ClientNode.obj
 0001:00002320       ??0?$pair@U?$_Rb_tree_iterator@U?$pair@$$CBIPAVCClientNode@@@_STL@@U?$_Nonconst_traits@U?$pair@$$CBIPAVCClientNode@@@_STL@@@2@@_STL@@U12@@_STL@@QAE@ABU?$_Rb_tree_iterator@U?$pair@$$CBIPAVCClientNode@@@_STL@@U?$_Nonconst_traits@U?$pair@$$CBIPAVCClientNode@@@_STL@@@2@@1@0@Z 00403320 f i ClientNode.obj
 0001:00002340       ?deallocate@?$__node_alloc@$00$0A@@_STL@@SAXPAXI@Z 00403340 f i ClientNode.obj
 0001:00002370       ?_M_erase@?$_Rb_tree@IU?$pair@$$CBIPAVCClientNode@@@_STL@@U?$_Select1st@U?$pair@$$CBIPAVCClientNode@@@_STL@@@2@U?$less@I@2@V?$allocator@U?$pair@$$CBIPAVCClientNode@@@_STL@@@2@@_STL@@AAEXPAU?$_Rb_tree_node@U?$pair@$$CBIPAVCClientNode@@@_STL@@@2@@Z 00403370 f i ClientNode.obj
 0001:000023b0       ?_M_erase@?$_Rb_tree@V?$basic_string@DV?$char_traits@D@_STL@@V?$allocator@D@2@@_STL@@U?$pair@$$CBV?$basic_string@DV?$char_traits@D@_STL@@V?$allocator@D@2@@_STL@@I@2@U?$_Select1st@U?$pair@$$CBV?$basic_string@DV?$char_traits@D@_STL@@V?$allocator@D@2@@_STL@@I@_STL@@@2@U?$less@V?$basic_string@DV?$char_traits@D@_STL@@V?$allocator@D@2@@_STL@@@2@V?$allocator@U?$pair@$$CBV?$basic_string@DV?$char_traits@D@_STL@@V?$allocator@D@2@@_STL@@I@_STL@@@2@@_STL@@AAEXPAU?$_Rb_tree_node@U?$pair@$$CBV?$basic_string@DV?$char_traits@D@_STL@@V?$allocator@D@2@@_STL@@I@_STL@@@2@@Z 004033b0 f i ClientNode.obj
 0001:000023f0       ?insert_unique@?$_Rb_tree@V?$basic_string@DV?$char_traits@D@_STL@@V?$allocator@D@2@@_STL@@U?$pair@$$CBV?$basic_string@DV?$char_traits@D@_STL@@V?$allocator@D@2@@_STL@@I@2@U?$_Select1st@U?$pair@$$CBV?$basic_string@DV?$char_traits@D@_STL@@V?$allocator@D@2@@_STL@@I@_STL@@@2@U?$less@V?$basic_string@DV?$char_traits@D@_STL@@V?$allocator@D@2@@_STL@@@2@V?$allocator@U?$pair@$$CBV?$basic_string@DV?$char_traits@D@_STL@@V?$allocator@D@2@@_STL@@I@_STL@@@2@@_STL@@QAE?AU?$_Rb_tree_iterator@U?$pair@$$CBV?$basic_string@DV?$char_traits@D@_STL@@V?$allocator@D@2@@_STL@@I@_STL@@U?$_Nonconst_traits@U?$pair@$$CBV?$basic_string@DV?$char_traits@D@_STL@@V?$allocator@D@2@@_STL@@I@_STL@@@2@@2@U32@ABU?$pair@$$CBV?$basic_string@DV?$char_traits@D@_STL@@V?$allocator@D@2@@_STL@@I@2@@Z 004033f0 f i ClientNode.obj
 0001:00002a10       ?begin@?$_Rb_tree@V?$basic_string@DV?$char_traits@D@_STL@@V?$allocator@D@2@@_STL@@U?$pair@$$CBV?$basic_string@DV?$char_traits@D@_STL@@V?$allocator@D@2@@_STL@@I@2@U?$_Select1st@U?$pair@$$CBV?$basic_string@DV?$char_traits@D@_STL@@V?$allocator@D@2@@_STL@@I@_STL@@@2@U?$less@V?$basic_string@DV?$char_traits@D@_STL@@V?$allocator@D@2@@_STL@@@2@V?$allocator@U?$pair@$$CBV?$basic_string@DV?$char_traits@D@_STL@@V?$allocator@D@2@@_STL@@I@_STL@@@2@@_STL@@QAE?AU?$_Rb_tree_iterator@U?$pair@$$CBV?$basic_string@DV?$char_traits@D@_STL@@V?$allocator@D@2@@_STL@@I@_STL@@U?$_Nonconst_traits@U?$pair@$$CBV?$basic_string@DV?$char_traits@D@_STL@@V?$allocator@D@2@@_STL@@I@_STL@@@2@@2@XZ 00403a10 f i ClientNode.obj
 0001:00002a20       ?find@?$_Rb_tree@V?$basic_string@DV?$char_traits@D@_STL@@V?$allocator@D@2@@_STL@@U?$pair@$$CBV?$basic_string@DV?$char_traits@D@_STL@@V?$allocator@D@2@@_STL@@I@2@U?$_Select1st@U?$pair@$$CBV?$basic_string@DV?$char_traits@D@_STL@@V?$allocator@D@2@@_STL@@I@_STL@@@2@U?$less@V?$basic_string@DV?$char_traits@D@_STL@@V?$allocator@D@2@@_STL@@@2@V?$allocator@U?$pair@$$CBV?$basic_string@DV?$char_traits@D@_STL@@V?$allocator@D@2@@_STL@@I@_STL@@@2@@_STL@@QAE?AU?$_Rb_tree_iterator@U?$pair@$$CBV?$basic_string@DV?$char_traits@D@_STL@@V?$allocator@D@2@@_STL@@I@_STL@@U?$_Nonconst_traits@U?$pair@$$CBV?$basic_string@DV?$char_traits@D@_STL@@V?$allocator@D@2@@_STL@@I@_STL@@@2@@2@ABV?$basic_string@DV?$char_traits@D@_STL@@V?$allocator@D@2@@2@@Z 00403a20 f i ClientNode.obj
 0001:00002ae0       ??M_STL@@YA_NABV?$basic_string@DV?$char_traits@D@_STL@@V?$allocator@D@2@@0@0@Z 00403ae0 f i ClientNode.obj
 0001:00002b50       ??_G?$pair@$$CBV?$basic_string@DV?$char_traits@D@_STL@@V?$allocator@D@2@@_STL@@I@_STL@@QAEPAXI@Z 00403b50 f i ClientNode.obj
 0001:00002b70       ?get_allocator@?$basic_string@DV?$char_traits@D@_STL@@V?$allocator@D@2@@_STL@@QBE?AV?$allocator@D@2@XZ 00403b70 f i ClientNode.obj
 0001:00002b90       ?_M_compare@?$basic_string@DV?$char_traits@D@_STL@@V?$allocator@D@2@@_STL@@SAHPBD000@Z 00403b90 f i ClientNode.obj
 0001:00002bf0       ??0?$_String_base@DV?$allocator@D@_STL@@@_STL@@QAE@ABV?$allocator@D@1@@Z 00403bf0 f i ClientNode.obj
 0001:00002c00       ??0?$pair@U?$_Rb_tree_iterator@U?$pair@$$CBIPAVCClientNode@@@_STL@@U?$_Nonconst_traits@U?$pair@$$CBIPAVCClientNode@@@_STL@@@2@@_STL@@_N@_STL@@QAE@ABU?$_Rb_tree_iterator@U?$pair@$$CBIPAVCClientNode@@@_STL@@U?$_Nonconst_traits@U?$pair@$$CBIPAVCClientNode@@@_STL@@@2@@1@AB_N@Z 00403c00 f i ClientNode.obj
 0001:00002c20       ??0?$_STLP_alloc_proxy@PADDV?$allocator@D@_STL@@@_STL@@QAE@ABV?$allocator@D@1@PAD@Z 00403c20 f i ClientNode.obj
 0001:00002c30       ?_M_range_initialize@?$basic_string@DV?$char_traits@D@_STL@@V?$allocator@D@2@@_STL@@AAEXPBD0@Z 00403c30 f i ClientNode.obj
 0001:00002cb0       ?_M_insert@?$_Rb_tree@IU?$pair@$$CBIPAVCClientNode@@@_STL@@U?$_Select1st@U?$pair@$$CBIPAVCClientNode@@@_STL@@@2@U?$less@I@2@V?$allocator@U?$pair@$$CBIPAVCClientNode@@@_STL@@@2@@_STL@@AAE?AU?$_Rb_tree_iterator@U?$pair@$$CBIPAVCClientNode@@@_STL@@U?$_Nonconst_traits@U?$pair@$$CBIPAVCClientNode@@@_STL@@@2@@2@PAU_Rb_tree_node_base@2@0ABU?$pair@$$CBIPAVCClientNode@@@2@0@Z 00403cb0 f i ClientNode.obj
 0001:00002d50       ?_M_insert@?$_Rb_tree@V?$basic_string@DV?$char_traits@D@_STL@@V?$allocator@D@2@@_STL@@U?$pair@$$CBV?$basic_string@DV?$char_traits@D@_STL@@V?$allocator@D@2@@_STL@@I@2@U?$_Select1st@U?$pair@$$CBV?$basic_string@DV?$char_traits@D@_STL@@V?$allocator@D@2@@_STL@@I@_STL@@@2@U?$less@V?$basic_string@DV?$char_traits@D@_STL@@V?$allocator@D@2@@_STL@@@2@V?$allocator@U?$pair@$$CBV?$basic_string@DV?$char_traits@D@_STL@@V?$allocator@D@2@@_STL@@I@_STL@@@2@@_STL@@AAE?AU?$_Rb_tree_iterator@U?$pair@$$CBV?$basic_string@DV?$char_traits@D@_STL@@V?$allocator@D@2@@_STL@@I@_STL@@U?$_Nonconst_traits@U?$pair@$$CBV?$basic_string@DV?$char_traits@D@_STL@@V?$allocator@D@2@@_STL@@I@_STL@@@2@@2@PAU_Rb_tree_node_base@2@0ABU?$pair@$$CBV?$basic_string@DV?$char_traits@D@_STL@@V?$allocator@D@2@@_STL@@I@2@0@Z 00403d50 f i ClientNode.obj
 0001:00002e00       ?insert_unique@?$_Rb_tree@V?$basic_string@DV?$char_traits@D@_STL@@V?$allocator@D@2@@_STL@@U?$pair@$$CBV?$basic_string@DV?$char_traits@D@_STL@@V?$allocator@D@2@@_STL@@I@2@U?$_Select1st@U?$pair@$$CBV?$basic_string@DV?$char_traits@D@_STL@@V?$allocator@D@2@@_STL@@I@_STL@@@2@U?$less@V?$basic_string@DV?$char_traits@D@_STL@@V?$allocator@D@2@@_STL@@@2@V?$allocator@U?$pair@$$CBV?$basic_string@DV?$char_traits@D@_STL@@V?$allocator@D@2@@_STL@@I@_STL@@@2@@_STL@@QAE?AU?$pair@U?$_Rb_tree_iterator@U?$pair@$$CBV?$basic_string@DV?$char_traits@D@_STL@@V?$allocator@D@2@@_STL@@I@_STL@@U?$_Nonconst_traits@U?$pair@$$CBV?$basic_string@DV?$char_traits@D@_STL@@V?$allocator@D@2@@_STL@@I@_STL@@@2@@_STL@@_N@2@ABU?$pair@$$CBV?$basic_string@DV?$char_traits@D@_STL@@V?$allocator@D@2@@_STL@@I@2@@Z 00403e00 f i ClientNode.obj
 0001:00002fe0       ?_M_find@?$_Rb_tree@IU?$pair@$$CBIPAVCClientNode@@@_STL@@U?$_Select1st@U?$pair@$$CBIPAVCClientNode@@@_STL@@@2@U?$less@I@2@V?$allocator@U?$pair@$$CBIPAVCClientNode@@@_STL@@@2@@_STL@@ABEPAU?$_Rb_tree_node@U?$pair@$$CBIPAVCClientNode@@@_STL@@@2@ABI@Z 00403fe0 f i ClientNode.obj
 0001:00003020       ?_M_find@?$_Rb_tree@V?$basic_string@DV?$char_traits@D@_STL@@V?$allocator@D@2@@_STL@@U?$pair@$$CBV?$basic_string@DV?$char_traits@D@_STL@@V?$allocator@D@2@@_STL@@I@2@U?$_Select1st@U?$pair@$$CBV?$basic_string@DV?$char_traits@D@_STL@@V?$allocator@D@2@@_STL@@I@_STL@@@2@U?$less@V?$basic_string@DV?$char_traits@D@_STL@@V?$allocator@D@2@@_STL@@@2@V?$allocator@U?$pair@$$CBV?$basic_string@DV?$char_traits@D@_STL@@V?$allocator@D@2@@_STL@@I@_STL@@@2@@_STL@@ABEPAU?$_Rb_tree_node@U?$pair@$$CBV?$basic_string@DV?$char_traits@D@_STL@@V?$allocator@D@2@@_STL@@I@_STL@@@2@ABV?$basic_string@DV?$char_traits@D@_STL@@V?$allocator@D@2@@2@@Z 00404020 f i ClientNode.obj
 0001:00003110       ?__distance@_STL@@YAHABU?$_Rb_tree_iterator@U?$pair@$$CBIPAVCClientNode@@@_STL@@U?$_Nonconst_traits@U?$pair@$$CBIPAVCClientNode@@@_STL@@@2@@1@0ABUinput_iterator_tag@1@@Z 00404110 f i ClientNode.obj
 0001:00003140       ?_M_create_node@?$_Rb_tree@IU?$pair@$$CBIPAVCClientNode@@@_STL@@U?$_Select1st@U?$pair@$$CBIPAVCClientNode@@@_STL@@@2@U?$less@I@2@V?$allocator@U?$pair@$$CBIPAVCClientNode@@@_STL@@@2@@_STL@@IAEPAU?$_Rb_tree_node@U?$pair@$$CBIPAVCClientNode@@@_STL@@@2@ABU?$pair@$$CBIPAVCClientNode@@@2@@Z 00404140 f i ClientNode.obj
 0001:00003170       ?_M_create_node@?$_Rb_tree@V?$basic_string@DV?$char_traits@D@_STL@@V?$allocator@D@2@@_STL@@U?$pair@$$CBV?$basic_string@DV?$char_traits@D@_STL@@V?$allocator@D@2@@_STL@@I@2@U?$_Select1st@U?$pair@$$CBV?$basic_string@DV?$char_traits@D@_STL@@V?$allocator@D@2@@_STL@@I@_STL@@@2@U?$less@V?$basic_string@DV?$char_traits@D@_STL@@V?$allocator@D@2@@_STL@@@2@V?$allocator@U?$pair@$$CBV?$basic_string@DV?$char_traits@D@_STL@@V?$allocator@D@2@@_STL@@I@_STL@@@2@@_STL@@IAEPAU?$_Rb_tree_node@U?$pair@$$CBV?$basic_string@DV?$char_traits@D@_STL@@V?$allocator@D@2@@_STL@@I@_STL@@@2@ABU?$pair@$$CBV?$basic_string@DV?$char_traits@D@_STL@@V?$allocator@D@2@@_STL@@I@2@@Z 00404170 f i ClientNode.obj
 0001:00003230       ??3@YAXPAX0@Z              00404230 f i ClientNode.obj
 0001:00003240       ??0?$pair@U?$_Rb_tree_iterator@U?$pair@$$CBV?$basic_string@DV?$char_traits@D@_STL@@V?$allocator@D@2@@_STL@@I@_STL@@U?$_Nonconst_traits@U?$pair@$$CBV?$basic_string@DV?$char_traits@D@_STL@@V?$allocator@D@2@@_STL@@I@_STL@@@2@@_STL@@_N@_STL@@QAE@ABU?$_Rb_tree_iterator@U?$pair@$$CBV?$basic_string@DV?$char_traits@D@_STL@@V?$allocator@D@2@@_STL@@I@_STL@@U?$_Nonconst_traits@U?$pair@$$CBV?$basic_string@DV?$char_traits@D@_STL@@V?$allocator@D@2@@_STL@@I@_STL@@@2@@1@AB_N@Z 00404240 f i ClientNode.obj
 0001:00003260       ??0?$pair@U?$_Rb_tree_iterator@U?$pair@$$CBV?$basic_string@DV?$char_traits@D@_STL@@V?$allocator@D@2@@_STL@@I@_STL@@U?$_Nonconst_traits@U?$pair@$$CBV?$basic_string@DV?$char_traits@D@_STL@@V?$allocator@D@2@@_STL@@I@_STL@@@2@@_STL@@_N@_STL@@QAE@ABU01@@Z 00404260 f i ClientNode.obj
 0001:00003280       ?_M_range_initialize@?$basic_string@DV?$char_traits@D@_STL@@V?$allocator@D@2@@_STL@@AAEXPBD0ABUforward_iterator_tag@2@@Z 00404280 f i ClientNode.obj
 0001:00003300       ?_M_allocate_block@?$_String_base@DV?$allocator@D@_STL@@@_STL@@QAEXI@Z 00404300 f i ClientNode.obj
 0001:00003360       ?uninitialized_copy@_STL@@YAPADPAD00@Z 00404360 f i ClientNode.obj
 0001:000033d0       ?GetIndexByName@CDBBackup@@CAHPADPAUTRoleList@1@H@Z 004043d0 f   DBBackup.obj
 0001:00003440       ?GetMin@CDBBackup@@CAPAUTRoleList@1@QAU21@HW4StatType@1@@Z 00404440 f   DBBackup.obj
 0001:000034c0       ?ListSort@CDBBackup@@CAXQAUTRoleList@1@HW4StatType@1@@Z 004044c0 f   DBBackup.obj
 0001:000035f0       ?RoleDataCopy@CDBBackup@@CAXPAUTRoleList@1@PAUTRoleData@@@Z 004045f0 f   DBBackup.obj
 0001:00003660       ?LoadFilterName@CDBBackup@@CAPADXZ 00404660 f   DBBackup.obj
 0001:000039b0       ??_D?$basic_fstream@DV?$char_traits@D@_STL@@@_STL@@QAEXXZ 004049b0 f i DBBackup.obj
 0001:000039d0       ?IsRoleFilter@CDBBackup@@CA_NPAD0@Z 004049d0 f   DBBackup.obj
 0001:00003a40       ??0CDBBackup@@QAE@PAD0PAVZDBTable@@@Z 00404a40 f   DBBackup.obj
 0001:00003af0       ??_ECDBBackup@@UAEPAXI@Z   00404af0 f i DBBackup.obj
 0001:00003af0       ??_GCDBBackup@@UAEPAXI@Z   00404af0 f i DBBackup.obj
 0001:00003b10       ?Open@CDBBackup@@QAE_NH@Z  00404b10 f   DBBackup.obj
 0001:00003c30       ?Close@CDBBackup@@QAE_NXZ  00404c30 f   DBBackup.obj
 0001:00003c60       ?Suspend@CDBBackup@@QAE_NXZ 00404c60 f   DBBackup.obj
 0001:00003cb0       ?Resume@CDBBackup@@QAE_NXZ 00404cb0 f   DBBackup.obj
 0001:00003cf0       ?GetSendStatData@CDBBackup@@QAE?AUTGAME_STAT_DATA@@XZ 00404cf0 f   DBBackup.obj
 0001:00003d10       ?IsWorking@CDBBackup@@QAE_NXZ 00404d10 f   DBBackup.obj
 0001:00003d20       ?IsBackuping@CDBBackup@@QAE_NXZ 00404d20 f   DBBackup.obj
 0001:00003d30       ?ManualBackup@CDBBackup@@QAE_NXZ 00404d30 f   DBBackup.obj
 0001:00003da0       ?TimerThreadFunc@CDBBackup@@CGKPAX@Z 00404da0 f   DBBackup.obj
 0001:00003e00       ?ManualThreadFunc@CDBBackup@@CGKPAX@Z 00404e00 f   DBBackup.obj
 0001:00003e10       ?Backup@CDBBackup@@CAXXZ   00404e10 f   DBBackup.obj
 0001:00006210       ??1CDBDump@@UAE@XZ         00407210 f i DBBackup.obj
 0001:00006220       ??_GCDBDump@@UAEPAXI@Z     00407220 f i DBBackup.obj
 0001:00006220       ??_ECDBDump@@UAEPAXI@Z     00407220 f i DBBackup.obj
 0001:00006240       ?_M_check_exception_mask@ios_base@_STL@@IAEXXZ 00407240 f i DBBackup.obj
 0001:00006250       ?_FILE_I_set@_STL@@YAXPAU_iobuf@@PAD11@Z 00407250 f i DBBackup.obj
 0001:00006270       ?MakeSendStatData@CDBBackup@@CAXXZ 00407270 f   DBBackup.obj
 0001:00006450       ?SaveStatInfo@CDBBackup@@QAEXXZ 00407450 f   DBBackup.obj
 0001:000066b0       ??1?$basic_ios@DV?$char_traits@D@_STL@@@_STL@@UAE@XZ 004076b0 f i DBBackup.obj
 0001:000066c0       ??1?$basic_fstream@DV?$char_traits@D@_STL@@@_STL@@UAE@XZ 004076c0 f i DBBackup.obj
 0001:00006840       ??_G?$basic_ios@DV?$char_traits@D@_STL@@@_STL@@UAEPAXI@Z 00407840 f i DBBackup.obj
 0001:00006840       ??_E?$basic_ios@DV?$char_traits@D@_STL@@@_STL@@UAEPAXI@Z 00407840 f i DBBackup.obj
 0001:00006860       ??_E?$basic_fstream@DV?$char_traits@D@_STL@@@_STL@@UAEPAXI@Z 00407860 f i DBBackup.obj
 0001:00006860       ??_G?$basic_fstream@DV?$char_traits@D@_STL@@@_STL@@UAEPAXI@Z 00407860 f i DBBackup.obj
 0001:000068a0       ??_G?$basic_istream@DV?$char_traits@D@_STL@@@_STL@@UAEPAXI@Z 004078a0 f i DBBackup.obj
 0001:000068a0       ??_E?$basic_istream@DV?$char_traits@D@_STL@@@_STL@@UAEPAXI@Z 004078a0 f i DBBackup.obj
 0001:000068d0       ?assign@?$basic_string@DV?$char_traits@D@_STL@@V?$allocator@D@2@@_STL@@QAEAAV12@PBD0@Z 004078d0 f i DBBackup.obj
 0001:00006970       ?clear@?$basic_ios@DV?$char_traits@D@_STL@@@_STL@@QAEXH@Z 00407970 f i DBBackup.obj
 0001:00006990       ??0?$basic_ios@DV?$char_traits@D@_STL@@@_STL@@IAE@XZ 00407990 f i DBBackup.obj
 0001:000069b0       ?init@?$basic_ios@DV?$char_traits@D@_STL@@@_STL@@IAEXPAV?$basic_streambuf@DV?$char_traits@D@_STL@@@2@@Z 004079b0 f i DBBackup.obj
 0001:00006a50       ?_M_put_nowiden@?$basic_ostream@DV?$char_traits@D@_STL@@@_STL@@QAEXPBD@Z 00407a50 f i DBBackup.obj
 0001:00006c70       ??0?$basic_filebuf@DV?$char_traits@D@_STL@@@_STL@@QAE@XZ 00407c70 f i DBBackup.obj
 0001:00006de0       ??_G?$basic_streambuf@DV?$char_traits@D@_STL@@@_STL@@UAEPAXI@Z 00407de0 f i DBBackup.obj
 0001:00006de0       ??_E?$basic_streambuf@DV?$char_traits@D@_STL@@@_STL@@UAEPAXI@Z 00407de0 f i DBBackup.obj
 0001:00006e00       ??1?$basic_filebuf@DV?$char_traits@D@_STL@@@_STL@@UAE@XZ 00407e00 f i DBBackup.obj
 0001:00006fc0       ?close@?$basic_filebuf@DV?$char_traits@D@_STL@@@_STL@@QAEPAV12@XZ 00407fc0 f i DBBackup.obj
 0001:00007140       ?showmanyc@?$basic_filebuf@DV?$char_traits@D@_STL@@@_STL@@MAEHXZ 00408140 f i DBBackup.obj
 0001:000071b0       ?underflow@?$basic_filebuf@DV?$char_traits@D@_STL@@@_STL@@MAEHXZ 004081b0 f i DBBackup.obj
 0001:000071c0       ?pbackfail@?$basic_filebuf@DV?$char_traits@D@_STL@@@_STL@@MAEHH@Z 004081c0 f i DBBackup.obj
 0001:000072b0       ?overflow@?$basic_filebuf@DV?$char_traits@D@_STL@@@_STL@@MAEHH@Z 004082b0 f i DBBackup.obj
 0001:00007470       ?setbuf@?$basic_filebuf@DV?$char_traits@D@_STL@@@_STL@@MAEPAV?$basic_streambuf@DV?$char_traits@D@_STL@@@2@PADH@Z 00408470 f i DBBackup.obj
 0001:00007610       ?seekoff@?$basic_filebuf@DV?$char_traits@D@_STL@@@_STL@@MAE?AV?$fpos@H@2@JHH@Z 00408610 f i DBBackup.obj
 0001:00007aa0       ?count@_STL@@YAHPAD0ABD@Z  00408aa0 f i DBBackup.obj
 0001:00007ad0       ?seekpos@?$basic_filebuf@DV?$char_traits@D@_STL@@@_STL@@MAE?AV?$fpos@H@2@V32@H@Z 00408ad0 f i DBBackup.obj
 0001:00007be0       ?sync@?$basic_filebuf@DV?$char_traits@D@_STL@@@_STL@@MAEHXZ 00408be0 f i DBBackup.obj
 0001:00007c00       ?imbue@?$basic_filebuf@DV?$char_traits@D@_STL@@@_STL@@MAEXABVlocale@2@@Z 00408c00 f i DBBackup.obj
 0001:00007c90       ?getline@?$basic_istream@DV?$char_traits@D@_STL@@@_STL@@QAEAAV12@PADHD@Z 00408c90 f i DBBackup.obj
 0001:00007d60       ??0?$basic_iostream@DV?$char_traits@D@_STL@@@_STL@@QAE@PAV?$basic_streambuf@DV?$char_traits@D@_STL@@@1@@Z 00408d60 f i DBBackup.obj
 0001:00007f00       ??1?$basic_istream@DV?$char_traits@D@_STL@@@_STL@@UAE@XZ 00408f00 f i DBBackup.obj
 0001:00007f10       ??1?$basic_ostream@DV?$char_traits@D@_STL@@@_STL@@UAE@XZ 00408f10 f i DBBackup.obj
 0001:00007f20       ??1?$basic_iostream@DV?$char_traits@D@_STL@@@_STL@@UAE@XZ 00408f20 f i DBBackup.obj
 0001:00007f60       ?_M_put_num@_STL@@YAAAV?$basic_ostream@DV?$char_traits@D@_STL@@@1@AAV21@K@Z 00408f60 f i DBBackup.obj
 0001:000080e0       ?getloc@ios_base@_STL@@QBE?AVlocale@2@XZ 004090e0 f i DBBackup.obj
 0001:00008100       ?_M_put_num@_STL@@YAAAV?$basic_ostream@DV?$char_traits@D@_STL@@@1@AAV21@J@Z 00409100 f i DBBackup.obj
 0001:00008280       ?_M_put_num@_STL@@YAAAV?$basic_ostream@DV?$char_traits@D@_STL@@@1@AAV21@N@Z 00409280 f i DBBackup.obj
 0001:00008410       ??_G?$basic_ostream@DV?$char_traits@D@_STL@@@_STL@@UAEPAXI@Z 00409410 f i DBBackup.obj
 0001:00008410       ??_E?$basic_ostream@DV?$char_traits@D@_STL@@@_STL@@UAEPAXI@Z 00409410 f i DBBackup.obj
 0001:00008440       ??_G?$basic_filebuf@DV?$char_traits@D@_STL@@@_STL@@UAEPAXI@Z 00409440 f i DBBackup.obj
 0001:00008440       ??_E?$basic_filebuf@DV?$char_traits@D@_STL@@@_STL@@UAEPAXI@Z 00409440 f i DBBackup.obj
 0001:00008460       ??_E?$basic_iostream@DV?$char_traits@D@_STL@@@_STL@@UAEPAXI@Z 00409460 f i DBBackup.obj
 0001:00008460       ??_G?$basic_iostream@DV?$char_traits@D@_STL@@@_STL@@UAEPAXI@Z 00409460 f i DBBackup.obj
 0001:00008490       ?flush@?$basic_ostream@DV?$char_traits@D@_STL@@@_STL@@QAEAAV12@XZ 00409490 f i DBBackup.obj
 0001:000084e0       ??1sentry@?$basic_ostream@DV?$char_traits@D@_STL@@@_STL@@QAE@XZ 004094e0 f i DBBackup.obj
 0001:00008530       ??1sentry@?$basic_istream@DV?$char_traits@D@_STL@@@_STL@@QAE@XZ 00409530 f i DBBackup.obj
 0001:00008540       ??1?$_Filebuf_Tmp_Buf@D@_STL@@QAE@XZ 00409540 f i DBBackup.obj
 0001:00008550       ?rdbuf@?$basic_ios@DV?$char_traits@D@_STL@@@_STL@@QAEPAV?$basic_streambuf@DV?$char_traits@D@_STL@@@2@PAV32@@Z 00409550 f i DBBackup.obj
 0001:00008580       ?imbue@?$basic_ios@DV?$char_traits@D@_STL@@@_STL@@QAE?AVlocale@2@ABV32@@Z 00409580 f i DBBackup.obj
 0001:000086e0       ?grouping@?$numpunct@D@_STL@@QBE?AV?$basic_string@DV?$char_traits@D@_STL@@V?$allocator@D@2@@2@XZ 004096e0 f i DBBackup.obj
 0001:00008700       ?put@?$basic_ostream@DV?$char_traits@D@_STL@@@_STL@@QAEAAV12@D@Z 00409700 f i DBBackup.obj
 0001:00008860       ?_M_exit_input_mode@?$basic_filebuf@DV?$char_traits@D@_STL@@@_STL@@AAEXXZ 00409860 f i DBBackup.obj
 0001:00008890       ?_M_unshift@?$basic_filebuf@DV?$char_traits@D@_STL@@@_STL@@AAE_NXZ 00409890 f i DBBackup.obj
 0001:00008910       ?_M_allocate_buffers@?$basic_filebuf@DV?$char_traits@D@_STL@@@_STL@@AAE_NPADH@Z 00409910 f i DBBackup.obj
 0001:00008a00       ?_M_deallocate_buffers@?$basic_filebuf@DV?$char_traits@D@_STL@@@_STL@@AAEXXZ 00409a00 f i DBBackup.obj
 0001:00008a40       ?_M_read_buffered@_STL@@YAHPAV?$basic_istream@DV?$char_traits@D@_STL@@@1@PAV?$basic_streambuf@DV?$char_traits@D@_STL@@@1@HPADU?$_Eq_char_bound@V?$char_traits@D@_STL@@@1@U?$_Scan_for_char_val@V?$char_traits@D@_STL@@@1@_N55@Z 00409a40 f i DBBackup.obj
 0001:00008ca0       ?_M_read_unbuffered@_STL@@YAHPAV?$basic_istream@DV?$char_traits@D@_STL@@@1@PAV?$basic_streambuf@DV?$char_traits@D@_STL@@@1@HPADU?$_Eq_char_bound@V?$char_traits@D@_STL@@@1@_N44@Z 00409ca0 f i DBBackup.obj
 0001:00008e20       ?_M_append_dispatch@?$basic_string@DV?$char_traits@D@_STL@@V?$allocator@D@2@@_STL@@AAEAAV12@PBD0ABU__false_type@2@@Z 00409e20 f i DBBackup.obj
 0001:00008e50       ?_M_init@_STL@@YA_NAAV?$basic_ostream@DV?$char_traits@D@_STL@@@1@@Z 00409e50 f i DBBackup.obj
 0001:00008ef0       ?_M_init_noskip@_STL@@YA_NAAV?$basic_istream@DV?$char_traits@D@_STL@@@1@@Z 00409ef0 f i DBBackup.obj
 0001:00008fb0       ?append@?$basic_string@DV?$char_traits@D@_STL@@V?$allocator@D@2@@_STL@@AAEAAV12@PBD0ABUforward_iterator_tag@2@@Z 00409fb0 f i DBBackup.obj
 0001:00009140       ?__find_if@_STL@@YAPBDPBD0U?$_Eq_char_bound@V?$char_traits@D@_STL@@@1@ABUrandom_access_iterator_tag@1@@Z 0040a140 f i DBBackup.obj
 0001:000091a0       ?__copy_ptrs@_STL@@YAPADPAD00ABU__false_type@1@@Z 0040a1a0 f i DBBackup.obj
 0001:000091d0       ?append@?$basic_string@DV?$char_traits@D@_STL@@V?$allocator@D@2@@_STL@@AAEAAV12@PAD0ABUforward_iterator_tag@2@@Z 0040a1d0 f i DBBackup.obj
 0001:00009320       ??0CDBDump@@QAE@XZ         0040a320 f   DBDumpLoad.obj
 0001:00009350       ?Open@CDBDump@@QAE_NPAD@Z  0040a350 f   DBDumpLoad.obj
 0001:00009400       ?Close@CDBDump@@QAE_NXZ    0040a400 f   DBDumpLoad.obj
 0001:00009450       ?AddData@CDBDump@@QAE_NPADI0I@Z 0040a450 f   DBDumpLoad.obj
 0001:00009560       ??0CDBLoad@@QAE@XZ         0040a560 f   DBDumpLoad.obj
 0001:00009590       ??_GCDBLoad@@UAEPAXI@Z     0040a590 f i DBDumpLoad.obj
 0001:00009590       ??_ECDBLoad@@UAEPAXI@Z     0040a590 f i DBDumpLoad.obj
 0001:000095b0       ?Open@CDBLoad@@QAE_NPAD@Z  0040a5b0 f   DBDumpLoad.obj
 0001:00009660       ?Close@CDBLoad@@QAE_NXZ    0040a660 f   DBDumpLoad.obj
 0001:000096b0       ?ReadData@CDBLoad@@QAE_NPADAAI01@Z 0040a6b0 f   DBDumpLoad.obj
 0001:00009760       ?GotoHead@CDBLoad@@QAEXXZ  0040a760 f   DBDumpLoad.obj
 0001:00009790       ?SearchData@CDBLoad@@QAE_NPAD0AAI@Z 0040a790 f   DBDumpLoad.obj
 0001:00009890       ??0ZDBTable@@QAE@PBD0@Z    0040a890 f   DBTable.obj
 0001:000099f0       ??_GZDBTable@@UAEPAXI@Z    0040a9f0 f i DBTable.obj
 0001:000099f0       ??_EZDBTable@@UAEPAXI@Z    0040a9f0 f i DBTable.obj
 0001:00009a10       ??1ZDBTable@@UAE@XZ        0040aa10 f   DBTable.obj
 0001:00009a30       ?addIndex@ZDBTable@@QAEHP6AHPAU__db@@PBU__db_dbt@@1PAU3@@Z_N@Z 0040aa30 f   DBTable.obj
 0001:00009a80       ?open@ZDBTable@@QAE_NXZ    0040aa80 f   DBTable.obj
 0001:00009c00       ?close@ZDBTable@@QAEXXZ    0040ac00 f   DBTable.obj
 0001:00009c50       ?commit@ZDBTable@@QAE_NXZ  0040ac50 f   DBTable.obj
 0001:00009c60       ?add@ZDBTable@@QAE_NPBDH0H@Z 0040ac60 f   DBTable.obj
 0001:00009d20       ?remove@ZDBTable@@QAE_NPBDHH@Z 0040ad20 f   DBTable.obj
 0001:00009db0       ?_search@ZDBTable@@IAEPAUZCursor@@_NPBDHH@Z 0040adb0 f   DBTable.obj
 0001:00009fd0       ?_next@ZDBTable@@IAE_N_NPAUZCursor@@@Z 0040afd0 f   DBTable.obj
 0001:0000a150       ?removeLog@ZDBTable@@QAEXXZ 0040b150 f   DBTable.obj
 0001:0000a1d0       ??0CFilterTextLib@@QAE@XZ  0040b1d0 f   FilterTextLib.obj
 0001:0000a1f0       ??_ECFilterTextLib@@UAEPAXI@Z 0040b1f0 f i FilterTextLib.obj
 0001:0000a1f0       ??_GCFilterTextLib@@UAEPAXI@Z 0040b1f0 f i FilterTextLib.obj
 0001:0000a210       ??1CFilterTextLib@@UAE@XZ  0040b210 f   FilterTextLib.obj
 0001:0000a220       ?Initialize@CFilterTextLib@@QAEHXZ 0040b220 f   FilterTextLib.obj
 0001:0000a260       ?Uninitialize@CFilterTextLib@@QAEHXZ 0040b260 f   FilterTextLib.obj
 0001:0000a290       ?CreateTextFilter@CFilterTextLib@@QAEJPAPAUITextFilter@@@Z 0040b290 f   FilterTextLib.obj
 0001:0000a5b0       ?MonitorProc@@YGKPAX@Z     0040b5b0 f   Goddess.obj
 0001:0000a5c0       ?ServerEventNotify@@YGXPAXABK1@Z 0040b5c0 f   Goddess.obj
 0001:0000a7a0       ?ThreadProcess@@YGKPAX@Z   0040b7a0 f   Goddess.obj
 0001:0000a8e0       _WinMain@16                0040b8e0 f   Goddess.obj
 0001:0000aa00       ?MainWndProc@@YGHPAUHWND__@@IIJ@Z 0040ba00 f   Goddess.obj
 0001:0000b080       ?CreateDatabaseEngine@@YA_NPAUHWND__@@@Z 0040c080 f   Goddess.obj
 0001:0000b230       ?DestroyDatabaseEngine@@YAXXZ 0040c230 f   Goddess.obj
 0001:0000b300       ?LoadSetting@@YAXXZ        0040c300 f   Goddess.obj
 0001:0000b4b0       ?SaveSetting@@YAXXZ        0040c4b0 f   Goddess.obj
 0001:0000b660       ?deallocate@?$allocator@D@_STL@@QBEXPADI@Z 0040c660 f i Goddess.obj
 0001:0000b690       ?insert_unique@?$_Rb_tree@IU?$pair@$$CBIPAVCClientNode@@@_STL@@U?$_Select1st@U?$pair@$$CBIPAVCClientNode@@@_STL@@@2@U?$less@I@2@V?$allocator@U?$pair@$$CBIPAVCClientNode@@@_STL@@@2@@_STL@@QAE?AU?$pair@U?$_Rb_tree_iterator@U?$pair@$$CBIPAVCClientNode@@@_STL@@U?$_Nonconst_traits@U?$pair@$$CBIPAVCClientNode@@@_STL@@@2@@_STL@@_N@2@ABU?$pair@$$CBIPAVCClientNode@@@2@@Z 0040c690 f i Goddess.obj
 0001:0000b820       ??H_STL@@YA?AV?$basic_string@DV?$char_traits@D@_STL@@V?$allocator@D@2@@0@ABV10@PBD@Z 0040c820 f i Goddess.obj
 0001:0000b960       ?_M_assign_dispatch@?$basic_string@DV?$char_traits@D@_STL@@V?$allocator@D@2@@_STL@@AAEAAV12@PAD0ABU__false_type@2@@Z 0040c960 f i Goddess.obj
 0001:0000b9e0       ?_M_range_initialize@?$basic_string@DV?$char_traits@D@_STL@@V?$allocator@D@2@@_STL@@AAEXPAD0ABUforward_iterator_tag@2@@Z 0040c9e0 f i Goddess.obj
 0001:0000bae0       ?get_account@@YAHPAU__db@@PBU__db_dbt@@1PAU2@@Z 0040cae0 f   IDBRoleServer.obj
 0001:0000bb10       ?DeadlockProc@@YGKPAX@Z    0040cb10 f   IDBRoleServer.obj
 0001:0000bb70       ?RemoveLogProc@@YGKPAX@Z   0040cb70 f   IDBRoleServer.obj
 0001:0000bbb0       ?InitDBInterface@@YAHI@Z   0040cbb0 f   IDBRoleServer.obj
 0001:0000bc80       ?ReleaseDBInterface@@YAXXZ 0040cc80 f   IDBRoleServer.obj
 0001:0000bcd0       ?SetRoleInfoForGM@@YAXHPAD0H@Z 0040ccd0 f   IDBRoleServer.obj
 0001:0000bd40       ?GetRoleInfoForGM@@YAPAXHPAD0AAH@Z 0040cd40 f   IDBRoleServer.obj
 0001:0000bde0       ?GetRoleInfo@@YAPAXPAD0AAH@Z 0040cde0 f   IDBRoleServer.obj
 0001:0000bec0       ?SaveRoleInfo@@YAHPADPBDH@Z 0040cec0 f   IDBRoleServer.obj
 0001:0000c150       ?GetRoleListOfAccount@@YAHPADPAURoleBaseInfo@@H@Z 0040d150 f   IDBRoleServer.obj
 0001:0000c240       ?DeleteRole@@YA_NPBD@Z     0040d240 f   IDBRoleServer.obj
 0001:0000c280       ?StartBackupTimer@@YA_NH@Z 0040d280 f   IDBRoleServer.obj
 0001:0000c300       ?StopBackupTimer@@YA_NXZ   0040d300 f   IDBRoleServer.obj
 0001:0000c350       ?SuspendBackupTimer@@YA_NXZ 0040d350 f   IDBRoleServer.obj
 0001:0000c370       ?ResumeBackupTimer@@YA_NXZ 0040d370 f   IDBRoleServer.obj
 0001:0000c390       ?IsBackupThreadWorking@@YA_NXZ 0040d390 f   IDBRoleServer.obj
 0001:0000c3b0       ?IsBackupWorking@@YA_NXZ   0040d3b0 f   IDBRoleServer.obj
 0001:0000c3d0       ?DoManualBackup@@YA_NXZ    0040d3d0 f   IDBRoleServer.obj
 0001:0000c3f0       ?GetGameStat@@YA_NPAUTGAME_STAT_DATA@@@Z 0040d3f0 f   IDBRoleServer.obj
 0001:0000c450       ?AddOutputString@@YAXPAUHWND__@@PAD@Z 0040d450 f   IDBRoleServer.obj
 0001:0000c4a0       ??0CRoleNameFilter@@QAE@XZ 0040d4a0 f   RoleNameFilter.obj
 0001:0000c4b0       ??_ECRoleNameFilter@@UAEPAXI@Z 0040d4b0 f i RoleNameFilter.obj
 0001:0000c4b0       ??_GCRoleNameFilter@@UAEPAXI@Z 0040d4b0 f i RoleNameFilter.obj
 0001:0000c4d0       ??1CRoleNameFilter@@UAE@XZ 0040d4d0 f   RoleNameFilter.obj
 0001:0000c4e0       ?Initialize@CRoleNameFilter@@QAEHXZ 0040d4e0 f   RoleNameFilter.obj
 0001:0000c5c0       ?Uninitialize@CRoleNameFilter@@QAEHXZ 0040d5c0 f   RoleNameFilter.obj
 0001:0000c5e0       ?IsTextPass@CRoleNameFilter@@QAEHPBD@Z 0040d5e0 f   RoleNameFilter.obj
 0001:0000c600       _InitializeCriticalSection@4 0040d600 f   kernel32:KERNEL32.dll
 0001:0000c606       _DeleteCriticalSection@4   0040d606 f   kernel32:KERNEL32.dll
 0001:0000c60c       _LeaveCriticalSection@4    0040d60c f   kernel32:KERNEL32.dll
 0001:0000c612       _EnterCriticalSection@4    0040d612 f   kernel32:KERNEL32.dll
 0001:0000c618       _InterlockedIncrement@4    0040d618 f   kernel32:KERNEL32.dll
 0001:0000c61e       _CloseHandle@4             0040d61e f   kernel32:KERNEL32.dll
 0001:0000c624       _TerminateThread@8         0040d624 f   kernel32:KERNEL32.dll
 0001:0000c62a       _WaitForSingleObject@8     0040d62a f   kernel32:KERNEL32.dll
 0001:0000c630       _Sleep@4                   0040d630 f   kernel32:KERNEL32.dll
 0001:0000c636       _CreateThread@24           0040d636 f   kernel32:KERNEL32.dll
 0001:0000c63c       _SuspendThread@4           0040d63c f   kernel32:KERNEL32.dll
 0001:0000c642       _ResumeThread@4            0040d642 f   kernel32:KERNEL32.dll
 0001:0000c648       _GetLocalTime@4            0040d648 f   kernel32:KERNEL32.dll
 0001:0000c64e       _GetSystemTime@4           0040d64e f   kernel32:KERNEL32.dll
 0001:0000c654       _GetProcAddress@8          0040d654 f   kernel32:KERNEL32.dll
 0001:0000c65a       _LoadLibraryA@4            0040d65a f   kernel32:KERNEL32.dll
 0001:0000c660       _FreeLibrary@4             0040d660 f   kernel32:KERNEL32.dll
 0001:0000c666       _MessageBoxA@16            0040d666 f   user32:USER32.dll
 0001:0000c66c       _PostMessageA@16           0040d66c f   user32:USER32.dll
 0001:0000c672       _DispatchMessageA@4        0040d672 f   user32:USER32.dll
 0001:0000c678       _TranslateMessage@4        0040d678 f   user32:USER32.dll
 0001:0000c67e       _IsDialogMessageA@8        0040d67e f   user32:USER32.dll
 0001:0000c684       _IsWindow@4                0040d684 f   user32:USER32.dll
 0001:0000c68a       _GetMessageA@16            0040d68a f   user32:USER32.dll
 0001:0000c690       _GetDlgItem@8              0040d690 f   user32:USER32.dll
 0001:0000c696       _UpdateWindow@4            0040d696 f   user32:USER32.dll
 0001:0000c69c       _ShowWindow@8              0040d69c f   user32:USER32.dll
 0001:0000c6a2       _CreateDialogParamA@20     0040d6a2 f   user32:USER32.dll
 0001:0000c6a8       _SendMessageA@16           0040d6a8 f   user32:USER32.dll
 0001:0000c6ae       _SetDlgItemTextA@12        0040d6ae f   user32:USER32.dll
 0001:0000c6b4       _PostQuitMessage@4         0040d6b4 f   user32:USER32.dll
 0001:0000c6ba       _DestroyWindow@4           0040d6ba f   user32:USER32.dll
 0001:0000c6c0       _GetDlgItemInt@16          0040d6c0 f   user32:USER32.dll
 0001:0000c6c6       _KillTimer@8               0040d6c6 f   user32:USER32.dll
 0001:0000c6cc       _SetTimer@16               0040d6cc f   user32:USER32.dll
 0001:0000c6d2       _SetDlgItemInt@16          0040d6d2 f   user32:USER32.dll
 0001:0000c6d8       _SetWindowTextA@8          0040d6d8 f   user32:USER32.dll
 0001:0000c6de       _EnableWindow@8            0040d6de f   user32:USER32.dll
 0001:0000c6f0       ??0CEvent@Win32@OnlineGameLib@@QAE@PAU_SECURITY_ATTRIBUTES@@_N1@Z 0040d6f0 f   common:Event.obj
 0001:0000c800       ?__copy_trivial@_STL@@YAPAXPBX0PAX@Z 0040d800 f i common:Event.obj
 0001:0000c830       ??1CWin32Exception@Win32@OnlineGameLib@@UAE@XZ 0040d830 f i common:Event.obj
 0001:0000c8f0       ??_GCException@Win32@OnlineGameLib@@UAEPAXI@Z 0040d8f0 f i common:Event.obj
 0001:0000c8f0       ??_ECException@Win32@OnlineGameLib@@UAEPAXI@Z 0040d8f0 f i common:Event.obj
 0001:0000c910       ??1CException@Win32@OnlineGameLib@@UAE@XZ 0040d910 f i common:Event.obj
 0001:0000c9d0       ??0CWin32Exception@Win32@OnlineGameLib@@QAE@ABV012@@Z 0040d9d0 f i common:Event.obj
 0001:0000cb10       ?__stl_new@_STL@@YAPAXI@Z  0040db10 f i common:Event.obj
 0001:0000cb20       ??0CException@Win32@OnlineGameLib@@QAE@ABV012@@Z 0040db20 f i common:Event.obj
 0001:0000cc60       ??_ECWin32Exception@Win32@OnlineGameLib@@UAEPAXI@Z 0040dc60 f i common:Event.obj
 0001:0000cc60       ??_GCWin32Exception@Win32@OnlineGameLib@@UAEPAXI@Z 0040dc60 f i common:Event.obj
 0001:0000cc80       ??_GCEvent@Win32@OnlineGameLib@@UAEPAXI@Z 0040dc80 f i common:Event.obj
 0001:0000cc80       ??_ECEvent@Win32@OnlineGameLib@@UAEPAXI@Z 0040dc80 f i common:Event.obj
 0001:0000cca0       ??0CEvent@Win32@OnlineGameLib@@QAE@PAU_SECURITY_ATTRIBUTES@@_N1PBD@Z 0040dca0 f   common:Event.obj
 0001:0000ccd0       ??1CEvent@Win32@OnlineGameLib@@UAE@XZ 0040dcd0 f   common:Event.obj
 0001:0000ccf0       ?Wait@CEvent@Win32@OnlineGameLib@@QBEXXZ 0040dcf0 f   common:Event.obj
 0001:0000ce00       ?Wait@CEvent@Win32@OnlineGameLib@@QBE_NK@Z 0040de00 f   common:Event.obj
 0001:0000cef0       ?Reset@CEvent@Win32@OnlineGameLib@@QAEXXZ 0040def0 f   common:Event.obj
 0001:0000cfb0       ?Set@CEvent@Win32@OnlineGameLib@@QAEXXZ 0040dfb0 f   common:Event.obj
 0001:0000d070       ?Pulse@CEvent@Win32@OnlineGameLib@@QAEXXZ 0040e070 f   common:Event.obj
 0001:0000d130       ?__copy_aux@_STL@@YAPADPAD00ABU__true_type@1@@Z 0040e130 f i common:Event.obj
 0001:0000d160       ??0CBuffer@Win32@OnlineGameLib@@AAE@AAVAllocator@012@I@Z 0040e160 f   common:Buffer.obj
 0001:0000d1e0       ??1COpaqueUserData@OnlineGameLib@@IAE@XZ 0040e1e0 f i common:Buffer.obj
 0001:0000d1f0       ??1CBuffer@Win32@OnlineGameLib@@AAE@XZ 0040e1f0 f   common:Buffer.obj
 0001:0000d250       ?GetHeadPack@CBuffer@Win32@OnlineGameLib@@QAEPAV123@I@Z 0040e250 f   common:Buffer.obj
 0001:0000d2a0       ?GetNextPack@CBuffer@Win32@OnlineGameLib@@QAEPAV123@XZ 0040e2a0 f   common:Buffer.obj
 0001:0000d2f0       ?AddData@CBuffer@Win32@OnlineGameLib@@QAEXQBDI@Z 0040e2f0 f   common:Buffer.obj
 0001:0000d430       ?AddData@CBuffer@Win32@OnlineGameLib@@QAEXQBEI@Z 0040e430 f   common:Buffer.obj
 0001:0000d450       ?AddData@CBuffer@Win32@OnlineGameLib@@QAEXE@Z 0040e450 f   common:Buffer.obj
 0001:0000d460       ?SplitBuffer@CBuffer@Win32@OnlineGameLib@@QAEPAV123@I@Z 0040e460 f   common:Buffer.obj
 0001:0000d4b0       ?AllocateNewBuffer@CBuffer@Win32@OnlineGameLib@@QBEPAV123@XZ 0040e4b0 f   common:Buffer.obj
 0001:0000d4c0       ?Release@CBuffer@Win32@OnlineGameLib@@QAEXXZ 0040e4c0 f   common:Buffer.obj
 0001:0000d5e0       ??2CBuffer@Win32@OnlineGameLib@@CAPAXII@Z 0040e5e0 f   common:Buffer.obj
 0001:0000d5f0       ??3CBuffer@Win32@OnlineGameLib@@CAXPAXI@Z 0040e5f0 f   common:Buffer.obj
 0001:0000d600       ??0Allocator@CBuffer@Win32@OnlineGameLib@@QAE@II@Z 0040e600 f   common:Buffer.obj
 0001:0000d640       ?OnBufferCreated@Allocator@CBuffer@Win32@OnlineGameLib@@EAEXXZ 0040e640 f i common:Buffer.obj
 0001:0000d650       ?OnBufferAllocated@Allocator@CBuffer@Win32@OnlineGameLib@@EAEXXZ 0040e650 f i common:Buffer.obj
 0001:0000d660       ?OnBufferReleased@Allocator@CBuffer@Win32@OnlineGameLib@@EAEXXZ 0040e660 f i common:Buffer.obj
 0001:0000d670       ??_EAllocator@CBuffer@Win32@OnlineGameLib@@UAEPAXI@Z 0040e670 f i common:Buffer.obj
 0001:0000d670       ??_GAllocator@CBuffer@Win32@OnlineGameLib@@UAEPAXI@Z 0040e670 f i common:Buffer.obj
 0001:0000d690       ??1Allocator@CBuffer@Win32@OnlineGameLib@@UAE@XZ 0040e690 f   common:Buffer.obj
 0001:0000d700       ?Allocate@Allocator@CBuffer@Win32@OnlineGameLib@@QAEPAV234@XZ 0040e700 f   common:Buffer.obj
 0001:0000d890       ?Flush@Allocator@CBuffer@Win32@OnlineGameLib@@IAEXXZ 0040e890 f   common:Buffer.obj
 0001:0000d930       ?DestroyBuffer@Allocator@CBuffer@Win32@OnlineGameLib@@AAEXPAV234@@Z 0040e930 f i common:Buffer.obj
 0001:0000d990       ?Release@Allocator@CBuffer@Win32@OnlineGameLib@@AAEXPAV234@@Z 0040e990 f   common:Buffer.obj
 0001:0000dad0       ??0CPackager@Win32@OnlineGameLib@@QAE@II@Z 0040ead0 f   common:Buffer.obj
 0001:0000dba0       ??_ECPackager@Win32@OnlineGameLib@@UAEPAXI@Z 0040eba0 f i common:Buffer.obj
 0001:0000dba0       ??_GCPackager@Win32@OnlineGameLib@@UAEPAXI@Z 0040eba0 f i common:Buffer.obj
 0001:0000dbc0       ??1?$map@EPAVCBuffer@Win32@OnlineGameLib@@U?$less@E@_STL@@V?$allocator@U?$pair@$$CBEPAVCBuffer@Win32@OnlineGameLib@@@_STL@@@5@@_STL@@QAE@XZ 0040ebc0 f i common:Buffer.obj
 0001:0000dc60       ??1CPackager@Win32@OnlineGameLib@@UAE@XZ 0040ec60 f   common:Buffer.obj
 0001:0000dd50       ?AddData@CPackager@Win32@OnlineGameLib@@QAEXEQBDIK@Z 0040ed50 f   common:Buffer.obj
 0001:0000def0       ?AddData@CPackager@Win32@OnlineGameLib@@QAEXEQBEIK@Z 0040eef0 f   common:Buffer.obj
 0001:0000df10       ?DelData@CPackager@Win32@OnlineGameLib@@QAEXE@Z 0040ef10 f   common:Buffer.obj
 0001:0000e080       ?GetHeadPack@CPackager@Win32@OnlineGameLib@@QAEPAVCBuffer@23@EI@Z 0040f080 f   common:Buffer.obj
 0001:0000e210       ?GetNextPack@CPackager@Win32@OnlineGameLib@@QAEPAVCBuffer@23@E@Z 0040f210 f   common:Buffer.obj
 0001:0000e390       ?PackUp@CPackager@Win32@OnlineGameLib@@QAEPAVCBuffer@23@PBXI@Z 0040f390 f   common:Buffer.obj
 0001:0000e570       ?Empty@CPackager@Win32@OnlineGameLib@@QAEXXZ 0040f570 f   common:Buffer.obj
 0001:0000e6f0       ?begin@?$map@EPAVCBuffer@Win32@OnlineGameLib@@U?$less@E@_STL@@V?$allocator@U?$pair@$$CBEPAVCBuffer@Win32@OnlineGameLib@@@_STL@@@5@@_STL@@QAE?AU?$_Rb_tree_iterator@U?$pair@$$CBEPAVCBuffer@Win32@OnlineGameLib@@@_STL@@U?$_Nonconst_traits@U?$pair@$$CBEPAVCBuffer@Win32@OnlineGameLib@@@_STL@@@2@@2@XZ 0040f6f0 f i common:Buffer.obj
 0001:0000e700       ?end@?$map@EPAVCBuffer@Win32@OnlineGameLib@@U?$less@E@_STL@@V?$allocator@U?$pair@$$CBEPAVCBuffer@Win32@OnlineGameLib@@@_STL@@@5@@_STL@@QAE?AU?$_Rb_tree_iterator@U?$pair@$$CBEPAVCBuffer@Win32@OnlineGameLib@@@_STL@@U?$_Nonconst_traits@U?$pair@$$CBEPAVCBuffer@Win32@OnlineGameLib@@@_STL@@@2@@2@XZ 0040f700 f i common:Buffer.obj
 0001:0000e710       ?erase@?$map@EPAVCBuffer@Win32@OnlineGameLib@@U?$less@E@_STL@@V?$allocator@U?$pair@$$CBEPAVCBuffer@Win32@OnlineGameLib@@@_STL@@@5@@_STL@@QAEXU?$_Rb_tree_iterator@U?$pair@$$CBEPAVCBuffer@Win32@OnlineGameLib@@@_STL@@U?$_Nonconst_traits@U?$pair@$$CBEPAVCBuffer@Win32@OnlineGameLib@@@_STL@@@2@@2@0@Z 0040f710 f i common:Buffer.obj
 0001:0000e740       ??0?$_Rb_tree_iterator@U?$pair@$$CBEPAVCBuffer@Win32@OnlineGameLib@@@_STL@@U?$_Nonconst_traits@U?$pair@$$CBEPAVCBuffer@Win32@OnlineGameLib@@@_STL@@@2@@_STL@@QAE@ABU01@@Z 0040f740 f i common:Buffer.obj
 0001:0000e750       ?insert@?$map@EPAVCBuffer@Win32@OnlineGameLib@@U?$less@E@_STL@@V?$allocator@U?$pair@$$CBEPAVCBuffer@Win32@OnlineGameLib@@@_STL@@@5@@_STL@@QAE?AU?$_Rb_tree_iterator@U?$pair@$$CBEPAVCBuffer@Win32@OnlineGameLib@@@_STL@@U?$_Nonconst_traits@U?$pair@$$CBEPAVCBuffer@Win32@OnlineGameLib@@@_STL@@@2@@2@U32@ABU?$pair@$$CBEPAVCBuffer@Win32@OnlineGameLib@@@2@@Z 0040f750 f i common:Buffer.obj
 0001:0000e780       ?lower_bound@?$map@EPAVCBuffer@Win32@OnlineGameLib@@U?$less@E@_STL@@V?$allocator@U?$pair@$$CBEPAVCBuffer@Win32@OnlineGameLib@@@_STL@@@5@@_STL@@QAE?AU?$_Rb_tree_iterator@U?$pair@$$CBEPAVCBuffer@Win32@OnlineGameLib@@@_STL@@U?$_Nonconst_traits@U?$pair@$$CBEPAVCBuffer@Win32@OnlineGameLib@@@_STL@@@2@@2@ABE@Z 0040f780 f i common:Buffer.obj
 0001:0000e7c0       ?begin@?$_Rb_tree@EU?$pair@$$CBEPAVCBuffer@Win32@OnlineGameLib@@@_STL@@U?$_Select1st@U?$pair@$$CBEPAVCBuffer@Win32@OnlineGameLib@@@_STL@@@2@U?$less@E@2@V?$allocator@U?$pair@$$CBEPAVCBuffer@Win32@OnlineGameLib@@@_STL@@@2@@_STL@@QAE?AU?$_Rb_tree_iterator@U?$pair@$$CBEPAVCBuffer@Win32@OnlineGameLib@@@_STL@@U?$_Nonconst_traits@U?$pair@$$CBEPAVCBuffer@Win32@OnlineGameLib@@@_STL@@@2@@2@XZ 0040f7c0 f i common:Buffer.obj
 0001:0000e7d0       ?end@?$_Rb_tree@EU?$pair@$$CBEPAVCBuffer@Win32@OnlineGameLib@@@_STL@@U?$_Select1st@U?$pair@$$CBEPAVCBuffer@Win32@OnlineGameLib@@@_STL@@@2@U?$less@E@2@V?$allocator@U?$pair@$$CBEPAVCBuffer@Win32@OnlineGameLib@@@_STL@@@2@@_STL@@QAE?AU?$_Rb_tree_iterator@U?$pair@$$CBEPAVCBuffer@Win32@OnlineGameLib@@@_STL@@U?$_Nonconst_traits@U?$pair@$$CBEPAVCBuffer@Win32@OnlineGameLib@@@_STL@@@2@@2@XZ 0040f7d0 f i common:Buffer.obj
 0001:0000e7e0       ?erase@?$_Rb_tree@EU?$pair@$$CBEPAVCBuffer@Win32@OnlineGameLib@@@_STL@@U?$_Select1st@U?$pair@$$CBEPAVCBuffer@Win32@OnlineGameLib@@@_STL@@@2@U?$less@E@2@V?$allocator@U?$pair@$$CBEPAVCBuffer@Win32@OnlineGameLib@@@_STL@@@2@@_STL@@QAEXU?$_Rb_tree_iterator@U?$pair@$$CBEPAVCBuffer@Win32@OnlineGameLib@@@_STL@@U?$_Nonconst_traits@U?$pair@$$CBEPAVCBuffer@Win32@OnlineGameLib@@@_STL@@@2@@2@0@Z 0040f7e0 f i common:Buffer.obj
 0001:0000e880       ??E?$_Rb_tree_iterator@U?$pair@$$CBEPAVCBuffer@Win32@OnlineGameLib@@@_STL@@U?$_Nonconst_traits@U?$pair@$$CBEPAVCBuffer@Win32@OnlineGameLib@@@_STL@@@2@@_STL@@QAE?AU01@H@Z 0040f880 f i common:Buffer.obj
 0001:0000e8a0       ??1?$_Rb_tree_base@U?$pair@$$CBEPAVCBuffer@Win32@OnlineGameLib@@@_STL@@V?$allocator@U?$pair@$$CBEPAVCBuffer@Win32@OnlineGameLib@@@_STL@@@2@@_STL@@QAE@XZ 0040f8a0 f i common:Buffer.obj
 0001:0000e8f0       ??1?$allocator@U?$pair@$$CBEPAVCBuffer@Win32@OnlineGameLib@@@_STL@@@_STL@@QAE@XZ 0040f8f0 f i common:Buffer.obj
 0001:0000e900       ??0?$pair@$$CBEPAVCBuffer@Win32@OnlineGameLib@@@_STL@@QAE@ABEABQAVCBuffer@Win32@OnlineGameLib@@@Z 0040f900 f i common:Buffer.obj
 0001:0000e920       ??1?$_STLP_alloc_proxy@PAU?$_Rb_tree_node@U?$pair@$$CBEPAVCBuffer@Win32@OnlineGameLib@@@_STL@@@_STL@@U12@V?$allocator@U?$pair@$$CBEPAVCBuffer@Win32@OnlineGameLib@@@_STL@@@2@@_STL@@QAE@XZ 0040f920 f i common:Buffer.obj
 0001:0000e930       ?_M_empty_initialize@?$_Rb_tree@EU?$pair@$$CBEPAVCBuffer@Win32@OnlineGameLib@@@_STL@@U?$_Select1st@U?$pair@$$CBEPAVCBuffer@Win32@OnlineGameLib@@@_STL@@@2@U?$less@E@2@V?$allocator@U?$pair@$$CBEPAVCBuffer@Win32@OnlineGameLib@@@_STL@@@2@@_STL@@AAEXXZ 0040f930 f i common:Buffer.obj
 0001:0000e950       ?erase@?$_Rb_tree@EU?$pair@$$CBEPAVCBuffer@Win32@OnlineGameLib@@@_STL@@U?$_Select1st@U?$pair@$$CBEPAVCBuffer@Win32@OnlineGameLib@@@_STL@@@2@U?$less@E@2@V?$allocator@U?$pair@$$CBEPAVCBuffer@Win32@OnlineGameLib@@@_STL@@@2@@_STL@@QAEXU?$_Rb_tree_iterator@U?$pair@$$CBEPAVCBuffer@Win32@OnlineGameLib@@@_STL@@U?$_Nonconst_traits@U?$pair@$$CBEPAVCBuffer@Win32@OnlineGameLib@@@_STL@@@2@@2@@Z 0040f950 f i common:Buffer.obj
 0001:0000e990       ?lower_bound@?$_Rb_tree@EU?$pair@$$CBEPAVCBuffer@Win32@OnlineGameLib@@@_STL@@U?$_Select1st@U?$pair@$$CBEPAVCBuffer@Win32@OnlineGameLib@@@_STL@@@2@U?$less@E@2@V?$allocator@U?$pair@$$CBEPAVCBuffer@Win32@OnlineGameLib@@@_STL@@@2@@_STL@@QAE?AU?$_Rb_tree_iterator@U?$pair@$$CBEPAVCBuffer@Win32@OnlineGameLib@@@_STL@@U?$_Nonconst_traits@U?$pair@$$CBEPAVCBuffer@Win32@OnlineGameLib@@@_STL@@@2@@2@ABE@Z 0040f990 f i common:Buffer.obj
 0001:0000e9d0       ?deallocate@?$_STLP_alloc_proxy@PAU?$_Rb_tree_node@U?$pair@$$CBEPAVCBuffer@Win32@OnlineGameLib@@@_STL@@@_STL@@U12@V?$allocator@U?$pair@$$CBEPAVCBuffer@Win32@OnlineGameLib@@@_STL@@@2@@_STL@@QAEXPAU?$_Rb_tree_node@U?$pair@$$CBEPAVCBuffer@Win32@OnlineGameLib@@@_STL@@@2@I@Z 0040f9d0 f i common:Buffer.obj
 0001:0000ea10       ??0?$pair@U?$_Rb_tree_iterator@U?$pair@$$CBEPAVCBuffer@Win32@OnlineGameLib@@@_STL@@U?$_Nonconst_traits@U?$pair@$$CBEPAVCBuffer@Win32@OnlineGameLib@@@_STL@@@2@@_STL@@U12@@_STL@@QAE@ABU01@@Z 0040fa10 f i common:Buffer.obj
 0001:0000ea30       ?upper_bound@?$_Rb_tree@EU?$pair@$$CBEPAVCBuffer@Win32@OnlineGameLib@@@_STL@@U?$_Select1st@U?$pair@$$CBEPAVCBuffer@Win32@OnlineGameLib@@@_STL@@@2@U?$less@E@2@V?$allocator@U?$pair@$$CBEPAVCBuffer@Win32@OnlineGameLib@@@_STL@@@2@@_STL@@QAE?AU?$_Rb_tree_iterator@U?$pair@$$CBEPAVCBuffer@Win32@OnlineGameLib@@@_STL@@U?$_Nonconst_traits@U?$pair@$$CBEPAVCBuffer@Win32@OnlineGameLib@@@_STL@@@2@@2@ABE@Z 0040fa30 f i common:Buffer.obj
 0001:0000ea70       ??0?$pair@U?$_Rb_tree_iterator@U?$pair@$$CBEPAVCBuffer@Win32@OnlineGameLib@@@_STL@@U?$_Nonconst_traits@U?$pair@$$CBEPAVCBuffer@Win32@OnlineGameLib@@@_STL@@@2@@_STL@@U12@@_STL@@QAE@ABU?$_Rb_tree_iterator@U?$pair@$$CBEPAVCBuffer@Win32@OnlineGameLib@@@_STL@@U?$_Nonconst_traits@U?$pair@$$CBEPAVCBuffer@Win32@OnlineGameLib@@@_STL@@@2@@1@0@Z 0040fa70 f i common:Buffer.obj
 0001:0000ea90       ?deallocate@?$allocator@U?$_Rb_tree_node@U?$pair@$$CBEPAVCBuffer@Win32@OnlineGameLib@@@_STL@@@_STL@@@_STL@@QBEXPAU?$_Rb_tree_node@U?$pair@$$CBEPAVCBuffer@Win32@OnlineGameLib@@@_STL@@@2@I@Z 0040fa90 f i common:Buffer.obj
 0001:0000ead0       ?_M_erase@?$_Rb_tree@EU?$pair@$$CBEPAVCBuffer@Win32@OnlineGameLib@@@_STL@@U?$_Select1st@U?$pair@$$CBEPAVCBuffer@Win32@OnlineGameLib@@@_STL@@@2@U?$less@E@2@V?$allocator@U?$pair@$$CBEPAVCBuffer@Win32@OnlineGameLib@@@_STL@@@2@@_STL@@AAEXPAU?$_Rb_tree_node@U?$pair@$$CBEPAVCBuffer@Win32@OnlineGameLib@@@_STL@@@2@@Z 0040fad0 f i common:Buffer.obj
 0001:0000eb10       ?insert_unique@?$_Rb_tree@EU?$pair@$$CBEPAVCBuffer@Win32@OnlineGameLib@@@_STL@@U?$_Select1st@U?$pair@$$CBEPAVCBuffer@Win32@OnlineGameLib@@@_STL@@@2@U?$less@E@2@V?$allocator@U?$pair@$$CBEPAVCBuffer@Win32@OnlineGameLib@@@_STL@@@2@@_STL@@QAE?AU?$_Rb_tree_iterator@U?$pair@$$CBEPAVCBuffer@Win32@OnlineGameLib@@@_STL@@U?$_Nonconst_traits@U?$pair@$$CBEPAVCBuffer@Win32@OnlineGameLib@@@_STL@@@2@@2@U32@ABU?$pair@$$CBEPAVCBuffer@Win32@OnlineGameLib@@@2@@Z 0040fb10 f i common:Buffer.obj
 0001:0000f090       ?_M_insert@?$_Rb_tree@EU?$pair@$$CBEPAVCBuffer@Win32@OnlineGameLib@@@_STL@@U?$_Select1st@U?$pair@$$CBEPAVCBuffer@Win32@OnlineGameLib@@@_STL@@@2@U?$less@E@2@V?$allocator@U?$pair@$$CBEPAVCBuffer@Win32@OnlineGameLib@@@_STL@@@2@@_STL@@AAE?AU?$_Rb_tree_iterator@U?$pair@$$CBEPAVCBuffer@Win32@OnlineGameLib@@@_STL@@U?$_Nonconst_traits@U?$pair@$$CBEPAVCBuffer@Win32@OnlineGameLib@@@_STL@@@2@@2@PAU_Rb_tree_node_base@2@0ABU?$pair@$$CBEPAVCBuffer@Win32@OnlineGameLib@@@2@0@Z 00410090 f i common:Buffer.obj
 0001:0000f130       ?insert_unique@?$_Rb_tree@EU?$pair@$$CBEPAVCBuffer@Win32@OnlineGameLib@@@_STL@@U?$_Select1st@U?$pair@$$CBEPAVCBuffer@Win32@OnlineGameLib@@@_STL@@@2@U?$less@E@2@V?$allocator@U?$pair@$$CBEPAVCBuffer@Win32@OnlineGameLib@@@_STL@@@2@@_STL@@QAE?AU?$pair@U?$_Rb_tree_iterator@U?$pair@$$CBEPAVCBuffer@Win32@OnlineGameLib@@@_STL@@U?$_Nonconst_traits@U?$pair@$$CBEPAVCBuffer@Win32@OnlineGameLib@@@_STL@@@2@@_STL@@_N@2@ABU?$pair@$$CBEPAVCBuffer@Win32@OnlineGameLib@@@2@@Z 00410130 f i common:Buffer.obj
 0001:0000f2c0       ?_M_find@?$_Rb_tree@EU?$pair@$$CBEPAVCBuffer@Win32@OnlineGameLib@@@_STL@@U?$_Select1st@U?$pair@$$CBEPAVCBuffer@Win32@OnlineGameLib@@@_STL@@@2@U?$less@E@2@V?$allocator@U?$pair@$$CBEPAVCBuffer@Win32@OnlineGameLib@@@_STL@@@2@@_STL@@ABEPAU?$_Rb_tree_node@U?$pair@$$CBEPAVCBuffer@Win32@OnlineGameLib@@@_STL@@@2@ABE@Z 004102c0 f i common:Buffer.obj
 0001:0000f300       ?__distance@_STL@@YAHABU?$_Rb_tree_iterator@U?$pair@$$CBEPAVCBuffer@Win32@OnlineGameLib@@@_STL@@U?$_Nonconst_traits@U?$pair@$$CBEPAVCBuffer@Win32@OnlineGameLib@@@_STL@@@2@@1@0ABUinput_iterator_tag@1@@Z 00410300 f i common:Buffer.obj
 0001:0000f330       ?_M_create_node@?$_Rb_tree@EU?$pair@$$CBEPAVCBuffer@Win32@OnlineGameLib@@@_STL@@U?$_Select1st@U?$pair@$$CBEPAVCBuffer@Win32@OnlineGameLib@@@_STL@@@2@U?$less@E@2@V?$allocator@U?$pair@$$CBEPAVCBuffer@Win32@OnlineGameLib@@@_STL@@@2@@_STL@@IAEPAU?$_Rb_tree_node@U?$pair@$$CBEPAVCBuffer@Win32@OnlineGameLib@@@_STL@@@2@ABU?$pair@$$CBEPAVCBuffer@Win32@OnlineGameLib@@@2@@Z 00410330 f i common:Buffer.obj
 0001:0000f360       ??0?$pair@U?$_Rb_tree_iterator@U?$pair@$$CBEPAVCBuffer@Win32@OnlineGameLib@@@_STL@@U?$_Nonconst_traits@U?$pair@$$CBEPAVCBuffer@Win32@OnlineGameLib@@@_STL@@@2@@_STL@@_N@_STL@@QAE@ABU?$_Rb_tree_iterator@U?$pair@$$CBEPAVCBuffer@Win32@OnlineGameLib@@@_STL@@U?$_Nonconst_traits@U?$pair@$$CBEPAVCBuffer@Win32@OnlineGameLib@@@_STL@@@2@@1@AB_N@Z 00410360 f i common:Buffer.obj
 0001:0000f380       ??0?$pair@U?$_Rb_tree_iterator@U?$pair@$$CBEPAVCBuffer@Win32@OnlineGameLib@@@_STL@@U?$_Nonconst_traits@U?$pair@$$CBEPAVCBuffer@Win32@OnlineGameLib@@@_STL@@@2@@_STL@@_N@_STL@@QAE@ABU01@@Z 00410380 f i common:Buffer.obj
 0001:0000f3a0       _GetCRCTable               004103a0 f   common:CRC32.OBJ
 0001:0000f3b0       _CRC32_C                   004103b0 f   common:CRC32.OBJ
 0001:0000f4f0       _CRC32                     004104f0 f   common:CRC32.OBJ
 0001:0000f5f0       ??0CLibrary@Win32@OnlineGameLib@@QAE@QBD@Z 004105f0 f   common:Library.obj
 0001:0000f670       ??_GCLibrary@Win32@OnlineGameLib@@UAEPAXI@Z 00410670 f i common:Library.obj
 0001:0000f670       ??_ECLibrary@Win32@OnlineGameLib@@UAEPAXI@Z 00410670 f i common:Library.obj
 0001:0000f690       ??0CLibrary@Win32@OnlineGameLib@@QAE@XZ 00410690 f   common:Library.obj
 0001:0000f700       ??1CLibrary@Win32@OnlineGameLib@@UAE@XZ 00410700 f   common:Library.obj
 0001:0000f790       ?Load@CLibrary@Win32@OnlineGameLib@@QAE_NQBD@Z 00410790 f   common:Library.obj
 0001:0000f850       ?Free@CLibrary@Win32@OnlineGameLib@@QAE_NXZ 00410850 f   common:Library.obj
 0001:0000f870       ??0CIniFile@Win32@OnlineGameLib@@QAE@XZ 00410870 f   common:IniFile.obj
 0001:0000f890       ??0CIniFile@Win32@OnlineGameLib@@QAE@PBD@Z 00410890 f   common:IniFile.obj
 0001:0000f8c0       ??1CIniFile@Win32@OnlineGameLib@@QAE@XZ 004108c0 f   common:IniFile.obj
 0001:0000f8d0       ?SetFile@CIniFile@Win32@OnlineGameLib@@QAEXPBD@Z 004108d0 f   common:IniFile.obj
 0001:0000f900       ?ReadInteger@CIniFile@Win32@OnlineGameLib@@QAEHPBD0H@Z 00410900 f   common:IniFile.obj
 0001:0000f960       ?WriteInteger@CIniFile@Win32@OnlineGameLib@@QAEHPBD0H@Z 00410960 f   common:IniFile.obj
 0001:0000f9a0       ?ReadHexNum@CIniFile@Win32@OnlineGameLib@@QAEKPBD0K@Z 004109a0 f   common:IniFile.obj
 0001:0000fa00       ?WriteHexNum@CIniFile@Win32@OnlineGameLib@@QAEHPBD0K@Z 00410a00 f   common:IniFile.obj
 0001:0000fa40       ?ReadString@CIniFile@Win32@OnlineGameLib@@QAEKPBD0PADK0@Z 00410a40 f   common:IniFile.obj
 0001:0000fa70       ?WriteString@CIniFile@Win32@OnlineGameLib@@QAEHPBD00@Z 00410a70 f   common:IniFile.obj
 0001:0000fa90       ?ReadSections@CIniFile@Win32@OnlineGameLib@@QAEHAAV?$vector@V?$basic_string@DV?$char_traits@D@_STL@@V?$allocator@D@2@@_STL@@V?$allocator@V?$basic_string@DV?$char_traits@D@_STL@@V?$allocator@D@2@@_STL@@@2@@_STL@@@Z 00410a90 f   common:IniFile.obj
 0001:0000fc50       ?ReadSection@CIniFile@Win32@OnlineGameLib@@QAEHPBDAAV?$vector@V?$basic_string@DV?$char_traits@D@_STL@@V?$allocator@D@2@@_STL@@V?$allocator@V?$basic_string@DV?$char_traits@D@_STL@@V?$allocator@D@2@@_STL@@@2@@_STL@@@Z 00410c50 f   common:IniFile.obj
 0001:0000fe10       ?_M_insert_overflow@?$vector@V?$basic_string@DV?$char_traits@D@_STL@@V?$allocator@D@2@@_STL@@V?$allocator@V?$basic_string@DV?$char_traits@D@_STL@@V?$allocator@D@2@@_STL@@@2@@_STL@@IAEXPAV?$basic_string@DV?$char_traits@D@_STL@@V?$allocator@D@2@@2@ABV32@ABU__false_type@2@I_N@Z 00410e10 f i common:IniFile.obj
 0001:00010010       ?__uninitialized_copy@_STL@@YAPAV?$basic_string@DV?$char_traits@D@_STL@@V?$allocator@D@2@@1@PAV21@00ABU__false_type@1@@Z 00411010 f i common:IniFile.obj
 0001:00010110       ?__uninitialized_fill_n@_STL@@YAPAV?$basic_string@DV?$char_traits@D@_STL@@V?$allocator@D@2@@1@PAV21@IABV21@ABU__false_type@1@@Z 00411110 f i common:IniFile.obj
 0001:00010210       ??0?$basic_string@DV?$char_traits@D@_STL@@V?$allocator@D@2@@_STL@@QAE@ABV01@@Z 00411210 f i common:IniFile.obj
 0001:000102d0       ?__copy@_STL@@YAPAV?$basic_string@DV?$char_traits@D@_STL@@V?$allocator@D@2@@1@PAV21@00ABUrandom_access_iterator_tag@1@PAH@Z 004112d0 f i common:IniFile.obj
 0001:00010380       ?_M_range_initialize@?$basic_string@DV?$char_traits@D@_STL@@V?$allocator@D@2@@_STL@@AAEXPAD0@Z 00411380 f i common:IniFile.obj
 0001:00010400       ??_G?$basic_string@DV?$char_traits@D@_STL@@V?$allocator@D@2@@_STL@@QAEPAXI@Z 00411400 f i common:IniFile.obj
 0001:00010640       ?SetLogFileName@Win32@OnlineGameLib@@YAXABV?$basic_string@DV?$char_traits@D@_STL@@V?$allocator@D@2@@_STL@@@Z 00411640 f   common:Utils.obj
 0001:00010750       ?Message@Win32@OnlineGameLib@@YAXQBD@Z 00411750 f   common:Utils.obj
 0001:00010780       ?Output@Win32@OnlineGameLib@@YAXABV?$basic_string@DV?$char_traits@D@_STL@@V?$allocator@D@2@@_STL@@@Z 00411780 f   common:Utils.obj
 0001:00010790       ?Trace@Win32@OnlineGameLib@@YAXABV?$basic_string@DV?$char_traits@D@_STL@@V?$allocator@D@2@@_STL@@0@Z 00411790 f   common:Utils.obj
 0001:000107a0       ?GetLastErrorMessage@Win32@OnlineGameLib@@YA?AV?$basic_string@DV?$char_traits@D@_STL@@V?$allocator@D@2@@_STL@@K@Z 004117a0 f   common:Utils.obj
 0001:000108e0       ?HexToString@Win32@OnlineGameLib@@YA?AV?$basic_string@DV?$char_traits@D@_STL@@V?$allocator@D@2@@_STL@@PBEI@Z 004118e0 f   common:Utils.obj
 0001:00010ac0       ?StringToHex@Win32@OnlineGameLib@@YAXABV?$basic_string@DV?$char_traits@D@_STL@@V?$allocator@D@2@@_STL@@PAEI@Z 00411ac0 f   common:Utils.obj
 0001:00010c00       ?HexStringToDWORD@Win32@OnlineGameLib@@YAKPBD@Z 00411c00 f   common:Utils.obj
 0001:00010c60       ?HashStr2ID@Win32@OnlineGameLib@@YAKQBD@Z 00411c60 f   common:Utils.obj
 0001:00010cb0       ?net_aton@Win32@OnlineGameLib@@YAKPBD@Z 00411cb0 f   common:Utils.obj
 0001:00010d40       ?net_ntoa@Win32@OnlineGameLib@@YAPBDK@Z 00411d40 f   common:Utils.obj
 0001:00010d80       ?GetCurrentDirectoryA@Win32@OnlineGameLib@@YA?AV?$basic_string@DV?$char_traits@D@_STL@@V?$allocator@D@2@@_STL@@XZ 00411d80 f   common:Utils.obj
 0001:00010ef0       ?GetAppFullPath@Win32@OnlineGameLib@@YA?AV?$basic_string@DV?$char_traits@D@_STL@@V?$allocator@D@2@@_STL@@PAUHINSTANCE__@@@Z 00411ef0 f   common:Utils.obj
 0001:00011140       ?GetDateStamp@Win32@OnlineGameLib@@YA?AV?$basic_string@DV?$char_traits@D@_STL@@V?$allocator@D@2@@_STL@@XZ 00412140 f   common:Utils.obj
 0001:00011260       ?GetTimeStamp@Win32@OnlineGameLib@@YA?AV?$basic_string@DV?$char_traits@D@_STL@@V?$allocator@D@2@@_STL@@XZ 00412260 f   common:Utils.obj
 0001:00011380       ?ToHex@Win32@OnlineGameLib@@YA?AV?$basic_string@DV?$char_traits@D@_STL@@V?$allocator@D@2@@_STL@@E@Z 00412380 f   common:Utils.obj
 0001:00011470       ?DumpData@Win32@OnlineGameLib@@YA?AV?$basic_string@DV?$char_traits@D@_STL@@V?$allocator@D@2@@_STL@@QBEII@Z 00412470 f   common:Utils.obj
 0001:00011790       ?GetComputerNameA@Win32@OnlineGameLib@@YA?AV?$basic_string@DV?$char_traits@D@_STL@@V?$allocator@D@2@@_STL@@XZ 00412790 f   common:Utils.obj
 0001:000119b0       ?GetModuleFileNameA@Win32@OnlineGameLib@@YA?AV?$basic_string@DV?$char_traits@D@_STL@@V?$allocator@D@2@@_STL@@PAUHINSTANCE__@@@Z 004129b0 f   common:Utils.obj
 0001:00011be0       ?GetUserNameA@Win32@OnlineGameLib@@YA?AV?$basic_string@DV?$char_traits@D@_STL@@V?$allocator@D@2@@_STL@@XZ 00412be0 f   common:Utils.obj
 0001:00011e10       ?StripLeading@Win32@OnlineGameLib@@YA?AV?$basic_string@DV?$char_traits@D@_STL@@V?$allocator@D@2@@_STL@@ABV34@D@Z 00412e10 f   common:Utils.obj
 0001:00011ef0       ?StripTrailing@Win32@OnlineGameLib@@YA?AV?$basic_string@DV?$char_traits@D@_STL@@V?$allocator@D@2@@_STL@@ABV34@D@Z 00412ef0 f   common:Utils.obj
 0001:00011f30       ?GetFileVersion@Win32@OnlineGameLib@@YA?AV?$basic_string@DV?$char_traits@D@_STL@@V?$allocator@D@2@@_STL@@XZ 00412f30 f   common:Utils.obj
 0001:00012220       ?GetLocalName@Win32@OnlineGameLib@@YA_NPADI@Z 00413220 f   common:Utils.obj
 0001:00012320       ?GetLocalAddress@Win32@OnlineGameLib@@YA_NPADIH@Z 00413320 f   common:Utils.obj
 0001:00012450       ??4?$basic_string@DV?$char_traits@D@_STL@@V?$allocator@D@2@@_STL@@QAEAAV01@PBD@Z 00413450 f i common:Utils.obj
 0001:00012500       ?substr@?$basic_string@DV?$char_traits@D@_STL@@V?$allocator@D@2@@_STL@@QBE?AV12@II@Z 00413500 f i common:Utils.obj
 0001:00012610       ??0?$basic_fstream@DV?$char_traits@D@_STL@@@_STL@@QAE@XZ 00413610 f i common:Utils.obj
 0001:000127f0       ??1_STLP_mutex@_STL@@QAE@XZ 004137f0 f i common:Utils.obj
 0001:00012800       ??1?$auto_ptr@D@_STL@@QAE@XZ 00413800 f i common:Utils.obj
 0001:00012810       ??1?$auto_ptr@E@_STL@@QAE@XZ 00413810 f i common:Utils.obj
 0001:00012820       ?append@?$basic_string@DV?$char_traits@D@_STL@@V?$allocator@D@2@@_STL@@QAEAAV12@PBD@Z 00413820 f i common:Utils.obj
 0001:00012860       ?push_back@?$basic_string@DV?$char_traits@D@_STL@@V?$allocator@D@2@@_STL@@QAEXD@Z 00413860 f i common:Utils.obj
 0001:000128c0       ?move@?$__char_traits_base@DH@_STL@@SAPADPADPBDI@Z 004138c0 f i common:Utils.obj
 0001:000128f0       ?reserve@?$basic_string@DV?$char_traits@D@_STL@@V?$allocator@D@2@@_STL@@QAEXI@Z 004138f0 f i common:Utils.obj
 0001:00012a10       ??H_STL@@YA?AV?$basic_string@DV?$char_traits@D@_STL@@V?$allocator@D@2@@0@ABV10@0@Z 00413a10 f i common:Utils.obj
 0001:00012b50       ??0?$basic_ostream@DV?$char_traits@D@_STL@@@_STL@@QAE@PAV?$basic_streambuf@DV?$char_traits@D@_STL@@@1@@Z 00413b50 f i common:Utils.obj
 0001:00012c50       ?_M_setup_codecvt@?$basic_filebuf@DV?$char_traits@D@_STL@@@_STL@@AAEXABVlocale@2@@Z 00413c50 f i common:Utils.obj
 0001:00012cc0       ?_M_append_dispatch@?$basic_string@DV?$char_traits@D@_STL@@V?$allocator@D@2@@_STL@@AAEAAV12@PAD0ABU__false_type@2@@Z 00413cc0 f i common:Utils.obj
 0001:00012cf0       ?iterator_category@_STL@@YA?AUrandom_access_iterator_tag@1@PBD@Z 00413cf0 f i common:Utils.obj
 0001:00012d00       ?distance_type@_STL@@YAPAHPBD@Z 00413d00 f i common:Utils.obj
 0001:00012d10       ?__copy@_STL@@YAPADPAD00ABUrandom_access_iterator_tag@1@PAH@Z 00413d10 f i common:Utils.obj
 0001:00012d40       ??0CWin32Exception@Win32@OnlineGameLib@@QAE@ABV?$basic_string@DV?$char_traits@D@_STL@@V?$allocator@D@2@@_STL@@K@Z 00413d40 f   common:Win32Exception.obj
 0001:00012de0       ??0CException@Win32@OnlineGameLib@@QAE@ABV?$basic_string@DV?$char_traits@D@_STL@@V?$allocator@D@2@@_STL@@0@Z 00413de0 f   common:Exception.obj
 0001:00012f20       ?GetWhere@CException@Win32@OnlineGameLib@@UBE?AV?$basic_string@DV?$char_traits@D@_STL@@V?$allocator@D@2@@_STL@@XZ 00413f20 f   common:Exception.obj
 0001:00012fe0       ?GetMessageA@CException@Win32@OnlineGameLib@@UBE?AV?$basic_string@DV?$char_traits@D@_STL@@V?$allocator@D@2@@_STL@@XZ 00413fe0 f   common:Exception.obj
 0001:000130a0       ?MessageBoxA@CException@Win32@OnlineGameLib@@QBEXPAUHWND__@@@Z 004140a0 f   common:Exception.obj
 0001:00013180       ??0CNodeList@OnlineGameLib@@QAE@XZ 00414180 f   common:NodeList.obj
 0001:00013190       ?PushNode@CNodeList@OnlineGameLib@@QAEXPAVNode@12@@Z 00414190 f   common:NodeList.obj
 0001:000131c0       ?PopNode@CNodeList@OnlineGameLib@@QAEPAVNode@12@XZ 004141c0 f   common:NodeList.obj
 0001:000131e0       ?RemoveNode@CNodeList@OnlineGameLib@@AAEXPAVNode@12@@Z 004141e0 f   common:NodeList.obj
 0001:00013200       ??0Node@CNodeList@OnlineGameLib@@IAE@XZ 00414200 f   common:NodeList.obj
 0001:00013210       ??1Node@CNodeList@OnlineGameLib@@IAE@XZ 00414210 f   common:NodeList.obj
 0001:00013270       ?AddToList@Node@CNodeList@OnlineGameLib@@QAEXPAV23@@Z 00414270 f   common:NodeList.obj
 0001:00013280       ?RemoveFromList@Node@CNodeList@OnlineGameLib@@QAEXXZ 00414280 f   common:NodeList.obj
 0001:00013290       ?Unlink@Node@CNodeList@OnlineGameLib@@AAEXXZ 00414290 f   common:NodeList.obj
 0001:000132c0       _db_env_create             004142c0 f   libdb41s:env_method.obj
 0001:000139c0       ___db_mi_env               004149c0 f   libdb41s:env_method.obj
 0001:000139e0       ___db_mi_open              004149e0 f   libdb41s:env_method.obj
 0001:00013a10       ___db_env_config           00414a10 f   libdb41s:env_method.obj
 0001:00013aa0       _db_create                 00414aa0 f   libdb41s:db_method.obj
 0001:00013da0       ___dbh_am_chk              00414da0 f   libdb41s:db_method.obj
 0001:00014280       ___db_set_lorder           00415280 f   libdb41s:db_method.obj
 0001:00014460       ___os_umalloc              00415460 f   libdb41s:os_alloc.obj
 0001:00014510       ___os_urealloc             00415510 f   libdb41s:os_alloc.obj
 0001:000145d0       ___os_ufree                004155d0 f   libdb41s:os_alloc.obj
 0001:00014620       ___os_strdup               00415620 f   libdb41s:os_alloc.obj
 0001:00014680       ___os_calloc               00415680 f   libdb41s:os_alloc.obj
 0001:000146d0       ___os_malloc               004156d0 f   libdb41s:os_alloc.obj
 0001:00014750       ___os_realloc              00415750 f   libdb41s:os_alloc.obj
 0001:000147e0       ___os_free                 004157e0 f   libdb41s:os_alloc.obj
 0001:00014800       ___ua_memcpy               00415800 f   libdb41s:os_alloc.obj
 0001:00014830       ___txn_dbenv_create        00415830 f   libdb41s:txn_method.obj
 0001:000148e0       ___rep_dbenv_create        004158e0 f   libdb41s:rep_method.obj
 0001:00015e40       ___memp_dbenv_create       00416e40 f   libdb41s:mp_method.obj
 0001:00015f90       ___lock_dbenv_create       00416f90 f   libdb41s:lock_method.obj
 0001:00016050       ___lock_dbenv_close        00417050 f   libdb41s:lock_method.obj
 0001:00016280       ___log_dbenv_create        00417280 f   libdb41s:log_method.obj
 0001:00016470       _db_version                00417470 f   libdb41s:env_open.obj
 0001:000164a0       ___dbenv_open              004174a0 f   libdb41s:env_open.obj
 0001:00016930       ___dbenv_remove            00417930 f   libdb41s:env_open.obj
 0001:00016ba0       ___dbenv_close             00417ba0 f   libdb41s:env_open.obj
 0001:00016e60       ___db_appname              00417e60 f   libdb41s:env_open.obj
 0001:00017150       ___db_home                 00418150 f   libdb41s:env_open.obj
 0001:00017fa0       ___dbenv_dbrename          00418fa0 f   libdb41s:db_rename.obj
 0001:00018100       ___db_rename               00419100 f   libdb41s:db_rename.obj
 0001:000181c0       ___db_rename_i             004191c0 f   libdb41s:db_rename.obj
 0001:00018400       ___dbenv_dbremove          00419400 f   libdb41s:db_remove.obj
 0001:00018560       ___db_remove               00419560 f   libdb41s:db_remove.obj
 0001:00018610       ___db_remove_i             00419610 f   libdb41s:db_remove.obj
 0001:000188c0       ___db_fchk                 004198c0 f   libdb41s:db_err.obj
 0001:000188f0       ___db_fcchk                004198f0 f   libdb41s:db_err.obj
 0001:00018920       ___db_ferr                 00419920 f   libdb41s:db_err.obj
 0001:00018950       ___db_pgerr                00419950 f   libdb41s:db_err.obj
 0001:00018980       ___db_pgfmt                00419980 f   libdb41s:db_err.obj
 0001:000189b0       ___db_eopnotsup            004199b0 f   libdb41s:db_err.obj
 0001:000189d0       ___db_panic_msg            004199d0 f   libdb41s:db_err.obj
 0001:000189f0       ___db_panic                004199f0 f   libdb41s:db_err.obj
 0001:00018a40       _db_strerror               00419a40 f   libdb41s:db_err.obj
 0001:00018b50       ___db_err                  00419b50 f   libdb41s:db_err.obj
 0001:00018ba0       ___db_errcall              00419ba0 f   libdb41s:db_err.obj
 0001:00018c60       ___db_errfile              00419c60 f   libdb41s:db_err.obj
 0001:00018cf0       ___db_logmsg               00419cf0 f   libdb41s:db_err.obj
 0001:00018da0       ___db_unknown_flag         00419da0 f   libdb41s:db_err.obj
 0001:00018dd0       ___db_unknown_type         00419dd0 f   libdb41s:db_err.obj
 0001:00018e00       ___db_check_txn            00419e00 f   libdb41s:db_err.obj
 0001:00018f10       ___db_not_txn_env          00419f10 f   libdb41s:db_err.obj
 0001:00018f30       ___db_xa_create            00419f30 f   libdb41s:xa_db.obj
 0001:00019150       ___qam_db_create           0041a150 f   libdb41s:qam_method.obj
 0001:00019190       ___qam_db_close            0041a190 f   libdb41s:qam_method.obj
 0001:000192b0       ___db_prqueue              0041a2b0 f   libdb41s:qam_method.obj
 0001:00019430       ___qam_remove              0041a430 f   libdb41s:qam_method.obj
 0001:00019690       ___qam_rename              0041a690 f   libdb41s:qam_method.obj
 0001:000198e0       ___ham_db_create           0041a8e0 f   libdb41s:hash_method.obj
 0001:00019930       ___ham_db_close            0041a930 f   libdb41s:hash_method.obj
 0001:00019a50       ___bam_db_create           0041aa50 f   libdb41s:bt_method.obj
 0001:00019b10       ___bam_db_close            0041ab10 f   libdb41s:bt_method.obj
 0001:00019b60       ___bam_set_flags           0041ab60 f   libdb41s:bt_method.obj
 0001:00019de0       ___ram_set_flags           0041ade0 f   libdb41s:bt_method.obj
 0001:00019fe0       ___db_verify               0041afe0 f   libdb41s:db_vrfy.obj
 0001:0001a010       ___db_verify_callback      0041b010 f   libdb41s:db_vrfy.obj
 0001:0001a050       ___db_verify_internal      0041b050 f   libdb41s:db_vrfy.obj
 0001:0001b210       ___db_vrfy_datapage        0041c210 f   libdb41s:db_vrfy.obj
 0001:0001b400       ___db_vrfy_meta            0041c400 f   libdb41s:db_vrfy.obj
 0001:0001b9d0       ___db_vrfy_struct_feedback 0041c9d0 f   libdb41s:db_vrfy.obj
 0001:0001c160       ___db_vrfy_inpitem         0041d160 f   libdb41s:db_vrfy.obj
 0001:0001c320       ___db_vrfy_duptype         0041d320 f   libdb41s:db_vrfy.obj
 0001:0001c450       ___db_salvage_duptree      0041d450 f   libdb41s:db_vrfy.obj
 0001:0001cd80       ___db_upgrade              0041dd80 f   libdb41s:db_upg.obj
 0001:0001d300       ___db_lastpgno             0041e300 f   libdb41s:db_upg.obj
 0001:0001d3a0       ___db_cursor               0041e3a0 f   libdb41s:db_am.obj
 0001:0001d500       ___db_icursor              0041e500 f   libdb41s:db_am.obj
 0001:0001d950       ___db_fd                   0041e950 f   libdb41s:db_am.obj
 0001:0001d9f0       ___db_get                  0041e9f0 f   libdb41s:db_am.obj
 0001:0001db30       ___db_put                  0041eb30 f   libdb41s:db_am.obj
[...]
 0001:000b0490       _$E39                      004b1490 f   stlport_vc6_static:monetary.obj
 0001:000b0570       _$E41                      004b1570 f   stlport_vc6_static:monetary.obj
 0001:000b0580       _$E40                      004b1580 f   stlport_vc6_static:monetary.obj
 0001:000b0600       ?_Init_monetary_formats@_STL@@YAXAAUpattern@money_base@1@0@Z 004b1600 f   stlport_vc6_static:monetary.obj
 0001:000af320       _$E34                      004b0320 f   stlport_vc6_static:numpunct.obj
 0001:000af330       _$E30                      004b0330 f   stlport_vc6_static:numpunct.obj
 0001:000af410       _$E33                      004b0410 f   stlport_vc6_static:numpunct.obj
 0001:000af420       _$E31                      004b0420 f   stlport_vc6_static:numpunct.obj
 0001:000af440       _$E39                      004b0440 f   stlport_vc6_static:numpunct.obj
 0001:000af450       _$E36                      004b0450 f   stlport_vc6_static:numpunct.obj
 0001:000af530       _$E38                      004b0530 f   stlport_vc6_static:numpunct.obj
 0001:000af540       _$E37                      004b0540 f   stlport_vc6_static:numpunct.obj
 0001:000af560       _$E44                      004b0560 f   stlport_vc6_static:numpunct.obj
 0001:000af570       _$E41                      004b0570 f   stlport_vc6_static:numpunct.obj
 0001:000af650       _$E43                      004b0650 f   stlport_vc6_static:numpunct.obj
 0001:000af660       _$E42                      004b0660 f   stlport_vc6_static:numpunct.obj
 0001:000af940       _$E50                      004b0940 f   stlport_vc6_static:numpunct.obj
 0001:000af950       _$E46                      004b0950 f   stlport_vc6_static:numpunct.obj
 0001:000afa30       _$E49                      004b0a30 f   stlport_vc6_static:numpunct.obj
 0001:000afa40       _$E47                      004b0a40 f   stlport_vc6_static:numpunct.obj
 0001:000afa60       _$E55                      004b0a60 f   stlport_vc6_static:numpunct.obj
 0001:000afa70       _$E52                      004b0a70 f   stlport_vc6_static:numpunct.obj
 0001:000afb50       _$E54                      004b0b50 f   stlport_vc6_static:numpunct.obj
 0001:000afb60       _$E53                      004b0b60 f   stlport_vc6_static:numpunct.obj
 0001:000afb80       _$E60                      004b0b80 f   stlport_vc6_static:numpunct.obj
 0001:000afb90       _$E57                      004b0b90 f   stlport_vc6_static:numpunct.obj
 0001:000afc70       _$E59                      004b0c70 f   stlport_vc6_static:numpunct.obj
 0001:000afc80       _$E58                      004b0c80 f   stlport_vc6_static:numpunct.obj
 0001:000a8050       _$E36                      004a9050 f   stlport_vc6_static:fstream.obj
 0001:000a8060       _$E33                      004a9060 f   stlport_vc6_static:fstream.obj
 0001:000a8070       _$E35                      004a9070 f   stlport_vc6_static:fstream.obj
 0001:000a8080       _$E34                      004a9080 f   stlport_vc6_static:fstream.obj
 0001:000926e0       _$E36                      004936e0 f   stlport_vc6_static:iostream.obj
 0001:000926f0       _$E33                      004936f0 f   stlport_vc6_static:iostream.obj
 0001:00092700       _$E35                      00493700 f   stlport_vc6_static:iostream.obj
 0001:00092710       _$E34                      00493710 f   stlport_vc6_static:iostream.obj
 0001:00092730       _$E41                      00493730 f   stlport_vc6_static:iostream.obj
 0001:00092740       _$E38                      00493740 f   stlport_vc6_static:iostream.obj
 0001:00092750       _$E40                      00493750 f   stlport_vc6_static:iostream.obj
 0001:00092760       _$E39                      00493760 f   stlport_vc6_static:iostream.obj
 0001:00092780       _$E46                      00493780 f   stlport_vc6_static:iostream.obj
 0001:00092790       _$E43                      00493790 f   stlport_vc6_static:iostream.obj
 0001:000927a0       _$E45                      004937a0 f   stlport_vc6_static:iostream.obj
 0001:000927b0       _$E44                      004937b0 f   stlport_vc6_static:iostream.obj
 0001:000927d0       _$E51                      004937d0 f   stlport_vc6_static:iostream.obj
 0001:000927e0       _$E48                      004937e0 f   stlport_vc6_static:iostream.obj
 0001:000927f0       _$E50                      004937f0 f   stlport_vc6_static:iostream.obj
 0001:00092800       _$E49                      00493800 f   stlport_vc6_static:iostream.obj
 0001:00092820       _$E56                      00493820 f   stlport_vc6_static:iostream.obj
 0001:00092830       _$E53                      00493830 f   stlport_vc6_static:iostream.obj
 0001:00092840       _$E55                      00493840 f   stlport_vc6_static:iostream.obj
 0001:00092850       _$E54                      00493850 f   stlport_vc6_static:iostream.obj
 0001:00092870       _$E61                      00493870 f   stlport_vc6_static:iostream.obj
 0001:00092880       _$E58                      00493880 f   stlport_vc6_static:iostream.obj
 0001:00092890       _$E60                      00493890 f   stlport_vc6_static:iostream.obj
 0001:000928a0       _$E59                      004938a0 f   stlport_vc6_static:iostream.obj
 0001:000928c0       _$E66                      004938c0 f   stlport_vc6_static:iostream.obj
 0001:000928d0       _$E63                      004938d0 f   stlport_vc6_static:iostream.obj
 0001:000928e0       _$E65                      004938e0 f   stlport_vc6_static:iostream.obj
 0001:000928f0       _$E64                      004938f0 f   stlport_vc6_static:iostream.obj
 0001:00092910       _$E71                      00493910 f   stlport_vc6_static:iostream.obj
 0001:00092920       _$E68                      00493920 f   stlport_vc6_static:iostream.obj
 0001:00092930       _$E70                      00493930 f   stlport_vc6_static:iostream.obj
 0001:00092940       _$E69                      00493940 f   stlport_vc6_static:iostream.obj
 0001:0007f840       _$E43                      00480840 f   stlport_vc6_static:locale_impl.obj
 0001:0007f850       _$E40                      00480850 f   stlport_vc6_static:locale_impl.obj
 0001:0007f860       _$E42                      00480860 f   stlport_vc6_static:locale_impl.obj
 0001:0007f870       _$E41                      00480870 f   stlport_vc6_static:locale_impl.obj
 0001:0007fbd0       _$E72                      00480bd0 f   stlport_vc6_static:locale_impl.obj
 0001:0007fbe0       _$E69                      00480be0 f   stlport_vc6_static:locale_impl.obj
 0001:0007fbf0       _$E71                      00480bf0 f   stlport_vc6_static:locale_impl.obj
 0001:0007fc00       _$E70                      00480c00 f   stlport_vc6_static:locale_impl.obj
 0001:00080250       _$E77                      00481250 f   stlport_vc6_static:locale_impl.obj
 0001:00080260       _$E74                      00481260 f   stlport_vc6_static:locale_impl.obj
 0001:00080270       _$E76                      00481270 f   stlport_vc6_static:locale_impl.obj
 0001:00080280       _$E75                      00481280 f   stlport_vc6_static:locale_impl.obj
 0001:000804d0       ?_Stl_loc_assign_ids@_STL@@YAXXZ 004814d0 f   stlport_vc6_static:locale_impl.obj
 0001:000807a0       _$E82                      004817a0 f   stlport_vc6_static:locale_impl.obj
 0001:000807b0       _$E79                      004817b0 f   stlport_vc6_static:locale_impl.obj
 0001:00080890       _$E81                      00481890 f   stlport_vc6_static:locale_impl.obj
 0001:000808a0       _$E80                      004818a0 f   stlport_vc6_static:locale_impl.obj
 0001:000c952d       _xtoa                      004ca52d f   LIBCMT:xtoa.obj
 0001:000c95ff       _x64toa@20                 004ca5ff f   LIBCMT:xtoa.obj
 0001:000c9018       _findenv                   004ca018 f   LIBCMT:setenv.obj
 0001:000c9070       _copy_environ              004ca070 f   LIBCMT:setenv.obj
 0001:000c8e66       _strncnt                   004c9e66 f   LIBCMT:a_cmp.obj
 0001:000c8909       _getSystemCP               004c9909 f   LIBCMT:mbctype.obj
 0001:000c8953       _CPtoLCID                  004c9953 f   LIBCMT:mbctype.obj
 0001:000c8986       _setSBCS                   004c9986 f   LIBCMT:mbctype.obj
 0001:000c89af       _setSBUpLow                004c99af f   LIBCMT:mbctype.obj
 0001:000c872b       _x_ismbbtype               004c972b f   LIBCMT:ismbbyte.obj
 0001:000c7e5d       __abstract_cw              004c8e5d f   LIBCMT:ieee87.obj
 0001:000c7eef       __hw_cw                    004c8eef f   LIBCMT:ieee87.obj
 0001:000c7f78       __abstract_sw              004c8f78 f   LIBCMT:ieee87.obj
 0001:000c7b7b       _strtoxl                   004c8b7b f   LIBCMT:strtol.obj
 0001:000c7301       __get_fname                004c8301 f   LIBCMT:fpexcept.obj
 0001:000c6077       _TranslateName             004c7077 f   LIBCMT:getqloc.obj
 0001:000c60cf       _GetLcidFromLangCountry    004c70cf f   LIBCMT:getqloc.obj
 0001:000c6156       _LangCountryEnumProc@4     004c7156 f   LIBCMT:getqloc.obj
 0001:000c635a       _GetLcidFromLanguage       004c735a f   LIBCMT:getqloc.obj
 0001:000c63b0       _LanguageEnumProc@4        004c73b0 f   LIBCMT:getqloc.obj
 0001:000c646d       _GetLcidFromCountry        004c746d f   LIBCMT:getqloc.obj
 0001:000c64a4       _CountryEnumProc@4         004c74a4 f   LIBCMT:getqloc.obj
 0001:000c652a       _GetLcidFromDefault        004c752a f   LIBCMT:getqloc.obj
 0001:000c6544       _ProcessCodePage           004c7544 f   LIBCMT:getqloc.obj
 0001:000c65aa       _TestDefaultCountry        004c75aa f   LIBCMT:getqloc.obj
 0001:000c65c9       _TestDefaultLanguage       004c75c9 f   LIBCMT:getqloc.obj
 0001:000c662b       _IsThisWindowsNT           004c762b f   LIBCMT:getqloc.obj
 0001:000c6661       _crtGetLocaleInfoA@16      004c7661 f   LIBCMT:getqloc.obj
 0001:000c6747       _LcidFromHexString         004c7747 f   LIBCMT:getqloc.obj
 0001:000c6780       _GetPrimaryLen             004c7780 f   LIBCMT:getqloc.obj
 0001:000c5ac2       __get_lc_lconv             004c6ac2 f   LIBCMT:initmon.obj
 0001:000c5be4       _fix_grouping              004c6be4 f   LIBCMT:initmon.obj
 0001:000c5c1b       __free_lc_lconv            004c6c1b f   LIBCMT:initmon.obj
 0001:000c59c0       _fix_grouping              004c69c0 f   LIBCMT:initnum.obj
 0001:000c530d       __get_lc_time              004c630d f   LIBCMT:inittime.obj
 0001:000c565b       __free_lc_time             004c665b f   LIBCMT:inittime.obj
 0001:000c5254       _store_dt                  004c6254 f   LIBCMT:asctime.obj
 0001:000c4a0e       __tzset_lk                 004c5a0e f   LIBCMT:tzset.obj
 0001:000c4cb6       __isindst_lk               004c5cb6 f   LIBCMT:tzset.obj
 0001:000c4e62       _cvtdate                   004c5e62 f   LIBCMT:tzset.obj
 0001:000c45cc       _ctrlevent_capture@4       004c55cc f   LIBCMT:winsig.obj
 0001:000c47b0       _siglookup                 004c57b0 f   LIBCMT:winsig.obj
 0001:000c43be       __hextodec                 004c53be f   LIBCMT:input.obj
 0001:000c43f5       __inc                      004c53f5 f   LIBCMT:input.obj
 0001:000c440f       __un_inc                   004c540f f   LIBCMT:input.obj
 0001:000c4426       __whiteout                 004c5426 f   LIBCMT:input.obj
 0001:000c36f8       _strncnt                   004c46f8 f   LIBCMT:a_map.obj
 0001:000c2fab       _parse_cmdline             004c3fab f   LIBCMT:stdargv.obj
 0001:000c2d38       _write_char                004c3d38 f   LIBCMT:output.obj
 0001:000c2d6d       _write_multi_char          004c3d6d f   LIBCMT:output.obj
 0001:000c2d9e       _write_string              004c3d9e f   LIBCMT:output.obj
 0001:000c2dd6       _get_int_arg               004c3dd6 f   LIBCMT:output.obj
 0001:000c2de3       _get_int64_arg             004c3de3 f   LIBCMT:output.obj
 0001:000c2df3       _get_short_arg             004c3df3 f   LIBCMT:output.obj
 0001:000c2000       __cftoe2                   004c3000 f   LIBCMT:cvt.obj
 0001:000c2117       __cftof2                   004c3117 f   LIBCMT:cvt.obj
 0001:000c22a2       __shift                    004c32a2 f   LIBCMT:cvt.obj
 0001:000bfa20       LeadUp1                    004c0a20 f   LIBCMT:memcpy.obj
 0001:000bfa4c       LeadUp2                    004c0a4c f   LIBCMT:memcpy.obj
 0001:000bfa70       LeadUp3                    004c0a70 f   LIBCMT:memcpy.obj
 0001:000bfaef       UnwindUp0                  004c0aef f   LIBCMT:memcpy.obj
 0001:000bfadc       UnwindUp1                  004c0adc f   LIBCMT:memcpy.obj
 0001:000bfad4       UnwindUp2                  004c0ad4 f   LIBCMT:memcpy.obj
 0001:000bfacc       UnwindUp3                  004c0acc f   LIBCMT:memcpy.obj
 0001:000bfac4       UnwindUp4                  004c0ac4 f   LIBCMT:memcpy.obj
 0001:000bfabc       UnwindUp5                  004c0abc f   LIBCMT:memcpy.obj
 0001:000bfab4       UnwindUp6                  004c0ab4 f   LIBCMT:memcpy.obj
 0001:000bfaac       UnwindUp7                  004c0aac f   LIBCMT:memcpy.obj
 0001:000bfb08       TrailUp0                   004c0b08 f   LIBCMT:memcpy.obj
 0001:000bfb10       TrailUp1                   004c0b10 f   LIBCMT:memcpy.obj
 0001:000bfb1c       TrailUp2                   004c0b1c f   LIBCMT:memcpy.obj
 0001:000bfb30       TrailUp3                   004c0b30 f   LIBCMT:memcpy.obj
 0001:000bfba8       LeadDown1                  004c0ba8 f   LIBCMT:memcpy.obj
 0001:000bfbc8       LeadDown2                  004c0bc8 f   LIBCMT:memcpy.obj
 0001:000bfbf0       LeadDown3                  004c0bf0 f   LIBCMT:memcpy.obj
 0001:000bfc44       UnwindDown7                004c0c44 f   LIBCMT:memcpy.obj
 0001:000bfc4c       UnwindDown6                004c0c4c f   LIBCMT:memcpy.obj
 0001:000bfc54       UnwindDown5                004c0c54 f   LIBCMT:memcpy.obj
 0001:000bfc5c       UnwindDown4                004c0c5c f   LIBCMT:memcpy.obj
 0001:000bfc64       UnwindDown3                004c0c64 f   LIBCMT:memcpy.obj
 0001:000bfc6c       UnwindDown2                004c0c6c f   LIBCMT:memcpy.obj
 0001:000bfc74       UnwindDown1                004c0c74 f   LIBCMT:memcpy.obj
 0001:000bfc87       UnwindDown0                004c0c87 f   LIBCMT:memcpy.obj
 0001:000bfca0       TrailDown0                 004c0ca0 f   LIBCMT:memcpy.obj
 0001:000bfca8       TrailDown1                 004c0ca8 f   LIBCMT:memcpy.obj
 0001:000bfcb8       TrailDown2                 004c0cb8 f   LIBCMT:memcpy.obj
 0001:000bfccc       TrailDown3                 004c0ccc f   LIBCMT:memcpy.obj
 0001:000bf3fe       _xcptlookup                004c03fe f   LIBCMT:winxfltr.obj
 0001:000be747       ?FindHandler@@YAXPAUEHExceptionRecord@@PAUEHRegistrationNode@@PAU_CONTEXT@@PAXPBU_s_FuncInfo@@EH1@Z 004bf747 f   LIBCMT:frame.obj
 0001:000be8fa       ?FindHandlerForForeignException@@YAXPAUEHExceptionRecord@@PAUEHRegistrationNode@@PAU_CONTEXT@@PAXPBU_s_FuncInfo@@HH1@Z 004bf8fa f   LIBCMT:frame.obj
 0001:000be9a4       ?TypeMatch@@YAHPBU_s_HandlerType@@PBU_s_CatchableType@@PBU_s_ThrowInfo@@@Z 004bf9a4 f   LIBCMT:frame.obj
 0001:000bea9f       ?FrameUnwindFilter@@YAHPAU_EXCEPTION_POINTERS@@@Z 004bfa9f f   LIBCMT:frame.obj
 0001:000beab5       ?CatchIt@@YAXPAUEHExceptionRecord@@PAUEHRegistrationNode@@PAU_CONTEXT@@PAXPBU_s_FuncInfo@@PBU_s_HandlerType@@PBU_s_CatchableType@@PBU_s_TryBlockMapEntry@@H1E@Z 004bfab5 f   LIBCMT:frame.obj
 0001:000beb30       ?CallCatchBlock@@YAPAXPAUEHExceptionRecord@@PAUEHRegistrationNode@@PAU_CONTEXT@@PBU_s_FuncInfo@@PAXHK@Z 004bfb30 f   LIBCMT:frame.obj
 0001:000bec4b       ?ExFilterRethrow@@YAHPAU_EXCEPTION_POINTERS@@@Z 004bfc4b f   LIBCMT:frame.obj
 0001:000bec75       ?BuildCatchObject@@YAXPAUEHExceptionRecord@@PAUEHRegistrationNode@@PBU_s_HandlerType@@PBU_s_CatchableType@@@Z 004bfc75 f   LIBCMT:frame.obj
 0001:000beea0       ?AdjustPointer@@YAPAXPAXABUPMD@@@Z 004bfea0 f   LIBCMT:frame.obj
 0001:000be4ed       _doexit                    004bf4ed f   LIBCMT:crt0dat.obj
 0001:000be5a4       __initterm                 004bf5a4 f   LIBCMT:crt0dat.obj
 0001:000bd2fa       ?ArrayUnwindFilter@@YAHPAU_EXCEPTION_POINTERS@@@Z 004be2fa f   LIBCMT:ehvecdtr.obj
 0001:000bcde9       __setlocale_set_cat        004bdde9 f   LIBCMT:setlocal.obj
 0001:000bcf04       __setlocale_get_all        004bdf04 f   LIBCMT:setlocal.obj
 0001:000bbde3       __expandtime               004bcde3 f   LIBCMT:strftime.obj
 0001:000bc1d2       __store_str                004bd1d2 f   LIBCMT:strftime.obj
 0001:000bc1f9       __store_num                004bd1f9 f   LIBCMT:strftime.obj
 0001:000bc268       __store_number             004bd268 f   LIBCMT:strftime.obj
 0001:000bc2b1       __store_winword            004bd2b1 f   LIBCMT:strftime.obj
 0001:000bb677       _shortsort                 004bc677 f   LIBCMT:qsort.obj
 0001:000bb6c5       _swap                      004bc6c5 f   LIBCMT:qsort.obj
 0001:000bb258       _flsall                    004bc258 f   LIBCMT:fflush.obj
 0001:000ba4f3       _fast_error_exit           004bb4f3 f   LIBCMT:wincrt0.obj
 0001:000b95f0       LeadUp1                    004ba5f0 f   LIBCMT:memmove.obj
 0001:000b961c       LeadUp2                    004ba61c f   LIBCMT:memmove.obj
 0001:000b9640       LeadUp3                    004ba640 f   LIBCMT:memmove.obj
 0001:000b96bf       UnwindUp0                  004ba6bf f   LIBCMT:memmove.obj
 0001:000b96ac       UnwindUp1                  004ba6ac f   LIBCMT:memmove.obj
 0001:000b96a4       UnwindUp2                  004ba6a4 f   LIBCMT:memmove.obj
 0001:000b969c       UnwindUp3                  004ba69c f   LIBCMT:memmove.obj
 0001:000b9694       UnwindUp4                  004ba694 f   LIBCMT:memmove.obj
 0001:000b968c       UnwindUp5                  004ba68c f   LIBCMT:memmove.obj
 0001:000b9684       UnwindUp6                  004ba684 f   LIBCMT:memmove.obj
 0001:000b967c       UnwindUp7                  004ba67c f   LIBCMT:memmove.obj
 0001:000b96d8       TrailUp0                   004ba6d8 f   LIBCMT:memmove.obj
 0001:000b96e0       TrailUp1                   004ba6e0 f   LIBCMT:memmove.obj
 0001:000b96ec       TrailUp2                   004ba6ec f   LIBCMT:memmove.obj
 0001:000b9700       TrailUp3                   004ba700 f   LIBCMT:memmove.obj
 0001:000b9778       LeadDown1                  004ba778 f   LIBCMT:memmove.obj
 0001:000b9798       LeadDown2                  004ba798 f   LIBCMT:memmove.obj
 0001:000b97c0       LeadDown3                  004ba7c0 f   LIBCMT:memmove.obj
 0001:000b9814       UnwindDown7                004ba814 f   LIBCMT:memmove.obj
 0001:000b981c       UnwindDown6                004ba81c f   LIBCMT:memmove.obj
 0001:000b9824       UnwindDown5                004ba824 f   LIBCMT:memmove.obj
 0001:000b982c       UnwindDown4                004ba82c f   LIBCMT:memmove.obj
 0001:000b9834       UnwindDown3                004ba834 f   LIBCMT:memmove.obj
 0001:000b983c       UnwindDown2                004ba83c f   LIBCMT:memmove.obj
 0001:000b9844       UnwindDown1                004ba844 f   LIBCMT:memmove.obj
 0001:000b9857       UnwindDown0                004ba857 f   LIBCMT:memmove.obj
 0001:000b9870       TrailDown0                 004ba870 f   LIBCMT:memmove.obj
 0001:000b9878       TrailDown1                 004ba878 f   LIBCMT:memmove.obj
 0001:000b9888       TrailDown2                 004ba888 f   LIBCMT:memmove.obj
 0001:000b989c       TrailDown3                 004ba89c f   LIBCMT:memmove.obj
 0001:000b9317       __threadstartex@4          004ba317 f   LIBCMT:threadex.obj
 0001:000b91c8       _gu_return                 004ba1c8 f   LIBCMT:exsup.obj
 0001:000b91d0       __unwind_handler           004ba1d0 f   LIBCMT:exsup.obj
 0001:000b8fe2       ?CatchGuardHandler@@YA?AW4_EXCEPTION_DISPOSITION@@PAUEHExceptionRecord@@PAUCatchGuardRN@@PAX2@Z 004b9fe2 f   LIBCMT:trnsctrl.obj
 0001:000b90bd       ?TranslatorGuardHandler@@YA?AW4_EXCEPTION_DISPOSITION@@PAUEHExceptionRecord@@PAUTranslatorGuardRN@@PAX2@Z 004ba0bd f   LIBCMT:trnsctrl.obj
