 Sword3PaySys

 Timestamp is 68b8da7e (Wed Sep 03 20:17:02 2025)

 Preferred load address is 00400000

 Start         Length     Name                   Class
 0001:00000000 00030663H .text                   CODE
 0001:00030670 00000ffaH .text$x                 CODE
 0002:00000000 00000264H .idata$5                DATA
 0002:00000268 000011ecH .rdata                  DATA
 0002:00001458 0000047cH .rdata$r                DATA
 0002:000018d8 00002080H .xdata$x                DATA
 0002:00003958 00000064H .idata$2                DATA
 0002:000039bc 00000014H .idata$3                DATA
 0002:000039d0 00000264H .idata$4                DATA
 0002:00003c34 00000906H .idata$6                DATA
 0002:0000453a 00000000H .edata                  DATA
 0003:00000000 00000004H .CRT$XCA                DATA
 0003:00000004 00000030H .CRT$XCU                DATA
 0003:00000034 00000004H .CRT$XCZ                DATA
 0003:00000038 00000004H .CRT$XIA                DATA
 0003:0000003c 0000000cH .CRT$XIC                DATA
 0003:00000048 00000004H .CRT$XIY                DATA
 0003:0000004c 00000004H .CRT$XIZ                DATA
 0003:00000050 00000004H .CRT$XPA                DATA
 0003:00000054 00000004H .CRT$XPX                DATA
 0003:00000058 00000004H .CRT$XPZ                DATA
 0003:0000005c 00000004H .CRT$XTA                DATA
 0003:00000060 00000004H .CRT$XTB                DATA
 0003:00000064 00000004H .CRT$XTZ                DATA
 0003:00000070 00004ce0H .data                   DATA
 0003:00004d50 002019e0H .bss                    DATA
 0004:00000000 00000280H .rsrc$01                DATA
 0004:00000280 00000a58H .rsrc$02                DATA

  Address         Publics by Value              Rva+Base     Lib:Object

 0001:000001b0       ?KPIWritePrivateProfileString@@YAHPBD000@Z 004011b0 f   GlobalFun.obj
 0001:00000ab0       ?KPIGetPrivateProfileString@@YAKPBD00PADK0@Z 00401ab0 f   GlobalFun.obj
 0001:00000cc0       ?KPIWaitForSingleObject@@YAKPAXK@Z 00401cc0 f   GlobalFun.obj
 0001:00000cf0       ?KPICloseHandle@@YAHPAX@Z  00401cf0 f   GlobalFun.obj
 0001:00000d00       ?KPITerminateThread@@YAHPAXK@Z 00401d00 f   GlobalFun.obj
 0001:00000d20       ?KPICreateThread@@YAPAXP6GKPAX@Z0PAK@Z 00401d20 f   GlobalFun.obj
 0001:00000d50       ?KPICreateUDPSocket@@YAIH@Z 00401d50 f   GlobalFun.obj
 0001:00000df0       ?KPICreateEvent@@YAPAXPAU_SECURITY_ATTRIBUTES@@HHPBD@Z 00401df0 f   GlobalFun.obj
 0001:00000e10       ?KPISetEvent@@YAHPAX@Z     00401e10 f   GlobalFun.obj
 0001:00000e20       ?KPIResetEvent@@YAHPAX@Z   00401e20 f   GlobalFun.obj
 0001:00000e30       ?KPIGetExePath@@YAXPADK@Z  00401e30 f   GlobalFun.obj
 0001:00000e90       ?KPICreateMutex@@YAPAXPAU_SECURITY_ATTRIBUTES@@HPBD@Z 00401e90 f   GlobalFun.obj
 0001:00000eb0       ?KPIReleaseMutex@@YAHPAX@Z 00401eb0 f   GlobalFun.obj
 0001:00000ec0       ?KPIHash@@YAKPADKK@Z       00401ec0 f   GlobalFun.obj
 0001:00000f00       ?KPIPrintToFile@@YAXPBD0ZZ 00401f00 f   GlobalFun.obj
 0001:00000f50       ?KPIPrintToFile@@YAXPAU_iobuf@@PBDZZ 00401f50 f   GlobalFun.obj
 0001:00000f70       ??0KThread@@QAE@XZ         00401f70 f   KThread.obj
 0001:00000f90       ??_GKThread@@UAEPAXI@Z     00401f90 f i KThread.obj
 0001:00000f90       ??_EKThread@@UAEPAXI@Z     00401f90 f i KThread.obj
 0001:00000fb0       ??1KThread@@UAE@XZ         00401fb0 f   KThread.obj
 0001:00000fc0       ?Start@KThread@@UAEPAXXZ   00401fc0 f   KThread.obj
 0001:00001000       ?Stop@KThread@@UAEHXZ      00402000 f   KThread.obj
 0001:00001090       ?ThreadFun@KThread@@SGKPAX@Z 00402090 f   KThread.obj
 0001:000010a0       ??0K_CS@@QAE@XZ            004020a0 f   KThread.obj
 0001:000010c0       ??_GK_CS@@UAEPAXI@Z        004020c0 f i KThread.obj
 0001:000010c0       ??_EK_CS@@UAEPAXI@Z        004020c0 f i KThread.obj
 0001:000010e0       ??1K_CS@@UAE@XZ            004020e0 f   KThread.obj
 0001:00001100       ?Lock@K_CS@@QAEHXZ         00402100 f   KThread.obj
 0001:00001120       ?Unlock@K_CS@@QAEHXZ       00402120 f   KThread.obj
 0001:00001150       ??0CLogFile@@QAE@XZ        00402150 f   LogFile.obj
 0001:000011c0       ??_GCLogFile@@UAEPAXI@Z    004021c0 f i LogFile.obj
 0001:000011c0       ??_ECLogFile@@UAEPAXI@Z    004021c0 f i LogFile.obj
 0001:000011e0       ??1CLogFile@@UAE@XZ        004021e0 f   LogFile.obj
 0001:00001250       ?Initialize@CLogFile@@QAEHABV?$basic_string@DV?$char_traits@D@_STL@@V?$allocator@D@2@@_STL@@I@Z 00402250 f   LogFile.obj
 0001:00001440       ?Uninitialize@CLogFile@@QAEHXZ 00402440 f   LogFile.obj
 0001:00001490       ?TraceLog@CLogFile@@QAEIPBXI@Z 00402490 f   LogFile.obj
 0001:000014f0       ?PrepareFile@CLogFile@@AAEHXZ 004024f0 f   LogFile.obj
 0001:00001780       ?BeginBatch@CLogFile@@QAEKXZ 00402780 f   LogFile.obj
 0001:000017b0       ?EndBatch@CLogFile@@QAEKXZ 004027b0 f   LogFile.obj
 0001:000017d0       ?IsBatched@CLogFile@@QAEHXZ 004027d0 f   LogFile.obj
 0001:000017e0       ?OpenUniDirectory@CLogFile@@CAHABV?$basic_string@DV?$char_traits@D@_STL@@V?$allocator@D@2@@_STL@@PAV23@@Z 004027e0 f   LogFile.obj
 0001:00001a10       ?CreateUniFile@CLogFile@@CAPAXABV?$basic_string@DV?$char_traits@D@_STL@@V?$allocator@D@2@@_STL@@PAV23@@Z 00402a10 f   LogFile.obj
 0001:00001c20       ??1?$basic_string@DV?$char_traits@D@_STL@@V?$allocator@D@2@@_STL@@QAE@XZ 00402c20 f i LogFile.obj
 0001:00001c90       ?push_back@?$basic_string@DV?$char_traits@D@_STL@@V?$allocator@D@2@@_STL@@QAEXD@Z 00402c90 f i LogFile.obj
 0001:00001cf0       ??1?$_String_base@DV?$allocator@D@_STL@@@_STL@@QAE@XZ 00402cf0 f i LogFile.obj
 0001:00001d60       ??1?$_STLP_alloc_proxy@PADDV?$allocator@D@_STL@@@_STL@@QAE@XZ 00402d60 f i LogFile.obj
 0001:00001d70       ?erase@?$basic_string@DV?$char_traits@D@_STL@@V?$allocator@D@2@@_STL@@QAEPADPAD0@Z 00402d70 f i LogFile.obj
 0001:00001db0       ?_M_deallocate_block@?$_String_base@DV?$allocator@D@_STL@@@_STL@@QAEXXZ 00402db0 f i LogFile.obj
 0001:00001de0       ??1?$allocator@D@_STL@@QAE@XZ 00402de0 f i LogFile.obj
 0001:00001df0       ?deallocate@?$_STLP_alloc_proxy@PADDV?$allocator@D@_STL@@@_STL@@QAEXPADI@Z 00402df0 f i LogFile.obj
 0001:00001e20       ?deallocate@?$allocator@D@_STL@@QBEXPADI@Z 00402e20 f i LogFile.obj
 0001:00001e50       ?reserve@?$basic_string@DV?$char_traits@D@_STL@@V?$allocator@D@2@@_STL@@QAEXI@Z 00402e50 f i LogFile.obj
 0001:00001f70       ??H_STL@@YA?AV?$basic_string@DV?$char_traits@D@_STL@@V?$allocator@D@2@@0@ABV10@PBD@Z 00402f70 f i LogFile.obj
 0001:000020b0       ?deallocate@?$__node_alloc@$00$0A@@_STL@@SAXPAXI@Z 004030b0 f i LogFile.obj
 0001:000020e0       ?get_allocator@?$basic_string@DV?$char_traits@D@_STL@@V?$allocator@D@2@@_STL@@QBE?AV?$allocator@D@2@XZ 004030e0 f i LogFile.obj
 0001:00002100       ??0?$_String_base@DV?$allocator@D@_STL@@@_STL@@QAE@ABV?$allocator@D@1@@Z 00403100 f i LogFile.obj
 0001:00002110       ??0?$_STLP_alloc_proxy@PADDV?$allocator@D@_STL@@@_STL@@QAE@ABV?$allocator@D@1@PAD@Z 00403110 f i LogFile.obj
 0001:00002120       ?_M_allocate_block@?$_String_base@DV?$allocator@D@_STL@@@_STL@@QAEXI@Z 00403120 f i LogFile.obj
 0001:00002180       ?_M_range_initialize@?$basic_string@DV?$char_traits@D@_STL@@V?$allocator@D@2@@_STL@@AAEXPAD0@Z 00403180 f i LogFile.obj
 0001:00002200       ?_M_assign_dispatch@?$basic_string@DV?$char_traits@D@_STL@@V?$allocator@D@2@@_STL@@AAEAAV12@PAD0ABU__false_type@2@@Z 00403200 f i LogFile.obj
 0001:00002280       ?_M_append_dispatch@?$basic_string@DV?$char_traits@D@_STL@@V?$allocator@D@2@@_STL@@AAEAAV12@PBD0ABU__false_type@2@@Z 00403280 f i LogFile.obj
 0001:000022b0       ?_M_range_initialize@?$basic_string@DV?$char_traits@D@_STL@@V?$allocator@D@2@@_STL@@AAEXPAD0ABUforward_iterator_tag@2@@Z 004032b0 f i LogFile.obj
 0001:00002330       ?append@?$basic_string@DV?$char_traits@D@_STL@@V?$allocator@D@2@@_STL@@AAEAAV12@PBD0ABUforward_iterator_tag@2@@Z 00403330 f i LogFile.obj
 0001:000024c0       ?append@?$basic_string@DV?$char_traits@D@_STL@@V?$allocator@D@2@@_STL@@AAEAAV12@PAD0ABUforward_iterator_tag@2@@Z 004034c0 f i LogFile.obj
 0001:00002660       ?__copy_ptrs@_STL@@YAPADPAD00ABU__false_type@1@@Z 00403660 f i LogFile.obj
 0001:00002690       ?__copy@_STL@@YAPADPAD00ABUrandom_access_iterator_tag@1@PAH@Z 00403690 f i LogFile.obj
 0001:00002700       ?ServerEventNotify@@YGXPAXABK1@Z 00403700 f   main.obj
 0001:00002740       _WinMain@16                00403740 f   main.obj
 0001:00002ed0       ?RegisterSysClass@@YAGPAUHINSTANCE__@@@Z 00403ed0 f   main.obj
 0001:00002f60       ?__copy_trivial@_STL@@YAPAXPBX0PAX@Z 00403f60 f i main.obj
 0001:00003010       ?gTrace@@YAHPBDZZ          00404010 f   main.obj
 0001:00003150       ?gTraceLogFile@@YAXPBDJ@Z  00404150 f   main.obj
 0001:000031d0       ?gClearTrace@@YAXXZ        004041d0 f   main.obj
 0001:000031f0       ?gTimeStamp@@YAHPAD0@Z     004041f0 f   main.obj
 0001:00003240       ?gShowTrace@@YAXXZ         00404240 f   main.obj
 0001:000033c0       ?InitInstance@@YAHPAUHINSTANCE__@@HH@Z 004043c0 f   main.obj
 0001:000034a0       ?About@@YGJPAUHWND__@@IIJ@Z 004044a0 f   main.obj
 0001:000034e0       ?WndProc@@YGJPAUHWND__@@IIJ@Z 004044e0 f   main.obj
 0001:000036d0       ?_M_range_initialize@?$basic_string@DV?$char_traits@D@_STL@@V?$allocator@D@2@@_STL@@AAEXPBD0ABUforward_iterator_tag@2@@Z 004046d0 f i main.obj
 0001:00003750       ?num_rows@S3P_MSSQLServer_Result@@UBEHXZ 00404750 f   S3P_MSSQLServer_Result.obj
 0001:00003800       ?num_fields@S3P_MSSQLServer_Result@@UBEHXZ 00404800 f   S3P_MSSQLServer_Result.obj
 0001:000038d0       ?data_seek@S3P_MSSQLServer_Result@@UBEXIH@Z 004048d0 f   S3P_MSSQLServer_Result.obj
 0001:00003a90       ?get_field_data@S3P_MSSQLServer_Result@@UAE_NIPAXK@Z 00404a90 f   S3P_MSSQLServer_Result.obj
 0001:00003c20       ?unuse@S3P_MSSQLServer_Result@@UAEHXZ 00404c20 f   S3P_MSSQLServer_Result.obj
 0001:00003d20       ??1?$_com_ptr_t@V?$_com_IIID@UFields@@$1?_GUID_00000564_0000_0010_8000_00aa006d2ea4@@3U__s_GUID@@A@@@@QAE@XZ 00404d20 f i S3P_MSSQLServer_Result.obj
 0001:00003d30       ??1?$_com_ptr_t@V?$_com_IIID@UField@@$1?_GUID_00000569_0000_0010_8000_00aa006d2ea4@@3U__s_GUID@@A@@@@QAE@XZ 00404d30 f i S3P_MSSQLServer_Result.obj
 0001:00003d40       ??1_variant_t@@QAE@XZ      00404d40 f i S3P_MSSQLServer_Result.obj
 0001:00003d60       ?GetFields@Recordset15@@QAE?AV?$_com_ptr_t@V?$_com_IIID@UFields@@$1?_GUID_00000564_0000_0010_8000_00aa006d2ea4@@3U__s_GUID@@A@@@@XZ 00404d60 f i S3P_MSSQLServer_Result.obj
 0001:00003db0       ?GetItem@Fields15@@QAE?AV?$_com_ptr_t@V?$_com_IIID@UField@@$1?_GUID_00000569_0000_0010_8000_00aa006d2ea4@@3U__s_GUID@@A@@@@ABV_variant_t@@@Z 00404db0 f i S3P_MSSQLServer_Result.obj
 0001:00003e20       ??0S3PAccount@@QAE@XZ      00404e20 f   S3PAccount.obj
 0001:00003e30       ??_GS3PAccount@@UAEPAXI@Z  00404e30 f i S3PAccount.obj
 0001:00003e30       ??_ES3PAccount@@UAEPAXI@Z  00404e30 f i S3PAccount.obj
 0001:00003e50       ??1S3PAccount@@UAE@XZ      00404e50 f   S3PAccount.obj
 0001:00003e60       ?Login@S3PAccount@@SAHPAVS3PDBConVBC@@PBD1KAAGAAK@Z 00404e60 f   S3PAccount.obj
 0001:00004000       ?LoginGame@S3PAccount@@SAHPAVS3PDBConVBC@@KPBD@Z 00405000 f   S3PAccount.obj
 0001:00004090       ?Logout@S3PAccount@@SAHPAVS3PDBConVBC@@KPBDG@Z 00405090 f   S3PAccount.obj
 0001:000041a0       ?ElapseTime@S3PAccount@@SAHPAVS3PDBConVBC@@KPBDK@Z 004051a0 f   S3PAccount.obj
 0001:00004240       ?QueryTime@S3PAccount@@SAHPAVS3PDBConVBC@@KPBDAAK@Z 00405240 f   S3PAccount.obj
 0001:000042e0       ?ServerLogin@S3PAccount@@SAHPAVS3PDBConVBC@@PBD1KFQBEAAK@Z 004052e0 f   S3PAccount.obj
 0001:000046c0       ?GetServerID@S3PAccount@@SAHPAVS3PDBConVBC@@PBDAAK@Z 004056c0 f   S3PAccount.obj
 0001:000047d0       ?CheckAddress@S3PAccount@@SAHPAVS3PDBConVBC@@KF@Z 004057d0 f   S3PAccount.obj
 0001:00004880       ?UnlockAll@S3PAccount@@SAHPAVS3PDBConVBC@@K@Z 00405880 f   S3PAccount.obj
 0001:000048e0       ?ElapseAll@S3PAccount@@SAHPAVS3PDBConVBC@@K@Z 004058e0 f   S3PAccount.obj
 0001:00004940       ?GetAccountGameID@S3PAccount@@SAHPAVS3PDBConVBC@@PBDAAK@Z 00405940 f   S3PAccount.obj
 0001:00004a60       ?GetLeftSecondsOfDeposit@S3PAccount@@KAHPAVS3PDBConVBC@@PBDAAJ2@Z 00405a60 f   S3PAccount.obj
 0001:00004c00       ?VerifyUserModifyPassword@S3PAccount@@SAHPAVS3PDBConVBC@@KPBD1@Z 00405c00 f   S3PAccount.obj
 0001:00004ce0       ??1_bstr_t@@QAE@XZ         00405ce0 f i S3PAccount.obj
 0001:00004d30       ??4_bstr_t@@QAEAAV0@PBG@Z  00405d30 f i S3PAccount.obj
 0001:00004e10       ?_Free@_bstr_t@@AAEXXZ     00405e10 f i S3PAccount.obj
 0001:00004e60       ??0Data_t@_bstr_t@@QAE@PBG@Z 00405e60 f i S3PAccount.obj
 0001:00004ea0       ?Release@Data_t@_bstr_t@@QAEKXZ 00405ea0 f i S3PAccount.obj
 0001:00004ef0       ?GetString@Data_t@_bstr_t@@QBEPBDXZ 00405ef0 f i S3PAccount.obj
 0001:00004f20       ?ChangeType@_variant_t@@QAEXGPBV1@@Z 00405f20 f i S3PAccount.obj
 0001:00004f60       ??0S3PDB_MSSQLServer_Connection@@QAE@XZ 00405f60 f   S3PDB_MSSQLServer_Connection.obj
 0001:00005030       ??_GS3PDB_MSSQLServer_Connection@@UAEPAXI@Z 00406030 f i S3PDB_MSSQLServer_Connection.obj
 0001:00005030       ??_ES3PDB_MSSQLServer_Connection@@UAEPAXI@Z 00406030 f i S3PDB_MSSQLServer_Connection.obj
 0001:00005050       ??1S3PDB_MSSQLServer_Connection@@UAE@XZ 00406050 f   S3PDB_MSSQLServer_Connection.obj
 0001:00005180       ?CloseConnect@S3PDB_MSSQLServer_Connection@@UAEXXZ 00406180 f   S3PDB_MSSQLServer_Connection.obj
 0001:000051e0       ?OpenConnect@S3PDB_MSSQLServer_Connection@@UAE_NPAUtag_DATABASEINFO@@@Z 004061e0 f   S3PDB_MSSQLServer_Connection.obj
 0001:000055f0       ?Do@S3PDB_MSSQLServer_Connection@@UAE_NPBD@Z 004065f0 f   S3PDB_MSSQLServer_Connection.obj
 0001:00005620       ?DoCmd@S3PDB_MSSQLServer_Connection@@IAE_NPBD@Z 00406620 f   S3PDB_MSSQLServer_Connection.obj
 0001:00005820       ?DoResult@S3PDB_MSSQLServer_Connection@@IAE_NPBD@Z 00406820 f   S3PDB_MSSQLServer_Connection.obj
 0001:00005ac0       ?QuerySql@S3PDB_MSSQLServer_Connection@@UAE_NPBDPAPAVS3PResultVBC@@@Z 00406ac0 f   S3PDB_MSSQLServer_Connection.obj
 0001:00005b50       ?QueryResult@S3PDB_MSSQLServer_Connection@@IAE_NPBDPAVS3P_MSSQLServer_Result@@@Z 00406b50 f   S3PDB_MSSQLServer_Connection.obj
 0001:00005e10       ?QueryCmd@S3PDB_MSSQLServer_Connection@@IAE_NPBDPAVS3P_MSSQLServer_Result@@@Z 00406e10 f   S3PDB_MSSQLServer_Connection.obj
 0001:00006030       ?GetFreeResult@S3PDB_MSSQLServer_Connection@@IAE_NPAPAVS3P_MSSQLServer_Result@@@Z 00407030 f   S3PDB_MSSQLServer_Connection.obj
 0001:00006060       ?c_str@?$basic_string@DV?$char_traits@D@_STL@@V?$allocator@D@2@@_STL@@QBEPBDXZ 00407060 f i S3PDB_MSSQLServer_Connection.obj
 0001:00006070       ??1?$_com_ptr_t@V?$_com_IIID@U_Connection@@$1?_GUID_00000550_0000_0010_8000_00aa006d2ea4@@3U__s_GUID@@A@@@@QAE@XZ 00407070 f i S3PDB_MSSQLServer_Connection.obj
 0001:00006080       ??C?$_com_ptr_t@V?$_com_IIID@U_Connection@@$1?_GUID_00000550_0000_0010_8000_00aa006d2ea4@@3U__s_GUID@@A@@@@QBEPAU_Connection@@XZ 00407080 f i S3PDB_MSSQLServer_Connection.obj
 0001:000060a0       ??8?$_com_ptr_t@V?$_com_IIID@U_Connection@@$1?_GUID_00000550_0000_0010_8000_00aa006d2ea4@@3U__s_GUID@@A@@@@QAE_NH@Z 004070a0 f i S3PDB_MSSQLServer_Connection.obj
 0001:000060d0       ??1?$_com_ptr_t@V?$_com_IIID@U_Recordset@@$1?_GUID_00000556_0000_0010_8000_00aa006d2ea4@@3U__s_GUID@@A@@@@QAE@XZ 004070d0 f i S3PDB_MSSQLServer_Connection.obj
 0001:000060e0       ??1?$_com_ptr_t@V?$_com_IIID@U_Command@@$1?_GUID_b08400bd_f9d1_4d02_b856_71d5dba123e9@@3U__s_GUID@@A@@@@QAE@XZ 004070e0 f i S3PDB_MSSQLServer_Connection.obj
 0001:000060f0       ??C?$_com_ptr_t@V?$_com_IIID@U_Command@@$1?_GUID_b08400bd_f9d1_4d02_b856_71d5dba123e9@@3U__s_GUID@@A@@@@QBEPAU_Command@@XZ 004070f0 f i S3PDB_MSSQLServer_Connection.obj
 0001:00006110       ?append@?$basic_string@DV?$char_traits@D@_STL@@V?$allocator@D@2@@_STL@@QAEAAV12@PBD@Z 00407110 f i S3PDB_MSSQLServer_Connection.obj
 0001:00006150       ?assign@?$basic_string@DV?$char_traits@D@_STL@@V?$allocator@D@2@@_STL@@QAEAAV12@PBD0@Z 00407150 f i S3PDB_MSSQLServer_Connection.obj
 0001:000061f0       ??4?$_com_ptr_t@V?$_com_IIID@U_Connection@@$1?_GUID_00000550_0000_0010_8000_00aa006d2ea4@@3U__s_GUID@@A@@@@QAEAAV0@PAU_Connection@@@Z 004071f0 f i S3PDB_MSSQLServer_Connection.obj
 0001:00006220       ??0_bstr_t@@QAE@PBD@Z      00407220 f i S3PDB_MSSQLServer_Connection.obj
 0001:000062c0       ?CreateInstance@?$_com_ptr_t@V?$_com_IIID@U_Connection@@$1?_GUID_00000550_0000_0010_8000_00aa006d2ea4@@3U__s_GUID@@A@@@@QAEJPAGPAUIUnknown@@K@Z 004072c0 f i S3PDB_MSSQLServer_Connection.obj
 0001:000063a0       ?_Release@?$_com_ptr_t@V?$_com_IIID@U_Connection@@$1?_GUID_00000550_0000_0010_8000_00aa006d2ea4@@3U__s_GUID@@A@@@@AAEXXZ 004073a0 f i S3PDB_MSSQLServer_Connection.obj
 0001:000063b0       ?CreateInstance@?$_com_ptr_t@V?$_com_IIID@U_Recordset@@$1?_GUID_00000556_0000_0010_8000_00aa006d2ea4@@3U__s_GUID@@A@@@@QAEJPAGPAUIUnknown@@K@Z 004073b0 f i S3PDB_MSSQLServer_Connection.obj
 0001:00006490       ?_AddRef@?$_com_ptr_t@V?$_com_IIID@U_Recordset@@$1?_GUID_00000556_0000_0010_8000_00aa006d2ea4@@3U__s_GUID@@A@@@@AAEXXZ 00407490 f i S3PDB_MSSQLServer_Connection.obj
 0001:000064a0       ?CreateInstance@?$_com_ptr_t@V?$_com_IIID@U_Command@@$1?_GUID_b08400bd_f9d1_4d02_b856_71d5dba123e9@@3U__s_GUID@@A@@@@QAEJPAGPAUIUnknown@@K@Z 004074a0 f i S3PDB_MSSQLServer_Connection.obj
 0001:00006580       ?_M_range_initialize@?$basic_string@DV?$char_traits@D@_STL@@V?$allocator@D@2@@_STL@@AAEXPBD0@Z 00407580 f i S3PDB_MSSQLServer_Connection.obj
 0001:00006600       ?_M_append_dispatch@?$basic_string@DV?$char_traits@D@_STL@@V?$allocator@D@2@@_STL@@AAEAAV12@PAD0ABU__false_type@2@@Z 00407600 f i S3PDB_MSSQLServer_Connection.obj
 0001:00006630       ?ErrorMessage@_com_error@@QBEPBDXZ 00407630 f i S3PDB_MSSQLServer_Connection.obj
 0001:00006700       ?PutCommandText@Command15@@QAEXV_bstr_t@@@Z 00407700 f i S3PDB_MSSQLServer_Connection.obj
 0001:000067a0       ?Execute@Command15@@QAE?AV?$_com_ptr_t@V?$_com_IIID@U_Recordset@@$1?_GUID_00000556_0000_0010_8000_00aa006d2ea4@@3U__s_GUID@@A@@@@PAUtagVARIANT@@0J@Z 004077a0 f i S3PDB_MSSQLServer_Connection.obj
 0001:00006800       ?Open@Connection15@@QAEJV_bstr_t@@00J@Z 00407800 f i S3PDB_MSSQLServer_Connection.obj
 0001:00006930       ??1S3P_MSSQLServer_Result@@UAE@XZ 00407930 f i S3PDB_MSSQLServer_Connection.obj
 0001:000069a0       ??_GS3P_MSSQLServer_Result@@UAEPAXI@Z 004079a0 f i S3PDB_MSSQLServer_Connection.obj
 0001:000069a0       ??_ES3P_MSSQLServer_Result@@UAEPAXI@Z 004079a0 f i S3PDB_MSSQLServer_Connection.obj
 0001:000069c0       ?GetGMID@@YAKXZ            004079c0 f   S3PDBConnectionPool.obj
 0001:000069d0       ??0S3PDBConnectionPool@@IAE@XZ 004079d0 f   S3PDBConnectionPool.obj
 0001:000069f0       ??_GS3PDBConnectionPool@@MAEPAXI@Z 004079f0 f i S3PDBConnectionPool.obj
 0001:000069f0       ??_ES3PDBConnectionPool@@MAEPAXI@Z 004079f0 f i S3PDBConnectionPool.obj
 0001:00006a10       ??1S3PDBConnectionPool@@MAE@XZ 00407a10 f   S3PDBConnectionPool.obj
 0001:00006ae0       ?Init@S3PDBConnectionPool@@QAEHABV?$basic_string@DV?$char_traits@D@_STL@@V?$allocator@D@2@@_STL@@0K@Z 00407ae0 f   S3PDBConnectionPool.obj
 0001:00006da0       ??1tag_DATABASEINFO@@QAE@XZ 00407da0 f i S3PDBConnectionPool.obj
 0001:00006e50       ?RemoveDBCon@S3PDBConnectionPool@@QAEHPAPAVS3PDBConVBC@@@Z 00407e50 f   S3PDBConnectionPool.obj
 0001:00006ef0       ?ReturnDBCon@S3PDBConnectionPool@@QAEHPAVS3PDBConVBC@@@Z 00407ef0 f   S3PDBConnectionPool.obj
 0001:00006f90       ?Instance@S3PDBConnectionPool@@SAPAV1@XZ 00407f90 f   S3PDBConnectionPool.obj
 0001:00007000       ?ReleaseInstance@S3PDBConnectionPool@@SAXXZ 00408000 f   S3PDBConnectionPool.obj
 0001:00007020       ?CreateConnection@S3PDBConnectionPool@@IAEHPAUtag_DATABASEINFO@@PAPAVS3PDBConVBC@@@Z 00408020 f   S3PDBConnectionPool.obj
 0001:000070c0       ??1?$vector@PAVS3PDBConVBC@@V?$allocator@PAVS3PDBConVBC@@@_STL@@@_STL@@QAE@XZ 004080c0 f i S3PDBConnectionPool.obj
 0001:00007130       ?_M_insert_overflow@?$vector@PAVS3PDBConVBC@@V?$allocator@PAVS3PDBConVBC@@@_STL@@@_STL@@IAEXPAPAVS3PDBConVBC@@ABQAV3@ABU__true_type@2@I_N@Z 00408130 f i S3PDBConnectionPool.obj
 0001:00007240       ??1?$_STLP_alloc_proxy@PAPAVS3PDBConVBC@@PAV1@V?$allocator@PAVS3PDBConVBC@@@_STL@@@_STL@@QAE@XZ 00408240 f i S3PDBConnectionPool.obj
 0001:00007250       ??0?$basic_string@DV?$char_traits@D@_STL@@V?$allocator@D@2@@_STL@@QAE@XZ 00408250 f i S3PDBConnectionPool.obj
 0001:000072c0       ??0S3PDBConVBC@@IAE@XZ     004082c0 f   S3PDBConVBC.obj
 0001:000072e0       ??_ES3PDBConVBC@@UAEPAXI@Z 004082e0 f i S3PDBConVBC.obj
 0001:000072e0       ??_GS3PDBConVBC@@UAEPAXI@Z 004082e0 f i S3PDBConVBC.obj
 0001:00007300       ??1S3PDBConVBC@@UAE@XZ     00408300 f   S3PDBConVBC.obj
 0001:00007310       ??0S3PDBSocketPool@@IAE@XZ 00408310 f   S3PDBSocketPool.obj
 0001:00007380       ??_GS3PDBSocketPool@@UAEPAXI@Z 00408380 f i S3PDBSocketPool.obj
 0001:00007380       ??_ES3PDBSocketPool@@UAEPAXI@Z 00408380 f i S3PDBSocketPool.obj
 0001:000073a0       ??1S3PDBSocketPool@@UAE@XZ 004083a0 f   S3PDBSocketPool.obj
 0001:00007440       ?Instance@S3PDBSocketPool@@SAPAV1@XZ 00408440 f   S3PDBSocketPool.obj
 0001:000074b0       ?ReleaseInstance@S3PDBSocketPool@@SAXXZ 004084b0 f   S3PDBSocketPool.obj
 0001:000074d0       ?Start@S3PDBSocketPool@@UAEPAXPAUIServer@@H@Z 004084d0 f   S3PDBSocketPool.obj
 0001:000075b0       ?Stop@S3PDBSocketPool@@UAEHXZ 004085b0 f   S3PDBSocketPool.obj
 0001:00007640       ?SendData@S3PDBSocketPool@@QAEHKQBXABI@Z 00408640 f   S3PDBSocketPool.obj
 0001:000076f0       ?CustomSend@S3PDBSocketPool@@QAEHKDPAUKAccountHead@@@Z 004086f0 f   S3PDBSocketPool.obj
 0001:000077d0       ?AddUserClientID@S3PDBSocketPool@@QAEHK@Z 004087d0 f   S3PDBSocketPool.obj
 0001:00007960       ?RemoveUserClientID@S3PDBSocketPool@@QAEHK@Z 00408960 f   S3PDBSocketPool.obj
 0001:000079c0       ?ShowAllClientInfo@S3PDBSocketPool@@QAEHXZ 004089c0 f   S3PDBSocketPool.obj
 0001:00007ac0       ??0KGatewayDataProcess@@QAE@XZ 00408ac0 f   S3PDBSocketPool.obj
 0001:00007be0       ??1KThread_CS@@UAE@XZ      00408be0 f i S3PDBSocketPool.obj
 0001:00007c40       ??_EKThread_CS@@UAEPAXI@Z  00408c40 f i S3PDBSocketPool.obj
 0001:00007c40       ??_GKThread_CS@@UAEPAXI@Z  00408c40 f i S3PDBSocketPool.obj
 0001:00007c60       ??_GKGatewayDataProcess@@UAEPAXI@Z 00408c60 f i S3PDBSocketPool.obj
 0001:00007c60       ??_EKGatewayDataProcess@@UAEPAXI@Z 00408c60 f i S3PDBSocketPool.obj
 0001:00007c80       ??1KGatewayDataProcess@@UAE@XZ 00408c80 f   S3PDBSocketPool.obj
 0001:00007d70       ?AutoTime@KGatewayDataProcess@@IAEXXZ 00408d70 f   S3PDBSocketPool.obj
 0001:00007e90       ?CheckConnectAddress@KGatewayDataProcess@@IAEHK@Z 00408e90 f   S3PDBSocketPool.obj
 0001:00007ed0       ?SendPing@KGatewayDataProcess@@IAEXK@Z 00408ed0 f   S3PDBSocketPool.obj
 0001:00007f10       ?ProcessClientData@KGatewayDataProcess@@IAEXPBXK@Z 00408f10 f   S3PDBSocketPool.obj
 0001:00007fa0       ?ProcessData@KGatewayDataProcess@@IAEKPAVS3PDBConVBC@@PBXK@Z 00408fa0 f   S3PDBSocketPool.obj
 0001:000081d0       ?ProAccountLogin@KGatewayDataProcess@@IAEHPAVS3PDBConVBC@@PBDK@Z 004091d0 f   S3PDBSocketPool.obj
 0001:000084f0       ?ProGameLogin@KGatewayDataProcess@@IAEHPAVS3PDBConVBC@@PBDK@Z 004094f0 f   S3PDBSocketPool.obj
 0001:00008600       ?ProAccountLogout@KGatewayDataProcess@@IAEHPAVS3PDBConVBC@@PBDK@Z 00409600 f   S3PDBSocketPool.obj
 0001:00008740       ?ProGetwayVerify@KGatewayDataProcess@@IAEHPAVS3PDBConVBC@@PBDK@Z 00409740 f   S3PDBSocketPool.obj
 0001:00008900       ?ProUndefine@KGatewayDataProcess@@IAEHPBDK@Z 00409900 f   S3PDBSocketPool.obj
 0001:00008910       ?GetDB@KGatewayDataProcess@@IAEPAVS3PDBConVBC@@K@Z 00409910 f   S3PDBSocketPool.obj
 0001:00008960       ?Main@KGatewayDataProcess@@MAEKPAX@Z 00409960 f   S3PDBSocketPool.obj
 0001:00008a70       ?Start@KGatewayDataProcess@@UAEPAXPAUIServer@@K@Z 00409a70 f   S3PDBSocketPool.obj
 0001:00008ab0       ?Stop@KGatewayDataProcess@@UAEHXZ 00409ab0 f   S3PDBSocketPool.obj
 0001:00008ae0       ?ConnectErrorWork@KGatewayDataProcess@@QAEHKKF@Z 00409ae0 f   S3PDBSocketPool.obj
 0001:00008b30       ?ConnectFreeWork@KGatewayDataProcess@@QAEHKKF@Z 00409b30 f   S3PDBSocketPool.obj
 0001:00008b90       ?ConnectAgainWork@KGatewayDataProcess@@QAEHKKF@Z 00409b90 f   S3PDBSocketPool.obj
 0001:00008bf0       ?ConnectFreeForErrorWork@KGatewayDataProcess@@QAEHKKF@Z 00409bf0 f   S3PDBSocketPool.obj
 0001:00008c40       ?OutofWork@KGatewayDataProcess@@QAEHK@Z 00409c40 f   S3PDBSocketPool.obj
 0001:00008d00       ?IsWork@KGatewayDataProcess@@QAEHXZ 00409d00 f   S3PDBSocketPool.obj
 0001:00008d30       ?IsWorkAgain@KGatewayDataProcess@@QAEHXZ 00409d30 f   S3PDBSocketPool.obj
 0001:00008d60       ?IsWantData@KGatewayDataProcess@@QAEHXZ 00409d60 f   S3PDBSocketPool.obj
 0001:00008da0       ?IsError@KGatewayDataProcess@@QAEHXZ 00409da0 f   S3PDBSocketPool.obj
 0001:00008dd0       ?GetStatus@KGatewayDataProcess@@QAEHXZ 00409dd0 f   S3PDBSocketPool.obj
 0001:00008df0       ?SetStatus@KGatewayDataProcess@@IAE_NH@Z 00409df0 f   S3PDBSocketPool.obj
 0001:00008ed0       ?IsVerifyTimeout@KGatewayDataProcess@@IAE_NXZ 00409ed0 f   S3PDBSocketPool.obj
 0001:00008f10       ?erase@?$map@UUserName@@KUUserNameCmp@@V?$allocator@U?$pair@$$CBUUserName@@K@_STL@@@_STL@@@_STL@@QAEXU?$_Rb_tree_iterator@U?$pair@$$CBUUserName@@K@_STL@@U?$_Nonconst_traits@U?$pair@$$CBUUserName@@K@_STL@@@2@@2@@Z 00409f10 f i S3PDBSocketPool.obj
 0001:00008f30       ??0?$_Rb_tree_iterator@U?$pair@$$CBUUserName@@K@_STL@@U?$_Nonconst_traits@U?$pair@$$CBUUserName@@K@_STL@@@2@@_STL@@QAE@ABU01@@Z 00409f30 f i S3PDBSocketPool.obj
 0001:00008f40       ?end@?$list@PAVKGatewayDataProcess@@V?$allocator@PAVKGatewayDataProcess@@@_STL@@@_STL@@QAE?AU?$_List_iterator@PAVKGatewayDataProcess@@U?$_Nonconst_traits@PAVKGatewayDataProcess@@@_STL@@@2@XZ 00409f40 f i S3PDBSocketPool.obj
 0001:00008f50       ??1?$allocator@PAVKGatewayDataProcess@@@_STL@@QAE@XZ 00409f50 f i S3PDBSocketPool.obj
 0001:00008f60       ??0?$_List_iterator@PAVKGatewayDataProcess@@U?$_Nonconst_traits@PAVKGatewayDataProcess@@@_STL@@@_STL@@QAE@ABU01@@Z 00409f60 f i S3PDBSocketPool.obj
 0001:00008f70       ?insert@?$map@UUserName@@KUUserNameCmp@@V?$allocator@U?$pair@$$CBUUserName@@K@_STL@@@_STL@@@_STL@@QAE?AU?$_Rb_tree_iterator@U?$pair@$$CBUUserName@@K@_STL@@U?$_Nonconst_traits@U?$pair@$$CBUUserName@@K@_STL@@@2@@2@U32@ABU?$pair@$$CBUUserName@@K@2@@Z 00409f70 f i S3PDBSocketPool.obj
 0001:00008fa0       ?erase@?$_Rb_tree@UUserName@@U?$pair@$$CBUUserName@@K@_STL@@U?$_Select1st@U?$pair@$$CBUUserName@@K@_STL@@@3@UUserNameCmp@@V?$allocator@U?$pair@$$CBUUserName@@K@_STL@@@3@@_STL@@QAEXU?$_Rb_tree_iterator@U?$pair@$$CBUUserName@@K@_STL@@U?$_Nonconst_traits@U?$pair@$$CBUUserName@@K@_STL@@@2@@2@@Z 00409fa0 f i S3PDBSocketPool.obj
 0001:00008fe0       ??_EKThread_CS@@WM@AEPAXI@Z 00409fe0 f i S3PDBSocketPool.obj
 0001:00008ff0       ??1?$_Rb_tree_base@U?$pair@$$CBUUserName@@K@_STL@@V?$allocator@U?$pair@$$CBUUserName@@K@_STL@@@2@@_STL@@QAE@XZ 00409ff0 f i S3PDBSocketPool.obj
 0001:00009040       ??1?$allocator@U?$pair@$$CBUUserName@@K@_STL@@@_STL@@QAE@XZ 0040a040 f i S3PDBSocketPool.obj
 0001:00009050       ?insert@?$list@PAVKGatewayDataProcess@@V?$allocator@PAVKGatewayDataProcess@@@_STL@@@_STL@@QAE?AU?$_List_iterator@PAVKGatewayDataProcess@@U?$_Nonconst_traits@PAVKGatewayDataProcess@@@_STL@@@2@U32@ABQAVKGatewayDataProcess@@@Z 0040a050 f i S3PDBSocketPool.obj
 0001:00009080       ??1?$_STLP_alloc_proxy@PAU?$_Rb_tree_node@U?$pair@$$CBUUserName@@K@_STL@@@_STL@@U12@V?$allocator@U?$pair@$$CBUUserName@@K@_STL@@@2@@_STL@@QAE@XZ 0040a080 f i S3PDBSocketPool.obj
 0001:00009090       ??1?$_STLP_alloc_proxy@PAU?$_List_node@PAVKGatewayDataProcess@@@_STL@@U12@V?$allocator@PAVKGatewayDataProcess@@@2@@_STL@@QAE@XZ 0040a090 f i S3PDBSocketPool.obj
 0001:000090a0       ?erase@?$_Rb_tree@UUserName@@U?$pair@$$CBUUserName@@K@_STL@@U?$_Select1st@U?$pair@$$CBUUserName@@K@_STL@@@3@UUserNameCmp@@V?$allocator@U?$pair@$$CBUUserName@@K@_STL@@@3@@_STL@@QAEXU?$_Rb_tree_iterator@U?$pair@$$CBUUserName@@K@_STL@@U?$_Nonconst_traits@U?$pair@$$CBUUserName@@K@_STL@@@2@@2@0@Z 0040a0a0 f i S3PDBSocketPool.obj
 0001:00009140       ??E?$_Rb_tree_iterator@U?$pair@$$CBUUserName@@K@_STL@@U?$_Nonconst_traits@U?$pair@$$CBUUserName@@K@_STL@@@2@@_STL@@QAE?AU01@H@Z 0040a140 f i S3PDBSocketPool.obj
 0001:00009160       ?lower_bound@?$_Rb_tree@UUserName@@U?$pair@$$CBUUserName@@K@_STL@@U?$_Select1st@U?$pair@$$CBUUserName@@K@_STL@@@3@UUserNameCmp@@V?$allocator@U?$pair@$$CBUUserName@@K@_STL@@@3@@_STL@@QAE?AU?$_Rb_tree_iterator@U?$pair@$$CBUUserName@@K@_STL@@U?$_Nonconst_traits@U?$pair@$$CBUUserName@@K@_STL@@@2@@2@ABUUserName@@@Z 0040a160 f i S3PDBSocketPool.obj
 0001:000091b0       ?deallocate@?$_STLP_alloc_proxy@PAU?$_Rb_tree_node@U?$pair@$$CBUUserName@@K@_STL@@@_STL@@U12@V?$allocator@U?$pair@$$CBUUserName@@K@_STL@@@2@@_STL@@QAEXPAU?$_Rb_tree_node@U?$pair@$$CBUUserName@@K@_STL@@@2@I@Z 0040a1b0 f i S3PDBSocketPool.obj
 0001:000091f0       ?_M_create_node@?$list@PAVKGatewayDataProcess@@V?$allocator@PAVKGatewayDataProcess@@@_STL@@@_STL@@IAEPAU?$_List_node@PAVKGatewayDataProcess@@@2@ABQAVKGatewayDataProcess@@@Z 0040a1f0 f i S3PDBSocketPool.obj
 0001:00009210       ??0?$pair@U?$_Rb_tree_iterator@U?$pair@$$CBUUserName@@K@_STL@@U?$_Nonconst_traits@U?$pair@$$CBUUserName@@K@_STL@@@2@@_STL@@U12@@_STL@@QAE@ABU01@@Z 0040a210 f i S3PDBSocketPool.obj
 0001:00009230       ??0?$pair@U?$_Rb_tree_iterator@U?$pair@$$CBUUserName@@K@_STL@@U?$_Nonconst_traits@U?$pair@$$CBUUserName@@K@_STL@@@2@@_STL@@U12@@_STL@@QAE@ABU?$_Rb_tree_iterator@U?$pair@$$CBUUserName@@K@_STL@@U?$_Nonconst_traits@U?$pair@$$CBUUserName@@K@_STL@@@2@@1@0@Z 0040a230 f i S3PDBSocketPool.obj
 0001:00009250       ?_M_upper_bound@?$_Rb_tree@UUserName@@U?$pair@$$CBUUserName@@K@_STL@@U?$_Select1st@U?$pair@$$CBUUserName@@K@_STL@@@3@UUserNameCmp@@V?$allocator@U?$pair@$$CBUUserName@@K@_STL@@@3@@_STL@@ABEPAU?$_Rb_tree_node@U?$pair@$$CBUUserName@@K@_STL@@@2@ABUUserName@@@Z 0040a250 f i S3PDBSocketPool.obj
 0001:00009290       ?_M_erase@?$_Rb_tree@UUserName@@U?$pair@$$CBUUserName@@K@_STL@@U?$_Select1st@U?$pair@$$CBUUserName@@K@_STL@@@3@UUserNameCmp@@V?$allocator@U?$pair@$$CBUUserName@@K@_STL@@@3@@_STL@@AAEXPAU?$_Rb_tree_node@U?$pair@$$CBUUserName@@K@_STL@@@2@@Z 0040a290 f i S3PDBSocketPool.obj
 0001:000092d0       ?insert_unique@?$_Rb_tree@UUserName@@U?$pair@$$CBUUserName@@K@_STL@@U?$_Select1st@U?$pair@$$CBUUserName@@K@_STL@@@3@UUserNameCmp@@V?$allocator@U?$pair@$$CBUUserName@@K@_STL@@@3@@_STL@@QAE?AU?$_Rb_tree_iterator@U?$pair@$$CBUUserName@@K@_STL@@U?$_Nonconst_traits@U?$pair@$$CBUUserName@@K@_STL@@@2@@2@U32@ABU?$pair@$$CBUUserName@@K@2@@Z 0040a2d0 f i S3PDBSocketPool.obj
 0001:00009900       ?begin@?$_Rb_tree@UUserName@@U?$pair@$$CBUUserName@@K@_STL@@U?$_Select1st@U?$pair@$$CBUUserName@@K@_STL@@@3@UUserNameCmp@@V?$allocator@U?$pair@$$CBUUserName@@K@_STL@@@3@@_STL@@QAE?AU?$_Rb_tree_iterator@U?$pair@$$CBUUserName@@K@_STL@@U?$_Nonconst_traits@U?$pair@$$CBUUserName@@K@_STL@@@2@@2@XZ 0040a900 f i S3PDBSocketPool.obj
 0001:00009910       ?_M_insert@?$_Rb_tree@UUserName@@U?$pair@$$CBUUserName@@K@_STL@@U?$_Select1st@U?$pair@$$CBUUserName@@K@_STL@@@3@UUserNameCmp@@V?$allocator@U?$pair@$$CBUUserName@@K@_STL@@@3@@_STL@@AAE?AU?$_Rb_tree_iterator@U?$pair@$$CBUUserName@@K@_STL@@U?$_Nonconst_traits@U?$pair@$$CBUUserName@@K@_STL@@@2@@2@PAU_Rb_tree_node_base@2@0ABU?$pair@$$CBUUserName@@K@2@0@Z 0040a910 f i S3PDBSocketPool.obj
 0001:000099c0       ?insert_unique@?$_Rb_tree@UUserName@@U?$pair@$$CBUUserName@@K@_STL@@U?$_Select1st@U?$pair@$$CBUUserName@@K@_STL@@@3@UUserNameCmp@@V?$allocator@U?$pair@$$CBUUserName@@K@_STL@@@3@@_STL@@QAE?AU?$pair@U?$_Rb_tree_iterator@U?$pair@$$CBUUserName@@K@_STL@@U?$_Nonconst_traits@U?$pair@$$CBUUserName@@K@_STL@@@2@@_STL@@_N@2@ABU?$pair@$$CBUUserName@@K@2@@Z 0040a9c0 f i S3PDBSocketPool.obj
 0001:00009b80       ?_M_find@?$_Rb_tree@UUserName@@U?$pair@$$CBUUserName@@K@_STL@@U?$_Select1st@U?$pair@$$CBUUserName@@K@_STL@@@3@UUserNameCmp@@V?$allocator@U?$pair@$$CBUUserName@@K@_STL@@@3@@_STL@@ABEPAU?$_Rb_tree_node@U?$pair@$$CBUUserName@@K@_STL@@@2@ABUUserName@@@Z 0040ab80 f i S3PDBSocketPool.obj
 0001:00009be0       ?_M_create_node@?$_Rb_tree@UUserName@@U?$pair@$$CBUUserName@@K@_STL@@U?$_Select1st@U?$pair@$$CBUUserName@@K@_STL@@@3@UUserNameCmp@@V?$allocator@U?$pair@$$CBUUserName@@K@_STL@@@3@@_STL@@IAEPAU?$_Rb_tree_node@U?$pair@$$CBUUserName@@K@_STL@@@2@ABU?$pair@$$CBUUserName@@K@2@@Z 0040abe0 f i S3PDBSocketPool.obj
 0001:00009c10       ??0?$pair@U?$_Rb_tree_iterator@U?$pair@$$CBUUserName@@K@_STL@@U?$_Nonconst_traits@U?$pair@$$CBUUserName@@K@_STL@@@2@@_STL@@_N@_STL@@QAE@ABU?$_Rb_tree_iterator@U?$pair@$$CBUUserName@@K@_STL@@U?$_Nonconst_traits@U?$pair@$$CBUUserName@@K@_STL@@@2@@1@AB_N@Z 0040ac10 f i S3PDBSocketPool.obj
 0001:00009c30       ??0?$pair@U?$_Rb_tree_iterator@U?$pair@$$CBUUserName@@K@_STL@@U?$_Nonconst_traits@U?$pair@$$CBUUserName@@K@_STL@@@2@@_STL@@_N@_STL@@QAE@ABU01@@Z 0040ac30 f i S3PDBSocketPool.obj
 0001:00009c50       ??_EKGatewayDataProcess@@WM@AEPAXI@Z 0040ac50 f i S3PDBSocketPool.obj
 0001:00009c60       ??0S3PResultVBC@@IAE@XZ    0040ac60 f   S3PResultVBC.obj
 0001:00009c70       ??_ES3PResultVBC@@MAEPAXI@Z 0040ac70 f i S3PResultVBC.obj
 0001:00009c70       ??_GS3PResultVBC@@MAEPAXI@Z 0040ac70 f i S3PResultVBC.obj
 0001:00009c90       ??1S3PResultVBC@@MAE@XZ    0040ac90 f   S3PResultVBC.obj
 0001:00009ca0       _WaitForSingleObject@8     0040aca0 f   kernel32:KERNEL32.dll
 0001:00009ca6       _CloseHandle@4             0040aca6 f   kernel32:KERNEL32.dll
 0001:00009cac       _TerminateThread@8         0040acac f   kernel32:KERNEL32.dll
 0001:00009cb2       _CreateEventA@16           0040acb2 f   kernel32:KERNEL32.dll
 0001:00009cb8       _SetEvent@4                0040acb8 f   kernel32:KERNEL32.dll
 0001:00009cbe       _ResetEvent@4              0040acbe f   kernel32:KERNEL32.dll
 0001:00009cc4       _GetModuleFileNameA@12     0040acc4 f   kernel32:KERNEL32.dll
 0001:00009cca       _CreateMutexA@12           0040acca f   kernel32:KERNEL32.dll
 0001:00009cd0       _ReleaseMutex@4            0040acd0 f   kernel32:KERNEL32.dll
 0001:00009cd6       _InitializeCriticalSection@4 0040acd6 f   kernel32:KERNEL32.dll
 0001:00009cdc       _DeleteCriticalSection@4   0040acdc f   kernel32:KERNEL32.dll
 0001:00009ce2       _EnterCriticalSection@4    0040ace2 f   kernel32:KERNEL32.dll
 0001:00009ce8       _LeaveCriticalSection@4    0040ace8 f   kernel32:KERNEL32.dll
 0001:00009cee       _GetFileAttributesA@4      0040acee f   kernel32:KERNEL32.dll
 0001:00009cf4       _WriteFile@20              0040acf4 f   kernel32:KERNEL32.dll
 0001:00009cfa       _GetLocalTime@4            0040acfa f   kernel32:KERNEL32.dll
 0001:00009d00       _GetFileSize@8             0040ad00 f   kernel32:KERNEL32.dll
 0001:00009d06       _CreateDirectoryA@8        0040ad06 f   kernel32:KERNEL32.dll
 0001:00009d0c       _CreateFileA@28            0040ad0c f   kernel32:KERNEL32.dll
 0001:00009d12       _FreeLibrary@4             0040ad12 f   kernel32:KERNEL32.dll
 0001:00009d18       _GetProcAddress@8          0040ad18 f   kernel32:KERNEL32.dll
 0001:00009d1e       _LoadLibraryA@4            0040ad1e f   kernel32:KERNEL32.dll
 0001:00009d24       _LocalFree@4               0040ad24 f   kernel32:KERNEL32.dll
 0001:00009d2a       _InterlockedDecrement@4    0040ad2a f   kernel32:KERNEL32.dll
 0001:00009d30       _LocalAlloc@8              0040ad30 f   kernel32:KERNEL32.dll
 0001:00009d36       _FormatMessageA@28         0040ad36 f   kernel32:KERNEL32.dll
 0001:00009d3c       _GetLastError@0            0040ad3c f   kernel32:KERNEL32.dll
 0001:00009d42       _MultiByteToWideChar@24    0040ad42 f   kernel32:KERNEL32.dll
 0001:00009d48       _lstrlenA@4                0040ad48 f   kernel32:KERNEL32.dll
 0001:00009d4e       _Sleep@4                   0040ad4e f   kernel32:KERNEL32.dll
 0001:00009d54       _GetTickCount@0            0040ad54 f   kernel32:KERNEL32.dll
 0001:00009d5a       _DispatchMessageA@4        0040ad5a f   user32:USER32.dll
 0001:00009d60       _TranslateMessage@4        0040ad60 f   user32:USER32.dll
 0001:00009d66       _GetMessageA@16            0040ad66 f   user32:USER32.dll
 0001:00009d6c       _LoadStringA@16            0040ad6c f   user32:USER32.dll
 0001:00009d72       _MessageBoxA@16            0040ad72 f   user32:USER32.dll
 0001:00009d78       _RegisterClassExA@4        0040ad78 f   user32:USER32.dll
 0001:00009d7e       _LoadCursorA@8             0040ad7e f   user32:USER32.dll
 0001:00009d84       _LoadIconA@8               0040ad84 f   user32:USER32.dll
 0001:00009d8a       _SendMessageA@16           0040ad8a f   user32:USER32.dll
 0001:00009d90       _SetTimer@16               0040ad90 f   user32:USER32.dll
 0001:00009d96       _UpdateWindow@4            0040ad96 f   user32:USER32.dll
 0001:00009d9c       _ShowWindow@8              0040ad9c f   user32:USER32.dll
 0001:00009da2       _GetClientRect@8           0040ada2 f   user32:USER32.dll
 0001:00009da8       _CreateWindowExA@48        0040ada8 f   user32:USER32.dll
 0001:00009dae       _EndDialog@8               0040adae f   user32:USER32.dll
 0001:00009db4       _DialogBoxParamA@20        0040adb4 f   user32:USER32.dll
 0001:00009dba       _DefWindowProcA@16         0040adba f   user32:USER32.dll
 0001:00009dc0       _DestroyWindow@4           0040adc0 f   user32:USER32.dll
 0001:00009dc6       _PostQuitMessage@4         0040adc6 f   user32:USER32.dll
 0001:00009dcc       _KillTimer@8               0040adcc f   user32:USER32.dll
 0001:00009dd2       _MoveWindow@24             0040add2 f   user32:USER32.dll
 0001:00009dd8       _EndPaint@8                0040add8 f   user32:USER32.dll
 0001:00009dde       _BeginPaint@8              0040adde f   user32:USER32.dll
 0001:00009de4       _wsprintfA                 0040ade4 f   user32:USER32.dll
 0001:00009dea       _CoInitializeEx@8          0040adea f   ole32:ole32.dll
 0001:00009df0       _CoUninitialize@0          0040adf0 f   ole32:ole32.dll
 0001:00009df6       _OleRun@4                  0040adf6 f   ole32:ole32.dll
 0001:00009dfc       _CoCreateInstance@20       0040adfc f   ole32:ole32.dll
 0001:00009e02       _CLSIDFromProgID@8         0040ae02 f   ole32:ole32.dll
 0001:00009e08       _CLSIDFromString@8         0040ae08 f   ole32:ole32.dll
 0001:00009e0e       _VariantClear@4            0040ae0e f   oleaut32:OLEAUT32.dll
 0001:00009e14       _VariantInit@4             0040ae14 f   oleaut32:OLEAUT32.dll
 0001:00009e1a       _SysFreeString@4           0040ae1a f   oleaut32:OLEAUT32.dll
 0001:00009e20       _SysAllocString@4          0040ae20 f   oleaut32:OLEAUT32.dll
 0001:00009e26       _VariantChangeType@16      0040ae26 f   oleaut32:OLEAUT32.dll
 0001:00009e2c       _WSACleanup@0              0040ae2c f   Ws2_32:WS2_32.dll
 0001:00009e32       _closesocket@4             0040ae32 f   Ws2_32:WS2_32.dll
 0001:00009e38       _bind@12                   0040ae38 f   Ws2_32:WS2_32.dll
 0001:00009e3e       _htonl@4                   0040ae3e f   Ws2_32:WS2_32.dll
 0001:00009e44       _htons@4                   0040ae44 f   Ws2_32:WS2_32.dll
 0001:00009e4a       _socket@12                 0040ae4a f   Ws2_32:WS2_32.dll
 0001:00009e50       _WSAStartup@8              0040ae50 f   Ws2_32:WS2_32.dll
 0001:00009e56       _inet_addr@4               0040ae56 f   Ws2_32:WS2_32.dll
 0001:00009e5c       _inet_ntoa@4               0040ae5c f   Ws2_32:WS2_32.dll
 0001:00009e70       ?get_allocator@?$basic_string@GV?$char_traits@G@_STL@@V?$allocator@G@2@@_STL@@QBE?AV?$allocator@G@2@XZ 0040ae70 f i stlport_vc6_static:string_w.obj
 0001:00009e90       ??0?$basic_string@GV?$char_traits@G@_STL@@V?$allocator@G@2@@_STL@@QAE@ABV?$allocator@G@1@@Z 0040ae90 f i stlport_vc6_static:string_w.obj
 0001:00009f20       ??0?$basic_string@GV?$char_traits@G@_STL@@V?$allocator@G@2@@_STL@@QAE@U_String_reserve_t@1@IABV?$allocator@G@1@@Z 0040af20 f i stlport_vc6_static:string_w.obj
 0001:00009ff0       ??0?$basic_string@GV?$char_traits@G@_STL@@V?$allocator@G@2@@_STL@@QAE@ABV01@IIABV?$allocator@G@1@@Z 0040aff0 f i stlport_vc6_static:string_w.obj
 0001:0000a160       ??0?$basic_string@GV?$char_traits@G@_STL@@V?$allocator@G@2@@_STL@@QAE@PBGIABV?$allocator@G@1@@Z 0040b160 f i stlport_vc6_static:string_w.obj
 0001:0000a290       ??0?$basic_string@GV?$char_traits@G@_STL@@V?$allocator@G@2@@_STL@@QAE@IGABV?$allocator@G@1@@Z 0040b290 f i stlport_vc6_static:string_w.obj
 0001:0000a360       ??1?$basic_string@GV?$char_traits@G@_STL@@V?$allocator@G@2@@_STL@@QAE@XZ 0040b360 f i stlport_vc6_static:string_w.obj
 0001:0000a3f0       ??4?$basic_string@GV?$char_traits@G@_STL@@V?$allocator@G@2@@_STL@@QAEAAV01@ABV01@@Z 0040b3f0 f i stlport_vc6_static:string_w.obj
 0001:0000a480       ??4?$basic_string@GV?$char_traits@G@_STL@@V?$allocator@G@2@@_STL@@QAEAAV01@PBG@Z 0040b480 f i stlport_vc6_static:string_w.obj
 0001:0000a550       ??4?$basic_string@GV?$char_traits@G@_STL@@V?$allocator@G@2@@_STL@@QAEAAV01@G@Z 0040b550 f i stlport_vc6_static:string_w.obj
 0001:0000a5f0       ?_M_null@?$basic_string@GV?$char_traits@G@_STL@@V?$allocator@G@2@@_STL@@SAGXZ 0040b5f0 f i stlport_vc6_static:string_w.obj
 0001:0000a600       ?_M_construct_null_aux@?$basic_string@GV?$char_traits@G@_STL@@V?$allocator@G@2@@_STL@@AAEXPAGABU__false_type@2@@Z 0040b600 f i stlport_vc6_static:string_w.obj
 0001:0000a610       ?_M_construct_null_aux@?$basic_string@GV?$char_traits@G@_STL@@V?$allocator@G@2@@_STL@@AAEXPAGABU__true_type@2@@Z 0040b610 f i stlport_vc6_static:string_w.obj
 0001:0000a620       ?_M_construct_null@?$basic_string@GV?$char_traits@G@_STL@@V?$allocator@G@2@@_STL@@AAEXPAG@Z 0040b620 f i stlport_vc6_static:string_w.obj
 0001:0000a630       ?_M_terminate_string_aux@?$basic_string@GV?$char_traits@G@_STL@@V?$allocator@G@2@@_STL@@AAEXABU__false_type@2@@Z 0040b630 f i stlport_vc6_static:string_w.obj
 0001:0000a640       ?_M_terminate_string_aux@?$basic_string@GV?$char_traits@G@_STL@@V?$allocator@G@2@@_STL@@AAEXABU__true_type@2@@Z 0040b640 f i stlport_vc6_static:string_w.obj
 0001:0000a650       ?_M_terminate_string@?$basic_string@GV?$char_traits@G@_STL@@V?$allocator@G@2@@_STL@@AAEXXZ 0040b650 f i stlport_vc6_static:string_w.obj
 0001:0000a660       ?begin@?$basic_string@GV?$char_traits@G@_STL@@V?$allocator@G@2@@_STL@@QAEPAGXZ 0040b660 f i stlport_vc6_static:string_w.obj
 0001:0000a670       ?end@?$basic_string@GV?$char_traits@G@_STL@@V?$allocator@G@2@@_STL@@QAEPAGXZ 0040b670 f i stlport_vc6_static:string_w.obj
 0001:0000a680       ?begin@?$basic_string@GV?$char_traits@G@_STL@@V?$allocator@G@2@@_STL@@QBEPBGXZ 0040b680 f i stlport_vc6_static:string_w.obj
 0001:0000a690       ?end@?$basic_string@GV?$char_traits@G@_STL@@V?$allocator@G@2@@_STL@@QBEPBGXZ 0040b690 f i stlport_vc6_static:string_w.obj
 0001:0000a6a0       ?rbegin@?$basic_string@GV?$char_traits@G@_STL@@V?$allocator@G@2@@_STL@@QAE?AV?$reverse_iterator@PAGGAAGPAGH@2@XZ 0040b6a0 f i stlport_vc6_static:string_w.obj
 0001:0000a6b0       ?rend@?$basic_string@GV?$char_traits@G@_STL@@V?$allocator@G@2@@_STL@@QAE?AV?$reverse_iterator@PAGGAAGPAGH@2@XZ 0040b6b0 f i stlport_vc6_static:string_w.obj
 0001:0000a6c0       ?rbegin@?$basic_string@GV?$char_traits@G@_STL@@V?$allocator@G@2@@_STL@@QBE?AV?$reverse_iterator@PBGGABGPBGH@2@XZ 0040b6c0 f i stlport_vc6_static:string_w.obj
 0001:0000a6d0       ?rend@?$basic_string@GV?$char_traits@G@_STL@@V?$allocator@G@2@@_STL@@QBE?AV?$reverse_iterator@PBGGABGPBGH@2@XZ 0040b6d0 f i stlport_vc6_static:string_w.obj
 0001:0000a6e0       ?size@?$basic_string@GV?$char_traits@G@_STL@@V?$allocator@G@2@@_STL@@QBEIXZ 0040b6e0 f i stlport_vc6_static:string_w.obj
 0001:0000a6f0       ?length@?$basic_string@GV?$char_traits@G@_STL@@V?$allocator@G@2@@_STL@@QBEIXZ 0040b6f0 f i stlport_vc6_static:string_w.obj
 0001:0000a700       ?max_size@?$basic_string@GV?$char_traits@G@_STL@@V?$allocator@G@2@@_STL@@QBEIXZ 0040b700 f i stlport_vc6_static:string_w.obj
 0001:0000a710       ?resize@?$basic_string@GV?$char_traits@G@_STL@@V?$allocator@G@2@@_STL@@QAEXIG@Z 0040b710 f i stlport_vc6_static:string_w.obj
 0001:0000a770       ?resize@?$basic_string@GV?$char_traits@G@_STL@@V?$allocator@G@2@@_STL@@QAEXI@Z 0040b770 f i stlport_vc6_static:string_w.obj
 0001:0000a7d0       ?capacity@?$basic_string@GV?$char_traits@G@_STL@@V?$allocator@G@2@@_STL@@QBEIXZ 0040b7d0 f i stlport_vc6_static:string_w.obj
 0001:0000a7e0       ?clear@?$basic_string@GV?$char_traits@G@_STL@@V?$allocator@G@2@@_STL@@QAEXXZ 0040b7e0 f i stlport_vc6_static:string_w.obj
 0001:0000a800       ?empty@?$basic_string@GV?$char_traits@G@_STL@@V?$allocator@G@2@@_STL@@QBE_NXZ 0040b800 f i stlport_vc6_static:string_w.obj
 0001:0000a820       ??A?$basic_string@GV?$char_traits@G@_STL@@V?$allocator@G@2@@_STL@@QBEABGI@Z 0040b820 f i stlport_vc6_static:string_w.obj
 0001:0000a830       ??A?$basic_string@GV?$char_traits@G@_STL@@V?$allocator@G@2@@_STL@@QAEAAGI@Z 0040b830 f i stlport_vc6_static:string_w.obj
 0001:0000a840       ?at@?$basic_string@GV?$char_traits@G@_STL@@V?$allocator@G@2@@_STL@@QBEABGI@Z 0040b840 f i stlport_vc6_static:string_w.obj
 0001:0000a870       ?at@?$basic_string@GV?$char_traits@G@_STL@@V?$allocator@G@2@@_STL@@QAEAAGI@Z 0040b870 f i stlport_vc6_static:string_w.obj
 0001:0000a8a0       ??Y?$basic_string@GV?$char_traits@G@_STL@@V?$allocator@G@2@@_STL@@QAEAAV01@ABV01@@Z 0040b8a0 f i stlport_vc6_static:string_w.obj
 0001:0000a8d0       ??Y?$basic_string@GV?$char_traits@G@_STL@@V?$allocator@G@2@@_STL@@QAEAAV01@PBG@Z 0040b8d0 f i stlport_vc6_static:string_w.obj
 0001:0000a910       ??Y?$basic_string@GV?$char_traits@G@_STL@@V?$allocator@G@2@@_STL@@QAEAAV01@G@Z 0040b910 f i stlport_vc6_static:string_w.obj
 0001:0000a980       ?append@?$basic_string@GV?$char_traits@G@_STL@@V?$allocator@G@2@@_STL@@QAEAAV12@ABV12@@Z 0040b980 f i stlport_vc6_static:string_w.obj
 0001:0000a9b0       ?append@?$basic_string@GV?$char_traits@G@_STL@@V?$allocator@G@2@@_STL@@QAEAAV12@ABV12@II@Z 0040b9b0 f i stlport_vc6_static:string_w.obj
 0001:0000aa20       ?append@?$basic_string@GV?$char_traits@G@_STL@@V?$allocator@G@2@@_STL@@QAEAAV12@PBGI@Z 0040ba20 f i stlport_vc6_static:string_w.obj
 0001:0000aa50       ?append@?$basic_string@GV?$char_traits@G@_STL@@V?$allocator@G@2@@_STL@@QAEAAV12@PBG@Z 0040ba50 f i stlport_vc6_static:string_w.obj
 0001:0000aa90       ?push_back@?$basic_string@GV?$char_traits@G@_STL@@V?$allocator@G@2@@_STL@@QAEXG@Z 0040ba90 f i stlport_vc6_static:string_w.obj
 0001:0000ab00       ?pop_back@?$basic_string@GV?$char_traits@G@_STL@@V?$allocator@G@2@@_STL@@QAEXXZ 0040bb00 f i stlport_vc6_static:string_w.obj
 0001:0000ab20       ?assign@?$basic_string@GV?$char_traits@G@_STL@@V?$allocator@G@2@@_STL@@QAEAAV12@ABV12@@Z 0040bb20 f i stlport_vc6_static:string_w.obj
 0001:0000abb0       ?assign@?$basic_string@GV?$char_traits@G@_STL@@V?$allocator@G@2@@_STL@@QAEAAV12@ABV12@II@Z 0040bbb0 f i stlport_vc6_static:string_w.obj
 0001:0000ac80       ?assign@?$basic_string@GV?$char_traits@G@_STL@@V?$allocator@G@2@@_STL@@QAEAAV12@PBGI@Z 0040bc80 f i stlport_vc6_static:string_w.obj
 0001:0000ad40       ?assign@?$basic_string@GV?$char_traits@G@_STL@@V?$allocator@G@2@@_STL@@QAEAAV12@PBG@Z 0040bd40 f i stlport_vc6_static:string_w.obj
 0001:0000ae10       ?assign@?$basic_string@GV?$char_traits@G@_STL@@V?$allocator@G@2@@_STL@@QAEAAV12@PBG0@Z 0040be10 f i stlport_vc6_static:string_w.obj
 0001:0000aed0       ?_M_acquire_lock@_STLP_mutex_base@_STL@@QAEXXZ 0040bed0 f i stlport_vc6_static:string_w.obj
 0001:0000afc0       ?_M_release_lock@_STLP_mutex_base@_STL@@QAEXXZ 0040bfc0 f i stlport_vc6_static:string_w.obj
 0001:0000afd0       ?insert@?$basic_string@GV?$char_traits@G@_STL@@V?$allocator@G@2@@_STL@@QAEAAV12@IABV12@@Z 0040bfd0 f i stlport_vc6_static:string_w.obj
 0001:0000b050       ?insert@?$basic_string@GV?$char_traits@G@_STL@@V?$allocator@G@2@@_STL@@QAEAAV12@IABV12@II@Z 0040c050 f i stlport_vc6_static:string_w.obj
 0001:0000b100       ?insert@?$basic_string@GV?$char_traits@G@_STL@@V?$allocator@G@2@@_STL@@QAEAAV12@IPBGI@Z 0040c100 f i stlport_vc6_static:string_w.obj
 0001:0000b180       ?insert@?$basic_string@GV?$char_traits@G@_STL@@V?$allocator@G@2@@_STL@@QAEAAV12@IPBG@Z 0040c180 f i stlport_vc6_static:string_w.obj
 0001:0000b210       ?insert@?$basic_string@GV?$char_traits@G@_STL@@V?$allocator@G@2@@_STL@@QAEAAV12@IIG@Z 0040c210 f i stlport_vc6_static:string_w.obj
 0001:0000b280       ?insert@?$basic_string@GV?$char_traits@G@_STL@@V?$allocator@G@2@@_STL@@QAEPAGPAGG@Z 0040c280 f i stlport_vc6_static:string_w.obj
 0001:0000b300       ?_M_copy@?$basic_string@GV?$char_traits@G@_STL@@V?$allocator@G@2@@_STL@@AAEXPBG0PAG@Z 0040c300 f i stlport_vc6_static:string_w.obj
 0001:0000b330       ?erase@?$basic_string@GV?$char_traits@G@_STL@@V?$allocator@G@2@@_STL@@QAEAAV12@II@Z 0040c330 f i stlport_vc6_static:string_w.obj
 0001:0000b3c0       ?erase@?$basic_string@GV?$char_traits@G@_STL@@V?$allocator@G@2@@_STL@@QAEPAGPAG@Z 0040c3c0 f i stlport_vc6_static:string_w.obj
 0001:0000b400       ?erase@?$basic_string@GV?$char_traits@G@_STL@@V?$allocator@G@2@@_STL@@QAEPAGPAG0@Z 0040c400 f i stlport_vc6_static:string_w.obj
 0001:0000b440       ?replace@?$basic_string@GV?$char_traits@G@_STL@@V?$allocator@G@2@@_STL@@QAEAAV12@IIABV12@@Z 0040c440 f i stlport_vc6_static:string_w.obj
 0001:0000b570       ?replace@?$basic_string@GV?$char_traits@G@_STL@@V?$allocator@G@2@@_STL@@QAEAAV12@IIABV12@II@Z 0040c570 f i stlport_vc6_static:string_w.obj
 0001:0000b6d0       ?replace@?$basic_string@GV?$char_traits@G@_STL@@V?$allocator@G@2@@_STL@@QAEAAV12@IIPBGI@Z 0040c6d0 f i stlport_vc6_static:string_w.obj
 0001:0000b800       ?replace@?$basic_string@GV?$char_traits@G@_STL@@V?$allocator@G@2@@_STL@@QAEAAV12@IIPBG@Z 0040c800 f i stlport_vc6_static:string_w.obj
 0001:0000b950       ?replace@?$basic_string@GV?$char_traits@G@_STL@@V?$allocator@G@2@@_STL@@QAEAAV12@IIIG@Z 0040c950 f i stlport_vc6_static:string_w.obj
 0001:0000ba80       ?replace@?$basic_string@GV?$char_traits@G@_STL@@V?$allocator@G@2@@_STL@@QAEAAV12@PAG0ABV12@@Z 0040ca80 f i stlport_vc6_static:string_w.obj
 0001:0000bb40       ?replace@?$basic_string@GV?$char_traits@G@_STL@@V?$allocator@G@2@@_STL@@QAEAAV12@PAG0PBGI@Z 0040cb40 f i stlport_vc6_static:string_w.obj
 0001:0000bc00       ?replace@?$basic_string@GV?$char_traits@G@_STL@@V?$allocator@G@2@@_STL@@QAEAAV12@PAG0PBG@Z 0040cc00 f i stlport_vc6_static:string_w.obj
 0001:0000bce0       ?copy@?$basic_string@GV?$char_traits@G@_STL@@V?$allocator@G@2@@_STL@@QBEIPAGII@Z 0040cce0 f i stlport_vc6_static:string_w.obj
 0001:0000bd50       ?swap@?$basic_string@GV?$char_traits@G@_STL@@V?$allocator@G@2@@_STL@@QAEXAAV12@@Z 0040cd50 f i stlport_vc6_static:string_w.obj
 0001:0000bd80       ?c_str@?$basic_string@GV?$char_traits@G@_STL@@V?$allocator@G@2@@_STL@@QBEPBGXZ 0040cd80 f i stlport_vc6_static:string_w.obj
 0001:0000bd90       ?data@?$basic_string@GV?$char_traits@G@_STL@@V?$allocator@G@2@@_STL@@QBEPBGXZ 0040cd90 f i stlport_vc6_static:string_w.obj
 0001:0000bda0       ?find@?$basic_string@GV?$char_traits@G@_STL@@V?$allocator@G@2@@_STL@@QBEIABV12@I@Z 0040cda0 f i stlport_vc6_static:string_w.obj
 0001:0000bea0       ?find@?$basic_string@GV?$char_traits@G@_STL@@V?$allocator@G@2@@_STL@@QBEIPBGI@Z 0040cea0 f i stlport_vc6_static:string_w.obj
 0001:0000bfa0       ?rfind@?$basic_string@GV?$char_traits@G@_STL@@V?$allocator@G@2@@_STL@@QBEIABV12@I@Z 0040cfa0 f i stlport_vc6_static:string_w.obj
 0001:0000c0f0       ?rfind@?$basic_string@GV?$char_traits@G@_STL@@V?$allocator@G@2@@_STL@@QBEIPBGI@Z 0040d0f0 f i stlport_vc6_static:string_w.obj
 0001:0000c250       ?find_first_of@?$basic_string@GV?$char_traits@G@_STL@@V?$allocator@G@2@@_STL@@QBEIABV12@I@Z 0040d250 f i stlport_vc6_static:string_w.obj
 0001:0000c2c0       ?find_first_of@?$basic_string@GV?$char_traits@G@_STL@@V?$allocator@G@2@@_STL@@QBEIPBGI@Z 0040d2c0 f i stlport_vc6_static:string_w.obj
 0001:0000c340       ?find_first_of@?$basic_string@GV?$char_traits@G@_STL@@V?$allocator@G@2@@_STL@@QBEIGI@Z 0040d340 f i stlport_vc6_static:string_w.obj
 0001:0000c3d0       ?find_last_of@?$basic_string@GV?$char_traits@G@_STL@@V?$allocator@G@2@@_STL@@QBEIABV12@I@Z 0040d3d0 f i stlport_vc6_static:string_w.obj
 0001:0000c460       ?find_last_of@?$basic_string@GV?$char_traits@G@_STL@@V?$allocator@G@2@@_STL@@QBEIPBGI@Z 0040d460 f i stlport_vc6_static:string_w.obj
 0001:0000c500       ?find_last_of@?$basic_string@GV?$char_traits@G@_STL@@V?$allocator@G@2@@_STL@@QBEIGI@Z 0040d500 f i stlport_vc6_static:string_w.obj
 0001:0000c580       ?find_first_not_of@?$basic_string@GV?$char_traits@G@_STL@@V?$allocator@G@2@@_STL@@QBEIABV12@I@Z 0040d580 f i stlport_vc6_static:string_w.obj
 0001:0000c790       ?find_first_not_of@?$basic_string@GV?$char_traits@G@_STL@@V?$allocator@G@2@@_STL@@QBEIPBGI@Z 0040d790 f i stlport_vc6_static:string_w.obj
 0001:0000c970       ?find_last_not_of@?$basic_string@GV?$char_traits@G@_STL@@V?$allocator@G@2@@_STL@@QBEIABV12@I@Z 0040d970 f i stlport_vc6_static:string_w.obj
 0001:0000ca00       ?find_last_not_of@?$basic_string@GV?$char_traits@G@_STL@@V?$allocator@G@2@@_STL@@QBEIPBGI@Z 0040da00 f i stlport_vc6_static:string_w.obj
 0001:0000caa0       ?substr@?$basic_string@GV?$char_traits@G@_STL@@V?$allocator@G@2@@_STL@@QBE?AV12@II@Z 0040daa0 f i stlport_vc6_static:string_w.obj
 0001:0000cbc0       ?__stl_new@_STL@@YAPAXI@Z  0040dbc0 f i stlport_vc6_static:string_w.obj
 0001:0000cbd0       ?compare@?$basic_string@GV?$char_traits@G@_STL@@V?$allocator@G@2@@_STL@@QBEHABV12@@Z 0040dbd0 f i stlport_vc6_static:string_w.obj
 0001:0000cc70       ?compare@?$basic_string@GV?$char_traits@G@_STL@@V?$allocator@G@2@@_STL@@QBEHIIABV12@@Z 0040dc70 f i stlport_vc6_static:string_w.obj
 0001:0000cd50       ?compare@?$basic_string@GV?$char_traits@G@_STL@@V?$allocator@G@2@@_STL@@QBEHIIABV12@II@Z 0040dd50 f i stlport_vc6_static:string_w.obj
 0001:0000ce70       ?compare@?$basic_string@GV?$char_traits@G@_STL@@V?$allocator@G@2@@_STL@@QBEHPBG@Z 0040de70 f i stlport_vc6_static:string_w.obj
 0001:0000cf20       ?compare@?$basic_string@GV?$char_traits@G@_STL@@V?$allocator@G@2@@_STL@@QBEHIIPBG@Z 0040df20 f i stlport_vc6_static:string_w.obj
 0001:0000d000       ?compare@?$basic_string@GV?$char_traits@G@_STL@@V?$allocator@G@2@@_STL@@QBEHIIPBGI@Z 0040e000 f i stlport_vc6_static:string_w.obj
 0001:0000d0d0       ?_M_compare@?$basic_string@GV?$char_traits@G@_STL@@V?$allocator@G@2@@_STL@@SAHPBG000@Z 0040e0d0 f i stlport_vc6_static:string_w.obj
 0001:0000d160       ?_M_deallocate_block@?$_String_base@GV?$allocator@G@_STL@@@_STL@@QAEXXZ 0040e160 f i stlport_vc6_static:string_w.obj
 0001:0000d190       ?max_size@?$_String_base@GV?$allocator@G@_STL@@@_STL@@QBEIXZ 0040e190 f i stlport_vc6_static:string_w.obj
 0001:0000d1a0       ??0?$_String_base@GV?$allocator@G@_STL@@@_STL@@QAE@ABV?$allocator@G@1@@Z 0040e1a0 f i stlport_vc6_static:string_w.obj
 0001:0000d1b0       ??0?$_String_base@GV?$allocator@G@_STL@@@_STL@@QAE@ABV?$allocator@G@1@I@Z 0040e1b0 f i stlport_vc6_static:string_w.obj
 0001:0000d300       ??1?$_String_base@GV?$allocator@G@_STL@@@_STL@@QAE@XZ 0040e300 f i stlport_vc6_static:string_w.obj
 0001:0000d390       ??0?$allocator@G@_STL@@QAE@XZ 0040e390 f i stlport_vc6_static:string_w.obj
 0001:0000d3a0       ??0?$allocator@G@_STL@@QAE@ABV01@@Z 0040e3a0 f i stlport_vc6_static:string_w.obj
 0001:0000d3b0       ??1?$allocator@G@_STL@@QAE@XZ 0040e3b0 f i stlport_vc6_static:string_w.obj
 0001:0000d3c0       ?address@?$allocator@G@_STL@@QAEPAGAAG@Z 0040e3c0 f i stlport_vc6_static:string_w.obj
 0001:0000d3d0       ?address@?$allocator@G@_STL@@QBEPBGABG@Z 0040e3d0 f i stlport_vc6_static:string_w.obj
 0001:0000d3e0       ?allocate@?$allocator@G@_STL@@QBEPAGIPBX@Z 0040e3e0 f i stlport_vc6_static:string_w.obj
 0001:0000d410       ?deallocate@?$allocator@G@_STL@@QBEXPAGI@Z 0040e410 f i stlport_vc6_static:string_w.obj
 0001:0000d440       ?deallocate@?$allocator@G@_STL@@QBEXPAG@Z 0040e440 f i stlport_vc6_static:string_w.obj
 0001:0000d460       ?max_size@?$allocator@G@_STL@@QBEIXZ 0040e460 f i stlport_vc6_static:string_w.obj
 0001:0000d470       ?construct@?$allocator@G@_STL@@QBEXPAGABG@Z 0040e470 f i stlport_vc6_static:string_w.obj
 0001:0000d490       ?destroy@?$allocator@G@_STL@@QBEXPAG@Z 0040e490 f i stlport_vc6_static:string_w.obj
 0001:0000d4a0       ??1?$_STLP_alloc_proxy@PAGGV?$allocator@G@_STL@@@_STL@@QAE@XZ 0040e4a0 f i stlport_vc6_static:string_w.obj
 0001:0000d4b0       ??0?$reverse_iterator@PBGGABGPBGH@_STL@@QAE@PBG@Z 0040e4b0 f i stlport_vc6_static:string_w.obj
 0001:0000d4c0       ?_M_do_lock@?$_STLP_mutex_spin@$0A@@_STL@@SAXPCJ@Z 0040e4c0 f i stlport_vc6_static:string_w.obj
 0001:0000d5b0       ?_M_allocate_block@?$_String_base@GV?$allocator@G@_STL@@@_STL@@QAEXI@Z 0040e5b0 f i stlport_vc6_static:string_w.obj
 0001:0000d610       ?_M_throw_length_error@?$_String_base@GV?$allocator@G@_STL@@@_STL@@QBEXXZ 0040e610 f i stlport_vc6_static:string_w.obj
 0001:0000d620       ?_M_throw_out_of_range@?$_String_base@GV?$allocator@G@_STL@@@_STL@@QBEXXZ 0040e620 f i stlport_vc6_static:string_w.obj
 0001:0000d630       ??0?$basic_string@GV?$char_traits@G@_STL@@V?$allocator@G@2@@_STL@@QAE@PBGABV?$allocator@G@1@@Z 0040e630 f i stlport_vc6_static:string_w.obj
 0001:0000d700       ??0?$basic_string@GV?$char_traits@G@_STL@@V?$allocator@G@2@@_STL@@QAE@ABV01@@Z 0040e700 f i stlport_vc6_static:string_w.obj
 0001:0000d7d0       ??0?$basic_string@GV?$char_traits@G@_STL@@V?$allocator@G@2@@_STL@@QAE@XZ 0040e7d0 f i stlport_vc6_static:string_w.obj
 0001:0000d8a0       ?reserve@?$basic_string@GV?$char_traits@G@_STL@@V?$allocator@G@2@@_STL@@QAEXI@Z 0040e8a0 f i stlport_vc6_static:string_w.obj
 0001:0000da60       ?append@?$basic_string@GV?$char_traits@G@_STL@@V?$allocator@G@2@@_STL@@QAEAAV12@IG@Z 0040ea60 f i stlport_vc6_static:string_w.obj
 0001:0000db20       ?assign@?$basic_string@GV?$char_traits@G@_STL@@V?$allocator@G@2@@_STL@@QAEAAV12@IG@Z 0040eb20 f i stlport_vc6_static:string_w.obj
 0001:0000dbd0       ?insert@?$basic_string@GV?$char_traits@G@_STL@@V?$allocator@G@2@@_STL@@QAEXPAGIG@Z 0040ebd0 f i stlport_vc6_static:string_w.obj
 0001:0000de90       ?_M_insert_aux@?$basic_string@GV?$char_traits@G@_STL@@V?$allocator@G@2@@_STL@@AAEPAGPAGG@Z 0040ee90 f i stlport_vc6_static:string_w.obj
 0001:0000e0b0       ?replace@?$basic_string@GV?$char_traits@G@_STL@@V?$allocator@G@2@@_STL@@QAEAAV12@PAG0IG@Z 0040f0b0 f i stlport_vc6_static:string_w.obj
 0001:0000e170       ?find@?$basic_string@GV?$char_traits@G@_STL@@V?$allocator@G@2@@_STL@@QBEIGI@Z 0040f170 f i stlport_vc6_static:string_w.obj
 0001:0000e200       ?find@?$basic_string@GV?$char_traits@G@_STL@@V?$allocator@G@2@@_STL@@QBEIPBGII@Z 0040f200 f i stlport_vc6_static:string_w.obj
 0001:0000e2f0       ?rfind@?$basic_string@GV?$char_traits@G@_STL@@V?$allocator@G@2@@_STL@@QBEIGI@Z 0040f2f0 f i stlport_vc6_static:string_w.obj
 0001:0000e370       ?rfind@?$basic_string@GV?$char_traits@G@_STL@@V?$allocator@G@2@@_STL@@QBEIPBGII@Z 0040f370 f i stlport_vc6_static:string_w.obj
 0001:0000e4b0       ?find_first_of@?$basic_string@GV?$char_traits@G@_STL@@V?$allocator@G@2@@_STL@@QBEIPBGII@Z 0040f4b0 f i stlport_vc6_static:string_w.obj
 0001:0000e520       ?find_last_of@?$basic_string@GV?$char_traits@G@_STL@@V?$allocator@G@2@@_STL@@QBEIPBGII@Z 0040f520 f i stlport_vc6_static:string_w.obj
 0001:0000e5b0       ?find_first_not_of@?$basic_string@GV?$char_traits@G@_STL@@V?$allocator@G@2@@_STL@@QBEIGI@Z 0040f5b0 f i stlport_vc6_static:string_w.obj
 0001:0000e640       ?find_first_not_of@?$basic_string@GV?$char_traits@G@_STL@@V?$allocator@G@2@@_STL@@QBEIPBGII@Z 0040f640 f i stlport_vc6_static:string_w.obj
 0001:0000e850       ?find_last_not_of@?$basic_string@GV?$char_traits@G@_STL@@V?$allocator@G@2@@_STL@@QBEIGI@Z 0040f850 f i stlport_vc6_static:string_w.obj
 0001:0000e8d0       ?find_last_not_of@?$basic_string@GV?$char_traits@G@_STL@@V?$allocator@G@2@@_STL@@QBEIPBGII@Z 0040f8d0 f i stlport_vc6_static:string_w.obj
 0001:0000e960       ?_M_range_initialize@?$basic_string@GV?$char_traits@G@_STL@@V?$allocator@G@2@@_STL@@AAEXPAG0@Z 0040f960 f i stlport_vc6_static:string_w.obj
 0001:0000e9f0       ?_M_range_initialize@?$basic_string@GV?$char_traits@G@_STL@@V?$allocator@G@2@@_STL@@AAEXPBG0@Z 0040f9f0 f i stlport_vc6_static:string_w.obj
 0001:0000ea80       ?assign@?$basic_string@GV?$char_traits@G@_STL@@V?$allocator@G@2@@_STL@@QAEAAV12@PAG0@Z 0040fa80 f i stlport_vc6_static:string_w.obj
 0001:0000eb10       ?append@?$basic_string@GV?$char_traits@G@_STL@@V?$allocator@G@2@@_STL@@QAEAAV12@PAG0@Z 0040fb10 f i stlport_vc6_static:string_w.obj
 0001:0000eb40       ?append@?$basic_string@GV?$char_traits@G@_STL@@V?$allocator@G@2@@_STL@@QAEAAV12@PBG0@Z 0040fb40 f i stlport_vc6_static:string_w.obj
 0001:0000eb70       ?insert@?$basic_string@GV?$char_traits@G@_STL@@V?$allocator@G@2@@_STL@@QAEXPAG00@Z 0040fb70 f i stlport_vc6_static:string_w.obj
 0001:0000eba0       ?insert@?$basic_string@GV?$char_traits@G@_STL@@V?$allocator@G@2@@_STL@@QAEXPAGPBG1@Z 0040fba0 f i stlport_vc6_static:string_w.obj
 0001:0000ebd0       ?replace@?$basic_string@GV?$char_traits@G@_STL@@V?$allocator@G@2@@_STL@@QAEAAV12@PAG000@Z 0040fbd0 f i stlport_vc6_static:string_w.obj
 0001:0000ec90       ?replace@?$basic_string@GV?$char_traits@G@_STL@@V?$allocator@G@2@@_STL@@QAEAAV12@PAG0PBG1@Z 0040fc90 f i stlport_vc6_static:string_w.obj
 0001:0000ed50       ?swap@_STL@@YAXAAV?$_STLP_alloc_proxy@PAGGV?$allocator@G@_STL@@@1@0@Z 0040fd50 f i stlport_vc6_static:string_w.obj
 0001:0000ed70       ??0?$basic_string@GV?$char_traits@G@_STL@@V?$allocator@G@2@@_STL@@QAE@PAG0@Z 0040fd70 f i stlport_vc6_static:string_w.obj
 0001:0000ee80       ?_M_allocate@?$__node_alloc@$00$0A@@_STL@@CAPAXI@Z 0040fe80 f i stlport_vc6_static:string_w.obj
 0001:0000f030       ?_M_deallocate@?$__node_alloc@$00$0A@@_STL@@CAXPAXI@Z 00410030 f i stlport_vc6_static:string_w.obj
 0001:0000f160       ??0?$reverse_iterator@PBGGABGPBGH@_STL@@QAE@ABV01@@Z 00410160 f i stlport_vc6_static:string_w.obj
 0001:0000f170       ??0?$_Node_Alloc_Lock@$00$0A@@_STL@@QAE@XZ 00410170 f i stlport_vc6_static:string_w.obj
 0001:0000f280       ??1?$_Node_Alloc_Lock@$00$0A@@_STL@@QAE@XZ 00410280 f i stlport_vc6_static:string_w.obj
 0001:0000f290       ?find_if@_STL@@YA?AV?$reverse_iterator@PBGGABGPBGH@1@V21@0U?$_Eq_char_bound@V?$char_traits@G@_STL@@@1@@Z 00410290 f i stlport_vc6_static:string_w.obj
 0001:0000f2d0       ?__find_first_of@_STL@@YA?AV?$reverse_iterator@PBGGABGPBGH@1@V21@0PBG1U?$_Eq_traits@V?$char_traits@G@_STL@@@1@@Z 004102d0 f i stlport_vc6_static:string_w.obj
 0001:0000f320       ?find_if@_STL@@YA?AV?$reverse_iterator@PBGGABGPBGH@1@V21@0U?$_Neq_char_bound@V?$char_traits@G@_STL@@@1@@Z 00410320 f i stlport_vc6_static:string_w.obj
 0001:0000f360       ?find_if@_STL@@YA?AV?$reverse_iterator@PBGGABGPBGH@1@V21@0U?$_Not_within_traits@V?$char_traits@G@_STL@@@1@@Z 00410360 f i stlport_vc6_static:string_w.obj
 0001:0000f3b0       ?iterator_category@_STL@@YA?AUrandom_access_iterator_tag@1@PBG@Z 004103b0 f i stlport_vc6_static:string_w.obj
 0001:0000f3c0       ?_M_range_initialize@?$basic_string@GV?$char_traits@G@_STL@@V?$allocator@G@2@@_STL@@AAEXPAG0ABUforward_iterator_tag@2@@Z 004103c0 f i stlport_vc6_static:string_w.obj
 0001:0000f450       ?_M_range_initialize@?$basic_string@GV?$char_traits@G@_STL@@V?$allocator@G@2@@_STL@@AAEXPBG0ABUforward_iterator_tag@2@@Z 00410450 f i stlport_vc6_static:string_w.obj
 0001:0000f4e0       ?_M_assign_dispatch@?$basic_string@GV?$char_traits@G@_STL@@V?$allocator@G@2@@_STL@@AAEAAV12@PAG0ABU__false_type@2@@Z 004104e0 f i stlport_vc6_static:string_w.obj
 0001:0000f570       ?_M_append_dispatch@?$basic_string@GV?$char_traits@G@_STL@@V?$allocator@G@2@@_STL@@AAEAAV12@PAG0ABU__false_type@2@@Z 00410570 f i stlport_vc6_static:string_w.obj
 0001:0000f5a0       ?_M_append_dispatch@?$basic_string@GV?$char_traits@G@_STL@@V?$allocator@G@2@@_STL@@AAEAAV12@PBG0ABU__false_type@2@@Z 004105a0 f i stlport_vc6_static:string_w.obj
 0001:0000f5d0       ?_M_insert_dispatch@?$basic_string@GV?$char_traits@G@_STL@@V?$allocator@G@2@@_STL@@AAEXPAG00ABU__false_type@2@@Z 004105d0 f i stlport_vc6_static:string_w.obj
 0001:0000f600       ?_M_insert_dispatch@?$basic_string@GV?$char_traits@G@_STL@@V?$allocator@G@2@@_STL@@AAEXPAGPBG1ABU__false_type@2@@Z 00410600 f i stlport_vc6_static:string_w.obj
 0001:0000f630       ?_M_replace_dispatch@?$basic_string@GV?$char_traits@G@_STL@@V?$allocator@G@2@@_STL@@AAEAAV12@PAG000ABU__false_type@2@@Z 00410630 f i stlport_vc6_static:string_w.obj
 0001:0000f6f0       ?_M_replace_dispatch@?$basic_string@GV?$char_traits@G@_STL@@V?$allocator@G@2@@_STL@@AAEAAV12@PAG0PBG1ABU__false_type@2@@Z 004106f0 f i stlport_vc6_static:string_w.obj
 0001:0000f7b0       ?_M_initialize_dispatch@?$basic_string@GV?$char_traits@G@_STL@@V?$allocator@G@2@@_STL@@AAEXPAG0ABU__false_type@2@@Z 004107b0 f i stlport_vc6_static:string_w.obj
 0001:0000f840       ?_S_refill@?$__node_alloc@$00$0A@@_STL@@CAPAXI@Z 00410840 f i stlport_vc6_static:string_w.obj
 0001:0000f9a0       ?__find_if@_STL@@YA?AV?$reverse_iterator@PBGGABGPBGH@1@V21@0U?$_Eq_char_bound@V?$char_traits@G@_STL@@@1@ABUrandom_access_iterator_tag@1@@Z 004109a0 f i stlport_vc6_static:string_w.obj
 0001:0000fa40       ?__find_if@_STL@@YA?AV?$reverse_iterator@PBGGABGPBGH@1@V21@0U?$_Neq_char_bound@V?$char_traits@G@_STL@@@1@ABUrandom_access_iterator_tag@1@@Z 00410a40 f i stlport_vc6_static:string_w.obj
 0001:0000fae0       ?__find_if@_STL@@YA?AV?$reverse_iterator@PBGGABGPBGH@1@V21@0U?$_Not_within_traits@V?$char_traits@G@_STL@@@1@ABUrandom_access_iterator_tag@1@@Z 00410ae0 f i stlport_vc6_static:string_w.obj
 0001:0000fcb0       ?append@?$basic_string@GV?$char_traits@G@_STL@@V?$allocator@G@2@@_STL@@AAEAAV12@PAG0ABUforward_iterator_tag@2@@Z 00410cb0 f i stlport_vc6_static:string_w.obj
 0001:0000fe70       ?append@?$basic_string@GV?$char_traits@G@_STL@@V?$allocator@G@2@@_STL@@AAEAAV12@PBG0ABUforward_iterator_tag@2@@Z 00410e70 f i stlport_vc6_static:string_w.obj
 0001:00010020       ?insert@?$basic_string@GV?$char_traits@G@_STL@@V?$allocator@G@2@@_STL@@AAEXPAG00ABUforward_iterator_tag@2@@Z 00411020 f i stlport_vc6_static:string_w.obj
 0001:000102e0       ?insert@?$basic_string@GV?$char_traits@G@_STL@@V?$allocator@G@2@@_STL@@AAEXPAGPBG1ABUforward_iterator_tag@2@@Z 004112e0 f i stlport_vc6_static:string_w.obj
 0001:000105a0       ?replace@?$basic_string@GV?$char_traits@G@_STL@@V?$allocator@G@2@@_STL@@AAEAAV12@PAG000ABUforward_iterator_tag@2@@Z 004115a0 f i stlport_vc6_static:string_w.obj
 0001:00010660       ?replace@?$basic_string@GV?$char_traits@G@_STL@@V?$allocator@G@2@@_STL@@AAEAAV12@PAG0PBG1ABUforward_iterator_tag@2@@Z 00411660 f i stlport_vc6_static:string_w.obj
 0001:00010720       ?_S_chunk_alloc@?$__node_alloc@$00$0A@@_STL@@CAPADIAAH@Z 00411720 f i stlport_vc6_static:string_w.obj
 0001:00010850       ?__copy_aux@_STL@@YAPAGPAG00ABU__true_type@1@@Z 00411850 f i stlport_vc6_static:string_w.obj
 0001:00010880       ?_M_copy@?$basic_string@GV?$char_traits@G@_STL@@V?$allocator@G@2@@_STL@@AAEXPAG00@Z 00411880 f i stlport_vc6_static:string_w.obj
 0001:000108b0       ?__copy_ptrs@_STL@@YAPAGPAG00ABU__false_type@1@@Z 004118b0 f i stlport_vc6_static:string_w.obj
 0001:000108e0       ?__find_if@_STL@@YAPAGPAG0U?$_Eq_char_bound@V?$char_traits@G@_STL@@@1@ABUrandom_access_iterator_tag@1@@Z 004118e0 f i stlport_vc6_static:string_w.obj
 0001:00010950       ?distance_type@_STL@@YAPAHPBG@Z 00411950 f i stlport_vc6_static:string_w.obj
 0001:00010960       ?__copy@_STL@@YAPAGPAG00ABUrandom_access_iterator_tag@1@PAH@Z 00411960 f i stlport_vc6_static:string_w.obj
 0001:00010990       ?__stl_throw_range_error@_STL@@YAXPBD@Z 00411990 f   stlport_vc6_static:dll_main.obj
 0001:00010b10       ??_Eruntime_error@_STL@@UAEPAXI@Z 00411b10 f i stlport_vc6_static:dll_main.obj
 0001:00010b10       ??_Gruntime_error@_STL@@UAEPAXI@Z 00411b10 f i stlport_vc6_static:dll_main.obj
 0001:00010b30       ??_Grange_error@_STL@@UAEPAXI@Z 00411b30 f i stlport_vc6_static:dll_main.obj
 0001:00010b30       ??_Erange_error@_STL@@UAEPAXI@Z 00411b30 f i stlport_vc6_static:dll_main.obj
 0001:00010b50       ??0range_error@_STL@@QAE@ABV01@@Z 00411b50 f i stlport_vc6_static:dll_main.obj
 0001:00010ba0       ??0runtime_error@_STL@@QAE@ABV01@@Z 00411ba0 f i stlport_vc6_static:dll_main.obj
 0001:00010bf0       ??0__Named_exception@_STL@@QAE@ABV01@@Z 00411bf0 f i stlport_vc6_static:dll_main.obj
 0001:00010c30       ??_E__Named_exception@_STL@@UAEPAXI@Z 00411c30 f i stlport_vc6_static:dll_main.obj
 0001:00010c30       ??_G__Named_exception@_STL@@UAEPAXI@Z 00411c30 f i stlport_vc6_static:dll_main.obj
 0001:00010c60       ?__stl_throw_out_of_range@_STL@@YAXPBD@Z 00411c60 f   stlport_vc6_static:dll_main.obj
 0001:00010de0       ??_Elogic_error@_STL@@UAEPAXI@Z 00411de0 f i stlport_vc6_static:dll_main.obj
 0001:00010de0       ??_Glogic_error@_STL@@UAEPAXI@Z 00411de0 f i stlport_vc6_static:dll_main.obj
 0001:00010e00       ??_Gout_of_range@_STL@@UAEPAXI@Z 00411e00 f i stlport_vc6_static:dll_main.obj
 0001:00010e00       ??_Eout_of_range@_STL@@UAEPAXI@Z 00411e00 f i stlport_vc6_static:dll_main.obj
 0001:00010e20       ??0out_of_range@_STL@@QAE@ABV01@@Z 00411e20 f i stlport_vc6_static:dll_main.obj
 0001:00010e70       ??0logic_error@_STL@@QAE@ABV01@@Z 00411e70 f i stlport_vc6_static:dll_main.obj
 0001:00010ec0       ?__stl_throw_length_error@_STL@@YAXPBD@Z 00411ec0 f   stlport_vc6_static:dll_main.obj
 0001:00011040       ??_Glength_error@_STL@@UAEPAXI@Z 00412040 f i stlport_vc6_static:dll_main.obj
 0001:00011040       ??_Elength_error@_STL@@UAEPAXI@Z 00412040 f i stlport_vc6_static:dll_main.obj
 0001:00011060       ??0length_error@_STL@@QAE@ABV01@@Z 00412060 f i stlport_vc6_static:dll_main.obj
 0001:000110b0       ?__stl_throw_invalid_argument@_STL@@YAXPBD@Z 004120b0 f   stlport_vc6_static:dll_main.obj
 0001:00011230       ??_Ginvalid_argument@_STL@@UAEPAXI@Z 00412230 f i stlport_vc6_static:dll_main.obj
 0001:00011230       ??_Einvalid_argument@_STL@@UAEPAXI@Z 00412230 f i stlport_vc6_static:dll_main.obj
 0001:00011250       ??0invalid_argument@_STL@@QAE@ABV01@@Z 00412250 f i stlport_vc6_static:dll_main.obj
 0001:000112a0       ?__stl_throw_overflow_error@_STL@@YAXPBD@Z 004122a0 f   stlport_vc6_static:dll_main.obj
 0001:00011420       ??_Goverflow_error@_STL@@UAEPAXI@Z 00412420 f i stlport_vc6_static:dll_main.obj
 0001:00011420       ??_Eoverflow_error@_STL@@UAEPAXI@Z 00412420 f i stlport_vc6_static:dll_main.obj
 0001:00011440       ??0overflow_error@_STL@@QAE@ABV01@@Z 00412440 f i stlport_vc6_static:dll_main.obj
 0001:00011490       ?__get_c_string@_STL@@YAPBDABV?$basic_string@DV?$char_traits@D@_STL@@V?$allocator@D@2@@1@@Z 00412490 f   stlport_vc6_static:dll_main.obj
 0001:000114b0       ??0__Named_exception@_STL@@QAE@ABV?$basic_string@DV?$char_traits@D@_STL@@V?$allocator@D@2@@1@@Z 004124b0 f   stlport_vc6_static:dll_main.obj
 0001:00011530       ?what@__Named_exception@_STL@@UBEPBDXZ 00412530 f   stlport_vc6_static:dll_main.obj
 0001:00011550       ??1__Named_exception@_STL@@UAE@XZ 00412550 f   stlport_vc6_static:dll_main.obj
 0001:00011570       ??1logic_error@_STL@@UAE@XZ 00412570 f   stlport_vc6_static:dll_main.obj
 0001:00011590       ??1runtime_error@_STL@@UAE@XZ 00412590 f   stlport_vc6_static:dll_main.obj
 0001:000115b0       ??1domain_error@_STL@@UAE@XZ 004125b0 f   stlport_vc6_static:dll_main.obj
 0001:000115d0       ??_Gdomain_error@_STL@@UAEPAXI@Z 004125d0 f i stlport_vc6_static:dll_main.obj
 0001:000115d0       ??_Edomain_error@_STL@@UAEPAXI@Z 004125d0 f i stlport_vc6_static:dll_main.obj
 0001:000115f0       ??1invalid_argument@_STL@@UAE@XZ 004125f0 f   stlport_vc6_static:dll_main.obj
 0001:00011610       ??1length_error@_STL@@UAE@XZ 00412610 f   stlport_vc6_static:dll_main.obj
 0001:00011630       ??1out_of_range@_STL@@UAE@XZ 00412630 f   stlport_vc6_static:dll_main.obj
 0001:00011650       ??1range_error@_STL@@UAE@XZ 00412650 f   stlport_vc6_static:dll_main.obj
 0001:00011670       ??1overflow_error@_STL@@UAE@XZ 00412670 f   stlport_vc6_static:dll_main.obj
 0001:00011690       ??1underflow_error@_STL@@UAE@XZ 00412690 f   stlport_vc6_static:dll_main.obj
 0001:000116b0       ??_Gunderflow_error@_STL@@UAEPAXI@Z 004126b0 f i stlport_vc6_static:dll_main.obj
 0001:000116b0       ??_Eunderflow_error@_STL@@UAEPAXI@Z 004126b0 f i stlport_vc6_static:dll_main.obj
 0001:000116d0       ??0?$basic_string@DV?$char_traits@D@_STL@@V?$allocator@D@2@@_STL@@QAE@ABV?$allocator@D@1@@Z 004126d0 f i stlport_vc6_static:dll_main.obj
 0001:00011850       ??0?$basic_string@DV?$char_traits@D@_STL@@V?$allocator@D@2@@_STL@@QAE@U_String_reserve_t@1@IABV?$allocator@D@1@@Z 00412850 f i stlport_vc6_static:dll_main.obj
 0001:000119d0       ??0?$basic_string@DV?$char_traits@D@_STL@@V?$allocator@D@2@@_STL@@QAE@ABV01@IIABV?$allocator@D@1@@Z 004129d0 f i stlport_vc6_static:dll_main.obj
 0001:00011cc0       ??0?$basic_string@DV?$char_traits@D@_STL@@V?$allocator@D@2@@_STL@@QAE@PBDIABV?$allocator@D@1@@Z 00412cc0 f i stlport_vc6_static:dll_main.obj
 0001:00011ea0       ??0?$basic_string@DV?$char_traits@D@_STL@@V?$allocator@D@2@@_STL@@QAE@IDABV?$allocator@D@1@@Z 00412ea0 f i stlport_vc6_static:dll_main.obj
 0001:00011ff0       ??4?$basic_string@DV?$char_traits@D@_STL@@V?$allocator@D@2@@_STL@@QAEAAV01@ABV01@@Z 00412ff0 f i stlport_vc6_static:dll_main.obj
 0001:000120f0       ??4?$basic_string@DV?$char_traits@D@_STL@@V?$allocator@D@2@@_STL@@QAEAAV01@PBD@Z 004130f0 f i stlport_vc6_static:dll_main.obj
 0001:00012250       ??4?$basic_string@DV?$char_traits@D@_STL@@V?$allocator@D@2@@_STL@@QAEAAV01@D@Z 00413250 f i stlport_vc6_static:dll_main.obj
 0001:00012380       ?_M_null@?$basic_string@DV?$char_traits@D@_STL@@V?$allocator@D@2@@_STL@@SADXZ 00413380 f i stlport_vc6_static:dll_main.obj
 0001:00012390       ?_M_construct_null_aux@?$basic_string@DV?$char_traits@D@_STL@@V?$allocator@D@2@@_STL@@AAEXPADABU__false_type@2@@Z 00413390 f i stlport_vc6_static:dll_main.obj
 0001:000123b0       ?_M_construct_null_aux@?$basic_string@DV?$char_traits@D@_STL@@V?$allocator@D@2@@_STL@@AAEXPADABU__true_type@2@@Z 004133b0 f i stlport_vc6_static:dll_main.obj
 0001:000123d0       ?_M_construct_null@?$basic_string@DV?$char_traits@D@_STL@@V?$allocator@D@2@@_STL@@AAEXPAD@Z 004133d0 f i stlport_vc6_static:dll_main.obj
 0001:000123f0       ?_M_terminate_string_aux@?$basic_string@DV?$char_traits@D@_STL@@V?$allocator@D@2@@_STL@@AAEXABU__false_type@2@@Z 004133f0 f i stlport_vc6_static:dll_main.obj
 0001:00012450       ?_M_terminate_string_aux@?$basic_string@DV?$char_traits@D@_STL@@V?$allocator@D@2@@_STL@@AAEXABU__true_type@2@@Z 00413450 f i stlport_vc6_static:dll_main.obj
 0001:00012470       ?_M_terminate_string@?$basic_string@DV?$char_traits@D@_STL@@V?$allocator@D@2@@_STL@@AAEXXZ 00413470 f i stlport_vc6_static:dll_main.obj
 0001:00012490       ?begin@?$basic_string@DV?$char_traits@D@_STL@@V?$allocator@D@2@@_STL@@QAEPADXZ 00413490 f i stlport_vc6_static:dll_main.obj
 0001:000124a0       ?end@?$basic_string@DV?$char_traits@D@_STL@@V?$allocator@D@2@@_STL@@QAEPADXZ 004134a0 f i stlport_vc6_static:dll_main.obj
 0001:000124c0       ?begin@?$basic_string@DV?$char_traits@D@_STL@@V?$allocator@D@2@@_STL@@QBEPBDXZ 004134c0 f i stlport_vc6_static:dll_main.obj
 0001:000124d0       ?end@?$basic_string@DV?$char_traits@D@_STL@@V?$allocator@D@2@@_STL@@QBEPBDXZ 004134d0 f i stlport_vc6_static:dll_main.obj
 0001:000124f0       ?rbegin@?$basic_string@DV?$char_traits@D@_STL@@V?$allocator@D@2@@_STL@@QAE?AV?$reverse_iterator@PADDAADPADH@2@XZ 004134f0 f i stlport_vc6_static:dll_main.obj
 0001:00012520       ?rend@?$basic_string@DV?$char_traits@D@_STL@@V?$allocator@D@2@@_STL@@QAE?AV?$reverse_iterator@PADDAADPADH@2@XZ 00413520 f i stlport_vc6_static:dll_main.obj
 0001:00012550       ?rbegin@?$basic_string@DV?$char_traits@D@_STL@@V?$allocator@D@2@@_STL@@QBE?AV?$reverse_iterator@PBDDABDPBDH@2@XZ 00413550 f i stlport_vc6_static:dll_main.obj
 0001:00012580       ?rend@?$basic_string@DV?$char_traits@D@_STL@@V?$allocator@D@2@@_STL@@QBE?AV?$reverse_iterator@PBDDABDPBDH@2@XZ 00413580 f i stlport_vc6_static:dll_main.obj
 0001:000125b0       ?size@?$basic_string@DV?$char_traits@D@_STL@@V?$allocator@D@2@@_STL@@QBEIXZ 004135b0 f i stlport_vc6_static:dll_main.obj
 0001:000125d0       ?length@?$basic_string@DV?$char_traits@D@_STL@@V?$allocator@D@2@@_STL@@QBEIXZ 004135d0 f i stlport_vc6_static:dll_main.obj
 0001:000125f0       ?max_size@?$basic_string@DV?$char_traits@D@_STL@@V?$allocator@D@2@@_STL@@QBEIXZ 004135f0 f i stlport_vc6_static:dll_main.obj
 0001:00012600       ?resize@?$basic_string@DV?$char_traits@D@_STL@@V?$allocator@D@2@@_STL@@QAEXID@Z 00413600 f i stlport_vc6_static:dll_main.obj
 0001:000126b0       ?resize@?$basic_string@DV?$char_traits@D@_STL@@V?$allocator@D@2@@_STL@@QAEXI@Z 004136b0 f i stlport_vc6_static:dll_main.obj
 0001:00012760       ?capacity@?$basic_string@DV?$char_traits@D@_STL@@V?$allocator@D@2@@_STL@@QBEIXZ 00413760 f i stlport_vc6_static:dll_main.obj
 0001:00012780       ?clear@?$basic_string@DV?$char_traits@D@_STL@@V?$allocator@D@2@@_STL@@QAEXXZ 00413780 f i stlport_vc6_static:dll_main.obj
 0001:000127d0       ?empty@?$basic_string@DV?$char_traits@D@_STL@@V?$allocator@D@2@@_STL@@QBE_NXZ 004137d0 f i stlport_vc6_static:dll_main.obj
 0001:000127f0       ??A?$basic_string@DV?$char_traits@D@_STL@@V?$allocator@D@2@@_STL@@QBEABDI@Z 004137f0 f i stlport_vc6_static:dll_main.obj
 0001:00012810       ??A?$basic_string@DV?$char_traits@D@_STL@@V?$allocator@D@2@@_STL@@QAEAADI@Z 00413810 f i stlport_vc6_static:dll_main.obj
 0001:00012830       ?at@?$basic_string@DV?$char_traits@D@_STL@@V?$allocator@D@2@@_STL@@QBEABDI@Z 00413830 f i stlport_vc6_static:dll_main.obj
 0001:00012870       ?at@?$basic_string@DV?$char_traits@D@_STL@@V?$allocator@D@2@@_STL@@QAEAADI@Z 00413870 f i stlport_vc6_static:dll_main.obj
 0001:000128b0       ??Y?$basic_string@DV?$char_traits@D@_STL@@V?$allocator@D@2@@_STL@@QAEAAV01@ABV01@@Z 004138b0 f i stlport_vc6_static:dll_main.obj
 0001:000128f0       ??Y?$basic_string@DV?$char_traits@D@_STL@@V?$allocator@D@2@@_STL@@QAEAAV01@PBD@Z 004138f0 f i stlport_vc6_static:dll_main.obj
 0001:00012940       ??Y?$basic_string@DV?$char_traits@D@_STL@@V?$allocator@D@2@@_STL@@QAEAAV01@D@Z 00413940 f i stlport_vc6_static:dll_main.obj
 0001:000129f0       ?append@?$basic_string@DV?$char_traits@D@_STL@@V?$allocator@D@2@@_STL@@QAEAAV12@ABV12@@Z 004139f0 f i stlport_vc6_static:dll_main.obj
 0001:00012a30       ?append@?$basic_string@DV?$char_traits@D@_STL@@V?$allocator@D@2@@_STL@@QAEAAV12@ABV12@II@Z 00413a30 f i stlport_vc6_static:dll_main.obj
 0001:00012ac0       ?append@?$basic_string@DV?$char_traits@D@_STL@@V?$allocator@D@2@@_STL@@QAEAAV12@PBDI@Z 00413ac0 f i stlport_vc6_static:dll_main.obj
 0001:00012af0       ?pop_back@?$basic_string@DV?$char_traits@D@_STL@@V?$allocator@D@2@@_STL@@QAEXXZ 00413af0 f i stlport_vc6_static:dll_main.obj
 0001:00012b30       ?assign@?$basic_string@DV?$char_traits@D@_STL@@V?$allocator@D@2@@_STL@@QAEAAV12@ABV12@@Z 00413b30 f i stlport_vc6_static:dll_main.obj
 0001:00012c20       ?assign@?$basic_string@DV?$char_traits@D@_STL@@V?$allocator@D@2@@_STL@@QAEAAV12@ABV12@II@Z 00413c20 f i stlport_vc6_static:dll_main.obj
 0001:00012d60       ?assign@?$basic_string@DV?$char_traits@D@_STL@@V?$allocator@D@2@@_STL@@QAEAAV12@PBDI@Z 00413d60 f i stlport_vc6_static:dll_main.obj
 0001:00012eb0       ?assign@?$basic_string@DV?$char_traits@D@_STL@@V?$allocator@D@2@@_STL@@QAEAAV12@PBD@Z 00413eb0 f i stlport_vc6_static:dll_main.obj
 0001:00013010       ?insert@?$basic_string@DV?$char_traits@D@_STL@@V?$allocator@D@2@@_STL@@QAEAAV12@IABV12@@Z 00414010 f i stlport_vc6_static:dll_main.obj
 0001:000130b0       ?insert@?$basic_string@DV?$char_traits@D@_STL@@V?$allocator@D@2@@_STL@@QAEAAV12@IABV12@II@Z 004140b0 f i stlport_vc6_static:dll_main.obj
 0001:00013190       ?insert@?$basic_string@DV?$char_traits@D@_STL@@V?$allocator@D@2@@_STL@@QAEAAV12@IPBDI@Z 00414190 f i stlport_vc6_static:dll_main.obj
 0001:00013210       ?insert@?$basic_string@DV?$char_traits@D@_STL@@V?$allocator@D@2@@_STL@@QAEAAV12@IPBD@Z 00414210 f i stlport_vc6_static:dll_main.obj
[...]
 0003:00204f44       ?_S_start_free@?$__node_alloc@$00$0A@@_STL@@0PADA 0063cf44     stlport_vc6_static:string_w.obj
 0003:00204f48       ?__oom_handler@?$__malloc_alloc@$0A@@_STL@@0P6AXXZA 0063cf48     stlport_vc6_static:dll_main.obj
 0003:00204f4c       ?_S_heap_size@?$__node_alloc@$0A@$0A@@_STL@@0IA 0063cf4c     stlport_vc6_static:dll_main.obj
 0003:00204f50       ?_S_end_free@?$__node_alloc@$0A@$0A@@_STL@@0PADA 0063cf50     stlport_vc6_static:dll_main.obj
 0003:00204f54       ?_S_start_free@?$__node_alloc@$0A@$0A@@_STL@@0PADA 0063cf54     stlport_vc6_static:dll_main.obj
 0003:00204f58       ?_S_free_list@?$__node_alloc@$0A@$0A@@_STL@@0RCRAV_Node_alloc_obj@2@C 0063cf58     stlport_vc6_static:dll_main.obj
 0003:00204f98       ?_S_lock@?$_Node_Alloc_Lock@$0A@$0A@@_STL@@2U_STLP_mutex_base@2@A 0063cf98     stlport_vc6_static:dll_main.obj
 0003:00204fb8       __aenvptr                  0063cfb8     LIBCMT:wincrt0.obj
 0003:00204fbc       __wenvptr                  0063cfbc     LIBCMT:wincrt0.obj
 0003:00204fc0       ___error_mode              0063cfc0     LIBCMT:wincrt0.obj
 0003:00204fc4       __cflush                   0063cfc4     LIBCMT:_file.obj
 0003:0020502c       __umaskval                 0063d02c     LIBCMT:crt0dat.obj
 0003:00205030       __osver                    0063d030     LIBCMT:crt0dat.obj
 0003:00205034       __winver                   0063d034     LIBCMT:crt0dat.obj
 0003:00205038       __winmajor                 0063d038     LIBCMT:crt0dat.obj
 0003:0020503c       __winminor                 0063d03c     LIBCMT:crt0dat.obj
 0003:00205040       ___argc                    0063d040     LIBCMT:crt0dat.obj
 0003:00205044       ___argv                    0063d044     LIBCMT:crt0dat.obj
 0003:00205048       ___wargv                   0063d048     LIBCMT:crt0dat.obj
 0003:0020504c       __environ                  0063d04c     LIBCMT:crt0dat.obj
 0003:00205050       ___initenv                 0063d050     LIBCMT:crt0dat.obj
 0003:00205054       __wenviron                 0063d054     LIBCMT:crt0dat.obj
 0003:00205058       ___winitenv                0063d058     LIBCMT:crt0dat.obj
 0003:0020505c       __pgmptr                   0063d05c     LIBCMT:crt0dat.obj
 0003:00205060       __wpgmptr                  0063d060     LIBCMT:crt0dat.obj
 0003:00205064       __exitflag                 0063d064     LIBCMT:crt0dat.obj
 0003:00205068       __C_Termination_Done       0063d068     LIBCMT:crt0dat.obj
 0003:0020506c       __C_Exit_Done              0063d06c     LIBCMT:crt0dat.obj
 0003:00205070       __stdbuf                   0063d070     LIBCMT:_sftbuf.obj
 0003:0020526c       __adbgmsg                  0063d26c     LIBCMT:crt0msg.obj
 0003:00205270       __newmode                  0063d270     LIBCMT:_newmode.obj
 0003:00205274       ?_pnhHeap@@3P6AHI@ZA       0063d274     LIBCMT:handler.obj
 0003:00205290       __commode                  0063d290     LIBCMT:ncommode.obj
 0003:00205294       ___lc_handle               0063d294     LIBCMT:nlsdata2.obj
 0003:002052ac       ___lc_codepage             0063d2ac     LIBCMT:nlsdata2.obj
 0003:002052b0       ___lc_collate_cp           0063d2b0     LIBCMT:nlsdata2.obj
 0003:002052c8       __fmode                    0063d2c8     LIBCMT:txtmode.obj
 0003:002052d8       ___lc_time_intl            0063d2d8     LIBCMT:inittime.obj
 0003:002052f4       ___lc_id                   0063d2f4     LIBCMT:nlsdata3.obj
 0003:00205348       ___lconv_static_null       0063d348     LIBCMT:lconv.obj
 0003:00205358       __GUID_00000000_0000_0000_0000_000000000000 0063d358     comsupp:comsupp.obj
 0003:00205368       ?vtMissing@@3V_variant_t@@A 0063d368     comsupp:comutil.obj
 0003:00205378       ___alternate_form          0063d378     <common>
 0003:0020537c       ___no_lead_zeros           0063d37c     <common>
 0003:00205380       ___setlc_active            0063d380     <common>
 0003:00205384       ___unguarded_readlc_active 0063d384     <common>
 0003:00205388       ___sbh_sizeHeaderList      0063d388     <common>
 0003:0020538c       ___sbh_indGroupDefer       0063d38c     <common>
 0003:00205390       ___sbh_pHeaderScan         0063d390     <common>
 0003:00205394       ___sbh_initialized         0063d394     <common>
 0003:00205398       ___sbh_pHeaderDefer        0063d398     <common>
 0003:0020539c       ___sbh_cntHeaderList       0063d39c     <common>
 0003:002053a0       ___sbh_pHeaderList         0063d3a0     <common>
 0003:002053a4       ___sbh_threshold           0063d3a4     <common>
 0003:002053a8       __crtheap                  0063d3a8     <common>
 0003:002053ac       ___active_heap             0063d3ac     <common>
 0003:002053b0       ___env_initialized         0063d3b0     <common>
 0003:002053b4       ___mbctype_initialized     0063d3b4     <common>
 0003:002053b8       ___onexitend               0063d3b8     <common>
 0003:002053bc       ___onexitbegin             0063d3bc     <common>
 0003:002053c0       __FPinit                   0063d3c0     <common>
 0003:002053c4       ___mbcodepage              0063d3c4     <common>
 0003:002053d0       ___mbulinfo                0063d3d0     <common>
 0003:002053dc       ___ismbcodepage            0063d3dc     <common>
 0003:002053e0       __mbcasemap                0063d3e0     <common>
 0003:002054e0       __mbctype                  0063d4e0     <common>
 0003:002055e4       ___mblcid                  0063d5e4     <common>
 0003:00205600       ___pioinfo                 0063d600     <common>
 0003:00205700       __nhandle                  0063d700     <common>
 0003:00205704       ___piob                    0063d704     <common>
 0003:00205720       __bufin                    0063d720     <common>
 0003:00206720       __nstream                  0063e720     <common>
 0003:00206724       __acmdln                   0063e724     <common>
 0003:00206728       __FPmtinit                 0063e728     <common>
 0003:0020672c       __FPmtterm                 0063e72c     <common>

 entry point at        0001:0002422e

 Static symbols

 0001:000026c0       _$E8                       004036c0 f   main.obj
 0001:000026d0       _$E5                       004036d0 f   main.obj
 0001:000026e0       _$E7                       004036e0 f   main.obj
 0001:000026f0       _$E6                       004036f0 f   main.obj
 0001:00002f90       _$E13                      00403f90 f   main.obj
 0001:00002fa0       _$E10                      00403fa0 f   main.obj
 0001:00002fe0       _$E12                      00403fe0 f   main.obj
 0001:00002ff0       _$E11                      00403ff0 f   main.obj
 0001:00000000       _$E2                       00401000 f   GlobalFun.obj
 0001:00000010       _$E1                       00401010 f   GlobalFun.obj
 0001:00000030       _$E5                       00401030 f   GlobalFun.obj
 0001:00000040       _$E4                       00401040 f   GlobalFun.obj
 0001:00000060       _$E8                       00401060 f   GlobalFun.obj
 0001:00000070       _$E7                       00401070 f   GlobalFun.obj
 0001:00000090       _$E11                      00401090 f   GlobalFun.obj
 0001:000000a0       _$E10                      004010a0 f   GlobalFun.obj
 0001:000000c0       _$E14                      004010c0 f   GlobalFun.obj
 0001:000000d0       _$E13                      004010d0 f   GlobalFun.obj
 0001:000000f0       _$E17                      004010f0 f   GlobalFun.obj
 0001:00000100       _$E16                      00401100 f   GlobalFun.obj
 0001:00000120       _$E20                      00401120 f   GlobalFun.obj
 0001:00000130       _$E19                      00401130 f   GlobalFun.obj
 0001:00000150       _$E23                      00401150 f   GlobalFun.obj
 0001:00000160       _$E22                      00401160 f   GlobalFun.obj
 0001:00000180       _$E26                      00401180 f   GlobalFun.obj
 0001:00000190       _$E25                      00401190 f   GlobalFun.obj
 0001:000006c0       ?IsEnterKey@@YAHPBDPAH@Z   004016c0 f   GlobalFun.obj
 0001:00000760       ?GetFirstLineLen@@YAJPBD@Z 00401760 f   GlobalFun.obj
 0001:000007f0       ?GetPrivateProfileKeyPos@@YAHPBD00AAJ1@Z 004017f0 f   GlobalFun.obj
 0001:000009a0       ?GetStrInStrPos@@YAHPBD0AAJ@Z 004019a0 f   GlobalFun.obj
 0001:00000a10       ?GetKeyValue@@YAPADPBDAAJ@Z 00401a10 f   GlobalFun.obj
 0001:0002f406       _xtoa                      00430406 f   LIBCMT:xtoa.obj
 0001:0002f4d8       _x64toa@20                 004304d8 f   LIBCMT:xtoa.obj
 0001:0002e8fa       __expandtime               0042f8fa f   LIBCMT:strftime.obj
 0001:0002ece9       __store_str                0042fce9 f   LIBCMT:strftime.obj
 0001:0002ed10       __store_num                0042fd10 f   LIBCMT:strftime.obj
 0001:0002ed7f       __store_number             0042fd7f f   LIBCMT:strftime.obj
 0001:0002edc8       __store_winword            0042fdc8 f   LIBCMT:strftime.obj
 0001:0002e3d0       _findenv                   0042f3d0 f   LIBCMT:setenv.obj
 0001:0002e428       _copy_environ              0042f428 f   LIBCMT:setenv.obj
 0001:0002e21e       _strncnt                   0042f21e f   LIBCMT:a_cmp.obj
 0001:0002d877       _TranslateName             0042e877 f   LIBCMT:getqloc.obj
 0001:0002d8cf       _GetLcidFromLangCountry    0042e8cf f   LIBCMT:getqloc.obj
 0001:0002d956       _LangCountryEnumProc@4     0042e956 f   LIBCMT:getqloc.obj
 0001:0002db5a       _GetLcidFromLanguage       0042eb5a f   LIBCMT:getqloc.obj
 0001:0002dbb0       _LanguageEnumProc@4        0042ebb0 f   LIBCMT:getqloc.obj
 0001:0002dc6d       _GetLcidFromCountry        0042ec6d f   LIBCMT:getqloc.obj
 0001:0002dca4       _CountryEnumProc@4         0042eca4 f   LIBCMT:getqloc.obj
 0001:0002dd2a       _GetLcidFromDefault        0042ed2a f   LIBCMT:getqloc.obj
 0001:0002dd44       _ProcessCodePage           0042ed44 f   LIBCMT:getqloc.obj
 0001:0002ddaa       _TestDefaultCountry        0042edaa f   LIBCMT:getqloc.obj
 0001:0002ddc9       _TestDefaultLanguage       0042edc9 f   LIBCMT:getqloc.obj
 0001:0002de2b       _IsThisWindowsNT           0042ee2b f   LIBCMT:getqloc.obj
 0001:0002de61       _crtGetLocaleInfoA@16      0042ee61 f   LIBCMT:getqloc.obj
 0001:0002df47       _LcidFromHexString         0042ef47 f   LIBCMT:getqloc.obj
 0001:0002df80       _GetPrimaryLen             0042ef80 f   LIBCMT:getqloc.obj
 0001:0002d289       __get_lc_lconv             0042e289 f   LIBCMT:initmon.obj
 0001:0002d3ab       _fix_grouping              0042e3ab f   LIBCMT:initmon.obj
 0001:0002d3e2       __free_lc_lconv            0042e3e2 f   LIBCMT:initmon.obj
 0001:0002d187       _fix_grouping              0042e187 f   LIBCMT:initnum.obj
 0001:0002cad4       __get_lc_time              0042dad4 f   LIBCMT:inittime.obj
 0001:0002ce22       __free_lc_time             0042de22 f   LIBCMT:inittime.obj
 0001:0002c366       __setlocale_set_cat        0042d366 f   LIBCMT:setlocal.obj
 0001:0002c481       __setlocale_get_all        0042d481 f   LIBCMT:setlocal.obj
 0001:0002bb98       _strtoxl                   0042cb98 f   LIBCMT:strtol.obj
 0001:0002bb50       _x_ismbbtype               0042cb50 f   LIBCMT:ismbbyte.obj
 0001:0002b64e       _strncnt                   0042c64e f   LIBCMT:a_map.obj
 0001:0002a9b8       _ctrlevent_capture@4       0042b9b8 f   LIBCMT:winsig.obj
 0001:0002ab9c       _siglookup                 0042bb9c f   LIBCMT:winsig.obj
 0001:000286fe       _parse_cmdline             004296fe f   LIBCMT:stdargv.obj
 0001:00027d68       __tzset_lk                 00428d68 f   LIBCMT:tzset.obj
 0001:00028010       __isindst_lk               00429010 f   LIBCMT:tzset.obj
 0001:000281bc       _cvtdate                   004291bc f   LIBCMT:tzset.obj
 0001:00027731       _write_char                00428731 f   LIBCMT:output.obj
 0001:00027766       _write_multi_char          00428766 f   LIBCMT:output.obj
 0001:00027797       _write_string              00428797 f   LIBCMT:output.obj
 0001:000277cf       _get_int_arg               004287cf f   LIBCMT:output.obj
 0001:000277dc       _get_int64_arg             004287dc f   LIBCMT:output.obj
 0001:000277ec       _get_short_arg             004287ec f   LIBCMT:output.obj
 0001:00026dc1       _xcptlookup                00427dc1 f   LIBCMT:winxfltr.obj
 0001:00026bb2       _doexit                    00427bb2 f   LIBCMT:crt0dat.obj
 0001:00026c69       __initterm                 00427c69 f   LIBCMT:crt0dat.obj
 0001:00026773       _getSystemCP               00427773 f   LIBCMT:mbctype.obj
 0001:000267bd       _CPtoLCID                  004277bd f   LIBCMT:mbctype.obj
 0001:000267f0       _setSBCS                   004277f0 f   LIBCMT:mbctype.obj
 0001:00026819       _setSBUpLow                00427819 f   LIBCMT:mbctype.obj
 0001:00025a6a       ?FindHandler@@YAXPAUEHExceptionRecord@@PAUEHRegistrationNode@@PAU_CONTEXT@@PAXPBU_s_FuncInfo@@EH1@Z 00426a6a f   LIBCMT:frame.obj
 0001:00025c1d       ?FindHandlerForForeignException@@YAXPAUEHExceptionRecord@@PAUEHRegistrationNode@@PAU_CONTEXT@@PAXPBU_s_FuncInfo@@HH1@Z 00426c1d f   LIBCMT:frame.obj
 0001:00025cc7       ?TypeMatch@@YAHPBU_s_HandlerType@@PBU_s_CatchableType@@PBU_s_ThrowInfo@@@Z 00426cc7 f   LIBCMT:frame.obj
 0001:00025dc2       ?FrameUnwindFilter@@YAHPAU_EXCEPTION_POINTERS@@@Z 00426dc2 f   LIBCMT:frame.obj
 0001:00025dd8       ?CatchIt@@YAXPAUEHExceptionRecord@@PAUEHRegistrationNode@@PAU_CONTEXT@@PAXPBU_s_FuncInfo@@PBU_s_HandlerType@@PBU_s_CatchableType@@PBU_s_TryBlockMapEntry@@H1E@Z 00426dd8 f   LIBCMT:frame.obj
 0001:00025e53       ?CallCatchBlock@@YAPAXPAUEHExceptionRecord@@PAUEHRegistrationNode@@PAU_CONTEXT@@PBU_s_FuncInfo@@PAXHK@Z 00426e53 f   LIBCMT:frame.obj
 0001:00025f6e       ?ExFilterRethrow@@YAHPAU_EXCEPTION_POINTERS@@@Z 00426f6e f   LIBCMT:frame.obj
 0001:00025f98       ?BuildCatchObject@@YAXPAUEHExceptionRecord@@PAUEHRegistrationNode@@PBU_s_HandlerType@@PBU_s_CatchableType@@@Z 00426f98 f   LIBCMT:frame.obj
 0001:000261c3       ?AdjustPointer@@YAPAXPAXABUPMD@@@Z 004271c3 f   LIBCMT:frame.obj
 0001:00024d40       LeadUp1                    00425d40 f   LIBCMT:memcpy.obj
 0001:00024d6c       LeadUp2                    00425d6c f   LIBCMT:memcpy.obj
 0001:00024d90       LeadUp3                    00425d90 f   LIBCMT:memcpy.obj
 0001:00024e0f       UnwindUp0                  00425e0f f   LIBCMT:memcpy.obj
 0001:00024dfc       UnwindUp1                  00425dfc f   LIBCMT:memcpy.obj
 0001:00024df4       UnwindUp2                  00425df4 f   LIBCMT:memcpy.obj
 0001:00024dec       UnwindUp3                  00425dec f   LIBCMT:memcpy.obj
 0001:00024de4       UnwindUp4                  00425de4 f   LIBCMT:memcpy.obj
 0001:00024ddc       UnwindUp5                  00425ddc f   LIBCMT:memcpy.obj
 0001:00024dd4       UnwindUp6                  00425dd4 f   LIBCMT:memcpy.obj
 0001:00024dcc       UnwindUp7                  00425dcc f   LIBCMT:memcpy.obj
 0001:00024e28       TrailUp0                   00425e28 f   LIBCMT:memcpy.obj
 0001:00024e30       TrailUp1                   00425e30 f   LIBCMT:memcpy.obj
 0001:00024e3c       TrailUp2                   00425e3c f   LIBCMT:memcpy.obj
 0001:00024e50       TrailUp3                   00425e50 f   LIBCMT:memcpy.obj
 0001:00024ec8       LeadDown1                  00425ec8 f   LIBCMT:memcpy.obj
 0001:00024ee8       LeadDown2                  00425ee8 f   LIBCMT:memcpy.obj
 0001:00024f10       LeadDown3                  00425f10 f   LIBCMT:memcpy.obj
 0001:00024f64       UnwindDown7                00425f64 f   LIBCMT:memcpy.obj
 0001:00024f6c       UnwindDown6                00425f6c f   LIBCMT:memcpy.obj
 0001:00024f74       UnwindDown5                00425f74 f   LIBCMT:memcpy.obj
 0001:00024f7c       UnwindDown4                00425f7c f   LIBCMT:memcpy.obj
 0001:00024f84       UnwindDown3                00425f84 f   LIBCMT:memcpy.obj
 0001:00024f8c       UnwindDown2                00425f8c f   LIBCMT:memcpy.obj
 0001:00024f94       UnwindDown1                00425f94 f   LIBCMT:memcpy.obj
 0001:00024fa7       UnwindDown0                00425fa7 f   LIBCMT:memcpy.obj
 0001:00024fc0       TrailDown0                 00425fc0 f   LIBCMT:memcpy.obj
 0001:00024fc8       TrailDown1                 00425fc8 f   LIBCMT:memcpy.obj
 0001:00024fd8       TrailDown2                 00425fd8 f   LIBCMT:memcpy.obj
 0001:00024fec       TrailDown3                 00425fec f   LIBCMT:memcpy.obj
 0001:00024c29       _flsall                    00425c29 f   LIBCMT:fflush.obj
 0001:0002435b       _fast_error_exit           0042535b f   LIBCMT:wincrt0.obj
 0001:00023860       LeadUp1                    00424860 f   LIBCMT:memmove.obj
 0001:0002388c       LeadUp2                    0042488c f   LIBCMT:memmove.obj
 0001:000238b0       LeadUp3                    004248b0 f   LIBCMT:memmove.obj
 0001:0002392f       UnwindUp0                  0042492f f   LIBCMT:memmove.obj
 0001:0002391c       UnwindUp1                  0042491c f   LIBCMT:memmove.obj
 0001:00023914       UnwindUp2                  00424914 f   LIBCMT:memmove.obj
 0001:0002390c       UnwindUp3                  0042490c f   LIBCMT:memmove.obj
 0001:00023904       UnwindUp4                  00424904 f   LIBCMT:memmove.obj
 0001:000238fc       UnwindUp5                  004248fc f   LIBCMT:memmove.obj
 0001:000238f4       UnwindUp6                  004248f4 f   LIBCMT:memmove.obj
 0001:000238ec       UnwindUp7                  004248ec f   LIBCMT:memmove.obj
 0001:00023948       TrailUp0                   00424948 f   LIBCMT:memmove.obj
 0001:00023950       TrailUp1                   00424950 f   LIBCMT:memmove.obj
 0001:0002395c       TrailUp2                   0042495c f   LIBCMT:memmove.obj
 0001:00023970       TrailUp3                   00424970 f   LIBCMT:memmove.obj
 0001:000239e8       LeadDown1                  004249e8 f   LIBCMT:memmove.obj
 0001:00023a08       LeadDown2                  00424a08 f   LIBCMT:memmove.obj
 0001:00023a30       LeadDown3                  00424a30 f   LIBCMT:memmove.obj
 0001:00023a84       UnwindDown7                00424a84 f   LIBCMT:memmove.obj
 0001:00023a8c       UnwindDown6                00424a8c f   LIBCMT:memmove.obj
 0001:00023a94       UnwindDown5                00424a94 f   LIBCMT:memmove.obj
 0001:00023a9c       UnwindDown4                00424a9c f   LIBCMT:memmove.obj
 0001:00023aa4       UnwindDown3                00424aa4 f   LIBCMT:memmove.obj
 0001:00023aac       UnwindDown2                00424aac f   LIBCMT:memmove.obj
 0001:00023ab4       UnwindDown1                00424ab4 f   LIBCMT:memmove.obj
 0001:00023ac7       UnwindDown0                00424ac7 f   LIBCMT:memmove.obj
 0001:00023ae0       TrailDown0                 00424ae0 f   LIBCMT:memmove.obj
 0001:00023ae8       TrailDown1                 00424ae8 f   LIBCMT:memmove.obj
 0001:00023af8       TrailDown2                 00424af8 f   LIBCMT:memmove.obj
 0001:00023b0c       TrailDown3                 00424b0c f   LIBCMT:memmove.obj
 0001:000236ac       __threadstartex@4          004246ac f   LIBCMT:threadex.obj
 0001:0002347c       _gu_return                 0042447c f   LIBCMT:exsup.obj
 0001:00023484       __unwind_handler           00424484 f   LIBCMT:exsup.obj
 0001:00023299       ?CatchGuardHandler@@YA?AW4_EXCEPTION_DISPOSITION@@PAUEHExceptionRecord@@PAUCatchGuardRN@@PAX2@Z 00424299 f   LIBCMT:trnsctrl.obj
 0001:00023374       ?TranslatorGuardHandler@@YA?AW4_EXCEPTION_DISPOSITION@@PAUEHExceptionRecord@@PAUTranslatorGuardRN@@PAX2@Z 00424374 f   LIBCMT:trnsctrl.obj
 0001:00030248       _$E4                       00431248 f   comsupp:comutil.obj
 0001:00030252       _$E1                       00431252 f   comsupp:comutil.obj
 0001:00030264       _$E3                       00431264 f   comsupp:comutil.obj
 0001:00030270       _$E2                       00431270 f   comsupp:comutil.obj
 0001:0002fc3b       ?_com_invoke_helper@@YAJPAUIDispatch@@JGGPAXPBGPADPAPAUIErrorInfo@@@Z 00430c3b f   comsupp:comsupp.obj
