 GameServer

 Timestamp is 68b8da6b (Wed Sep 03 20:16:43 2025)

 Preferred load address is 00400000

 Start         Length     Name                   Class
 0001:00000000 00057b76H .text                   CODE
 0001:00057b80 00003fddH .text$x                 CODE
 0002:00000000 00000204H .idata$5                DATA
 0002:00000208 00002420H .rdata                  DATA
 0002:00002628 00001684H .rdata$r                DATA
 0002:00003cb0 00004fd0H .xdata$x                DATA
 0002:00008c80 0000008cH .idata$2                DATA
 0002:00008d0c 00000014H .idata$3                DATA
 0002:00008d20 00000204H .idata$4                DATA
 0002:00008f24 00000910H .idata$6                DATA
 0002:00009834 00000000H .edata                  DATA
 0003:00000000 00000004H .CRT$XCA                DATA
 0003:00000004 0000006cH .CRT$XCU                DATA
 0003:00000070 00000004H .CRT$XCZ                DATA
 0003:00000074 00000004H .CRT$XIA                DATA
 0003:00000078 0000000cH .CRT$XIC                DATA
 0003:00000084 00000004H .CRT$XIY                DATA
 0003:00000088 00000004H .CRT$XIZ                DATA
 0003:0000008c 00000004H .CRT$XPA                DATA
 0003:00000090 00000004H .CRT$XPX                DATA
 0003:00000094 00000004H .CRT$XPZ                DATA
 0003:00000098 00000004H .CRT$XTA                DATA
 0003:0000009c 00000004H .CRT$XTB                DATA
 0003:000000a0 00000004H .CRT$XTZ                DATA
 0003:000000b0 000064ccH .data                   DATA
 0003:00006580 00003190H .bss                    DATA
 0004:00000000 00000020H STLPORT_NO_INIT         DATA

  Address         Publics by Value              Rva+Base     Lib:Object

 0001:00000000       _main                      00401000 f   GameServer.obj
 0001:000002b0       ?ServerEventNotify@@YGXPAXABK1@Z 004012b0 f   KSOServer.obj
 0001:00000330       ??1Owner@CCriticalSection@Win32@OnlineGameLib@@QAE@XZ 00401330 f i KSOServer.obj
 0001:00000340       ?GatewayClientEventNotify@@YGXPAXABK@Z 00401340 f   KSOServer.obj
 0001:00000370       ?ChatClientEventNotify@@YGXPAXABK@Z 00401370 f   KSOServer.obj
 0001:00000390       ?TongClientEventNotify@@YGXPAXABK@Z 00401390 f   KSOServer.obj
 0001:000003b0       ?DatabaseClientEventNotify@@YGXPAXABK@Z 004013b0 f   KSOServer.obj
 0001:000003e0       ?TransferClientEventNotify@@YGXPAXABK@Z 004013e0 f   KSOServer.obj
 0001:000003f0       ??0KSwordOnLineSever@@QAE@XZ 004013f0 f   KSOServer.obj
 0001:00000530       ??1KSwordOnLineSever@@QAE@XZ 00401530 f   KSOServer.obj
 0001:000005e0       ?Init@KSwordOnLineSever@@QAEHXZ 004015e0 f   KSOServer.obj
 0001:000013a0       ?_M_check_exception_mask@ios_base@_STL@@IAEXXZ 004023a0 f i KSOServer.obj
 0001:000013b0       ??_H@YGXPAXIHP6EX0@Z@Z     004023b0 f i KSOServer.obj
 0001:000013e0       ?Release@KSwordOnLineSever@@QAEXXZ 004023e0 f   KSOServer.obj
 0001:00001600       ?Breathe@KSwordOnLineSever@@QAEHXZ 00402600 f   KSOServer.obj
 0001:00001680       ?MessageLoop@KSwordOnLineSever@@AAEXXZ 00402680 f   KSOServer.obj
 0001:00001880       ?ChatMessageProcess@KSwordOnLineSever@@AAEXPBDI@Z 00402880 f   KSOServer.obj
 0001:00001960       ?TongMessageProcess@KSwordOnLineSever@@AAEXPBDI@Z 00402960 f   KSOServer.obj
 0001:000025f0       ?ChatGroupMan@KSwordOnLineSever@@AAEXPBXI@Z 004035f0 f   KSOServer.obj
 0001:000026a0       ?ChatSpecMan@KSwordOnLineSever@@AAEXPBXI@Z 004036a0 f   KSOServer.obj
 0001:00002700       ?DatabaseMessageProcess@KSwordOnLineSever@@AAEXPBDI@Z 00403700 f   KSOServer.obj
 0001:00002770       ?DatabaseLargePackProcess@KSwordOnLineSever@@AAEXPBDI@Z 00403770 f   KSOServer.obj
 0001:00002800       ?TransferMessageProcess@KSwordOnLineSever@@AAEXPBDI@Z 00403800 f   KSOServer.obj
 0001:00002a60       ?TransferLargePackProcess@KSwordOnLineSever@@AAEXPBXIPAVKTransferUnit@@@Z 00403a60 f   KSOServer.obj
 0001:00002ce0       ?TransferSmallPackProcess@KSwordOnLineSever@@AAEXPBXIPAVKTransferUnit@@@Z 00403ce0 f   KSOServer.obj
 0001:000032e0       ?PlayerMessageProcess@KSwordOnLineSever@@AAEXKPBDI@Z 004042e0 f   KSOServer.obj
 0001:00003780       ?GatewayMessageProcess@KSwordOnLineSever@@AAEXPBDI@Z 00404780 f   KSOServer.obj
 0001:000037b0       ?GatewayLargePackProcess@KSwordOnLineSever@@AAEXPBXI@Z 004047b0 f   KSOServer.obj
 0001:000039c0       ?GatewaySmallPackProcess@KSwordOnLineSever@@AAEXPBXI@Z 004049c0 f   KSOServer.obj
 0001:00003af0       ?GatewayBoardCastProcess@KSwordOnLineSever@@AAEXPBDI@Z 00404af0 f   KSOServer.obj
 0001:00003bb0       ?MainLoop@KSwordOnLineSever@@AAEXXZ 00404bb0 f   KSOServer.obj
 0001:00003d10       ?PingClient@KSwordOnLineSever@@AAEXK@Z 00404d10 f   KSOServer.obj
 0001:00003d80       ?ProcessPingReply@KSwordOnLineSever@@AAEXKPBDI@Z 00404d80 f   KSOServer.obj
 0001:00003e20       ?SavePlayerData@KSwordOnLineSever@@AAEXXZ 00404e20 f   KSOServer.obj
 0001:00003e90       ?SavePlayerData@KSwordOnLineSever@@AAEHH_N@Z 00404e90 f   KSOServer.obj
 0001:00004040       ?PlayerExchangeServer@KSwordOnLineSever@@AAEXXZ 00405040 f   KSOServer.obj
 0001:00004270       ?PlayerLogoutGateway@KSwordOnLineSever@@AAEXXZ 00405270 f   KSOServer.obj
 0001:00004480       ?GetNetStatus@KSwordOnLineSever@@QAEHK@Z 00405480 f   KSOServer.obj
 0001:000044a0       ?SetNetStatus@KSwordOnLineSever@@QAEXKW4NetStatus@@@Z 004054a0 f   KSOServer.obj
 0001:000045a0       ?ProcessLoginProtocol@KSwordOnLineSever@@AAEHKPBDI@Z 004055a0 f   KSOServer.obj
 0001:000045d0       ?SendGameDataToClient@KSwordOnLineSever@@AAEHKH@Z 004055d0 f   KSOServer.obj
 0001:000046d0       ?ProcessSyncReplyProtocol@KSwordOnLineSever@@AAEHKPBDI@Z 004056d0 f   KSOServer.obj
 0001:000046e0       ?ExitAllPlayer@KSwordOnLineSever@@AAEXXZ 004056e0 f   KSOServer.obj
 0001:00004870       ?SetRunningStatus@KSwordOnLineSever@@QAEXH@Z 00405870 f   KSOServer.obj
 0001:00004880       ?ConformAskWay@KSwordOnLineSever@@AAEHPBXHPAK@Z 00405880 f   KSOServer.obj
 0001:000048f0       ?GetLocalIpAddress@KSwordOnLineSever@@AAEHPAK0@Z 004058f0 f   KSOServer.obj
 0001:00004ae0       ?TransferAskWayMessageProcess@KSwordOnLineSever@@AAEXPBDI@Z 00405ae0 f   KSOServer.obj
 0001:00004c80       ?TransferLoseWayMessageProcess@KSwordOnLineSever@@AAEXPBDI@Z 00405c80 f   KSOServer.obj
 0001:00004de0       ?ProcessPlayerTongMsg@KSwordOnLineSever@@AAEXKPBDI@Z 00405de0 f   KSOServer.obj
 0001:00005700       ?CheckPlayerID@KSwordOnLineSever@@AAEHKK@Z 00406700 f   KSOServer.obj
 0001:00005750       ?begin@?$_Rb_tree@KU?$pair@$$CBKPAVKTransferUnit@@@_STL@@U?$_Select1st@U?$pair@$$CBKPAVKTransferUnit@@@_STL@@@2@U?$less@K@2@V?$allocator@U?$pair@$$CBKPAVKTransferUnit@@@_STL@@@2@@_STL@@QAE?AU?$_Rb_tree_iterator@U?$pair@$$CBKPAVKTransferUnit@@@_STL@@U?$_Nonconst_traits@U?$pair@$$CBKPAVKTransferUnit@@@_STL@@@2@@2@XZ 00406750 f i KSOServer.obj
 0001:00005760       ??1?$_Rb_tree_base@U?$pair@$$CBKPAVKTransferUnit@@@_STL@@V?$allocator@U?$pair@$$CBKPAVKTransferUnit@@@_STL@@@2@@_STL@@QAE@XZ 00406760 f i KSOServer.obj
 0001:000057b0       ??1?$allocator@U?$pair@$$CBKPAVKTransferUnit@@@_STL@@@_STL@@QAE@XZ 004067b0 f i KSOServer.obj
 0001:000057c0       ??0?$pair@U?$_Rb_tree_iterator@U?$pair@$$CBKPAVKTransferUnit@@@_STL@@U?$_Nonconst_traits@U?$pair@$$CBKPAVKTransferUnit@@@_STL@@@2@@_STL@@_N@_STL@@QAE@ABU01@@Z 004067c0 f i KSOServer.obj
 0001:000057e0       ??1?$_STLP_alloc_proxy@PAU?$_Rb_tree_node@U?$pair@$$CBKPAVKTransferUnit@@@_STL@@@_STL@@U12@V?$allocator@U?$pair@$$CBKPAVKTransferUnit@@@_STL@@@2@@_STL@@QAE@XZ 004067e0 f i KSOServer.obj
 0001:000057f0       ?deallocate@?$allocator@U?$_Rb_tree_node@U?$pair@$$CBKPAVKTransferUnit@@@_STL@@@_STL@@@_STL@@QBEXPAU?$_Rb_tree_node@U?$pair@$$CBKPAVKTransferUnit@@@_STL@@@2@I@Z 004067f0 f i KSOServer.obj
 0001:00005830       ?deallocate@?$__node_alloc@$00$0A@@_STL@@SAXPAXI@Z 00406830 f i KSOServer.obj
 0001:00005860       ?_M_put_nowiden@?$basic_ostream@DV?$char_traits@D@_STL@@@_STL@@QAEXPBD@Z 00406860 f i KSOServer.obj
 0001:00005a80       ?_M_erase@?$_Rb_tree@KU?$pair@$$CBKPAVKTransferUnit@@@_STL@@U?$_Select1st@U?$pair@$$CBKPAVKTransferUnit@@@_STL@@@2@U?$less@K@2@V?$allocator@U?$pair@$$CBKPAVKTransferUnit@@@_STL@@@2@@_STL@@AAEXPAU?$_Rb_tree_node@U?$pair@$$CBKPAVKTransferUnit@@@_STL@@@2@@Z 00406a80 f i KSOServer.obj
 0001:00005ac0       ?_M_put_num@_STL@@YAAAV?$basic_ostream@DV?$char_traits@D@_STL@@@1@AAV21@J@Z 00406ac0 f i KSOServer.obj
 0001:00005c40       ?getloc@ios_base@_STL@@QBE?AVlocale@2@XZ 00406c40 f i KSOServer.obj
 0001:00005c60       ?_M_put_num@_STL@@YAAAV?$basic_ostream@DV?$char_traits@D@_STL@@@1@AAV21@K@Z 00406c60 f i KSOServer.obj
 0001:00005de0       ?flush@?$basic_ostream@DV?$char_traits@D@_STL@@@_STL@@QAEAAV12@XZ 00406de0 f i KSOServer.obj
 0001:00005e30       ??1sentry@?$basic_ostream@DV?$char_traits@D@_STL@@@_STL@@QAE@XZ 00406e30 f i KSOServer.obj
 0001:00005e80       ??0?$pair@U?$_Rb_tree_iterator@U?$pair@$$CBKPAVKTransferUnit@@@_STL@@U?$_Nonconst_traits@U?$pair@$$CBKPAVKTransferUnit@@@_STL@@@2@@_STL@@_N@_STL@@QAE@ABU?$_Rb_tree_iterator@U?$pair@$$CBKPAVKTransferUnit@@@_STL@@U?$_Nonconst_traits@U?$pair@$$CBKPAVKTransferUnit@@@_STL@@@2@@1@AB_N@Z 00406e80 f i KSOServer.obj
 0001:00005ea0       ?clear@?$basic_ios@DV?$char_traits@D@_STL@@@_STL@@QAEXH@Z 00406ea0 f i KSOServer.obj
 0001:00005ec0       ?put@?$basic_ostream@DV?$char_traits@D@_STL@@@_STL@@QAEAAV12@D@Z 00406ec0 f i KSOServer.obj
 0001:00006020       ?_M_insert@?$_Rb_tree@KU?$pair@$$CBKPAVKTransferUnit@@@_STL@@U?$_Select1st@U?$pair@$$CBKPAVKTransferUnit@@@_STL@@@2@U?$less@K@2@V?$allocator@U?$pair@$$CBKPAVKTransferUnit@@@_STL@@@2@@_STL@@AAE?AU?$_Rb_tree_iterator@U?$pair@$$CBKPAVKTransferUnit@@@_STL@@U?$_Nonconst_traits@U?$pair@$$CBKPAVKTransferUnit@@@_STL@@@2@@2@PAU_Rb_tree_node_base@2@0ABU?$pair@$$CBKPAVKTransferUnit@@@2@0@Z 00407020 f i KSOServer.obj
 0001:000060c0       ?_M_find@?$_Rb_tree@KU?$pair@$$CBKPAVKTransferUnit@@@_STL@@U?$_Select1st@U?$pair@$$CBKPAVKTransferUnit@@@_STL@@@2@U?$less@K@2@V?$allocator@U?$pair@$$CBKPAVKTransferUnit@@@_STL@@@2@@_STL@@ABEPAU?$_Rb_tree_node@U?$pair@$$CBKPAVKTransferUnit@@@_STL@@@2@ABK@Z 004070c0 f i KSOServer.obj
 0001:00006100       ?_M_init@_STL@@YA_NAAV?$basic_ostream@DV?$char_traits@D@_STL@@@1@@Z 00407100 f i KSOServer.obj
 0001:000061a0       ?_M_create_node@?$_Rb_tree@KU?$pair@$$CBKPAVKTransferUnit@@@_STL@@U?$_Select1st@U?$pair@$$CBKPAVKTransferUnit@@@_STL@@@2@U?$less@K@2@V?$allocator@U?$pair@$$CBKPAVKTransferUnit@@@_STL@@@2@@_STL@@IAEPAU?$_Rb_tree_node@U?$pair@$$CBKPAVKTransferUnit@@@_STL@@@2@ABU?$pair@$$CBKPAVKTransferUnit@@@2@@Z 004071a0 f i KSOServer.obj
 0001:000061d0       ??0KTransferUnit@@QAE@KK@Z 004071d0 f   KTransferUnit.obj
 0001:00006210       ??_EKTransferUnit@@UAEPAXI@Z 00407210 f i KTransferUnit.obj
 0001:00006210       ??_GKTransferUnit@@UAEPAXI@Z 00407210 f i KTransferUnit.obj
 0001:00006230       ??1KTransferUnit@@UAE@XZ   00407230 f   KTransferUnit.obj
 0001:00006240       ??0CLibrary@Win32@OnlineGameLib@@QAE@QBD@Z 00407240 f   Common:Library.obj
 0001:000062c0       ??_ECLibrary@Win32@OnlineGameLib@@UAEPAXI@Z 004072c0 f i Common:Library.obj
 0001:000062c0       ??_GCLibrary@Win32@OnlineGameLib@@UAEPAXI@Z 004072c0 f i Common:Library.obj
 0001:000062e0       ??0CLibrary@Win32@OnlineGameLib@@QAE@XZ 004072e0 f   Common:Library.obj
 0001:00006350       ??1CLibrary@Win32@OnlineGameLib@@UAE@XZ 00407350 f   Common:Library.obj
 0001:000063e0       ?Load@CLibrary@Win32@OnlineGameLib@@QAE_NQBD@Z 004073e0 f   Common:Library.obj
 0001:000064a0       ?Free@CLibrary@Win32@OnlineGameLib@@QAE_NXZ 004074a0 f   Common:Library.obj
 0001:000064c0       ??1?$basic_string@DV?$char_traits@D@_STL@@V?$allocator@D@2@@_STL@@QAE@XZ 004074c0 f i Common:Library.obj
 0001:00006530       ??1?$_String_base@DV?$allocator@D@_STL@@@_STL@@QAE@XZ 00407530 f i Common:Library.obj
 0001:000065a0       ??1?$_STLP_alloc_proxy@PADDV?$allocator@D@_STL@@@_STL@@QAE@XZ 004075a0 f i Common:Library.obj
 0001:000065b0       ?append@?$basic_string@DV?$char_traits@D@_STL@@V?$allocator@D@2@@_STL@@AAEAAV12@PBD0ABUforward_iterator_tag@2@@Z 004075b0 f i Common:Library.obj
 0001:00006740       ?__copy_ptrs@_STL@@YAPADPAD00ABU__false_type@1@@Z 00407740 f i Common:Library.obj
 0001:00006770       ??0CUsesWinsock@Win32@OnlineGameLib@@QAE@XZ 00407770 f   Common:UsesWinsock.obj
 0001:00006840       ?__copy_trivial@_STL@@YAPAXPBX0PAX@Z 00407840 f i Common:UsesWinsock.obj
 0001:00006870       ??1CWin32Exception@Win32@OnlineGameLib@@UAE@XZ 00407870 f i Common:UsesWinsock.obj
 0001:00006930       ??_ECException@Win32@OnlineGameLib@@UAEPAXI@Z 00407930 f i Common:UsesWinsock.obj
 0001:00006930       ??_GCException@Win32@OnlineGameLib@@UAEPAXI@Z 00407930 f i Common:UsesWinsock.obj
 0001:00006950       ??1CException@Win32@OnlineGameLib@@UAE@XZ 00407950 f i Common:UsesWinsock.obj
 0001:00006a10       ??0CWin32Exception@Win32@OnlineGameLib@@QAE@ABV012@@Z 00407a10 f i Common:UsesWinsock.obj
 0001:00006b50       ?__stl_new@_STL@@YAPAXI@Z  00407b50 f i Common:UsesWinsock.obj
 0001:00006b60       ??0CException@Win32@OnlineGameLib@@QAE@ABV012@@Z 00407b60 f i Common:UsesWinsock.obj
 0001:00006ca0       ??_GCWin32Exception@Win32@OnlineGameLib@@UAEPAXI@Z 00407ca0 f i Common:UsesWinsock.obj
 0001:00006ca0       ??_ECWin32Exception@Win32@OnlineGameLib@@UAEPAXI@Z 00407ca0 f i Common:UsesWinsock.obj
 0001:00006cc0       ??1CUsesWinsock@Win32@OnlineGameLib@@QAE@XZ 00407cc0 f   Common:UsesWinsock.obj
 0001:00006cd0       ??1?$allocator@D@_STL@@QAE@XZ 00407cd0 f i Common:UsesWinsock.obj
 0001:00006ce0       ?get_allocator@?$basic_string@DV?$char_traits@D@_STL@@V?$allocator@D@2@@_STL@@QBE?AV?$allocator@D@2@XZ 00407ce0 f i Common:UsesWinsock.obj
 0001:00006d00       ?_M_allocate_block@?$_String_base@DV?$allocator@D@_STL@@@_STL@@QAEXI@Z 00407d00 f i Common:UsesWinsock.obj
 0001:00006d60       ?uninitialized_copy@_STL@@YAPADPAD00@Z 00407d60 f i Common:UsesWinsock.obj
 0001:00006d90       ?__copy_aux@_STL@@YAPADPAD00ABU__true_type@1@@Z 00407d90 f i Common:UsesWinsock.obj
 0001:00006dc0       ??0CBuffer@Win32@OnlineGameLib@@AAE@AAVAllocator@012@I@Z 00407dc0 f   Common:Buffer.obj
 0001:00006e40       ??1COpaqueUserData@OnlineGameLib@@IAE@XZ 00407e40 f i Common:Buffer.obj
 0001:00006e50       ??1CBuffer@Win32@OnlineGameLib@@AAE@XZ 00407e50 f   Common:Buffer.obj
 0001:00006eb0       ?GetHeadPack@CBuffer@Win32@OnlineGameLib@@QAEPAV123@I@Z 00407eb0 f   Common:Buffer.obj
 0001:00006f00       ?GetNextPack@CBuffer@Win32@OnlineGameLib@@QAEPAV123@XZ 00407f00 f   Common:Buffer.obj
 0001:00006f50       ?AddData@CBuffer@Win32@OnlineGameLib@@QAEXQBDI@Z 00407f50 f   Common:Buffer.obj
 0001:00007090       ?AddData@CBuffer@Win32@OnlineGameLib@@QAEXQBEI@Z 00408090 f   Common:Buffer.obj
 0001:000070b0       ?AddData@CBuffer@Win32@OnlineGameLib@@QAEXE@Z 004080b0 f   Common:Buffer.obj
 0001:000070c0       ?SplitBuffer@CBuffer@Win32@OnlineGameLib@@QAEPAV123@I@Z 004080c0 f   Common:Buffer.obj
 0001:00007110       ?AllocateNewBuffer@CBuffer@Win32@OnlineGameLib@@QBEPAV123@XZ 00408110 f   Common:Buffer.obj
 0001:00007120       ?Release@CBuffer@Win32@OnlineGameLib@@QAEXXZ 00408120 f   Common:Buffer.obj
 0001:00007240       ??2CBuffer@Win32@OnlineGameLib@@CAPAXII@Z 00408240 f   Common:Buffer.obj
 0001:00007250       ??3CBuffer@Win32@OnlineGameLib@@CAXPAXI@Z 00408250 f   Common:Buffer.obj
 0001:00007260       ??0Allocator@CBuffer@Win32@OnlineGameLib@@QAE@II@Z 00408260 f   Common:Buffer.obj
 0001:000072a0       ?OnBufferCreated@Allocator@CBuffer@Win32@OnlineGameLib@@EAEXXZ 004082a0 f i Common:Buffer.obj
 0001:000072b0       ?OnBufferAllocated@Allocator@CBuffer@Win32@OnlineGameLib@@EAEXXZ 004082b0 f i Common:Buffer.obj
 0001:000072c0       ?OnBufferReleased@Allocator@CBuffer@Win32@OnlineGameLib@@EAEXXZ 004082c0 f i Common:Buffer.obj
 0001:000072d0       ??_EAllocator@CBuffer@Win32@OnlineGameLib@@UAEPAXI@Z 004082d0 f i Common:Buffer.obj
 0001:000072d0       ??_GAllocator@CBuffer@Win32@OnlineGameLib@@UAEPAXI@Z 004082d0 f i Common:Buffer.obj
 0001:000072f0       ??1Allocator@CBuffer@Win32@OnlineGameLib@@UAE@XZ 004082f0 f   Common:Buffer.obj
 0001:00007360       ??1CCriticalSection@Win32@OnlineGameLib@@QAE@XZ 00408360 f i Common:Buffer.obj
 0001:00007370       ?Allocate@Allocator@CBuffer@Win32@OnlineGameLib@@QAEPAV234@XZ 00408370 f   Common:Buffer.obj
 0001:00007500       ?Flush@Allocator@CBuffer@Win32@OnlineGameLib@@IAEXXZ 00408500 f   Common:Buffer.obj
 0001:000075a0       ?DestroyBuffer@Allocator@CBuffer@Win32@OnlineGameLib@@AAEXPAV234@@Z 004085a0 f i Common:Buffer.obj
 0001:00007600       ?Release@Allocator@CBuffer@Win32@OnlineGameLib@@AAEXPAV234@@Z 00408600 f   Common:Buffer.obj
 0001:00007740       ??0CPackager@Win32@OnlineGameLib@@QAE@II@Z 00408740 f   Common:Buffer.obj
 0001:00007810       ??_GCPackager@Win32@OnlineGameLib@@UAEPAXI@Z 00408810 f i Common:Buffer.obj
 0001:00007810       ??_ECPackager@Win32@OnlineGameLib@@UAEPAXI@Z 00408810 f i Common:Buffer.obj
 0001:00007830       ??1?$map@EPAVCBuffer@Win32@OnlineGameLib@@U?$less@E@_STL@@V?$allocator@U?$pair@$$CBEPAVCBuffer@Win32@OnlineGameLib@@@_STL@@@5@@_STL@@QAE@XZ 00408830 f i Common:Buffer.obj
 0001:000078d0       ??1CPackager@Win32@OnlineGameLib@@UAE@XZ 004088d0 f   Common:Buffer.obj
 0001:000079c0       ?AddData@CPackager@Win32@OnlineGameLib@@QAEXEQBDIK@Z 004089c0 f   Common:Buffer.obj
 0001:00007b60       ?AddData@CPackager@Win32@OnlineGameLib@@QAEXEQBEIK@Z 00408b60 f   Common:Buffer.obj
 0001:00007b80       ?DelData@CPackager@Win32@OnlineGameLib@@QAEXE@Z 00408b80 f   Common:Buffer.obj
 0001:00007cf0       ?GetHeadPack@CPackager@Win32@OnlineGameLib@@QAEPAVCBuffer@23@EI@Z 00408cf0 f   Common:Buffer.obj
 0001:00007e80       ?GetNextPack@CPackager@Win32@OnlineGameLib@@QAEPAVCBuffer@23@E@Z 00408e80 f   Common:Buffer.obj
 0001:00008000       ?PackUp@CPackager@Win32@OnlineGameLib@@QAEPAVCBuffer@23@PBXI@Z 00409000 f   Common:Buffer.obj
 0001:000081e0       ?Empty@CPackager@Win32@OnlineGameLib@@QAEXXZ 004091e0 f   Common:Buffer.obj
 0001:00008360       ?begin@?$map@EPAVCBuffer@Win32@OnlineGameLib@@U?$less@E@_STL@@V?$allocator@U?$pair@$$CBEPAVCBuffer@Win32@OnlineGameLib@@@_STL@@@5@@_STL@@QAE?AU?$_Rb_tree_iterator@U?$pair@$$CBEPAVCBuffer@Win32@OnlineGameLib@@@_STL@@U?$_Nonconst_traits@U?$pair@$$CBEPAVCBuffer@Win32@OnlineGameLib@@@_STL@@@2@@2@XZ 00409360 f i Common:Buffer.obj
 0001:00008370       ?end@?$map@EPAVCBuffer@Win32@OnlineGameLib@@U?$less@E@_STL@@V?$allocator@U?$pair@$$CBEPAVCBuffer@Win32@OnlineGameLib@@@_STL@@@5@@_STL@@QAE?AU?$_Rb_tree_iterator@U?$pair@$$CBEPAVCBuffer@Win32@OnlineGameLib@@@_STL@@U?$_Nonconst_traits@U?$pair@$$CBEPAVCBuffer@Win32@OnlineGameLib@@@_STL@@@2@@2@XZ 00409370 f i Common:Buffer.obj
 0001:00008380       ?erase@?$map@EPAVCBuffer@Win32@OnlineGameLib@@U?$less@E@_STL@@V?$allocator@U?$pair@$$CBEPAVCBuffer@Win32@OnlineGameLib@@@_STL@@@5@@_STL@@QAEXU?$_Rb_tree_iterator@U?$pair@$$CBEPAVCBuffer@Win32@OnlineGameLib@@@_STL@@U?$_Nonconst_traits@U?$pair@$$CBEPAVCBuffer@Win32@OnlineGameLib@@@_STL@@@2@@2@0@Z 00409380 f i Common:Buffer.obj
 0001:000083b0       ??0?$_Rb_tree_iterator@U?$pair@$$CBEPAVCBuffer@Win32@OnlineGameLib@@@_STL@@U?$_Nonconst_traits@U?$pair@$$CBEPAVCBuffer@Win32@OnlineGameLib@@@_STL@@@2@@_STL@@QAE@ABU01@@Z 004093b0 f i Common:Buffer.obj
 0001:000083c0       ?insert@?$map@EPAVCBuffer@Win32@OnlineGameLib@@U?$less@E@_STL@@V?$allocator@U?$pair@$$CBEPAVCBuffer@Win32@OnlineGameLib@@@_STL@@@5@@_STL@@QAE?AU?$_Rb_tree_iterator@U?$pair@$$CBEPAVCBuffer@Win32@OnlineGameLib@@@_STL@@U?$_Nonconst_traits@U?$pair@$$CBEPAVCBuffer@Win32@OnlineGameLib@@@_STL@@@2@@2@U32@ABU?$pair@$$CBEPAVCBuffer@Win32@OnlineGameLib@@@2@@Z 004093c0 f i Common:Buffer.obj
 0001:000083f0       ?lower_bound@?$map@EPAVCBuffer@Win32@OnlineGameLib@@U?$less@E@_STL@@V?$allocator@U?$pair@$$CBEPAVCBuffer@Win32@OnlineGameLib@@@_STL@@@5@@_STL@@QAE?AU?$_Rb_tree_iterator@U?$pair@$$CBEPAVCBuffer@Win32@OnlineGameLib@@@_STL@@U?$_Nonconst_traits@U?$pair@$$CBEPAVCBuffer@Win32@OnlineGameLib@@@_STL@@@2@@2@ABE@Z 004093f0 f i Common:Buffer.obj
 0001:00008430       ?begin@?$_Rb_tree@EU?$pair@$$CBEPAVCBuffer@Win32@OnlineGameLib@@@_STL@@U?$_Select1st@U?$pair@$$CBEPAVCBuffer@Win32@OnlineGameLib@@@_STL@@@2@U?$less@E@2@V?$allocator@U?$pair@$$CBEPAVCBuffer@Win32@OnlineGameLib@@@_STL@@@2@@_STL@@QAE?AU?$_Rb_tree_iterator@U?$pair@$$CBEPAVCBuffer@Win32@OnlineGameLib@@@_STL@@U?$_Nonconst_traits@U?$pair@$$CBEPAVCBuffer@Win32@OnlineGameLib@@@_STL@@@2@@2@XZ 00409430 f i Common:Buffer.obj
 0001:00008440       ?end@?$_Rb_tree@EU?$pair@$$CBEPAVCBuffer@Win32@OnlineGameLib@@@_STL@@U?$_Select1st@U?$pair@$$CBEPAVCBuffer@Win32@OnlineGameLib@@@_STL@@@2@U?$less@E@2@V?$allocator@U?$pair@$$CBEPAVCBuffer@Win32@OnlineGameLib@@@_STL@@@2@@_STL@@QAE?AU?$_Rb_tree_iterator@U?$pair@$$CBEPAVCBuffer@Win32@OnlineGameLib@@@_STL@@U?$_Nonconst_traits@U?$pair@$$CBEPAVCBuffer@Win32@OnlineGameLib@@@_STL@@@2@@2@XZ 00409440 f i Common:Buffer.obj
 0001:00008450       ?erase@?$_Rb_tree@EU?$pair@$$CBEPAVCBuffer@Win32@OnlineGameLib@@@_STL@@U?$_Select1st@U?$pair@$$CBEPAVCBuffer@Win32@OnlineGameLib@@@_STL@@@2@U?$less@E@2@V?$allocator@U?$pair@$$CBEPAVCBuffer@Win32@OnlineGameLib@@@_STL@@@2@@_STL@@QAEXU?$_Rb_tree_iterator@U?$pair@$$CBEPAVCBuffer@Win32@OnlineGameLib@@@_STL@@U?$_Nonconst_traits@U?$pair@$$CBEPAVCBuffer@Win32@OnlineGameLib@@@_STL@@@2@@2@0@Z 00409450 f i Common:Buffer.obj
 0001:000084f0       ??E?$_Rb_tree_iterator@U?$pair@$$CBEPAVCBuffer@Win32@OnlineGameLib@@@_STL@@U?$_Nonconst_traits@U?$pair@$$CBEPAVCBuffer@Win32@OnlineGameLib@@@_STL@@@2@@_STL@@QAE?AU01@H@Z 004094f0 f i Common:Buffer.obj
 0001:00008510       ??1?$_Rb_tree_base@U?$pair@$$CBEPAVCBuffer@Win32@OnlineGameLib@@@_STL@@V?$allocator@U?$pair@$$CBEPAVCBuffer@Win32@OnlineGameLib@@@_STL@@@2@@_STL@@QAE@XZ 00409510 f i Common:Buffer.obj
 0001:00008560       ??1?$allocator@U?$pair@$$CBEPAVCBuffer@Win32@OnlineGameLib@@@_STL@@@_STL@@QAE@XZ 00409560 f i Common:Buffer.obj
 0001:00008570       ??0?$pair@$$CBEPAVCBuffer@Win32@OnlineGameLib@@@_STL@@QAE@ABEABQAVCBuffer@Win32@OnlineGameLib@@@Z 00409570 f i Common:Buffer.obj
 0001:00008590       ??1?$_STLP_alloc_proxy@PAU?$_Rb_tree_node@U?$pair@$$CBEPAVCBuffer@Win32@OnlineGameLib@@@_STL@@@_STL@@U12@V?$allocator@U?$pair@$$CBEPAVCBuffer@Win32@OnlineGameLib@@@_STL@@@2@@_STL@@QAE@XZ 00409590 f i Common:Buffer.obj
 0001:000085a0       ?_M_empty_initialize@?$_Rb_tree@EU?$pair@$$CBEPAVCBuffer@Win32@OnlineGameLib@@@_STL@@U?$_Select1st@U?$pair@$$CBEPAVCBuffer@Win32@OnlineGameLib@@@_STL@@@2@U?$less@E@2@V?$allocator@U?$pair@$$CBEPAVCBuffer@Win32@OnlineGameLib@@@_STL@@@2@@_STL@@AAEXXZ 004095a0 f i Common:Buffer.obj
 0001:000085c0       ?erase@?$_Rb_tree@EU?$pair@$$CBEPAVCBuffer@Win32@OnlineGameLib@@@_STL@@U?$_Select1st@U?$pair@$$CBEPAVCBuffer@Win32@OnlineGameLib@@@_STL@@@2@U?$less@E@2@V?$allocator@U?$pair@$$CBEPAVCBuffer@Win32@OnlineGameLib@@@_STL@@@2@@_STL@@QAEXU?$_Rb_tree_iterator@U?$pair@$$CBEPAVCBuffer@Win32@OnlineGameLib@@@_STL@@U?$_Nonconst_traits@U?$pair@$$CBEPAVCBuffer@Win32@OnlineGameLib@@@_STL@@@2@@2@@Z 004095c0 f i Common:Buffer.obj
 0001:00008600       ?lower_bound@?$_Rb_tree@EU?$pair@$$CBEPAVCBuffer@Win32@OnlineGameLib@@@_STL@@U?$_Select1st@U?$pair@$$CBEPAVCBuffer@Win32@OnlineGameLib@@@_STL@@@2@U?$less@E@2@V?$allocator@U?$pair@$$CBEPAVCBuffer@Win32@OnlineGameLib@@@_STL@@@2@@_STL@@QAE?AU?$_Rb_tree_iterator@U?$pair@$$CBEPAVCBuffer@Win32@OnlineGameLib@@@_STL@@U?$_Nonconst_traits@U?$pair@$$CBEPAVCBuffer@Win32@OnlineGameLib@@@_STL@@@2@@2@ABE@Z 00409600 f i Common:Buffer.obj
 0001:00008640       ?deallocate@?$_STLP_alloc_proxy@PAU?$_Rb_tree_node@U?$pair@$$CBEPAVCBuffer@Win32@OnlineGameLib@@@_STL@@@_STL@@U12@V?$allocator@U?$pair@$$CBEPAVCBuffer@Win32@OnlineGameLib@@@_STL@@@2@@_STL@@QAEXPAU?$_Rb_tree_node@U?$pair@$$CBEPAVCBuffer@Win32@OnlineGameLib@@@_STL@@@2@I@Z 00409640 f i Common:Buffer.obj
 0001:00008680       ??0?$pair@U?$_Rb_tree_iterator@U?$pair@$$CBEPAVCBuffer@Win32@OnlineGameLib@@@_STL@@U?$_Nonconst_traits@U?$pair@$$CBEPAVCBuffer@Win32@OnlineGameLib@@@_STL@@@2@@_STL@@U12@@_STL@@QAE@ABU01@@Z 00409680 f i Common:Buffer.obj
 0001:000086a0       ?upper_bound@?$_Rb_tree@EU?$pair@$$CBEPAVCBuffer@Win32@OnlineGameLib@@@_STL@@U?$_Select1st@U?$pair@$$CBEPAVCBuffer@Win32@OnlineGameLib@@@_STL@@@2@U?$less@E@2@V?$allocator@U?$pair@$$CBEPAVCBuffer@Win32@OnlineGameLib@@@_STL@@@2@@_STL@@QAE?AU?$_Rb_tree_iterator@U?$pair@$$CBEPAVCBuffer@Win32@OnlineGameLib@@@_STL@@U?$_Nonconst_traits@U?$pair@$$CBEPAVCBuffer@Win32@OnlineGameLib@@@_STL@@@2@@2@ABE@Z 004096a0 f i Common:Buffer.obj
 0001:000086e0       ??0?$pair@U?$_Rb_tree_iterator@U?$pair@$$CBEPAVCBuffer@Win32@OnlineGameLib@@@_STL@@U?$_Nonconst_traits@U?$pair@$$CBEPAVCBuffer@Win32@OnlineGameLib@@@_STL@@@2@@_STL@@U12@@_STL@@QAE@ABU?$_Rb_tree_iterator@U?$pair@$$CBEPAVCBuffer@Win32@OnlineGameLib@@@_STL@@U?$_Nonconst_traits@U?$pair@$$CBEPAVCBuffer@Win32@OnlineGameLib@@@_STL@@@2@@1@0@Z 004096e0 f i Common:Buffer.obj
 0001:00008700       ?deallocate@?$allocator@U?$_Rb_tree_node@U?$pair@$$CBEPAVCBuffer@Win32@OnlineGameLib@@@_STL@@@_STL@@@_STL@@QBEXPAU?$_Rb_tree_node@U?$pair@$$CBEPAVCBuffer@Win32@OnlineGameLib@@@_STL@@@2@I@Z 00409700 f i Common:Buffer.obj
 0001:00008740       ?_M_erase@?$_Rb_tree@EU?$pair@$$CBEPAVCBuffer@Win32@OnlineGameLib@@@_STL@@U?$_Select1st@U?$pair@$$CBEPAVCBuffer@Win32@OnlineGameLib@@@_STL@@@2@U?$less@E@2@V?$allocator@U?$pair@$$CBEPAVCBuffer@Win32@OnlineGameLib@@@_STL@@@2@@_STL@@AAEXPAU?$_Rb_tree_node@U?$pair@$$CBEPAVCBuffer@Win32@OnlineGameLib@@@_STL@@@2@@Z 00409740 f i Common:Buffer.obj
 0001:00008780       ?insert_unique@?$_Rb_tree@EU?$pair@$$CBEPAVCBuffer@Win32@OnlineGameLib@@@_STL@@U?$_Select1st@U?$pair@$$CBEPAVCBuffer@Win32@OnlineGameLib@@@_STL@@@2@U?$less@E@2@V?$allocator@U?$pair@$$CBEPAVCBuffer@Win32@OnlineGameLib@@@_STL@@@2@@_STL@@QAE?AU?$_Rb_tree_iterator@U?$pair@$$CBEPAVCBuffer@Win32@OnlineGameLib@@@_STL@@U?$_Nonconst_traits@U?$pair@$$CBEPAVCBuffer@Win32@OnlineGameLib@@@_STL@@@2@@2@U32@ABU?$pair@$$CBEPAVCBuffer@Win32@OnlineGameLib@@@2@@Z 00409780 f i Common:Buffer.obj
 0001:00008d00       ??0?$_STLP_alloc_proxy@PADDV?$allocator@D@_STL@@@_STL@@QAE@ABV?$allocator@D@1@PAD@Z 00409d00 f i Common:Buffer.obj
 0001:00008d10       ?_M_range_initialize@?$basic_string@DV?$char_traits@D@_STL@@V?$allocator@D@2@@_STL@@AAEXPBD0@Z 00409d10 f i Common:Buffer.obj
 0001:00008d90       ?_M_insert@?$_Rb_tree@EU?$pair@$$CBEPAVCBuffer@Win32@OnlineGameLib@@@_STL@@U?$_Select1st@U?$pair@$$CBEPAVCBuffer@Win32@OnlineGameLib@@@_STL@@@2@U?$less@E@2@V?$allocator@U?$pair@$$CBEPAVCBuffer@Win32@OnlineGameLib@@@_STL@@@2@@_STL@@AAE?AU?$_Rb_tree_iterator@U?$pair@$$CBEPAVCBuffer@Win32@OnlineGameLib@@@_STL@@U?$_Nonconst_traits@U?$pair@$$CBEPAVCBuffer@Win32@OnlineGameLib@@@_STL@@@2@@2@PAU_Rb_tree_node_base@2@0ABU?$pair@$$CBEPAVCBuffer@Win32@OnlineGameLib@@@2@0@Z 00409d90 f i Common:Buffer.obj
 0001:00008e30       ?insert_unique@?$_Rb_tree@EU?$pair@$$CBEPAVCBuffer@Win32@OnlineGameLib@@@_STL@@U?$_Select1st@U?$pair@$$CBEPAVCBuffer@Win32@OnlineGameLib@@@_STL@@@2@U?$less@E@2@V?$allocator@U?$pair@$$CBEPAVCBuffer@Win32@OnlineGameLib@@@_STL@@@2@@_STL@@QAE?AU?$pair@U?$_Rb_tree_iterator@U?$pair@$$CBEPAVCBuffer@Win32@OnlineGameLib@@@_STL@@U?$_Nonconst_traits@U?$pair@$$CBEPAVCBuffer@Win32@OnlineGameLib@@@_STL@@@2@@_STL@@_N@2@ABU?$pair@$$CBEPAVCBuffer@Win32@OnlineGameLib@@@2@@Z 00409e30 f i Common:Buffer.obj
 0001:00008fc0       ?_M_find@?$_Rb_tree@EU?$pair@$$CBEPAVCBuffer@Win32@OnlineGameLib@@@_STL@@U?$_Select1st@U?$pair@$$CBEPAVCBuffer@Win32@OnlineGameLib@@@_STL@@@2@U?$less@E@2@V?$allocator@U?$pair@$$CBEPAVCBuffer@Win32@OnlineGameLib@@@_STL@@@2@@_STL@@ABEPAU?$_Rb_tree_node@U?$pair@$$CBEPAVCBuffer@Win32@OnlineGameLib@@@_STL@@@2@ABE@Z 00409fc0 f i Common:Buffer.obj
 0001:00009000       ?__distance@_STL@@YAHABU?$_Rb_tree_iterator@U?$pair@$$CBEPAVCBuffer@Win32@OnlineGameLib@@@_STL@@U?$_Nonconst_traits@U?$pair@$$CBEPAVCBuffer@Win32@OnlineGameLib@@@_STL@@@2@@1@0ABUinput_iterator_tag@1@@Z 0040a000 f i Common:Buffer.obj
 0001:00009030       ?_M_create_node@?$_Rb_tree@EU?$pair@$$CBEPAVCBuffer@Win32@OnlineGameLib@@@_STL@@U?$_Select1st@U?$pair@$$CBEPAVCBuffer@Win32@OnlineGameLib@@@_STL@@@2@U?$less@E@2@V?$allocator@U?$pair@$$CBEPAVCBuffer@Win32@OnlineGameLib@@@_STL@@@2@@_STL@@IAEPAU?$_Rb_tree_node@U?$pair@$$CBEPAVCBuffer@Win32@OnlineGameLib@@@_STL@@@2@ABU?$pair@$$CBEPAVCBuffer@Win32@OnlineGameLib@@@2@@Z 0040a030 f i Common:Buffer.obj
 0001:00009060       ??0?$pair@U?$_Rb_tree_iterator@U?$pair@$$CBEPAVCBuffer@Win32@OnlineGameLib@@@_STL@@U?$_Nonconst_traits@U?$pair@$$CBEPAVCBuffer@Win32@OnlineGameLib@@@_STL@@@2@@_STL@@_N@_STL@@QAE@ABU?$_Rb_tree_iterator@U?$pair@$$CBEPAVCBuffer@Win32@OnlineGameLib@@@_STL@@U?$_Nonconst_traits@U?$pair@$$CBEPAVCBuffer@Win32@OnlineGameLib@@@_STL@@@2@@1@AB_N@Z 0040a060 f i Common:Buffer.obj
 0001:00009080       ??0?$pair@U?$_Rb_tree_iterator@U?$pair@$$CBEPAVCBuffer@Win32@OnlineGameLib@@@_STL@@U?$_Nonconst_traits@U?$pair@$$CBEPAVCBuffer@Win32@OnlineGameLib@@@_STL@@@2@@_STL@@_N@_STL@@QAE@ABU01@@Z 0040a080 f i Common:Buffer.obj
 0001:000090a0       ?_M_range_initialize@?$basic_string@DV?$char_traits@D@_STL@@V?$allocator@D@2@@_STL@@AAEXPBD0ABUforward_iterator_tag@2@@Z 0040a0a0 f i Common:Buffer.obj
 0001:00009120       _GetCRCTable               0040a120 f   Common:CRC32.OBJ
 0001:00009130       _CRC32_C                   0040a130 f   Common:CRC32.OBJ
 0001:00009270       _CRC32                     0040a270 f   Common:CRC32.OBJ
 0001:00009370       ??0CWin32Exception@Win32@OnlineGameLib@@QAE@ABV?$basic_string@DV?$char_traits@D@_STL@@V?$allocator@D@2@@_STL@@K@Z 0040a370 f   Common:Win32Exception.obj
 0001:00009410       ??0CException@Win32@OnlineGameLib@@QAE@ABV?$basic_string@DV?$char_traits@D@_STL@@V?$allocator@D@2@@_STL@@0@Z 0040a410 f   Common:Exception.obj
 0001:00009550       ?GetWhere@CException@Win32@OnlineGameLib@@UBE?AV?$basic_string@DV?$char_traits@D@_STL@@V?$allocator@D@2@@_STL@@XZ 0040a550 f   Common:Exception.obj
 0001:00009610       ?GetMessageA@CException@Win32@OnlineGameLib@@UBE?AV?$basic_string@DV?$char_traits@D@_STL@@V?$allocator@D@2@@_STL@@XZ 0040a610 f   Common:Exception.obj
 0001:000096d0       ?MessageBoxA@CException@Win32@OnlineGameLib@@QBEXPAUHWND__@@@Z 0040a6d0 f   Common:Exception.obj
 0001:000097b0       ??0CNodeList@OnlineGameLib@@QAE@XZ 0040a7b0 f   Common:NodeList.obj
 0001:000097c0       ?PushNode@CNodeList@OnlineGameLib@@QAEXPAVNode@12@@Z 0040a7c0 f   Common:NodeList.obj
 0001:000097f0       ?PopNode@CNodeList@OnlineGameLib@@QAEPAVNode@12@XZ 0040a7f0 f   Common:NodeList.obj
 0001:00009810       ?RemoveNode@CNodeList@OnlineGameLib@@AAEXPAVNode@12@@Z 0040a810 f   Common:NodeList.obj
 0001:00009830       ??0Node@CNodeList@OnlineGameLib@@IAE@XZ 0040a830 f   Common:NodeList.obj
 0001:00009840       ??1Node@CNodeList@OnlineGameLib@@IAE@XZ 0040a840 f   Common:NodeList.obj
 0001:000098a0       ?AddToList@Node@CNodeList@OnlineGameLib@@QAEXPAV23@@Z 0040a8a0 f   Common:NodeList.obj
 0001:000098b0       ?RemoveFromList@Node@CNodeList@OnlineGameLib@@QAEXXZ 0040a8b0 f   Common:NodeList.obj
 0001:000098c0       ?Unlink@Node@CNodeList@OnlineGameLib@@AAEXXZ 0040a8c0 f   Common:NodeList.obj
 0001:00009b10       ?SetLogFileName@Win32@OnlineGameLib@@YAXABV?$basic_string@DV?$char_traits@D@_STL@@V?$allocator@D@2@@_STL@@@Z 0040ab10 f   Common:Utils.obj
 0001:00009c20       ?Message@Win32@OnlineGameLib@@YAXQBD@Z 0040ac20 f   Common:Utils.obj
 0001:00009c50       ?Output@Win32@OnlineGameLib@@YAXABV?$basic_string@DV?$char_traits@D@_STL@@V?$allocator@D@2@@_STL@@@Z 0040ac50 f   Common:Utils.obj
 0001:00009c60       ?Trace@Win32@OnlineGameLib@@YAXABV?$basic_string@DV?$char_traits@D@_STL@@V?$allocator@D@2@@_STL@@0@Z 0040ac60 f   Common:Utils.obj
 0001:00009c70       ?GetLastErrorMessage@Win32@OnlineGameLib@@YA?AV?$basic_string@DV?$char_traits@D@_STL@@V?$allocator@D@2@@_STL@@K@Z 0040ac70 f   Common:Utils.obj
 0001:00009db0       ?HexToString@Win32@OnlineGameLib@@YA?AV?$basic_string@DV?$char_traits@D@_STL@@V?$allocator@D@2@@_STL@@PBEI@Z 0040adb0 f   Common:Utils.obj
 0001:00009f90       ?StringToHex@Win32@OnlineGameLib@@YAXABV?$basic_string@DV?$char_traits@D@_STL@@V?$allocator@D@2@@_STL@@PAEI@Z 0040af90 f   Common:Utils.obj
 0001:0000a0d0       ?HexStringToDWORD@Win32@OnlineGameLib@@YAKPBD@Z 0040b0d0 f   Common:Utils.obj
 0001:0000a130       ?HashStr2ID@Win32@OnlineGameLib@@YAKQBD@Z 0040b130 f   Common:Utils.obj
 0001:0000a180       ?net_aton@Win32@OnlineGameLib@@YAKPBD@Z 0040b180 f   Common:Utils.obj
 0001:0000a210       ?net_ntoa@Win32@OnlineGameLib@@YAPBDK@Z 0040b210 f   Common:Utils.obj
 0001:0000a250       ?GetCurrentDirectoryA@Win32@OnlineGameLib@@YA?AV?$basic_string@DV?$char_traits@D@_STL@@V?$allocator@D@2@@_STL@@XZ 0040b250 f   Common:Utils.obj
 0001:0000a3c0       ?GetAppFullPath@Win32@OnlineGameLib@@YA?AV?$basic_string@DV?$char_traits@D@_STL@@V?$allocator@D@2@@_STL@@PAUHINSTANCE__@@@Z 0040b3c0 f   Common:Utils.obj
 0001:0000a610       ?GetDateStamp@Win32@OnlineGameLib@@YA?AV?$basic_string@DV?$char_traits@D@_STL@@V?$allocator@D@2@@_STL@@XZ 0040b610 f   Common:Utils.obj
 0001:0000a730       ?GetTimeStamp@Win32@OnlineGameLib@@YA?AV?$basic_string@DV?$char_traits@D@_STL@@V?$allocator@D@2@@_STL@@XZ 0040b730 f   Common:Utils.obj
 0001:0000a850       ?ToHex@Win32@OnlineGameLib@@YA?AV?$basic_string@DV?$char_traits@D@_STL@@V?$allocator@D@2@@_STL@@E@Z 0040b850 f   Common:Utils.obj
 0001:0000a940       ?DumpData@Win32@OnlineGameLib@@YA?AV?$basic_string@DV?$char_traits@D@_STL@@V?$allocator@D@2@@_STL@@QBEII@Z 0040b940 f   Common:Utils.obj
 0001:0000ac60       ?GetComputerNameA@Win32@OnlineGameLib@@YA?AV?$basic_string@DV?$char_traits@D@_STL@@V?$allocator@D@2@@_STL@@XZ 0040bc60 f   Common:Utils.obj
 0001:0000ae80       ?GetModuleFileNameA@Win32@OnlineGameLib@@YA?AV?$basic_string@DV?$char_traits@D@_STL@@V?$allocator@D@2@@_STL@@PAUHINSTANCE__@@@Z 0040be80 f   Common:Utils.obj
 0001:0000b0b0       ?GetUserNameA@Win32@OnlineGameLib@@YA?AV?$basic_string@DV?$char_traits@D@_STL@@V?$allocator@D@2@@_STL@@XZ 0040c0b0 f   Common:Utils.obj
 0001:0000b2e0       ?StripLeading@Win32@OnlineGameLib@@YA?AV?$basic_string@DV?$char_traits@D@_STL@@V?$allocator@D@2@@_STL@@ABV34@D@Z 0040c2e0 f   Common:Utils.obj
 0001:0000b3c0       ?StripTrailing@Win32@OnlineGameLib@@YA?AV?$basic_string@DV?$char_traits@D@_STL@@V?$allocator@D@2@@_STL@@ABV34@D@Z 0040c3c0 f   Common:Utils.obj
 0001:0000b400       ?GetFileVersion@Win32@OnlineGameLib@@YA?AV?$basic_string@DV?$char_traits@D@_STL@@V?$allocator@D@2@@_STL@@XZ 0040c400 f   Common:Utils.obj
 0001:0000b6f0       ?GetLocalName@Win32@OnlineGameLib@@YA_NPADI@Z 0040c6f0 f   Common:Utils.obj
 0001:0000b7f0       ?GetLocalAddress@Win32@OnlineGameLib@@YA_NPADIH@Z 0040c7f0 f   Common:Utils.obj
 0001:0000b920       ??4?$basic_string@DV?$char_traits@D@_STL@@V?$allocator@D@2@@_STL@@QAEAAV01@PBD@Z 0040c920 f i Common:Utils.obj
 0001:0000b9d0       ?substr@?$basic_string@DV?$char_traits@D@_STL@@V?$allocator@D@2@@_STL@@QBE?AV12@II@Z 0040c9d0 f i Common:Utils.obj
 0001:0000bae0       ??1?$basic_ios@DV?$char_traits@D@_STL@@@_STL@@UAE@XZ 0040cae0 f i Common:Utils.obj
 0001:0000baf0       ??0?$basic_fstream@DV?$char_traits@D@_STL@@@_STL@@QAE@XZ 0040caf0 f i Common:Utils.obj
 0001:0000bcd0       ??1_STLP_mutex@_STL@@QAE@XZ 0040ccd0 f i Common:Utils.obj
 0001:0000bce0       ?_FILE_I_set@_STL@@YAXPAU_iobuf@@PAD11@Z 0040cce0 f i Common:Utils.obj
 0001:0000bd00       ??_G?$basic_streambuf@DV?$char_traits@D@_STL@@@_STL@@UAEPAXI@Z 0040cd00 f i Common:Utils.obj
 0001:0000bd00       ??_E?$basic_streambuf@DV?$char_traits@D@_STL@@@_STL@@UAEPAXI@Z 0040cd00 f i Common:Utils.obj
 0001:0000bd20       ??1?$basic_istream@DV?$char_traits@D@_STL@@@_STL@@UAE@XZ 0040cd20 f i Common:Utils.obj
 0001:0000bd30       ??1?$basic_fstream@DV?$char_traits@D@_STL@@@_STL@@UAE@XZ 0040cd30 f i Common:Utils.obj
 0001:0000beb0       ??1?$auto_ptr@D@_STL@@QAE@XZ 0040ceb0 f i Common:Utils.obj
 0001:0000bec0       ??1?$auto_ptr@E@_STL@@QAE@XZ 0040cec0 f i Common:Utils.obj
 0001:0000bed0       ??_E?$basic_ios@DV?$char_traits@D@_STL@@@_STL@@UAEPAXI@Z 0040ced0 f i Common:Utils.obj
 0001:0000bed0       ??_G?$basic_ios@DV?$char_traits@D@_STL@@@_STL@@UAEPAXI@Z 0040ced0 f i Common:Utils.obj
 0001:0000bef0       ??_E?$basic_istream@DV?$char_traits@D@_STL@@@_STL@@UAEPAXI@Z 0040cef0 f i Common:Utils.obj
 0001:0000bef0       ??_G?$basic_istream@DV?$char_traits@D@_STL@@@_STL@@UAEPAXI@Z 0040cef0 f i Common:Utils.obj
 0001:0000bf20       ??_E?$basic_fstream@DV?$char_traits@D@_STL@@@_STL@@UAEPAXI@Z 0040cf20 f i Common:Utils.obj
 0001:0000bf20       ??_G?$basic_fstream@DV?$char_traits@D@_STL@@@_STL@@UAEPAXI@Z 0040cf20 f i Common:Utils.obj
 0001:0000bf60       ?append@?$basic_string@DV?$char_traits@D@_STL@@V?$allocator@D@2@@_STL@@QAEAAV12@PBD@Z 0040cf60 f i Common:Utils.obj
 0001:0000bfa0       ?push_back@?$basic_string@DV?$char_traits@D@_STL@@V?$allocator@D@2@@_STL@@QAEXD@Z 0040cfa0 f i Common:Utils.obj
 0001:0000c000       ?assign@?$basic_string@DV?$char_traits@D@_STL@@V?$allocator@D@2@@_STL@@QAEAAV12@PBD0@Z 0040d000 f i Common:Utils.obj
 0001:0000c0a0       ?move@?$__char_traits_base@DH@_STL@@SAPADPADPBDI@Z 0040d0a0 f i Common:Utils.obj
 0001:0000c0d0       ?deallocate@?$allocator@D@_STL@@QBEXPADI@Z 0040d0d0 f i Common:Utils.obj
 0001:0000c100       ??0?$basic_string@DV?$char_traits@D@_STL@@V?$allocator@D@2@@_STL@@QAE@ABV01@@Z 0040d100 f i Common:Utils.obj
 0001:0000c1c0       ?reserve@?$basic_string@DV?$char_traits@D@_STL@@V?$allocator@D@2@@_STL@@QAEXI@Z 0040d1c0 f i Common:Utils.obj
 0001:0000c2e0       ?init@?$basic_ios@DV?$char_traits@D@_STL@@@_STL@@IAEXPAV?$basic_streambuf@DV?$char_traits@D@_STL@@@2@@Z 0040d2e0 f i Common:Utils.obj
 0001:0000c380       ??1?$basic_ostream@DV?$char_traits@D@_STL@@@_STL@@UAE@XZ 0040d380 f i Common:Utils.obj
 0001:0000c390       ??1?$basic_iostream@DV?$char_traits@D@_STL@@@_STL@@UAE@XZ 0040d390 f i Common:Utils.obj
 0001:0000c3d0       ??1?$basic_filebuf@DV?$char_traits@D@_STL@@@_STL@@UAE@XZ 0040d3d0 f i Common:Utils.obj
 0001:0000c590       ?close@?$basic_filebuf@DV?$char_traits@D@_STL@@@_STL@@QAEPAV12@XZ 0040d590 f i Common:Utils.obj
 0001:0000c710       ?showmanyc@?$basic_filebuf@DV?$char_traits@D@_STL@@@_STL@@MAEHXZ 0040d710 f i Common:Utils.obj
 0001:0000c780       ?underflow@?$basic_filebuf@DV?$char_traits@D@_STL@@@_STL@@MAEHXZ 0040d780 f i Common:Utils.obj
 0001:0000c790       ?pbackfail@?$basic_filebuf@DV?$char_traits@D@_STL@@@_STL@@MAEHH@Z 0040d790 f i Common:Utils.obj
 0001:0000c880       ?overflow@?$basic_filebuf@DV?$char_traits@D@_STL@@@_STL@@MAEHH@Z 0040d880 f i Common:Utils.obj
 0001:0000ca40       ?setbuf@?$basic_filebuf@DV?$char_traits@D@_STL@@@_STL@@MAEPAV?$basic_streambuf@DV?$char_traits@D@_STL@@@2@PADH@Z 0040da40 f i Common:Utils.obj
 0001:0000cbe0       ?seekoff@?$basic_filebuf@DV?$char_traits@D@_STL@@@_STL@@MAE?AV?$fpos@H@2@JHH@Z 0040dbe0 f i Common:Utils.obj
 0001:0000d070       ?count@_STL@@YAHPAD0ABD@Z  0040e070 f i Common:Utils.obj
 0001:0000d0a0       ?seekpos@?$basic_filebuf@DV?$char_traits@D@_STL@@@_STL@@MAE?AV?$fpos@H@2@V32@H@Z 0040e0a0 f i Common:Utils.obj
 0001:0000d1b0       ?sync@?$basic_filebuf@DV?$char_traits@D@_STL@@@_STL@@MAEHXZ 0040e1b0 f i Common:Utils.obj
 0001:0000d1d0       ?imbue@?$basic_filebuf@DV?$char_traits@D@_STL@@@_STL@@MAEXABVlocale@2@@Z 0040e1d0 f i Common:Utils.obj
 0001:0000d260       ??H_STL@@YA?AV?$basic_string@DV?$char_traits@D@_STL@@V?$allocator@D@2@@0@ABV10@PBD@Z 0040e260 f i Common:Utils.obj
 0001:0000d3a0       ??H_STL@@YA?AV?$basic_string@DV?$char_traits@D@_STL@@V?$allocator@D@2@@0@ABV10@0@Z 0040e3a0 f i Common:Utils.obj
 0001:0000d4e0       ??_G?$basic_ostream@DV?$char_traits@D@_STL@@@_STL@@UAEPAXI@Z 0040e4e0 f i Common:Utils.obj
 0001:0000d4e0       ??_E?$basic_ostream@DV?$char_traits@D@_STL@@@_STL@@UAEPAXI@Z 0040e4e0 f i Common:Utils.obj
 0001:0000d510       ??_E?$basic_iostream@DV?$char_traits@D@_STL@@@_STL@@UAEPAXI@Z 0040e510 f i Common:Utils.obj
 0001:0000d510       ??_G?$basic_iostream@DV?$char_traits@D@_STL@@@_STL@@UAEPAXI@Z 0040e510 f i Common:Utils.obj
 0001:0000d540       ??_E?$basic_filebuf@DV?$char_traits@D@_STL@@@_STL@@UAEPAXI@Z 0040e540 f i Common:Utils.obj
 0001:0000d540       ??_G?$basic_filebuf@DV?$char_traits@D@_STL@@@_STL@@UAEPAXI@Z 0040e540 f i Common:Utils.obj
 0001:0000d560       ??0?$_String_base@DV?$allocator@D@_STL@@@_STL@@QAE@ABV?$allocator@D@1@@Z 0040e560 f i Common:Utils.obj
 0001:0000d570       ??1?$_Filebuf_Tmp_Buf@D@_STL@@QAE@XZ 0040e570 f i Common:Utils.obj
 0001:0000d580       ?_M_range_initialize@?$basic_string@DV?$char_traits@D@_STL@@V?$allocator@D@2@@_STL@@AAEXPAD0@Z 0040e580 f i Common:Utils.obj
 0001:0000d600       ?imbue@?$basic_ios@DV?$char_traits@D@_STL@@@_STL@@QAE?AVlocale@2@ABV32@@Z 0040e600 f i Common:Utils.obj
 0001:0000d760       ?grouping@?$numpunct@D@_STL@@QBE?AV?$basic_string@DV?$char_traits@D@_STL@@V?$allocator@D@2@@2@XZ 0040e760 f i Common:Utils.obj
 0001:0000d780       ??0?$basic_ostream@DV?$char_traits@D@_STL@@@_STL@@QAE@PAV?$basic_streambuf@DV?$char_traits@D@_STL@@@1@@Z 0040e780 f i Common:Utils.obj
 0001:0000d880       ?_M_exit_input_mode@?$basic_filebuf@DV?$char_traits@D@_STL@@@_STL@@AAEXXZ 0040e880 f i Common:Utils.obj
 0001:0000d8b0       ?_M_unshift@?$basic_filebuf@DV?$char_traits@D@_STL@@@_STL@@AAE_NXZ 0040e8b0 f i Common:Utils.obj
 0001:0000d930       ?_M_allocate_buffers@?$basic_filebuf@DV?$char_traits@D@_STL@@@_STL@@AAE_NPADH@Z 0040e930 f i Common:Utils.obj
 0001:0000da20       ?_M_setup_codecvt@?$basic_filebuf@DV?$char_traits@D@_STL@@@_STL@@AAEXABVlocale@2@@Z 0040ea20 f i Common:Utils.obj
 0001:0000da90       ?_M_append_dispatch@?$basic_string@DV?$char_traits@D@_STL@@V?$allocator@D@2@@_STL@@AAEAAV12@PAD0ABU__false_type@2@@Z 0040ea90 f i Common:Utils.obj
 0001:0000dac0       ?_M_append_dispatch@?$basic_string@DV?$char_traits@D@_STL@@V?$allocator@D@2@@_STL@@AAEAAV12@PBD0ABU__false_type@2@@Z 0040eac0 f i Common:Utils.obj
 0001:0000daf0       ?iterator_category@_STL@@YA?AUrandom_access_iterator_tag@1@PBD@Z 0040eaf0 f i Common:Utils.obj
 0001:0000db00       ?_M_range_initialize@?$basic_string@DV?$char_traits@D@_STL@@V?$allocator@D@2@@_STL@@AAEXPAD0ABUforward_iterator_tag@2@@Z 0040eb00 f i Common:Utils.obj
 0001:0000db80       ?append@?$basic_string@DV?$char_traits@D@_STL@@V?$allocator@D@2@@_STL@@AAEAAV12@PAD0ABUforward_iterator_tag@2@@Z 0040eb80 f i Common:Utils.obj
 0001:0000dd20       ?distance_type@_STL@@YAPAHPBD@Z 0040ed20 f i Common:Utils.obj
 0001:0000dd30       ?__copy@_STL@@YAPADPAD00ABUrandom_access_iterator_tag@1@PAH@Z 0040ed30 f i Common:Utils.obj
 0001:0000dd60       _InitializeCriticalSection@4 0040ed60 f   kernel32:KERNEL32.dll
 0001:0000dd66       _DeleteCriticalSection@4   0040ed66 f   kernel32:KERNEL32.dll
 0001:0000dd6c       _LeaveCriticalSection@4    0040ed6c f   kernel32:KERNEL32.dll
 0001:0000dd72       _EnterCriticalSection@4    0040ed72 f   kernel32:KERNEL32.dll
 0001:0000dd78       _GetProcAddress@8          0040ed78 f   kernel32:KERNEL32.dll
 0001:0000dd7e       _Sleep@4                   0040ed7e f   kernel32:KERNEL32.dll
 0001:0000dd84       _FreeLibrary@4             0040ed84 f   kernel32:KERNEL32.dll
 0001:0000dd8a       _LoadLibraryA@4            0040ed8a f   kernel32:KERNEL32.dll
 0001:0000dd90       _InterlockedDecrement@4    0040ed90 f   kernel32:KERNEL32.dll
 0001:0000dd96       _InterlockedIncrement@4    0040ed96 f   kernel32:KERNEL32.dll
 0001:0000dd9c       _InterlockedExchange@8     0040ed9c f   kernel32:KERNEL32.dll
 0001:0000dda2       _GetLastError@0            0040eda2 f   kernel32:KERNEL32.dll
 0001:0000dda8       _FormatMessageA@28         0040eda8 f   kernel32:KERNEL32.dll
 0001:0000ddae       _GetCurrentDirectoryA@8    0040edae f   kernel32:KERNEL32.dll
 0001:0000ddb4       _GetModuleFileNameA@12     0040edb4 f   kernel32:KERNEL32.dll
 0001:0000ddba       _GetSystemTime@4           0040edba f   kernel32:KERNEL32.dll
 0001:0000ddc0       _GetLocalTime@4            0040edc0 f   kernel32:KERNEL32.dll
 0001:0000ddc6       _GetComputerNameA@8        0040edc6 f   kernel32:KERNEL32.dll
 0001:0000ddcc       _SetLastError@4            0040edcc f   kernel32:KERNEL32.dll
 0001:0000ddd2       _MessageBoxA@16            0040edd2 f   user32:USER32.dll
 0001:0000ddd8       _MessageBeep@4             0040edd8 f   user32:USER32.dll
 0001:0000ddde       _wsprintfA                 0040edde f   user32:USER32.dll
 0001:0000dde4       _GetUserNameA@8            0040ede4 f   advapi32:ADVAPI32.dll
 0001:0000ddea       ??0KTimer@@QAE@XZ          0040edea f   engine:Engine.dll
 0001:0000ddf0       ?Start@KTimer@@QAEXXZ      0040edf0 f   engine:Engine.dll
 0001:0000ddf6       ??1KIniFile@@QAE@XZ        0040edf6 f   engine:Engine.dll
 0001:0000ddfc       ?GetString@KIniFile@@QAEHPBD00PADK@Z 0040edfc f   engine:Engine.dll
 0001:0000de02       ?GetInteger@KIniFile@@QAEHPBD0HPAH@Z 0040ee02 f   engine:Engine.dll
 0001:0000de08       ?Load@KIniFile@@QAEHPBD@Z  0040ee08 f   engine:Engine.dll
 0001:0000de0e       ??0KIniFile@@QAE@XZ        0040ee0e f   engine:Engine.dll
 0001:0000de14       ?g_SetFilePath@@YAXPAD@Z   0040ee14 f   engine:Engine.dll
 0001:0000de1a       ?g_SetRootPath@@YAXPAD@Z   0040ee1a f   engine:Engine.dll
 0001:0000de20       ?GetElapse@KTimer@@QAEKXZ  0040ee20 f   engine:Engine.dll
 0001:0000de26       ?g_DebugLog@@YAXPADZZ      0040ee26 f   engine:Engine.dll
 0001:0000de2c       ?g_FileName2Id@@YAKPAD@Z   0040ee2c f   engine:Engine.dll
 0001:0000de32       _CoreGetServerShell        0040ee32 f   CoreServer:CoreServer.dll
 0001:0000de80       ??0_Locale_impl@_STL@@QAE@PBD@Z 0040ee80 f   stlport_vc6_static:locale_impl.obj
 0001:0000df60       ??_E_Locale_impl@_STL@@UAEPAXI@Z 0040ef60 f i stlport_vc6_static:locale_impl.obj
 0001:0000df60       ??_G_Locale_impl@_STL@@UAEPAXI@Z 0040ef60 f i stlport_vc6_static:locale_impl.obj
 0001:0000df80       ??1_Locale_impl@_STL@@UAE@XZ 0040ef80 f   stlport_vc6_static:locale_impl.obj
 0001:0000e010       ?_M_acquire_lock@_STLP_mutex_base@_STL@@QAEXXZ 0040f010 f i stlport_vc6_static:locale_impl.obj
 0001:0000e100       ?_M_release_lock@_STLP_mutex_base@_STL@@QAEXXZ 0040f100 f i stlport_vc6_static:locale_impl.obj
 0001:0000e110       ?incr@_Locale_impl@_STL@@UAEXXZ 0040f110 f   stlport_vc6_static:locale_impl.obj
 0001:0000e120       ?decr@_Locale_impl@_STL@@UAEXXZ 0040f120 f   stlport_vc6_static:locale_impl.obj
 0001:0000e130       ?_M_throw_bad_cast@_Locale_impl@_STL@@SAXXZ 0040f130 f   stlport_vc6_static:locale_impl.obj
 0001:0000e150       ??0bad_cast@@QAE@XZ        0040f150 f i stlport_vc6_static:locale_impl.obj
 0001:0000e180       ??_Ebad_cast@@UAEPAXI@Z    0040f180 f i stlport_vc6_static:locale_impl.obj
 0001:0000e180       ??_Gbad_cast@@UAEPAXI@Z    0040f180 f i stlport_vc6_static:locale_impl.obj
 0001:0000e1a0       ??1bad_cast@@UAE@XZ        0040f1a0 f i stlport_vc6_static:locale_impl.obj
 0001:0000e1b0       ??0bad_cast@@QAE@ABV0@@Z   0040f1b0 f i stlport_vc6_static:locale_impl.obj
 0001:0000e210       ?make_classic_locale@_Locale_impl@_STL@@SAPAV12@XZ 0040f210 f   stlport_vc6_static:locale_impl.obj
 0001:0000e690       ??3@YAXPAX0@Z              0040f690 f i stlport_vc6_static:locale_impl.obj
 0001:0000e6a0       ??_E?$codecvt@DDH@_STL@@MAEPAXI@Z 0040f6a0 f i stlport_vc6_static:locale_impl.obj
 0001:0000e6a0       ??_G?$codecvt@DDH@_STL@@MAEPAXI@Z 0040f6a0 f i stlport_vc6_static:locale_impl.obj
 0001:0000e6c0       ??_E?$codecvt@GDH@_STL@@MAEPAXI@Z 0040f6c0 f i stlport_vc6_static:locale_impl.obj
 0001:0000e6c0       ??_G?$codecvt@GDH@_STL@@MAEPAXI@Z 0040f6c0 f i stlport_vc6_static:locale_impl.obj
 0001:0000e6e0       ??_E?$collate@D@_STL@@MAEPAXI@Z 0040f6e0 f i stlport_vc6_static:locale_impl.obj
 0001:0000e6e0       ??_G?$collate@D@_STL@@MAEPAXI@Z 0040f6e0 f i stlport_vc6_static:locale_impl.obj
 0001:0000e700       ??_E?$collate@G@_STL@@MAEPAXI@Z 0040f700 f i stlport_vc6_static:locale_impl.obj
 0001:0000e700       ??_G?$collate@G@_STL@@MAEPAXI@Z 0040f700 f i stlport_vc6_static:locale_impl.obj
 0001:0000e720       ??_Gfacet@locale@_STL@@MAEPAXI@Z 0040f720 f i stlport_vc6_static:locale_impl.obj
 0001:0000e720       ??_Efacet@locale@_STL@@MAEPAXI@Z 0040f720 f i stlport_vc6_static:locale_impl.obj
 0001:0000e740       ??_E?$ctype@G@_STL@@MAEPAXI@Z 0040f740 f i stlport_vc6_static:locale_impl.obj
 0001:0000e740       ??_G?$ctype@G@_STL@@MAEPAXI@Z 0040f740 f i stlport_vc6_static:locale_impl.obj
 0001:0000e760       ??_G?$numpunct@D@_STL@@UAEPAXI@Z 0040f760 f i stlport_vc6_static:locale_impl.obj
 0001:0000e760       ??_E?$numpunct@D@_STL@@UAEPAXI@Z 0040f760 f i stlport_vc6_static:locale_impl.obj
 0001:0000e780       ??_G?$numpunct@G@_STL@@MAEPAXI@Z 0040f780 f i stlport_vc6_static:locale_impl.obj
 0001:0000e780       ??_E?$numpunct@G@_STL@@MAEPAXI@Z 0040f780 f i stlport_vc6_static:locale_impl.obj
 0001:0000e7a0       ??1facet@locale@_STL@@MAE@XZ 0040f7a0 f   stlport_vc6_static:locale_impl.obj
 0001:0000e7b0       ??Rlocale@_STL@@QBE_NABV?$basic_string@DV?$char_traits@D@_STL@@V?$allocator@D@2@@1@0@Z 0040f7b0 f   stlport_vc6_static:locale_impl.obj
 0001:0000e800       ??Rlocale@_STL@@QBE_NABV?$basic_string@GV?$char_traits@G@_STL@@V?$allocator@G@2@@1@0@Z 0040f800 f   stlport_vc6_static:locale_impl.obj
 0001:0000e8a0       ?_M_throw_runtime_error@locale@_STL@@SAXPBD@Z 0040f8a0 f   stlport_vc6_static:locale_impl.obj
 0001:0000e9f0       ??_Eruntime_error@_STL@@UAEPAXI@Z 0040f9f0 f i stlport_vc6_static:locale_impl.obj
 0001:0000e9f0       ??_Gruntime_error@_STL@@UAEPAXI@Z 0040f9f0 f i stlport_vc6_static:locale_impl.obj
 0001:0000ea10       ??0runtime_error@_STL@@QAE@ABV01@@Z 0040fa10 f i stlport_vc6_static:locale_impl.obj
 0001:0000ea40       ??0__Named_exception@_STL@@QAE@ABV01@@Z 0040fa40 f i stlport_vc6_static:locale_impl.obj
 0001:0000ea70       ??_E__Named_exception@_STL@@UAEPAXI@Z 0040fa70 f i stlport_vc6_static:locale_impl.obj
 0001:0000ea70       ??_G__Named_exception@_STL@@UAEPAXI@Z 0040fa70 f i stlport_vc6_static:locale_impl.obj
 0001:0000ea90       ??0_Loc_init@ios_base@_STL@@QAE@XZ 0040fa90 f   stlport_vc6_static:locale_impl.obj
 0001:0000eab0       ??1_Loc_init@ios_base@_STL@@QAE@XZ 0040fab0 f   stlport_vc6_static:locale_impl.obj
 0001:0000ead0       ?_S_initialize@locale@_STL@@SAXXZ 0040fad0 f   stlport_vc6_static:locale_impl.obj
 0001:0000ebe0       ?_S_uninitialize@locale@_STL@@SAXXZ 0040fbe0 f   stlport_vc6_static:locale_impl.obj
 0001:0000ebf0       ??0locale@_STL@@QAE@XZ     0040fbf0 f   stlport_vc6_static:locale_impl.obj
 0001:0000ec10       ??0locale@_STL@@QAE@PAV_Locale_impl@1@@Z 0040fc10 f   stlport_vc6_static:locale_impl.obj
 0001:0000ec20       ??0locale@_STL@@QAE@ABV01@@Z 0040fc20 f   stlport_vc6_static:locale_impl.obj
 0001:0000ec40       ??1locale@_STL@@QAE@XZ     0040fc40 f   stlport_vc6_static:locale_impl.obj
 0001:0000ec50       ??4locale@_STL@@QAEABV01@ABV01@@Z 0040fc50 f   stlport_vc6_static:locale_impl.obj
 0001:0000ec80       ?_M_get_facet@locale@_STL@@QBEPAVfacet@12@ABVid@12@@Z 0040fc80 f   stlport_vc6_static:locale_impl.obj
 0001:0000eca0       ?_M_use_facet@locale@_STL@@QBEPAVfacet@12@ABVid@12@@Z 0040fca0 f   stlport_vc6_static:locale_impl.obj
 0001:0000ece0       ?name@locale@_STL@@QBE?AV?$basic_string@DV?$char_traits@D@_STL@@V?$allocator@D@2@@2@XZ 0040fce0 f   stlport_vc6_static:locale_impl.obj
 0001:0000eec0       ??8locale@_STL@@QBE_NABV01@@Z 0040fec0 f   stlport_vc6_static:locale_impl.obj
 0001:0000f010       ??9locale@_STL@@QBE_NABV01@@Z 00410010 f   stlport_vc6_static:locale_impl.obj
 0001:0000f030       ?classic@locale@_STL@@SAABV12@XZ 00410030 f   stlport_vc6_static:locale_impl.obj
 0001:0000f040       ?global@locale@_STL@@SA?AV12@ABV12@@Z 00410040 f   stlport_vc6_static:locale_impl.obj
 0001:0000f1c0       ??1_STLP_auto_lock@_STL@@QAE@XZ 004101c0 f i stlport_vc6_static:locale_impl.obj
 0001:0000f1d0       ?do_put@?$money_put@DV?$ostreambuf_iterator@DV?$char_traits@D@_STL@@@_STL@@@_STL@@MBE?AV?$ostreambuf_iterator@DV?$char_traits@D@_STL@@@2@V32@_NAAVios_base@2@DO@Z 004101d0 f i stlport_vc6_static:locale_impl.obj
 0001:0000f2d0       ?do_date_order@?$time_get@DV?$istreambuf_iterator@DV?$char_traits@D@_STL@@@_STL@@@_STL@@MBE?AW4dateorder@time_base@2@XZ 004102d0 f i stlport_vc6_static:locale_impl.obj
 0001:0000f2e0       ?do_put@?$money_put@GV?$ostreambuf_iterator@GV?$char_traits@G@_STL@@@_STL@@@_STL@@MBE?AV?$ostreambuf_iterator@GV?$char_traits@G@_STL@@@2@V32@_NAAVios_base@2@GO@Z 004102e0 f i stlport_vc6_static:locale_impl.obj
 0001:0000f400       ??1?$basic_string@GV?$char_traits@G@_STL@@V?$allocator@G@2@@_STL@@QAE@XZ 00410400 f i stlport_vc6_static:locale_impl.obj
 0001:0000f490       ?do_date_order@?$time_get@GV?$istreambuf_iterator@GV?$char_traits@G@_STL@@@_STL@@@_STL@@MBE?AW4dateorder@time_base@2@XZ 00410490 f i stlport_vc6_static:locale_impl.obj
 0001:0000f4a0       ??_G?$money_get@DV?$istreambuf_iterator@DV?$char_traits@D@_STL@@@_STL@@@_STL@@MAEPAXI@Z 004104a0 f i stlport_vc6_static:locale_impl.obj
 0001:0000f4a0       ??_E?$money_get@DV?$istreambuf_iterator@DV?$char_traits@D@_STL@@@_STL@@@_STL@@MAEPAXI@Z 004104a0 f i stlport_vc6_static:locale_impl.obj
 0001:0000f4c0       ??1?$money_get@DV?$istreambuf_iterator@DV?$char_traits@D@_STL@@@_STL@@@_STL@@MAE@XZ 004104c0 f i stlport_vc6_static:locale_impl.obj
 0001:0000f4d0       ??_E?$money_put@DV?$ostreambuf_iterator@DV?$char_traits@D@_STL@@@_STL@@@_STL@@MAEPAXI@Z 004104d0 f i stlport_vc6_static:locale_impl.obj
 0001:0000f4d0       ??_G?$money_put@DV?$ostreambuf_iterator@DV?$char_traits@D@_STL@@@_STL@@@_STL@@MAEPAXI@Z 004104d0 f i stlport_vc6_static:locale_impl.obj
 0001:0000f4f0       ??1?$money_put@DV?$ostreambuf_iterator@DV?$char_traits@D@_STL@@@_STL@@@_STL@@MAE@XZ 004104f0 f i stlport_vc6_static:locale_impl.obj
 0001:0000f500       ??_E?$num_get@DV?$istreambuf_iterator@DV?$char_traits@D@_STL@@@_STL@@@_STL@@MAEPAXI@Z 00410500 f i stlport_vc6_static:locale_impl.obj
 0001:0000f500       ??_G?$num_get@DV?$istreambuf_iterator@DV?$char_traits@D@_STL@@@_STL@@@_STL@@MAEPAXI@Z 00410500 f i stlport_vc6_static:locale_impl.obj
 0001:0000f520       ??1?$num_get@DV?$istreambuf_iterator@DV?$char_traits@D@_STL@@@_STL@@@_STL@@MAE@XZ 00410520 f i stlport_vc6_static:locale_impl.obj
 0001:0000f530       ??_E?$num_put@DV?$ostreambuf_iterator@DV?$char_traits@D@_STL@@@_STL@@@_STL@@MAEPAXI@Z 00410530 f i stlport_vc6_static:locale_impl.obj
 0001:0000f530       ??_G?$num_put@DV?$ostreambuf_iterator@DV?$char_traits@D@_STL@@@_STL@@@_STL@@MAEPAXI@Z 00410530 f i stlport_vc6_static:locale_impl.obj
 0001:0000f550       ??1?$num_put@DV?$ostreambuf_iterator@DV?$char_traits@D@_STL@@@_STL@@@_STL@@MAE@XZ 00410550 f i stlport_vc6_static:locale_impl.obj
 0001:0000f560       ??_E?$time_get@DV?$istreambuf_iterator@DV?$char_traits@D@_STL@@@_STL@@@_STL@@MAEPAXI@Z 00410560 f i stlport_vc6_static:locale_impl.obj
 0001:0000f560       ??_G?$time_get@DV?$istreambuf_iterator@DV?$char_traits@D@_STL@@@_STL@@@_STL@@MAEPAXI@Z 00410560 f i stlport_vc6_static:locale_impl.obj
 0001:0000f580       ??1?$time_get@DV?$istreambuf_iterator@DV?$char_traits@D@_STL@@@_STL@@@_STL@@MAE@XZ 00410580 f i stlport_vc6_static:locale_impl.obj
 0001:0000f6c0       ??0_Time_Info@_STL@@QAE@XZ 004106c0 f i stlport_vc6_static:locale_impl.obj
 0001:0000f890       ??1_Time_Info@_STL@@QAE@XZ 00410890 f i stlport_vc6_static:locale_impl.obj
 0001:0000f9b0       ??_G?$time_put@DV?$ostreambuf_iterator@DV?$char_traits@D@_STL@@@_STL@@@_STL@@MAEPAXI@Z 004109b0 f i stlport_vc6_static:locale_impl.obj
 0001:0000f9b0       ??_E?$time_put@DV?$ostreambuf_iterator@DV?$char_traits@D@_STL@@@_STL@@@_STL@@MAEPAXI@Z 004109b0 f i stlport_vc6_static:locale_impl.obj
 0001:0000f9d0       ??1?$time_put@DV?$ostreambuf_iterator@DV?$char_traits@D@_STL@@@_STL@@@_STL@@MAE@XZ 004109d0 f i stlport_vc6_static:locale_impl.obj
 0001:0000fb10       ??_G?$money_get@GV?$istreambuf_iterator@GV?$char_traits@G@_STL@@@_STL@@@_STL@@MAEPAXI@Z 00410b10 f i stlport_vc6_static:locale_impl.obj
 0001:0000fb10       ??_E?$money_get@GV?$istreambuf_iterator@GV?$char_traits@G@_STL@@@_STL@@@_STL@@MAEPAXI@Z 00410b10 f i stlport_vc6_static:locale_impl.obj
 0001:0000fb30       ??1?$money_get@GV?$istreambuf_iterator@GV?$char_traits@G@_STL@@@_STL@@@_STL@@MAE@XZ 00410b30 f i stlport_vc6_static:locale_impl.obj
 0001:0000fb40       ??_G?$money_put@GV?$ostreambuf_iterator@GV?$char_traits@G@_STL@@@_STL@@@_STL@@MAEPAXI@Z 00410b40 f i stlport_vc6_static:locale_impl.obj
 0001:0000fb40       ??_E?$money_put@GV?$ostreambuf_iterator@GV?$char_traits@G@_STL@@@_STL@@@_STL@@MAEPAXI@Z 00410b40 f i stlport_vc6_static:locale_impl.obj
 0001:0000fb60       ??1?$money_put@GV?$ostreambuf_iterator@GV?$char_traits@G@_STL@@@_STL@@@_STL@@MAE@XZ 00410b60 f i stlport_vc6_static:locale_impl.obj
 0001:0000fb70       ??_G?$num_get@GV?$istreambuf_iterator@GV?$char_traits@G@_STL@@@_STL@@@_STL@@MAEPAXI@Z 00410b70 f i stlport_vc6_static:locale_impl.obj
 0001:0000fb70       ??_E?$num_get@GV?$istreambuf_iterator@GV?$char_traits@G@_STL@@@_STL@@@_STL@@MAEPAXI@Z 00410b70 f i stlport_vc6_static:locale_impl.obj
 0001:0000fb90       ??1?$num_get@GV?$istreambuf_iterator@GV?$char_traits@G@_STL@@@_STL@@@_STL@@MAE@XZ 00410b90 f i stlport_vc6_static:locale_impl.obj
 0001:0000fba0       ??_G?$num_put@GV?$ostreambuf_iterator@GV?$char_traits@G@_STL@@@_STL@@@_STL@@MAEPAXI@Z 00410ba0 f i stlport_vc6_static:locale_impl.obj
 0001:0000fba0       ??_E?$num_put@GV?$ostreambuf_iterator@GV?$char_traits@G@_STL@@@_STL@@@_STL@@MAEPAXI@Z 00410ba0 f i stlport_vc6_static:locale_impl.obj
 0001:0000fbc0       ??1?$num_put@GV?$ostreambuf_iterator@GV?$char_traits@G@_STL@@@_STL@@@_STL@@MAE@XZ 00410bc0 f i stlport_vc6_static:locale_impl.obj
 0001:0000fbd0       ??_G?$time_get@GV?$istreambuf_iterator@GV?$char_traits@G@_STL@@@_STL@@@_STL@@MAEPAXI@Z 00410bd0 f i stlport_vc6_static:locale_impl.obj
 0001:0000fbd0       ??_E?$time_get@GV?$istreambuf_iterator@GV?$char_traits@G@_STL@@@_STL@@@_STL@@MAEPAXI@Z 00410bd0 f i stlport_vc6_static:locale_impl.obj
 0001:0000fbf0       ??1?$time_get@GV?$istreambuf_iterator@GV?$char_traits@G@_STL@@@_STL@@@_STL@@MAE@XZ 00410bf0 f i stlport_vc6_static:locale_impl.obj
 0001:0000fd30       ??_E?$time_put@GV?$ostreambuf_iterator@GV?$char_traits@G@_STL@@@_STL@@@_STL@@MAEPAXI@Z 00410d30 f i stlport_vc6_static:locale_impl.obj
 0001:0000fd30       ??_G?$time_put@GV?$ostreambuf_iterator@GV?$char_traits@G@_STL@@@_STL@@@_STL@@MAEPAXI@Z 00410d30 f i stlport_vc6_static:locale_impl.obj
 0001:0000fd50       ??1?$time_put@GV?$ostreambuf_iterator@GV?$char_traits@G@_STL@@@_STL@@@_STL@@MAE@XZ 00410d50 f i stlport_vc6_static:locale_impl.obj
 0001:0000fe90       ??1?$_String_base@GV?$allocator@G@_STL@@@_STL@@QAE@XZ 00410e90 f i stlport_vc6_static:locale_impl.obj
 0001:0000ff20       ??1?$allocator@G@_STL@@QAE@XZ 00410f20 f i stlport_vc6_static:locale_impl.obj
 0001:0000ff30       ??1?$_STLP_alloc_proxy@PAGGV?$allocator@G@_STL@@@_STL@@QAE@XZ 00410f30 f i stlport_vc6_static:locale_impl.obj
 0001:0000ff40       ?deallocate@?$_STLP_alloc_proxy@PADDV?$allocator@D@_STL@@@_STL@@QAEXPADI@Z 00410f40 f i stlport_vc6_static:locale_impl.obj
 0001:0000ff70       ?_M_do_lock@?$_STLP_mutex_spin@$0A@@_STL@@SAXPCJ@Z 00410f70 f i stlport_vc6_static:locale_impl.obj
 0001:00010060       ??0?$basic_string@DV?$char_traits@D@_STL@@V?$allocator@D@2@@_STL@@QAE@XZ 00411060 f i stlport_vc6_static:locale_impl.obj
 0001:00010130       ?do_get@?$money_get@DV?$istreambuf_iterator@DV?$char_traits@D@_STL@@@_STL@@@_STL@@MBE?AV?$istreambuf_iterator@DV?$char_traits@D@_STL@@@2@V32@0_NAAVios_base@2@AAHAAV?$basic_string@DV?$char_traits@D@_STL@@V?$allocator@D@2@@2@@Z 00411130 f i stlport_vc6_static:locale_impl.obj
 0001:00010f90       ?grouping@?$moneypunct@D$00@_STL@@QBE?AV?$basic_string@DV?$char_traits@D@_STL@@V?$allocator@D@2@@2@XZ 00411f90 f i stlport_vc6_static:locale_impl.obj
 0001:00010fb0       ?curr_symbol@?$moneypunct@D$00@_STL@@QBE?AV?$basic_string@DV?$char_traits@D@_STL@@V?$allocator@D@2@@2@XZ 00411fb0 f i stlport_vc6_static:locale_impl.obj
 0001:00010fd0       ?positive_sign@?$moneypunct@D$00@_STL@@QBE?AV?$basic_string@DV?$char_traits@D@_STL@@V?$allocator@D@2@@2@XZ 00411fd0 f i stlport_vc6_static:locale_impl.obj
 0001:00010ff0       ?negative_sign@?$moneypunct@D$00@_STL@@QBE?AV?$basic_string@DV?$char_traits@D@_STL@@V?$allocator@D@2@@2@XZ 00411ff0 f i stlport_vc6_static:locale_impl.obj
 0001:00011010       ?grouping@?$moneypunct@D$0A@@_STL@@QBE?AV?$basic_string@DV?$char_traits@D@_STL@@V?$allocator@D@2@@2@XZ 00412010 f i stlport_vc6_static:locale_impl.obj
 0001:00011030       ?curr_symbol@?$moneypunct@D$0A@@_STL@@QBE?AV?$basic_string@DV?$char_traits@D@_STL@@V?$allocator@D@2@@2@XZ 00412030 f i stlport_vc6_static:locale_impl.obj
 0001:00011050       ?positive_sign@?$moneypunct@D$0A@@_STL@@QBE?AV?$basic_string@DV?$char_traits@D@_STL@@V?$allocator@D@2@@2@XZ 00412050 f i stlport_vc6_static:locale_impl.obj
 0001:00011070       ?negative_sign@?$moneypunct@D$0A@@_STL@@QBE?AV?$basic_string@DV?$char_traits@D@_STL@@V?$allocator@D@2@@2@XZ 00412070 f i stlport_vc6_static:locale_impl.obj
 0001:00011090       ?sbumpc@?$basic_streambuf@DV?$char_traits@D@_STL@@@_STL@@QAEHXZ 00412090 f i stlport_vc6_static:locale_impl.obj
 0001:000110c0       ?do_get@?$money_get@DV?$istreambuf_iterator@DV?$char_traits@D@_STL@@@_STL@@@_STL@@MBE?AV?$istreambuf_iterator@DV?$char_traits@D@_STL@@@2@V32@0_NAAVios_base@2@AAHAAO@Z 004120c0 f i stlport_vc6_static:locale_impl.obj
 0001:000112c0       ?sgetc@?$basic_streambuf@DV?$char_traits@D@_STL@@@_STL@@QAEHXZ 004122c0 f i stlport_vc6_static:locale_impl.obj
 0001:000112e0       ?do_put@?$money_put@DV?$ostreambuf_iterator@DV?$char_traits@D@_STL@@@_STL@@@_STL@@MBE?AV?$ostreambuf_iterator@DV?$char_traits@D@_STL@@@2@V32@_NAAVios_base@2@DABV?$basic_string@DV?$char_traits@D@_STL@@V?$allocator@D@2@@2@@Z 004122e0 f i stlport_vc6_static:locale_impl.obj
 0001:00011e70       ?sputc@?$basic_streambuf@DV?$char_traits@D@_STL@@@_STL@@QAEHD@Z 00412e70 f i stlport_vc6_static:locale_impl.obj
 0001:00011eb0       ?_M_deallocate_block@?$_String_base@DV?$allocator@D@_STL@@@_STL@@QAEXXZ 00412eb0 f i stlport_vc6_static:locale_impl.obj
 0001:00011ee0       ?do_get@?$num_get@DV?$istreambuf_iterator@DV?$char_traits@D@_STL@@@_STL@@@_STL@@MBE?AV?$istreambuf_iterator@DV?$char_traits@D@_STL@@@2@V32@0AAVios_base@2@AAHAA_K@Z 00412ee0 f i stlport_vc6_static:locale_impl.obj
 0001:000121e0       ?do_get@?$num_get@DV?$istreambuf_iterator@DV?$char_traits@D@_STL@@@_STL@@@_STL@@MBE?AV?$istreambuf_iterator@DV?$char_traits@D@_STL@@@2@V32@0AAVios_base@2@AAHAA_J@Z 004131e0 f i stlport_vc6_static:locale_impl.obj
 0001:000124e0       ?do_get@?$num_get@DV?$istreambuf_iterator@DV?$char_traits@D@_STL@@@_STL@@@_STL@@MBE?AV?$istreambuf_iterator@DV?$char_traits@D@_STL@@@2@V32@0AAVios_base@2@AAHAAO@Z 004134e0 f i stlport_vc6_static:locale_impl.obj
 0001:00012800       ?do_get@?$num_get@DV?$istreambuf_iterator@DV?$char_traits@D@_STL@@@_STL@@@_STL@@MBE?AV?$istreambuf_iterator@DV?$char_traits@D@_STL@@@2@V32@0AAVios_base@2@AAHAAPAX@Z 00413800 f i stlport_vc6_static:locale_impl.obj
 0001:00012b00       ?do_get@?$num_get@DV?$istreambuf_iterator@DV?$char_traits@D@_STL@@@_STL@@@_STL@@MBE?AV?$istreambuf_iterator@DV?$char_traits@D@_STL@@@2@V32@0AAVios_base@2@AAHAAN@Z 00413b00 f i stlport_vc6_static:locale_impl.obj
 0001:00012e20       ?do_get@?$num_get@DV?$istreambuf_iterator@DV?$char_traits@D@_STL@@@_STL@@@_STL@@MBE?AV?$istreambuf_iterator@DV?$char_traits@D@_STL@@@2@V32@0AAVios_base@2@AAHAAM@Z 00413e20 f i stlport_vc6_static:locale_impl.obj
 0001:00013140       ?do_get@?$num_get@DV?$istreambuf_iterator@DV?$char_traits@D@_STL@@@_STL@@@_STL@@MBE?AV?$istreambuf_iterator@DV?$char_traits@D@_STL@@@2@V32@0AAVios_base@2@AAHAAK@Z 00414140 f i stlport_vc6_static:locale_impl.obj
 0001:00013430       ?do_get@?$num_get@DV?$istreambuf_iterator@DV?$char_traits@D@_STL@@@_STL@@@_STL@@MBE?AV?$istreambuf_iterator@DV?$char_traits@D@_STL@@@2@V32@0AAVios_base@2@AAHAAI@Z 00414430 f i stlport_vc6_static:locale_impl.obj
 0001:00013720       ?do_get@?$num_get@DV?$istreambuf_iterator@DV?$char_traits@D@_STL@@@_STL@@@_STL@@MBE?AV?$istreambuf_iterator@DV?$char_traits@D@_STL@@@2@V32@0AAVios_base@2@AAHAAG@Z 00414720 f i stlport_vc6_static:locale_impl.obj
 0001:00013a10       ?do_get@?$num_get@DV?$istreambuf_iterator@DV?$char_traits@D@_STL@@@_STL@@@_STL@@MBE?AV?$istreambuf_iterator@DV?$char_traits@D@_STL@@@2@V32@0AAVios_base@2@AAHAAJ@Z 00414a10 f i stlport_vc6_static:locale_impl.obj
 0001:00013d00       ?do_get@?$num_get@DV?$istreambuf_iterator@DV?$char_traits@D@_STL@@@_STL@@@_STL@@MBE?AV?$istreambuf_iterator@DV?$char_traits@D@_STL@@@2@V32@0AAVios_base@2@AAHAA_N@Z 00414d00 f i stlport_vc6_static:locale_impl.obj
 0001:00013ff0       ?truename@?$numpunct@D@_STL@@QBE?AV?$basic_string@DV?$char_traits@D@_STL@@V?$allocator@D@2@@2@XZ 00414ff0 f i stlport_vc6_static:locale_impl.obj
 0001:00014010       ?falsename@?$numpunct@D@_STL@@QBE?AV?$basic_string@DV?$char_traits@D@_STL@@V?$allocator@D@2@@2@XZ 00415010 f i stlport_vc6_static:locale_impl.obj
 0001:00014030       ?do_put@?$num_put@DV?$ostreambuf_iterator@DV?$char_traits@D@_STL@@@_STL@@@_STL@@MBE?AV?$ostreambuf_iterator@DV?$char_traits@D@_STL@@@2@V32@AAVios_base@2@DPBX@Z 00415030 f i stlport_vc6_static:locale_impl.obj
 0001:000140f0       ?do_put@?$num_put@DV?$ostreambuf_iterator@DV?$char_traits@D@_STL@@@_STL@@@_STL@@MBE?AV?$ostreambuf_iterator@DV?$char_traits@D@_STL@@@2@V32@AAVios_base@2@D_K@Z 004150f0 f i stlport_vc6_static:locale_impl.obj
 0001:000142f0       ?do_put@?$num_put@DV?$ostreambuf_iterator@DV?$char_traits@D@_STL@@@_STL@@@_STL@@MBE?AV?$ostreambuf_iterator@DV?$char_traits@D@_STL@@@2@V32@AAVios_base@2@D_J@Z 004152f0 f i stlport_vc6_static:locale_impl.obj
 0001:00014520       ?do_put@?$num_put@DV?$ostreambuf_iterator@DV?$char_traits@D@_STL@@@_STL@@@_STL@@MBE?AV?$ostreambuf_iterator@DV?$char_traits@D@_STL@@@2@V32@AAVios_base@2@DO@Z 00415520 f i stlport_vc6_static:locale_impl.obj
 0001:000145c0       ?do_put@?$num_put@DV?$ostreambuf_iterator@DV?$char_traits@D@_STL@@@_STL@@@_STL@@MBE?AV?$ostreambuf_iterator@DV?$char_traits@D@_STL@@@2@V32@AAVios_base@2@DN@Z 004155c0 f i stlport_vc6_static:locale_impl.obj
 0001:00014660       ?do_put@?$num_put@DV?$ostreambuf_iterator@DV?$char_traits@D@_STL@@@_STL@@@_STL@@MBE?AV?$ostreambuf_iterator@DV?$char_traits@D@_STL@@@2@V32@AAVios_base@2@DK@Z 00415660 f i stlport_vc6_static:locale_impl.obj
 0001:00014860       ?do_put@?$num_put@DV?$ostreambuf_iterator@DV?$char_traits@D@_STL@@@_STL@@@_STL@@MBE?AV?$ostreambuf_iterator@DV?$char_traits@D@_STL@@@2@V32@AAVios_base@2@DJ@Z 00415860 f i stlport_vc6_static:locale_impl.obj
 0001:00014aa0       ?do_put@?$num_put@DV?$ostreambuf_iterator@DV?$char_traits@D@_STL@@@_STL@@@_STL@@MBE?AV?$ostreambuf_iterator@DV?$char_traits@D@_STL@@@2@V32@AAVios_base@2@D_N@Z 00415aa0 f i stlport_vc6_static:locale_impl.obj
 0001:00014d90       ?do_get_time@?$time_get@DV?$istreambuf_iterator@DV?$char_traits@D@_STL@@@_STL@@@_STL@@MBE?AV?$istreambuf_iterator@DV?$char_traits@D@_STL@@@2@V32@0AAVios_base@2@AAHPAUtm@@@Z 00415d90 f i stlport_vc6_static:locale_impl.obj
 0001:00015180       ?do_get_date@?$time_get@DV?$istreambuf_iterator@DV?$char_traits@D@_STL@@@_STL@@@_STL@@MBE?AV?$istreambuf_iterator@DV?$char_traits@D@_STL@@@2@V32@0AAVios_base@2@AAHPAUtm@@@Z 00416180 f i stlport_vc6_static:locale_impl.obj
 0001:00015570       ?do_get_weekday@?$time_get@DV?$istreambuf_iterator@DV?$char_traits@D@_STL@@@_STL@@@_STL@@MBE?AV?$istreambuf_iterator@DV?$char_traits@D@_STL@@@2@V32@0AAVios_base@2@AAHPAUtm@@@Z 00416570 f i stlport_vc6_static:locale_impl.obj
 0001:00015820       ?do_get_monthname@?$time_get@DV?$istreambuf_iterator@DV?$char_traits@D@_STL@@@_STL@@@_STL@@MBE?AV?$istreambuf_iterator@DV?$char_traits@D@_STL@@@2@V32@0AAVios_base@2@AAHPAUtm@@@Z 00416820 f i stlport_vc6_static:locale_impl.obj
 0001:00015af0       ?do_get_year@?$time_get@DV?$istreambuf_iterator@DV?$char_traits@D@_STL@@@_STL@@@_STL@@MBE?AV?$istreambuf_iterator@DV?$char_traits@D@_STL@@@2@V32@0AAVios_base@2@AAHPAUtm@@@Z 00416af0 f i stlport_vc6_static:locale_impl.obj
 0001:00015c60       ?do_put@?$time_put@DV?$ostreambuf_iterator@DV?$char_traits@D@_STL@@@_STL@@@_STL@@MBE?AV?$ostreambuf_iterator@DV?$char_traits@D@_STL@@@2@V32@AAVios_base@2@DPBUtm@@DD@Z 00416c60 f i stlport_vc6_static:locale_impl.obj
 0001:00015d20       ?do_get@?$money_get@GV?$istreambuf_iterator@GV?$char_traits@G@_STL@@@_STL@@@_STL@@MBE?AV?$istreambuf_iterator@GV?$char_traits@G@_STL@@@2@V32@0_NAAVios_base@2@AAHAAV?$basic_string@GV?$char_traits@G@_STL@@V?$allocator@G@2@@2@@Z 00416d20 f i stlport_vc6_static:locale_impl.obj
 0001:00016b80       ?grouping@?$moneypunct@G$00@_STL@@QBE?AV?$basic_string@DV?$char_traits@D@_STL@@V?$allocator@D@2@@2@XZ 00417b80 f i stlport_vc6_static:locale_impl.obj
 0001:00016ba0       ?curr_symbol@?$moneypunct@G$00@_STL@@QBE?AV?$basic_string@GV?$char_traits@G@_STL@@V?$allocator@G@2@@2@XZ 00417ba0 f i stlport_vc6_static:locale_impl.obj
 0001:00016bc0       ?positive_sign@?$moneypunct@G$00@_STL@@QBE?AV?$basic_string@GV?$char_traits@G@_STL@@V?$allocator@G@2@@2@XZ 00417bc0 f i stlport_vc6_static:locale_impl.obj
 0001:00016be0       ?negative_sign@?$moneypunct@G$00@_STL@@QBE?AV?$basic_string@GV?$char_traits@G@_STL@@V?$allocator@G@2@@2@XZ 00417be0 f i stlport_vc6_static:locale_impl.obj
 0001:00016c00       ?grouping@?$moneypunct@G$0A@@_STL@@QBE?AV?$basic_string@DV?$char_traits@D@_STL@@V?$allocator@D@2@@2@XZ 00417c00 f i stlport_vc6_static:locale_impl.obj
 0001:00016c20       ?curr_symbol@?$moneypunct@G$0A@@_STL@@QBE?AV?$basic_string@GV?$char_traits@G@_STL@@V?$allocator@G@2@@2@XZ 00417c20 f i stlport_vc6_static:locale_impl.obj
 0001:00016c40       ?positive_sign@?$moneypunct@G$0A@@_STL@@QBE?AV?$basic_string@GV?$char_traits@G@_STL@@V?$allocator@G@2@@2@XZ 00417c40 f i stlport_vc6_static:locale_impl.obj
 0001:00016c60       ?negative_sign@?$moneypunct@G$0A@@_STL@@QBE?AV?$basic_string@GV?$char_traits@G@_STL@@V?$allocator@G@2@@2@XZ 00417c60 f i stlport_vc6_static:locale_impl.obj
 0001:00016c80       ?do_get@?$money_get@GV?$istreambuf_iterator@GV?$char_traits@G@_STL@@@_STL@@@_STL@@MBE?AV?$istreambuf_iterator@GV?$char_traits@G@_STL@@@2@V32@0_NAAVios_base@2@AAHAAO@Z 00417c80 f i stlport_vc6_static:locale_impl.obj
 0001:00016e90       ?deallocate@?$allocator@G@_STL@@QBEXPAGI@Z 00417e90 f i stlport_vc6_static:locale_impl.obj
 0001:00016ec0       ?do_put@?$money_put@GV?$ostreambuf_iterator@GV?$char_traits@G@_STL@@@_STL@@@_STL@@MBE?AV?$ostreambuf_iterator@GV?$char_traits@G@_STL@@@2@V32@_NAAVios_base@2@GABV?$basic_string@GV?$char_traits@G@_STL@@V?$allocator@G@2@@2@@Z 00417ec0 f i stlport_vc6_static:locale_impl.obj
 0001:00017a90       ?_M_deallocate_block@?$_String_base@GV?$allocator@G@_STL@@@_STL@@QAEXXZ 00418a90 f i stlport_vc6_static:locale_impl.obj
 0001:00017ac0       ?do_get@?$num_get@GV?$istreambuf_iterator@GV?$char_traits@G@_STL@@@_STL@@@_STL@@MBE?AV?$istreambuf_iterator@GV?$char_traits@G@_STL@@@2@V32@0AAVios_base@2@AAHAA_K@Z 00418ac0 f i stlport_vc6_static:locale_impl.obj
 0001:00017db0       ?do_get@?$num_get@GV?$istreambuf_iterator@GV?$char_traits@G@_STL@@@_STL@@@_STL@@MBE?AV?$istreambuf_iterator@GV?$char_traits@G@_STL@@@2@V32@0AAVios_base@2@AAHAA_J@Z 00418db0 f i stlport_vc6_static:locale_impl.obj
 0001:000180a0       ?do_get@?$num_get@GV?$istreambuf_iterator@GV?$char_traits@G@_STL@@@_STL@@@_STL@@MBE?AV?$istreambuf_iterator@GV?$char_traits@G@_STL@@@2@V32@0AAVios_base@2@AAHAAO@Z 004190a0 f i stlport_vc6_static:locale_impl.obj
 0001:00018420       ?do_get@?$num_get@GV?$istreambuf_iterator@GV?$char_traits@G@_STL@@@_STL@@@_STL@@MBE?AV?$istreambuf_iterator@GV?$char_traits@G@_STL@@@2@V32@0AAVios_base@2@AAHAAPAX@Z 00419420 f i stlport_vc6_static:locale_impl.obj
 0001:00018720       ?do_get@?$num_get@GV?$istreambuf_iterator@GV?$char_traits@G@_STL@@@_STL@@@_STL@@MBE?AV?$istreambuf_iterator@GV?$char_traits@G@_STL@@@2@V32@0AAVios_base@2@AAHAAN@Z 00419720 f i stlport_vc6_static:locale_impl.obj
 0001:00018aa0       ?do_get@?$num_get@GV?$istreambuf_iterator@GV?$char_traits@G@_STL@@@_STL@@@_STL@@MBE?AV?$istreambuf_iterator@GV?$char_traits@G@_STL@@@2@V32@0AAVios_base@2@AAHAAM@Z 00419aa0 f i stlport_vc6_static:locale_impl.obj
 0001:00018e20       ?do_get@?$num_get@GV?$istreambuf_iterator@GV?$char_traits@G@_STL@@@_STL@@@_STL@@MBE?AV?$istreambuf_iterator@GV?$char_traits@G@_STL@@@2@V32@0AAVios_base@2@AAHAAK@Z 00419e20 f i stlport_vc6_static:locale_impl.obj
 0001:00019110       ?do_get@?$num_get@GV?$istreambuf_iterator@GV?$char_traits@G@_STL@@@_STL@@@_STL@@MBE?AV?$istreambuf_iterator@GV?$char_traits@G@_STL@@@2@V32@0AAVios_base@2@AAHAAI@Z 0041a110 f i stlport_vc6_static:locale_impl.obj
 0001:00019400       ?do_get@?$num_get@GV?$istreambuf_iterator@GV?$char_traits@G@_STL@@@_STL@@@_STL@@MBE?AV?$istreambuf_iterator@GV?$char_traits@G@_STL@@@2@V32@0AAVios_base@2@AAHAAG@Z 0041a400 f i stlport_vc6_static:locale_impl.obj
 0001:000196f0       ?do_get@?$num_get@GV?$istreambuf_iterator@GV?$char_traits@G@_STL@@@_STL@@@_STL@@MBE?AV?$istreambuf_iterator@GV?$char_traits@G@_STL@@@2@V32@0AAVios_base@2@AAHAAJ@Z 0041a6f0 f i stlport_vc6_static:locale_impl.obj
 0001:000199e0       ?do_get@?$num_get@GV?$istreambuf_iterator@GV?$char_traits@G@_STL@@@_STL@@@_STL@@MBE?AV?$istreambuf_iterator@GV?$char_traits@G@_STL@@@2@V32@0AAVios_base@2@AAHAA_N@Z 0041a9e0 f i stlport_vc6_static:locale_impl.obj
 0001:00019cd0       ?truename@?$numpunct@G@_STL@@QBE?AV?$basic_string@GV?$char_traits@G@_STL@@V?$allocator@G@2@@2@XZ 0041acd0 f i stlport_vc6_static:locale_impl.obj
 0001:00019cf0       ?falsename@?$numpunct@G@_STL@@QBE?AV?$basic_string@GV?$char_traits@G@_STL@@V?$allocator@G@2@@2@XZ 0041acf0 f i stlport_vc6_static:locale_impl.obj
 0001:00019d10       ?do_put@?$num_put@GV?$ostreambuf_iterator@GV?$char_traits@G@_STL@@@_STL@@@_STL@@MBE?AV?$ostreambuf_iterator@GV?$char_traits@G@_STL@@@2@V32@AAVios_base@2@GPBX@Z 0041ad10 f i stlport_vc6_static:locale_impl.obj
 0001:00019dd0       ?do_put@?$num_put@GV?$ostreambuf_iterator@GV?$char_traits@G@_STL@@@_STL@@@_STL@@MBE?AV?$ostreambuf_iterator@GV?$char_traits@G@_STL@@@2@V32@AAVios_base@2@G_K@Z 0041add0 f i stlport_vc6_static:locale_impl.obj
 0001:00019ef0       ?do_put@?$num_put@GV?$ostreambuf_iterator@GV?$char_traits@G@_STL@@@_STL@@@_STL@@MBE?AV?$ostreambuf_iterator@GV?$char_traits@G@_STL@@@2@V32@AAVios_base@2@G_J@Z 0041aef0 f i stlport_vc6_static:locale_impl.obj
 0001:0001a050       ?do_put@?$num_put@GV?$ostreambuf_iterator@GV?$char_traits@G@_STL@@@_STL@@@_STL@@MBE?AV?$ostreambuf_iterator@GV?$char_traits@G@_STL@@@2@V32@AAVios_base@2@GO@Z 0041b050 f i stlport_vc6_static:locale_impl.obj
 0001:0001a0e0       ?do_put@?$num_put@GV?$ostreambuf_iterator@GV?$char_traits@G@_STL@@@_STL@@@_STL@@MBE?AV?$ostreambuf_iterator@GV?$char_traits@G@_STL@@@2@V32@AAVios_base@2@GN@Z 0041b0e0 f i stlport_vc6_static:locale_impl.obj
 0001:0001a170       ?do_put@?$num_put@GV?$ostreambuf_iterator@GV?$char_traits@G@_STL@@@_STL@@@_STL@@MBE?AV?$ostreambuf_iterator@GV?$char_traits@G@_STL@@@2@V32@AAVios_base@2@GK@Z 0041b170 f i stlport_vc6_static:locale_impl.obj
 0001:0001a290       ?do_put@?$num_put@GV?$ostreambuf_iterator@GV?$char_traits@G@_STL@@@_STL@@@_STL@@MBE?AV?$ostreambuf_iterator@GV?$char_traits@G@_STL@@@2@V32@AAVios_base@2@GJ@Z 0041b290 f i stlport_vc6_static:locale_impl.obj
 0001:0001a400       ?do_put@?$num_put@GV?$ostreambuf_iterator@GV?$char_traits@G@_STL@@@_STL@@@_STL@@MBE?AV?$ostreambuf_iterator@GV?$char_traits@G@_STL@@@2@V32@AAVios_base@2@G_N@Z 0041b400 f i stlport_vc6_static:locale_impl.obj
 0001:0001a700       ?do_get_time@?$time_get@GV?$istreambuf_iterator@GV?$char_traits@G@_STL@@@_STL@@@_STL@@MBE?AV?$istreambuf_iterator@GV?$char_traits@G@_STL@@@2@V32@0AAVios_base@2@AAHPAUtm@@@Z 0041b700 f i stlport_vc6_static:locale_impl.obj
 0001:0001aaf0       ?do_get_date@?$time_get@GV?$istreambuf_iterator@GV?$char_traits@G@_STL@@@_STL@@@_STL@@MBE?AV?$istreambuf_iterator@GV?$char_traits@G@_STL@@@2@V32@0AAVios_base@2@AAHPAUtm@@@Z 0041baf0 f i stlport_vc6_static:locale_impl.obj
 0001:0001aef0       ?do_get_weekday@?$time_get@GV?$istreambuf_iterator@GV?$char_traits@G@_STL@@@_STL@@@_STL@@MBE?AV?$istreambuf_iterator@GV?$char_traits@G@_STL@@@2@V32@0AAVios_base@2@AAHPAUtm@@@Z 0041bef0 f i stlport_vc6_static:locale_impl.obj
 0001:0001b1a0       ?do_get_monthname@?$time_get@GV?$istreambuf_iterator@GV?$char_traits@G@_STL@@@_STL@@@_STL@@MBE?AV?$istreambuf_iterator@GV?$char_traits@G@_STL@@@2@V32@0AAVios_base@2@AAHPAUtm@@@Z 0041c1a0 f i stlport_vc6_static:locale_impl.obj
 0001:0001b470       ?do_get_year@?$time_get@GV?$istreambuf_iterator@GV?$char_traits@G@_STL@@@_STL@@@_STL@@MBE?AV?$istreambuf_iterator@GV?$char_traits@G@_STL@@@2@V32@0AAVios_base@2@AAHPAUtm@@@Z 0041c470 f i stlport_vc6_static:locale_impl.obj
 0001:0001b5e0       ?do_put@?$time_put@GV?$ostreambuf_iterator@GV?$char_traits@G@_STL@@@_STL@@@_STL@@MBE?AV?$ostreambuf_iterator@GV?$char_traits@G@_STL@@@2@V32@AAVios_base@2@GPBUtm@@DD@Z 0041c5e0 f i stlport_vc6_static:locale_impl.obj
 0001:0001b6c0       ?_M_allocate@?$__node_alloc@$00$0A@@_STL@@CAPAXI@Z 0041c6c0 f i stlport_vc6_static:locale_impl.obj
 0001:0001b870       ?_M_deallocate@?$__node_alloc@$00$0A@@_STL@@CAXPAXI@Z 0041c870 f i stlport_vc6_static:locale_impl.obj
 0001:0001b9a0       ??4?$basic_string@DV?$char_traits@D@_STL@@V?$allocator@D@2@@_STL@@QAEAAV01@ABV01@@Z 0041c9a0 f i stlport_vc6_static:locale_impl.obj
 0001:0001ba20       ?insert@?$basic_string@DV?$char_traits@D@_STL@@V?$allocator@D@2@@_STL@@QAEPADPADD@Z 0041ca20 f i stlport_vc6_static:locale_impl.obj
 0001:0001baa0       ??4?$basic_string@GV?$char_traits@G@_STL@@V?$allocator@G@2@@_STL@@QAEAAV01@ABV01@@Z 0041caa0 f i stlport_vc6_static:locale_impl.obj
 0001:0001bb30       ?push_back@?$basic_string@GV?$char_traits@G@_STL@@V?$allocator@G@2@@_STL@@QAEXG@Z 0041cb30 f i stlport_vc6_static:locale_impl.obj
 0001:0001bba0       ?insert@?$basic_string@GV?$char_traits@G@_STL@@V?$allocator@G@2@@_STL@@QAEPAGPAGG@Z 0041cba0 f i stlport_vc6_static:locale_impl.obj
 0001:0001bc20       ??0?$_String_base@GV?$allocator@G@_STL@@@_STL@@QAE@ABV?$allocator@G@1@@Z 0041cc20 f i stlport_vc6_static:locale_impl.obj
 0001:0001bc30       ??4?$ostreambuf_iterator@DV?$char_traits@D@_STL@@@_STL@@QAEAAV01@D@Z 0041cc30 f i stlport_vc6_static:locale_impl.obj
 0001:0001bc90       ??4?$ostreambuf_iterator@GV?$char_traits@G@_STL@@@_STL@@QAEAAV01@G@Z 0041cc90 f i stlport_vc6_static:locale_impl.obj
 0001:0001bcf0       ??1?$_Node_Alloc_Lock@$00$0A@@_STL@@QAE@XZ 0041ccf0 f i stlport_vc6_static:locale_impl.obj
 0001:0001bd00       ??0?$_STLP_alloc_proxy@PAGGV?$allocator@G@_STL@@@_STL@@QAE@ABV?$allocator@G@1@PAG@Z 0041cd00 f i stlport_vc6_static:locale_impl.obj
 0001:0001bd10       ?_M_getc@?$istreambuf_iterator@DV?$char_traits@D@_STL@@@_STL@@ABEXXZ 0041cd10 f i stlport_vc6_static:locale_impl.obj
 0001:0001bd60       ?_M_getc@?$istreambuf_iterator@GV?$char_traits@G@_STL@@@_STL@@ABEXXZ 0041cd60 f i stlport_vc6_static:locale_impl.obj
 0001:0001bdb0       ?sputc@?$basic_streambuf@GV?$char_traits@G@_STL@@@_STL@@QAEGG@Z 0041cdb0 f i stlport_vc6_static:locale_impl.obj
 0001:0001bde0       ?sbumpc@?$basic_streambuf@GV?$char_traits@G@_STL@@@_STL@@QAEGXZ 0041cde0 f i stlport_vc6_static:locale_impl.obj
 0001:0001be00       ?sgetc@?$basic_streambuf@GV?$char_traits@G@_STL@@@_STL@@QAEGXZ 0041ce00 f i stlport_vc6_static:locale_impl.obj
 0001:0001be20       ?_M_insert_aux@?$basic_string@DV?$char_traits@D@_STL@@V?$allocator@D@2@@_STL@@AAEPADPADD@Z 0041ce20 f i stlport_vc6_static:locale_impl.obj
 0001:0001c020       ?reserve@?$basic_string@GV?$char_traits@G@_STL@@V?$allocator@G@2@@_STL@@QAEXI@Z 0041d020 f i stlport_vc6_static:locale_impl.obj
 0001:0001c1e0       ?_M_insert_aux@?$basic_string@GV?$char_traits@G@_STL@@V?$allocator@G@2@@_STL@@AAEPAGPAGG@Z 0041d1e0 f i stlport_vc6_static:locale_impl.obj
 0001:0001c400       ?_M_range_initialize@?$basic_string@GV?$char_traits@G@_STL@@V?$allocator@G@2@@_STL@@AAEXPBG0@Z 0041d400 f i stlport_vc6_static:locale_impl.obj
 0001:0001c490       ?__get_string@_STL@@YA?AU?$pair@V?$istreambuf_iterator@DV?$char_traits@D@_STL@@@_STL@@_N@1@V?$istreambuf_iterator@DV?$char_traits@D@_STL@@@1@0PAD1@Z 0041d490 f i stlport_vc6_static:locale_impl.obj
 0001:0001c570       ?copy@_STL@@YA?AV?$ostreambuf_iterator@DV?$char_traits@D@_STL@@@1@PBD0V21@@Z 0041d570 f i stlport_vc6_static:locale_impl.obj
[...]
 0001:000476e0       ___intGetOCP               004486e0 f   stlport_vc6_static:c_locale.obj
 0001:00047710       ___GetDefaultCP            00448710 f   stlport_vc6_static:c_locale.obj
 0001:00047730       ___ConvertToCP             00448730 f   stlport_vc6_static:c_locale.obj
 0001:0003ed70       _$E37                      0043fd70 f   stlport_vc6_static:monetary.obj
 0001:0003ed80       _$E34                      0043fd80 f   stlport_vc6_static:monetary.obj
 0001:0003ee60       _$E36                      0043fe60 f   stlport_vc6_static:monetary.obj
 0001:0003ee70       _$E35                      0043fe70 f   stlport_vc6_static:monetary.obj
 0001:0003ee80       _$E42                      0043fe80 f   stlport_vc6_static:monetary.obj
 0001:0003ee90       _$E39                      0043fe90 f   stlport_vc6_static:monetary.obj
 0001:0003ef70       _$E41                      0043ff70 f   stlport_vc6_static:monetary.obj
 0001:0003ef80       _$E40                      0043ff80 f   stlport_vc6_static:monetary.obj
 0001:0003f000       ?_Init_monetary_formats@_STL@@YAXAAUpattern@money_base@1@0@Z 00440000 f   stlport_vc6_static:monetary.obj
 0001:0003dd20       _$E34                      0043ed20 f   stlport_vc6_static:numpunct.obj
 0001:0003dd30       _$E30                      0043ed30 f   stlport_vc6_static:numpunct.obj
 0001:0003de10       _$E33                      0043ee10 f   stlport_vc6_static:numpunct.obj
 0001:0003de20       _$E31                      0043ee20 f   stlport_vc6_static:numpunct.obj
 0001:0003de40       _$E39                      0043ee40 f   stlport_vc6_static:numpunct.obj
 0001:0003de50       _$E36                      0043ee50 f   stlport_vc6_static:numpunct.obj
 0001:0003df30       _$E38                      0043ef30 f   stlport_vc6_static:numpunct.obj
 0001:0003df40       _$E37                      0043ef40 f   stlport_vc6_static:numpunct.obj
 0001:0003df60       _$E44                      0043ef60 f   stlport_vc6_static:numpunct.obj
 0001:0003df70       _$E41                      0043ef70 f   stlport_vc6_static:numpunct.obj
 0001:0003e050       _$E43                      0043f050 f   stlport_vc6_static:numpunct.obj
 0001:0003e060       _$E42                      0043f060 f   stlport_vc6_static:numpunct.obj
 0001:0003e340       _$E50                      0043f340 f   stlport_vc6_static:numpunct.obj
 0001:0003e350       _$E46                      0043f350 f   stlport_vc6_static:numpunct.obj
 0001:0003e430       _$E49                      0043f430 f   stlport_vc6_static:numpunct.obj
 0001:0003e440       _$E47                      0043f440 f   stlport_vc6_static:numpunct.obj
 0001:0003e460       _$E55                      0043f460 f   stlport_vc6_static:numpunct.obj
 0001:0003e470       _$E52                      0043f470 f   stlport_vc6_static:numpunct.obj
 0001:0003e550       _$E54                      0043f550 f   stlport_vc6_static:numpunct.obj
 0001:0003e560       _$E53                      0043f560 f   stlport_vc6_static:numpunct.obj
 0001:0003e580       _$E60                      0043f580 f   stlport_vc6_static:numpunct.obj
 0001:0003e590       _$E57                      0043f590 f   stlport_vc6_static:numpunct.obj
 0001:0003e670       _$E59                      0043f670 f   stlport_vc6_static:numpunct.obj
 0001:0003e680       _$E58                      0043f680 f   stlport_vc6_static:numpunct.obj
 0001:00036880       _$E36                      00437880 f   stlport_vc6_static:fstream.obj
 0001:00036890       _$E33                      00437890 f   stlport_vc6_static:fstream.obj
 0001:000368a0       _$E35                      004378a0 f   stlport_vc6_static:fstream.obj
 0001:000368b0       _$E34                      004378b0 f   stlport_vc6_static:fstream.obj
 0001:00020d50       _$E36                      00421d50 f   stlport_vc6_static:iostream.obj
 0001:00020d60       _$E33                      00421d60 f   stlport_vc6_static:iostream.obj
 0001:00020d70       _$E35                      00421d70 f   stlport_vc6_static:iostream.obj
 0001:00020d80       _$E34                      00421d80 f   stlport_vc6_static:iostream.obj
 0001:00020da0       _$E41                      00421da0 f   stlport_vc6_static:iostream.obj
 0001:00020db0       _$E38                      00421db0 f   stlport_vc6_static:iostream.obj
 0001:00020dc0       _$E40                      00421dc0 f   stlport_vc6_static:iostream.obj
 0001:00020dd0       _$E39                      00421dd0 f   stlport_vc6_static:iostream.obj
 0001:00020df0       _$E46                      00421df0 f   stlport_vc6_static:iostream.obj
 0001:00020e00       _$E43                      00421e00 f   stlport_vc6_static:iostream.obj
 0001:00020e10       _$E45                      00421e10 f   stlport_vc6_static:iostream.obj
 0001:00020e20       _$E44                      00421e20 f   stlport_vc6_static:iostream.obj
 0001:00020e40       _$E51                      00421e40 f   stlport_vc6_static:iostream.obj
 0001:00020e50       _$E48                      00421e50 f   stlport_vc6_static:iostream.obj
 0001:00020e60       _$E50                      00421e60 f   stlport_vc6_static:iostream.obj
 0001:00020e70       _$E49                      00421e70 f   stlport_vc6_static:iostream.obj
 0001:00020e90       _$E56                      00421e90 f   stlport_vc6_static:iostream.obj
 0001:00020ea0       _$E53                      00421ea0 f   stlport_vc6_static:iostream.obj
 0001:00020eb0       _$E55                      00421eb0 f   stlport_vc6_static:iostream.obj
 0001:00020ec0       _$E54                      00421ec0 f   stlport_vc6_static:iostream.obj
 0001:00020ee0       _$E61                      00421ee0 f   stlport_vc6_static:iostream.obj
 0001:00020ef0       _$E58                      00421ef0 f   stlport_vc6_static:iostream.obj
 0001:00020f00       _$E60                      00421f00 f   stlport_vc6_static:iostream.obj
 0001:00020f10       _$E59                      00421f10 f   stlport_vc6_static:iostream.obj
 0001:00020f30       _$E66                      00421f30 f   stlport_vc6_static:iostream.obj
 0001:00020f40       _$E63                      00421f40 f   stlport_vc6_static:iostream.obj
 0001:00020f50       _$E65                      00421f50 f   stlport_vc6_static:iostream.obj
 0001:00020f60       _$E64                      00421f60 f   stlport_vc6_static:iostream.obj
 0001:00020f80       _$E71                      00421f80 f   stlport_vc6_static:iostream.obj
 0001:00020f90       _$E68                      00421f90 f   stlport_vc6_static:iostream.obj
 0001:00020fa0       _$E70                      00421fa0 f   stlport_vc6_static:iostream.obj
 0001:00020fb0       _$E69                      00421fb0 f   stlport_vc6_static:iostream.obj
 0001:0000de40       _$E43                      0040ee40 f   stlport_vc6_static:locale_impl.obj
 0001:0000de50       _$E40                      0040ee50 f   stlport_vc6_static:locale_impl.obj
 0001:0000de60       _$E42                      0040ee60 f   stlport_vc6_static:locale_impl.obj
 0001:0000de70       _$E41                      0040ee70 f   stlport_vc6_static:locale_impl.obj
 0001:0000e1d0       _$E72                      0040f1d0 f   stlport_vc6_static:locale_impl.obj
 0001:0000e1e0       _$E69                      0040f1e0 f   stlport_vc6_static:locale_impl.obj
 0001:0000e1f0       _$E71                      0040f1f0 f   stlport_vc6_static:locale_impl.obj
 0001:0000e200       _$E70                      0040f200 f   stlport_vc6_static:locale_impl.obj
 0001:0000e860       _$E77                      0040f860 f   stlport_vc6_static:locale_impl.obj
 0001:0000e870       _$E74                      0040f870 f   stlport_vc6_static:locale_impl.obj
 0001:0000e880       _$E76                      0040f880 f   stlport_vc6_static:locale_impl.obj
 0001:0000e890       _$E75                      0040f890 f   stlport_vc6_static:locale_impl.obj
 0001:0000eae0       ?_Stl_loc_assign_ids@_STL@@YAXXZ 0040fae0 f   stlport_vc6_static:locale_impl.obj
 0001:0000edb0       _$E82                      0040fdb0 f   stlport_vc6_static:locale_impl.obj
 0001:0000edc0       _$E79                      0040fdc0 f   stlport_vc6_static:locale_impl.obj
 0001:0000eea0       _$E81                      0040fea0 f   stlport_vc6_static:locale_impl.obj
 0001:0000eeb0       _$E80                      0040feb0 f   stlport_vc6_static:locale_impl.obj
 0001:000574bc       _findenv                   004584bc f   LIBCMT:setenv.obj
 0001:00057514       _copy_environ              00458514 f   LIBCMT:setenv.obj
 0001:0005730a       _strncnt                   0045830a f   LIBCMT:a_cmp.obj
 0001:00055d79       __tzset_lk                 00456d79 f   LIBCMT:tzset.obj
 0001:00056021       __isindst_lk               00457021 f   LIBCMT:tzset.obj
 0001:000561cd       _cvtdate                   004571cd f   LIBCMT:tzset.obj
 0001:00054ebe       __abstract_cw              00455ebe f   LIBCMT:ieee87.obj
 0001:00054f50       __hw_cw                    00455f50 f   LIBCMT:ieee87.obj
 0001:00054fd9       __abstract_sw              00455fd9 f   LIBCMT:ieee87.obj
 0001:00054add       _xtoa                      00455add f   LIBCMT:xtoa.obj
 0001:00054baf       _x64toa@20                 00455baf f   LIBCMT:xtoa.obj
 0001:00053fd1       __expandtime               00454fd1 f   LIBCMT:strftime.obj
 0001:000543c0       __store_str                004553c0 f   LIBCMT:strftime.obj
 0001:000543e7       __store_num                004553e7 f   LIBCMT:strftime.obj
 0001:00054456       __store_number             00455456 f   LIBCMT:strftime.obj
 0001:0005449f       __store_winword            0045549f f   LIBCMT:strftime.obj
 0001:000538c1       _strtoxl                   004548c1 f   LIBCMT:strtol.obj
 0001:00053653       _getSystemCP               00454653 f   LIBCMT:mbctype.obj
 0001:0005369d       _CPtoLCID                  0045469d f   LIBCMT:mbctype.obj
 0001:000536d0       _setSBCS                   004546d0 f   LIBCMT:mbctype.obj
 0001:000536f9       _setSBUpLow                004546f9 f   LIBCMT:mbctype.obj
 0001:000527c8       __get_fname                004537c8 f   LIBCMT:fpexcept.obj
 0001:00051a17       _ctrlevent_capture@4       00452a17 f   LIBCMT:winsig.obj
 0001:00051bfb       _siglookup                 00452bfb f   LIBCMT:winsig.obj
 0001:00051410       __cftoe2                   00452410 f   LIBCMT:cvt.obj
 0001:00051527       __cftof2                   00452527 f   LIBCMT:cvt.obj
 0001:000516b2       __shift                    004526b2 f   LIBCMT:cvt.obj
 0001:00050aa7       _TranslateName             00451aa7 f   LIBCMT:getqloc.obj
 0001:00050aff       _GetLcidFromLangCountry    00451aff f   LIBCMT:getqloc.obj
 0001:00050b86       _LangCountryEnumProc@4     00451b86 f   LIBCMT:getqloc.obj
 0001:00050d8a       _GetLcidFromLanguage       00451d8a f   LIBCMT:getqloc.obj
 0001:00050de0       _LanguageEnumProc@4        00451de0 f   LIBCMT:getqloc.obj
 0001:00050e9d       _GetLcidFromCountry        00451e9d f   LIBCMT:getqloc.obj
 0001:00050ed4       _CountryEnumProc@4         00451ed4 f   LIBCMT:getqloc.obj
 0001:00050f5a       _GetLcidFromDefault        00451f5a f   LIBCMT:getqloc.obj
 0001:00050f74       _ProcessCodePage           00451f74 f   LIBCMT:getqloc.obj
 0001:00050fda       _TestDefaultCountry        00451fda f   LIBCMT:getqloc.obj
 0001:00050ff9       _TestDefaultLanguage       00451ff9 f   LIBCMT:getqloc.obj
 0001:0005105b       _IsThisWindowsNT           0045205b f   LIBCMT:getqloc.obj
 0001:00051091       _crtGetLocaleInfoA@16      00452091 f   LIBCMT:getqloc.obj
 0001:00051177       _LcidFromHexString         00452177 f   LIBCMT:getqloc.obj
 0001:000511b0       _GetPrimaryLen             004521b0 f   LIBCMT:getqloc.obj
 0001:000504c1       __get_lc_lconv             004514c1 f   LIBCMT:initmon.obj
 0001:000505e3       _fix_grouping              004515e3 f   LIBCMT:initmon.obj
 0001:0005061a       __free_lc_lconv            0045161a f   LIBCMT:initmon.obj
 0001:000503bf       _fix_grouping              004513bf f   LIBCMT:initnum.obj
 0001:0004fd0c       __get_lc_time              00450d0c f   LIBCMT:inittime.obj
 0001:0005005a       __free_lc_time             0045105a f   LIBCMT:inittime.obj
 0001:0004e238       _strncnt                   0044f238 f   LIBCMT:a_map.obj
 0001:0004d66b       _parse_cmdline             0044e66b f   LIBCMT:stdargv.obj
 0001:0004d4df       _xcptlookup                0044e4df f   LIBCMT:winxfltr.obj
 0001:0004ce40       LeadUp1                    0044de40 f   LIBCMT:memcpy.obj
 0001:0004ce6c       LeadUp2                    0044de6c f   LIBCMT:memcpy.obj
 0001:0004ce90       LeadUp3                    0044de90 f   LIBCMT:memcpy.obj
 0001:0004cf0f       UnwindUp0                  0044df0f f   LIBCMT:memcpy.obj
 0001:0004cefc       UnwindUp1                  0044defc f   LIBCMT:memcpy.obj
 0001:0004cef4       UnwindUp2                  0044def4 f   LIBCMT:memcpy.obj
 0001:0004ceec       UnwindUp3                  0044deec f   LIBCMT:memcpy.obj
 0001:0004cee4       UnwindUp4                  0044dee4 f   LIBCMT:memcpy.obj
 0001:0004cedc       UnwindUp5                  0044dedc f   LIBCMT:memcpy.obj
 0001:0004ced4       UnwindUp6                  0044ded4 f   LIBCMT:memcpy.obj
 0001:0004cecc       UnwindUp7                  0044decc f   LIBCMT:memcpy.obj
 0001:0004cf28       TrailUp0                   0044df28 f   LIBCMT:memcpy.obj
 0001:0004cf30       TrailUp1                   0044df30 f   LIBCMT:memcpy.obj
 0001:0004cf3c       TrailUp2                   0044df3c f   LIBCMT:memcpy.obj
 0001:0004cf50       TrailUp3                   0044df50 f   LIBCMT:memcpy.obj
 0001:0004cfc8       LeadDown1                  0044dfc8 f   LIBCMT:memcpy.obj
 0001:0004cfe8       LeadDown2                  0044dfe8 f   LIBCMT:memcpy.obj
 0001:0004d010       LeadDown3                  0044e010 f   LIBCMT:memcpy.obj
 0001:0004d064       UnwindDown7                0044e064 f   LIBCMT:memcpy.obj
 0001:0004d06c       UnwindDown6                0044e06c f   LIBCMT:memcpy.obj
 0001:0004d074       UnwindDown5                0044e074 f   LIBCMT:memcpy.obj
 0001:0004d07c       UnwindDown4                0044e07c f   LIBCMT:memcpy.obj
 0001:0004d084       UnwindDown3                0044e084 f   LIBCMT:memcpy.obj
 0001:0004d08c       UnwindDown2                0044e08c f   LIBCMT:memcpy.obj
 0001:0004d094       UnwindDown1                0044e094 f   LIBCMT:memcpy.obj
 0001:0004d0a7       UnwindDown0                0044e0a7 f   LIBCMT:memcpy.obj
 0001:0004d0c0       TrailDown0                 0044e0c0 f   LIBCMT:memcpy.obj
 0001:0004d0c8       TrailDown1                 0044e0c8 f   LIBCMT:memcpy.obj
 0001:0004d0d8       TrailDown2                 0044e0d8 f   LIBCMT:memcpy.obj
 0001:0004d0ec       TrailDown3                 0044e0ec f   LIBCMT:memcpy.obj
 0001:0004c8e8       _write_char                0044d8e8 f   LIBCMT:output.obj
 0001:0004c91d       _write_multi_char          0044d91d f   LIBCMT:output.obj
 0001:0004c94e       _write_string              0044d94e f   LIBCMT:output.obj
 0001:0004c986       _get_int_arg               0044d986 f   LIBCMT:output.obj
 0001:0004c993       _get_int64_arg             0044d993 f   LIBCMT:output.obj
 0001:0004c9a3       _get_short_arg             0044d9a3 f   LIBCMT:output.obj
 0001:0004b65c       ?FindHandler@@YAXPAUEHExceptionRecord@@PAUEHRegistrationNode@@PAU_CONTEXT@@PAXPBU_s_FuncInfo@@EH1@Z 0044c65c f   LIBCMT:frame.obj
 0001:0004b80f       ?FindHandlerForForeignException@@YAXPAUEHExceptionRecord@@PAUEHRegistrationNode@@PAU_CONTEXT@@PAXPBU_s_FuncInfo@@HH1@Z 0044c80f f   LIBCMT:frame.obj
 0001:0004b8b9       ?TypeMatch@@YAHPBU_s_HandlerType@@PBU_s_CatchableType@@PBU_s_ThrowInfo@@@Z 0044c8b9 f   LIBCMT:frame.obj
 0001:0004b9b4       ?FrameUnwindFilter@@YAHPAU_EXCEPTION_POINTERS@@@Z 0044c9b4 f   LIBCMT:frame.obj
 0001:0004b9ca       ?CatchIt@@YAXPAUEHExceptionRecord@@PAUEHRegistrationNode@@PAU_CONTEXT@@PAXPBU_s_FuncInfo@@PBU_s_HandlerType@@PBU_s_CatchableType@@PBU_s_TryBlockMapEntry@@H1E@Z 0044c9ca f   LIBCMT:frame.obj
 0001:0004ba45       ?CallCatchBlock@@YAPAXPAUEHExceptionRecord@@PAUEHRegistrationNode@@PAU_CONTEXT@@PBU_s_FuncInfo@@PAXHK@Z 0044ca45 f   LIBCMT:frame.obj
 0001:0004bb60       ?ExFilterRethrow@@YAHPAU_EXCEPTION_POINTERS@@@Z 0044cb60 f   LIBCMT:frame.obj
 0001:0004bb8a       ?BuildCatchObject@@YAXPAUEHExceptionRecord@@PAUEHRegistrationNode@@PBU_s_HandlerType@@PBU_s_CatchableType@@@Z 0044cb8a f   LIBCMT:frame.obj
 0001:0004bdb5       ?AdjustPointer@@YAPAXPAXABUPMD@@@Z 0044cdb5 f   LIBCMT:frame.obj
 0001:0004b402       _doexit                    0044c402 f   LIBCMT:crt0dat.obj
 0001:0004b4b9       __initterm                 0044c4b9 f   LIBCMT:crt0dat.obj
 0001:0004ac8a       _flsall                    0044bc8a f   LIBCMT:fflush.obj
 0001:0004962a       ?ArrayUnwindFilter@@YAHPAU_EXCEPTION_POINTERS@@@Z 0044a62a f   LIBCMT:ehvecdtr.obj
 0001:00049119       __setlocale_set_cat        0044a119 f   LIBCMT:setlocal.obj
 0001:00049234       __setlocale_get_all        0044a234 f   LIBCMT:setlocal.obj
 0001:000482d0       LeadUp1                    004492d0 f   LIBCMT:memmove.obj
 0001:000482fc       LeadUp2                    004492fc f   LIBCMT:memmove.obj
 0001:00048320       LeadUp3                    00449320 f   LIBCMT:memmove.obj
 0001:0004839f       UnwindUp0                  0044939f f   LIBCMT:memmove.obj
 0001:0004838c       UnwindUp1                  0044938c f   LIBCMT:memmove.obj
 0001:00048384       UnwindUp2                  00449384 f   LIBCMT:memmove.obj
 0001:0004837c       UnwindUp3                  0044937c f   LIBCMT:memmove.obj
 0001:00048374       UnwindUp4                  00449374 f   LIBCMT:memmove.obj
 0001:0004836c       UnwindUp5                  0044936c f   LIBCMT:memmove.obj
 0001:00048364       UnwindUp6                  00449364 f   LIBCMT:memmove.obj
 0001:0004835c       UnwindUp7                  0044935c f   LIBCMT:memmove.obj
 0001:000483b8       TrailUp0                   004493b8 f   LIBCMT:memmove.obj
 0001:000483c0       TrailUp1                   004493c0 f   LIBCMT:memmove.obj
 0001:000483cc       TrailUp2                   004493cc f   LIBCMT:memmove.obj
 0001:000483e0       TrailUp3                   004493e0 f   LIBCMT:memmove.obj
 0001:00048458       LeadDown1                  00449458 f   LIBCMT:memmove.obj
 0001:00048478       LeadDown2                  00449478 f   LIBCMT:memmove.obj
 0001:000484a0       LeadDown3                  004494a0 f   LIBCMT:memmove.obj
 0001:000484f4       UnwindDown7                004494f4 f   LIBCMT:memmove.obj
 0001:000484fc       UnwindDown6                004494fc f   LIBCMT:memmove.obj
 0001:00048504       UnwindDown5                00449504 f   LIBCMT:memmove.obj
 0001:0004850c       UnwindDown4                0044950c f   LIBCMT:memmove.obj
 0001:00048514       UnwindDown3                00449514 f   LIBCMT:memmove.obj
 0001:0004851c       UnwindDown2                0044951c f   LIBCMT:memmove.obj
 0001:00048524       UnwindDown1                00449524 f   LIBCMT:memmove.obj
 0001:00048537       UnwindDown0                00449537 f   LIBCMT:memmove.obj
 0001:00048550       TrailDown0                 00449550 f   LIBCMT:memmove.obj
 0001:00048558       TrailDown1                 00449558 f   LIBCMT:memmove.obj
 0001:00048568       TrailDown2                 00449568 f   LIBCMT:memmove.obj
 0001:0004857c       TrailDown3                 0044957c f   LIBCMT:memmove.obj
 0001:0004822e       _fast_error_exit           0044922e f   LIBCMT:crt0.obj
 0001:00047d30       _gu_return                 00448d30 f   LIBCMT:exsup.obj
 0001:00047d38       __unwind_handler           00448d38 f   LIBCMT:exsup.obj
 0001:00047b4b       ?CatchGuardHandler@@YA?AW4_EXCEPTION_DISPOSITION@@PAUEHExceptionRecord@@PAUCatchGuardRN@@PAX2@Z 00448b4b f   LIBCMT:trnsctrl.obj
 0001:00047c26       ?TranslatorGuardHandler@@YA?AW4_EXCEPTION_DISPOSITION@@PAUEHExceptionRecord@@PAUTranslatorGuardRN@@PAX2@Z 00448c26 f   LIBCMT:trnsctrl.obj
